Archive member included to satisfy reference by file (symbol)

/opt/st/stm32cubeide_1.7.0/plugins/com.st.stm32cube.ide.mcu.externaltools.gnu-tools-for-stm32.9-2020-q2-update.linux64_2.0.0.202105311346/tools/bin/../lib/gcc/arm-none-eabi/9.3.1/../../../../arm-none-eabi/lib/thumb/v7e-m+dp/hard/libc_nano.a(lib_a-atoi.o)
                              ./Core/Src/main.o (atoi)
/opt/st/stm32cubeide_1.7.0/plugins/com.st.stm32cube.ide.mcu.externaltools.gnu-tools-for-stm32.9-2020-q2-update.linux64_2.0.0.202105311346/tools/bin/../lib/gcc/arm-none-eabi/9.3.1/../../../../arm-none-eabi/lib/thumb/v7e-m+dp/hard/libc_nano.a(lib_a-errno.o)
                              ./Core/Src/syscalls.o (__errno)
/opt/st/stm32cubeide_1.7.0/plugins/com.st.stm32cube.ide.mcu.externaltools.gnu-tools-for-stm32.9-2020-q2-update.linux64_2.0.0.202105311346/tools/bin/../lib/gcc/arm-none-eabi/9.3.1/../../../../arm-none-eabi/lib/thumb/v7e-m+dp/hard/libc_nano.a(lib_a-exit.o)
                              /opt/st/stm32cubeide_1.7.0/plugins/com.st.stm32cube.ide.mcu.externaltools.gnu-tools-for-stm32.9-2020-q2-update.linux64_2.0.0.202105311346/tools/bin/../lib/gcc/arm-none-eabi/9.3.1/../../../../arm-none-eabi/lib/thumb/v7e-m+dp/hard/crt0.o (exit)
/opt/st/stm32cubeide_1.7.0/plugins/com.st.stm32cube.ide.mcu.externaltools.gnu-tools-for-stm32.9-2020-q2-update.linux64_2.0.0.202105311346/tools/bin/../lib/gcc/arm-none-eabi/9.3.1/../../../../arm-none-eabi/lib/thumb/v7e-m+dp/hard/libc_nano.a(lib_a-impure.o)
                              /opt/st/stm32cubeide_1.7.0/plugins/com.st.stm32cube.ide.mcu.externaltools.gnu-tools-for-stm32.9-2020-q2-update.linux64_2.0.0.202105311346/tools/bin/../lib/gcc/arm-none-eabi/9.3.1/../../../../arm-none-eabi/lib/thumb/v7e-m+dp/hard/libc_nano.a(lib_a-exit.o) (_global_impure_ptr)
/opt/st/stm32cubeide_1.7.0/plugins/com.st.stm32cube.ide.mcu.externaltools.gnu-tools-for-stm32.9-2020-q2-update.linux64_2.0.0.202105311346/tools/bin/../lib/gcc/arm-none-eabi/9.3.1/../../../../arm-none-eabi/lib/thumb/v7e-m+dp/hard/libc_nano.a(lib_a-init.o)
                              /opt/st/stm32cubeide_1.7.0/plugins/com.st.stm32cube.ide.mcu.externaltools.gnu-tools-for-stm32.9-2020-q2-update.linux64_2.0.0.202105311346/tools/bin/../lib/gcc/arm-none-eabi/9.3.1/../../../../arm-none-eabi/lib/thumb/v7e-m+dp/hard/crt0.o (__libc_init_array)
/opt/st/stm32cubeide_1.7.0/plugins/com.st.stm32cube.ide.mcu.externaltools.gnu-tools-for-stm32.9-2020-q2-update.linux64_2.0.0.202105311346/tools/bin/../lib/gcc/arm-none-eabi/9.3.1/../../../../arm-none-eabi/lib/thumb/v7e-m+dp/hard/libc_nano.a(lib_a-memcpy-stub.o)
                              ./Drivers/STM32H7xx_HAL_Driver/stm32h7xx_hal_fdcan.o (memcpy)
/opt/st/stm32cubeide_1.7.0/plugins/com.st.stm32cube.ide.mcu.externaltools.gnu-tools-for-stm32.9-2020-q2-update.linux64_2.0.0.202105311346/tools/bin/../lib/gcc/arm-none-eabi/9.3.1/../../../../arm-none-eabi/lib/thumb/v7e-m+dp/hard/libc_nano.a(lib_a-memset.o)
                              /opt/st/stm32cubeide_1.7.0/plugins/com.st.stm32cube.ide.mcu.externaltools.gnu-tools-for-stm32.9-2020-q2-update.linux64_2.0.0.202105311346/tools/bin/../lib/gcc/arm-none-eabi/9.3.1/../../../../arm-none-eabi/lib/thumb/v7e-m+dp/hard/crt0.o (memset)
/opt/st/stm32cubeide_1.7.0/plugins/com.st.stm32cube.ide.mcu.externaltools.gnu-tools-for-stm32.9-2020-q2-update.linux64_2.0.0.202105311346/tools/bin/../lib/gcc/arm-none-eabi/9.3.1/../../../../arm-none-eabi/lib/thumb/v7e-m+dp/hard/libc_nano.a(lib_a-nano-vfprintf_float.o)
                              (_printf_float)
/opt/st/stm32cubeide_1.7.0/plugins/com.st.stm32cube.ide.mcu.externaltools.gnu-tools-for-stm32.9-2020-q2-update.linux64_2.0.0.202105311346/tools/bin/../lib/gcc/arm-none-eabi/9.3.1/../../../../arm-none-eabi/lib/thumb/v7e-m+dp/hard/libc_nano.a(lib_a-nano-vfprintf_i.o)
                              /opt/st/stm32cubeide_1.7.0/plugins/com.st.stm32cube.ide.mcu.externaltools.gnu-tools-for-stm32.9-2020-q2-update.linux64_2.0.0.202105311346/tools/bin/../lib/gcc/arm-none-eabi/9.3.1/../../../../arm-none-eabi/lib/thumb/v7e-m+dp/hard/libc_nano.a(lib_a-nano-vfprintf_float.o) (_printf_common)
/opt/st/stm32cubeide_1.7.0/plugins/com.st.stm32cube.ide.mcu.externaltools.gnu-tools-for-stm32.9-2020-q2-update.linux64_2.0.0.202105311346/tools/bin/../lib/gcc/arm-none-eabi/9.3.1/../../../../arm-none-eabi/lib/thumb/v7e-m+dp/hard/libc_nano.a(lib_a-nano-vfscanf_float.o)
                              (_scanf_float)
/opt/st/stm32cubeide_1.7.0/plugins/com.st.stm32cube.ide.mcu.externaltools.gnu-tools-for-stm32.9-2020-q2-update.linux64_2.0.0.202105311346/tools/bin/../lib/gcc/arm-none-eabi/9.3.1/../../../../arm-none-eabi/lib/thumb/v7e-m+dp/hard/libc_nano.a(lib_a-sf_nan.o)
                              /opt/st/stm32cubeide_1.7.0/plugins/com.st.stm32cube.ide.mcu.externaltools.gnu-tools-for-stm32.9-2020-q2-update.linux64_2.0.0.202105311346/tools/bin/../lib/gcc/arm-none-eabi/9.3.1/../../../../arm-none-eabi/lib/thumb/v7e-m+dp/hard/libc_nano.a(lib_a-nano-vfscanf_float.o) (nanf)
[...]
Memory Configuration

Name             Origin             Length             Attributes
RAM_D1           0x0000000024000000 0x0000000000080000 xrw
FLASH            0x0000000008000000 0x0000000000100000 xr
DTCMRAM          0x0000000020000000 0x0000000000020000 xrw
RAM_D2           0x0000000030000000 0x0000000000048000 xrw
RAM_D3           0x0000000038000000 0x0000000000010000 xrw
ITCMRAM          0x0000000000000000 0x0000000000010000 xrw
*default*        0x0000000000000000 0xffffffffffffffff

Linker script and memory map

LOAD /opt/st/stm32cubeide_1.7.0/plugins/com.st.stm32cube.ide.mcu.externaltools.gnu-tools-for-stm32.9-2020-q2-update.linux64_2.0.0.202105311346/tools/bin/../lib/gcc/arm-none-eabi/9.3.1/thumb/v7e-m+dp/hard/crti.o
LOAD /opt/st/stm32cubeide_1.7.0/plugins/com.st.stm32cube.ide.mcu.externaltools.gnu-tools-for-stm32.9-2020-q2-update.linux64_2.0.0.202105311346/tools/bin/../lib/gcc/arm-none-eabi/9.3.1/thumb/v7e-m+dp/hard/crtbegin.o
LOAD /opt/st/stm32cubeide_1.7.0/plugins/com.st.stm32cube.ide.mcu.externaltools.gnu-tools-for-stm32.9-2020-q2-update.linux64_2.0.0.202105311346/tools/bin/../lib/gcc/arm-none-eabi/9.3.1/../../../../arm-none-eabi/lib/thumb/v7e-m+dp/hard/crt0.o
LOAD ./Common/Src/system_stm32h7xx_dualcore_boot_cm4_cm7.o
LOAD ./Core/Src/freertos.o
LOAD ./Core/Src/main.o
LOAD ./Core/Src/stm32h7xx_hal_msp.o
LOAD ./Core/Src/stm32h7xx_it.o
LOAD ./Core/Src/syscalls.o
LOAD ./Core/Src/sysmem.o
LOAD ./Core/Startup/startup_stm32h745zitx.o
LOAD ./Drivers/STM32H7xx_HAL_Driver/stm32h7xx_hal.o
LOAD ./Drivers/STM32H7xx_HAL_Driver/stm32h7xx_hal_cortex.o
LOAD ./Drivers/STM32H7xx_HAL_Driver/stm32h7xx_hal_dma.o
LOAD ./Drivers/STM32H7xx_HAL_Driver/stm32h7xx_hal_dma_ex.o
LOAD ./Drivers/STM32H7xx_HAL_Driver/stm32h7xx_hal_exti.o
LOAD ./Drivers/STM32H7xx_HAL_Driver/stm32h7xx_hal_fdcan.o
LOAD ./Drivers/STM32H7xx_HAL_Driver/stm32h7xx_hal_flash.o
LOAD ./Drivers/STM32H7xx_HAL_Driver/stm32h7xx_hal_flash_ex.o
LOAD ./Drivers/STM32H7xx_HAL_Driver/stm32h7xx_hal_gpio.o
LOAD ./Drivers/STM32H7xx_HAL_Driver/stm32h7xx_hal_hsem.o
LOAD ./Drivers/STM32H7xx_HAL_Driver/stm32h7xx_hal_i2c.o
LOAD ./Drivers/STM32H7xx_HAL_Driver/stm32h7xx_hal_i2c_ex.o
LOAD ./Drivers/STM32H7xx_HAL_Driver/stm32h7xx_hal_mdma.o
LOAD ./Drivers/STM32H7xx_HAL_Driver/stm32h7xx_hal_pcd.o
LOAD ./Drivers/STM32H7xx_HAL_Driver/stm32h7xx_hal_pcd_ex.o
LOAD ./Drivers/STM32H7xx_HAL_Driver/stm32h7xx_hal_pwr.o
LOAD ./Drivers/STM32H7xx_HAL_Driver/stm32h7xx_hal_pwr_ex.o
LOAD ./Drivers/STM32H7xx_HAL_Driver/stm32h7xx_hal_rcc.o
LOAD ./Drivers/STM32H7xx_HAL_Driver/stm32h7xx_hal_rcc_ex.o
LOAD ./Drivers/STM32H7xx_HAL_Driver/stm32h7xx_hal_tim.o
LOAD ./Drivers/STM32H7xx_HAL_Driver/stm32h7xx_hal_tim_ex.o
LOAD ./Drivers/STM32H7xx_HAL_Driver/stm32h7xx_hal_uart.o
LOAD ./Drivers/STM32H7xx_HAL_Driver/stm32h7xx_hal_uart_ex.o
LOAD ./Drivers/STM32H7xx_HAL_Driver/stm32h7xx_ll_usb.o
LOAD ./Middlewares/Third_Party/FreeRTOS/cmsis_os2.o
LOAD ./Middlewares/Third_Party/FreeRTOS/croutine.o
LOAD ./Middlewares/Third_Party/FreeRTOS/event_groups.o
LOAD ./Middlewares/Third_Party/FreeRTOS/heap_4.o
LOAD ./Middlewares/Third_Party/FreeRTOS/list.o
LOAD ./Middlewares/Third_Party/FreeRTOS/port.o
LOAD ./Middlewares/Third_Party/FreeRTOS/queue.o
LOAD ./Middlewares/Third_Party/FreeRTOS/stream_buffer.o
LOAD ./Middlewares/Third_Party/FreeRTOS/tasks.o
LOAD ./Middlewares/Third_Party/FreeRTOS/timers.o
START GROUP
LOAD /opt/st/stm32cubeide_1.7.0/plugins/com.st.stm32cube.ide.mcu.externaltools.gnu-tools-for-stm32.9-2020-q2-update.linux64_2.0.0.202105311346/tools/bin/../lib/gcc/arm-none-eabi/9.3.1/../../../../arm-none-eabi/lib/thumb/v7e-m+dp/hard/libc_nano.a
LOAD /opt/st/stm32cubeide_1.7.0/plugins/com.st.stm32cube.ide.mcu.externaltools.gnu-tools-for-stm32.9-2020-q2-update.linux64_2.0.0.202105311346/tools/bin/../lib/gcc/arm-none-eabi/9.3.1/../../../../arm-none-eabi/lib/thumb/v7e-m+dp/hard/libm.a
END GROUP
START GROUP
LOAD /opt/st/stm32cubeide_1.7.0/plugins/com.st.stm32cube.ide.mcu.externaltools.gnu-tools-for-stm32.9-2020-q2-update.linux64_2.0.0.202105311346/tools/bin/../lib/gcc/arm-none-eabi/9.3.1/thumb/v7e-m+dp/hard/libgcc.a
LOAD /opt/st/stm32cubeide_1.7.0/plugins/com.st.stm32cube.ide.mcu.externaltools.gnu-tools-for-stm32.9-2020-q2-update.linux64_2.0.0.202105311346/tools/bin/../lib/gcc/arm-none-eabi/9.3.1/../../../../arm-none-eabi/lib/thumb/v7e-m+dp/hard/libc_nano.a
END GROUP
START GROUP
LOAD /opt/st/stm32cubeide_1.7.0/plugins/com.st.stm32cube.ide.mcu.externaltools.gnu-tools-for-stm32.9-2020-q2-update.linux64_2.0.0.202105311346/tools/bin/../lib/gcc/arm-none-eabi/9.3.1/thumb/v7e-m+dp/hard/libgcc.a
LOAD /opt/st/stm32cubeide_1.7.0/plugins/com.st.stm32cube.ide.mcu.externaltools.gnu-tools-for-stm32.9-2020-q2-update.linux64_2.0.0.202105311346/tools/bin/../lib/gcc/arm-none-eabi/9.3.1/../../../../arm-none-eabi/lib/thumb/v7e-m+dp/hard/libc_nano.a
LOAD /opt/st/stm32cubeide_1.7.0/plugins/com.st.stm32cube.ide.mcu.externaltools.gnu-tools-for-stm32.9-2020-q2-update.linux64_2.0.0.202105311346/tools/bin/../lib/gcc/arm-none-eabi/9.3.1/../../../../arm-none-eabi/lib/thumb/v7e-m+dp/hard/libnosys.a
END GROUP
START GROUP
LOAD /opt/st/stm32cubeide_1.7.0/plugins/com.st.stm32cube.ide.mcu.externaltools.gnu-tools-for-stm32.9-2020-q2-update.linux64_2.0.0.202105311346/tools/bin/../lib/gcc/arm-none-eabi/9.3.1/thumb/v7e-m+dp/hard/libgcc.a
LOAD /opt/st/stm32cubeide_1.7.0/plugins/com.st.stm32cube.ide.mcu.externaltools.gnu-tools-for-stm32.9-2020-q2-update.linux64_2.0.0.202105311346/tools/bin/../lib/gcc/arm-none-eabi/9.3.1/../../../../arm-none-eabi/lib/thumb/v7e-m+dp/hard/libc_nano.a
LOAD /opt/st/stm32cubeide_1.7.0/plugins/com.st.stm32cube.ide.mcu.externaltools.gnu-tools-for-stm32.9-2020-q2-update.linux64_2.0.0.202105311346/tools/bin/../lib/gcc/arm-none-eabi/9.3.1/../../../../arm-none-eabi/lib/thumb/v7e-m+dp/hard/libnosys.a
END GROUP
LOAD /opt/st/stm32cubeide_1.7.0/plugins/com.st.stm32cube.ide.mcu.externaltools.gnu-tools-for-stm32.9-2020-q2-update.linux64_2.0.0.202105311346/tools/bin/../lib/gcc/arm-none-eabi/9.3.1/thumb/v7e-m+dp/hard/crtend.o
LOAD /opt/st/stm32cubeide_1.7.0/plugins/com.st.stm32cube.ide.mcu.externaltools.gnu-tools-for-stm32.9-2020-q2-update.linux64_2.0.0.202105311346/tools/bin/../lib/gcc/arm-none-eabi/9.3.1/thumb/v7e-m+dp/hard/crtn.o
                0x0000000024080000                _estack = (ORIGIN (RAM_D1) + LENGTH (RAM_D1))
                0x0000000000000200                _Min_Heap_Size = 0x200
                0x0000000000000400                _Min_Stack_Size = 0x400

.isr_vector     0x0000000008000000      0x298
                0x0000000008000000                . = ALIGN (0x4)
 *(.isr_vector)
 .isr_vector    0x0000000008000000      0x298 ./Core/Startup/startup_stm32h745zitx.o
                0x0000000008000000                g_pfnVectors
                0x0000000008000298                . = ALIGN (0x4)

.text           0x00000000080002a0    0x10ea0
                0x00000000080002a0                . = ALIGN (0x4)
 *(.text)
 .text          0x00000000080002a0       0x40 /opt/st/stm32cubeide_1.7.0/plugins/com.st.stm32cube.ide.mcu.externaltools.gnu-tools-for-stm32.9-2020-q2-update.linux64_2.0.0.202105311346/tools/bin/../lib/gcc/arm-none-eabi/9.3.1/thumb/v7e-m+dp/hard/crtbegin.o
 .text          0x00000000080002e0       0x10 /opt/st/stm32cubeide_1.7.0/plugins/com.st.stm32cube.ide.mcu.externaltools.gnu-tools-for-stm32.9-2020-q2-update.linux64_2.0.0.202105311346/tools/bin/../lib/gcc/arm-none-eabi/9.3.1/../../../../arm-none-eabi/lib/thumb/v7e-m+dp/hard/libc_nano.a(lib_a-strlen.o)
                0x00000000080002e0                strlen
 .text          0x00000000080002f0       0xa0 /opt/st/stm32cubeide_1.7.0/plugins/com.st.stm32cube.ide.mcu.externaltools.gnu-tools-for-stm32.9-2020-q2-update.linux64_2.0.0.202105311346/tools/bin/../lib/gcc/arm-none-eabi/9.3.1/../../../../arm-none-eabi/lib/thumb/v7e-m+dp/hard/libc_nano.a(lib_a-memchr.o)
                0x00000000080002f0                memchr
 .text          0x0000000008000390      0x378 /opt/st/stm32cubeide_1.7.0/plugins/com.st.stm32cube.ide.mcu.externaltools.gnu-tools-for-stm32.9-2020-q2-update.linux64_2.0.0.202105311346/tools/bin/../lib/gcc/arm-none-eabi/9.3.1/thumb/v7e-m+dp/hard/libgcc.a(_arm_addsubdf3.o)
                0x0000000008000390                __aeabi_drsub
                0x0000000008000398                __aeabi_dsub
                0x0000000008000398                __subdf3
                0x000000000800039c                __adddf3
                0x000000000800039c                __aeabi_dadd
                0x0000000008000614                __aeabi_ui2d
                0x0000000008000614                __floatunsidf
                0x0000000008000634                __floatsidf
                0x0000000008000634                __aeabi_i2d
                0x0000000008000658                __extendsfdf2
                0x0000000008000658                __aeabi_f2d
                0x000000000800069c                __aeabi_ul2d
                0x000000000800069c                __floatundidf
                0x00000000080006ac                __floatdidf
                0x00000000080006ac                __aeabi_l2d
 .text          0x0000000008000708       0x30 /opt/st/stm32cubeide_1.7.0/plugins/com.st.stm32cube.ide.mcu.externaltools.gnu-tools-for-stm32.9-2020-q2-update.linux64_2.0.0.202105311346/tools/bin/../lib/gcc/arm-none-eabi/9.3.1/thumb/v7e-m+dp/hard/libgcc.a(_aeabi_uldivmod.o)
                0x0000000008000708                __aeabi_uldivmod
 .text          0x0000000008000738       0x30 /opt/st/stm32cubeide_1.7.0/plugins/com.st.stm32cube.ide.mcu.externaltools.gnu-tools-for-stm32.9-2020-q2-update.linux64_2.0.0.202105311346/tools/bin/../lib/gcc/arm-none-eabi/9.3.1/thumb/v7e-m+dp/hard/libgcc.a(_fixdfdi.o)
                0x0000000008000738                __aeabi_d2lz
                0x0000000008000738                __fixdfdi
 .text          0x0000000008000768       0x40 /opt/st/stm32cubeide_1.7.0/plugins/com.st.stm32cube.ide.mcu.externaltools.gnu-tools-for-stm32.9-2020-q2-update.linux64_2.0.0.202105311346/tools/bin/../lib/gcc/arm-none-eabi/9.3.1/thumb/v7e-m+dp/hard/libgcc.a(_fixunsdfdi.o)
                0x0000000008000768                __aeabi_d2ulz
                0x0000000008000768                __fixunsdfdi
 .text          0x00000000080007a8      0x2c4 /opt/st/stm32cubeide_1.7.0/plugins/com.st.stm32cube.ide.mcu.externaltools.gnu-tools-for-stm32.9-2020-q2-update.linux64_2.0.0.202105311346/tools/bin/../lib/gcc/arm-none-eabi/9.3.1/thumb/v7e-m+dp/hard/libgcc.a(_udivmoddi4.o)
                0x00000000080007a8                __udivmoddi4
 .text          0x0000000008000a6c        0x4 /opt/st/stm32cubeide_1.7.0/plugins/com.st.stm32cube.ide.mcu.externaltools.gnu-tools-for-stm32.9-2020-q2-update.linux64_2.0.0.202105311346/tools/bin/../lib/gcc/arm-none-eabi/9.3.1/thumb/v7e-m+dp/hard/libgcc.a(_dvmd_tls.o)
                0x0000000008000a6c                __aeabi_ldiv0
                0x0000000008000a6c                __aeabi_idiv0
 *(.text*)
 .text.SystemInit
                0x0000000008000a70      0x134 ./Common/Src/system_stm32h7xx_dualcore_boot_cm4_cm7.o
                0x0000000008000a70                SystemInit
 .text.main     0x0000000008000ba4      0x1d0 ./Core/Src/main.o
                0x0000000008000ba4                main
 .text.SystemClock_Config
                0x0000000008000d74      0x10c ./Core/Src/main.o
                0x0000000008000d74                SystemClock_Config
 .text.MX_FDCAN1_Init
                0x0000000008000e80       0xc8 ./Core/Src/main.o
 .text.MX_TIM2_Init
                0x0000000008000f48       0xa8 ./Core/Src/main.o
 .text.MX_TIM3_Init
                0x0000000008000ff0       0xcc ./Core/Src/main.o
 .text.MX_USART3_UART_Init
                0x00000000080010bc       0x98 ./Core/Src/main.o
 .text.MX_USB_OTG_FS_PCD_Init
                0x0000000008001154       0x64 ./Core/Src/main.o
 .text.MX_GPIO_Init
                0x00000000080011b8      0x1a4 ./Core/Src/main.o
 *fill*         0x000000000800135c        0x4 
 .text.GoHome   0x0000000008001360      0x218 ./Core/Src/main.o
                0x0000000008001360                GoHome
 .text.setPWM   0x0000000008001578       0x60 ./Core/Src/main.o
                0x0000000008001578                setPWM
 .text.StartEncoderTask
                0x00000000080015d8       0x90 ./Core/Src/main.o
                0x00000000080015d8                StartEncoderTask
 .text.StartControlTask
                0x0000000008001668      0x1a0 ./Core/Src/main.o
                0x0000000008001668                StartControlTask
 .text.StartDiagnosisTask
                0x0000000008001808       0x10 ./Core/Src/main.o
                0x0000000008001808                StartDiagnosisTask
 .text.StartCanRxTask
                0x0000000008001818       0x54 ./Core/Src/main.o
                0x0000000008001818                StartCanRxTask
 .text.StartCanTxTask
                0x000000000800186c       0x10 ./Core/Src/main.o
                0x000000000800186c                StartCanTxTask
 .text.Error_Handler
                0x000000000800187c        0xa ./Core/Src/main.o
                0x000000000800187c                Error_Handler
 *fill*         0x0000000008001886        0x2 
 .text.HAL_MspInit
                0x0000000008001888       0x3c ./Core/Src/stm32h7xx_hal_msp.o
                0x0000000008001888                HAL_MspInit
 .text.HAL_FDCAN_MspInit
                0x00000000080018c4       0xdc ./Core/Src/stm32h7xx_hal_msp.o
                0x00000000080018c4                HAL_FDCAN_MspInit
 .text.HAL_TIM_Encoder_MspInit
                0x00000000080019a0       0xe0 ./Core/Src/stm32h7xx_hal_msp.o
                0x00000000080019a0                HAL_TIM_Encoder_MspInit
 .text.HAL_TIM_PWM_MspInit
                0x0000000008001a80       0x44 ./Core/Src/stm32h7xx_hal_msp.o
                0x0000000008001a80                HAL_TIM_PWM_MspInit
 .text.HAL_TIM_MspPostInit
                0x0000000008001ac4       0xb8 ./Core/Src/stm32h7xx_hal_msp.o
                0x0000000008001ac4                HAL_TIM_MspPostInit
 .text.HAL_UART_MspInit
                0x0000000008001b7c       0xdc ./Core/Src/stm32h7xx_hal_msp.o
                0x0000000008001b7c                HAL_UART_MspInit
 .text.HAL_PCD_MspInit
                0x0000000008001c58      0x114 ./Core/Src/stm32h7xx_hal_msp.o
                0x0000000008001c58                HAL_PCD_MspInit
 .text.NMI_Handler
                0x0000000008001d6c        0x6 ./Core/Src/stm32h7xx_it.o
                0x0000000008001d6c                NMI_Handler
 .text.HardFault_Handler
                0x0000000008001d72        0x6 ./Core/Src/stm32h7xx_it.o
                0x0000000008001d72                HardFault_Handler
 .text.MemManage_Handler
                0x0000000008001d78        0x6 ./Core/Src/stm32h7xx_it.o
                0x0000000008001d78                MemManage_Handler
 .text.BusFault_Handler
                0x0000000008001d7e        0x6 ./Core/Src/stm32h7xx_it.o
                0x0000000008001d7e                BusFault_Handler
 .text.UsageFault_Handler
                0x0000000008001d84        0x6 ./Core/Src/stm32h7xx_it.o
                0x0000000008001d84                UsageFault_Handler
 .text.DebugMon_Handler
                0x0000000008001d8a        0xe ./Core/Src/stm32h7xx_it.o
                0x0000000008001d8a                DebugMon_Handler
 .text.SysTick_Handler
                0x0000000008001d98       0x1a ./Core/Src/stm32h7xx_it.o
                0x0000000008001d98                SysTick_Handler
 *fill*         0x0000000008001db2        0x2 
 .text.FDCAN1_IT0_IRQHandler
                0x0000000008001db4       0x14 ./Core/Src/stm32h7xx_it.o
                0x0000000008001db4                FDCAN1_IT0_IRQHandler
 .text.TIM2_IRQHandler
                0x0000000008001dc8       0x14 ./Core/Src/stm32h7xx_it.o
                0x0000000008001dc8                TIM2_IRQHandler
 .text.USART3_IRQHandler
                0x0000000008001ddc       0x14 ./Core/Src/stm32h7xx_it.o
                0x0000000008001ddc                USART3_IRQHandler
 .text._getpid  0x0000000008001df0       0x10 ./Core/Src/syscalls.o
                0x0000000008001df0                _getpid
 .text._kill    0x0000000008001e00       0x20 ./Core/Src/syscalls.o
                0x0000000008001e00                _kill
 .text._exit    0x0000000008001e20       0x14 ./Core/Src/syscalls.o
                0x0000000008001e20                _exit
 .text._read    0x0000000008001e34       0x3a ./Core/Src/syscalls.o
                0x0000000008001e34                _read
 .text._write   0x0000000008001e6e       0x38 ./Core/Src/syscalls.o
                0x0000000008001e6e                _write
 .text._close   0x0000000008001ea6       0x18 ./Core/Src/syscalls.o
                0x0000000008001ea6                _close
 .text._fstat   0x0000000008001ebe       0x20 ./Core/Src/syscalls.o
                0x0000000008001ebe                _fstat
 .text._isatty  0x0000000008001ede       0x16 ./Core/Src/syscalls.o
                0x0000000008001ede                _isatty
 .text._lseek   0x0000000008001ef4       0x1a ./Core/Src/syscalls.o
                0x0000000008001ef4                _lseek
 *fill*         0x0000000008001f0e        0x2 
 .text._sbrk    0x0000000008001f10       0x6c ./Core/Src/sysmem.o
                0x0000000008001f10                _sbrk
 .text.Reset_Handler
                0x0000000008001f7c       0x50 ./Core/Startup/startup_stm32h745zitx.o
                0x0000000008001f7c                Reset_Handler
 .text.Default_Handler
                0x0000000008001fcc        0x2 ./Core/Startup/startup_stm32h745zitx.o
                0x0000000008001fcc                RTC_Alarm_IRQHandler
                0x0000000008001fcc                EXTI2_IRQHandler
                0x0000000008001fcc                TIM8_CC_IRQHandler
                0x0000000008001fcc                HRTIM1_Master_IRQHandler
                0x0000000008001fcc                UART8_IRQHandler
                0x0000000008001fcc                SPI4_IRQHandler
                0x0000000008001fcc                TIM1_CC_IRQHandler
                0x0000000008001fcc                BDMA_Channel6_IRQHandler
                0x0000000008001fcc                DMA2_Stream5_IRQHandler
                0x0000000008001fcc                HRTIM1_FLT_IRQHandler
                0x0000000008001fcc                JPEG_IRQHandler
                0x0000000008001fcc                DMA1_Stream5_IRQHandler
                0x0000000008001fcc                BDMA_Channel1_IRQHandler
                0x0000000008001fcc                HRTIM1_TIMD_IRQHandler
                0x0000000008001fcc                TAMP_STAMP_IRQHandler
                0x0000000008001fcc                EXTI3_IRQHandler
                0x0000000008001fcc                LPTIM4_IRQHandler
                0x0000000008001fcc                TIM8_TRG_COM_TIM14_IRQHandler
                0x0000000008001fcc                LPTIM2_IRQHandler
                0x0000000008001fcc                DFSDM1_FLT1_IRQHandler
                0x0000000008001fcc                DMAMUX2_OVR_IRQHandler
                0x0000000008001fcc                TIM8_UP_TIM13_IRQHandler
                0x0000000008001fcc                I2C3_ER_IRQHandler
                0x0000000008001fcc                DFSDM1_FLT2_IRQHandler
                0x0000000008001fcc                MDMA_IRQHandler
                0x0000000008001fcc                LPTIM3_IRQHandler
                0x0000000008001fcc                HSEM1_IRQHandler
                0x0000000008001fcc                EXTI0_IRQHandler
                0x0000000008001fcc                I2C2_EV_IRQHandler
                0x0000000008001fcc                DMA1_Stream2_IRQHandler
                0x0000000008001fcc                FPU_IRQHandler
                0x0000000008001fcc                OTG_HS_WKUP_IRQHandler
                0x0000000008001fcc                FDCAN1_IT1_IRQHandler
                0x0000000008001fcc                LTDC_ER_IRQHandler
                0x0000000008001fcc                DMA2_Stream2_IRQHandler
                0x0000000008001fcc                HRTIM1_TIME_IRQHandler
                0x0000000008001fcc                SPI1_IRQHandler
                0x0000000008001fcc                TIM6_DAC_IRQHandler
                0x0000000008001fcc                DCMI_IRQHandler
                0x0000000008001fcc                HRTIM1_TIMC_IRQHandler
                0x0000000008001fcc                DMA2_Stream3_IRQHandler
                0x0000000008001fcc                SAI2_IRQHandler
                0x0000000008001fcc                DFSDM1_FLT3_IRQHandler
                0x0000000008001fcc                USART6_IRQHandler
                0x0000000008001fcc                TIM17_IRQHandler
                0x0000000008001fcc                BDMA_Channel7_IRQHandler
                0x0000000008001fcc                LPTIM5_IRQHandler
                0x0000000008001fcc                UART5_IRQHandler
                0x0000000008001fcc                ADC3_IRQHandler
                0x0000000008001fcc                DMA2_Stream0_IRQHandler
                0x0000000008001fcc                TIM4_IRQHandler
                0x0000000008001fcc                BDMA_Channel2_IRQHandler
                0x0000000008001fcc                QUADSPI_IRQHandler
                0x0000000008001fcc                I2C1_EV_IRQHandler
                0x0000000008001fcc                DMA1_Stream6_IRQHandler
                0x0000000008001fcc                DMAMUX1_OVR_IRQHandler
                0x0000000008001fcc                DMA1_Stream1_IRQHandler
                0x0000000008001fcc                TIM16_IRQHandler
                0x0000000008001fcc                UART4_IRQHandler
                0x0000000008001fcc                BDMA_Channel5_IRQHandler
                0x0000000008001fcc                TIM3_IRQHandler
                0x0000000008001fcc                RCC_IRQHandler
                0x0000000008001fcc                TIM8_BRK_TIM12_IRQHandler
                0x0000000008001fcc                TIM1_TRG_COM_IRQHandler
                0x0000000008001fcc                Default_Handler
                0x0000000008001fcc                ECC_IRQHandler
                0x0000000008001fcc                CEC_IRQHandler
                0x0000000008001fcc                EXTI15_10_IRQHandler
                0x0000000008001fcc                BDMA_Channel0_IRQHandler
                0x0000000008001fcc                ADC_IRQHandler
                0x0000000008001fcc                DMA1_Stream7_IRQHandler
                0x0000000008001fcc                HRTIM1_TIMA_IRQHandler
                0x0000000008001fcc                SPI5_IRQHandler
                0x0000000008001fcc                TIM7_IRQHandler
                0x0000000008001fcc                SDMMC1_IRQHandler
                0x0000000008001fcc                TIM5_IRQHandler
                0x0000000008001fcc                DMA2_Stream7_IRQHandler
                0x0000000008001fcc                TIM15_IRQHandler
                0x0000000008001fcc                PVD_AVD_IRQHandler
                0x0000000008001fcc                I2C3_EV_IRQHandler
                0x0000000008001fcc                EXTI9_5_IRQHandler
                0x0000000008001fcc                RTC_WKUP_IRQHandler
                0x0000000008001fcc                LTDC_IRQHandler
                0x0000000008001fcc                SAI3_IRQHandler
                0x0000000008001fcc                ETH_WKUP_IRQHandler
                0x0000000008001fcc                SPDIF_RX_IRQHandler
                0x0000000008001fcc                SPI2_IRQHandler
                0x0000000008001fcc                OTG_HS_EP1_IN_IRQHandler
                0x0000000008001fcc                DMA1_Stream0_IRQHandler
                0x0000000008001fcc                CRS_IRQHandler
                0x0000000008001fcc                CM7_SEV_IRQHandler
                0x0000000008001fcc                EXTI4_IRQHandler
                0x0000000008001fcc                RNG_IRQHandler
                0x0000000008001fcc                CM4_SEV_IRQHandler
                0x0000000008001fcc                HRTIM1_TIMB_IRQHandler
                0x0000000008001fcc                FDCAN2_IT1_IRQHandler
                0x0000000008001fcc                ETH_IRQHandler
                0x0000000008001fcc                TIM1_UP_IRQHandler
                0x0000000008001fcc                WWDG_RST_IRQHandler
                0x0000000008001fcc                BDMA_Channel4_IRQHandler
                0x0000000008001fcc                OTG_HS_EP1_OUT_IRQHandler
                0x0000000008001fcc                WWDG_IRQHandler
                0x0000000008001fcc                SPI6_IRQHandler
                0x0000000008001fcc                MDIOS_IRQHandler
                0x0000000008001fcc                I2C4_EV_IRQHandler
                0x0000000008001fcc                FDCAN2_IT0_IRQHandler
                0x0000000008001fcc                LPUART1_IRQHandler
                0x0000000008001fcc                OTG_FS_WKUP_IRQHandler
                0x0000000008001fcc                OTG_HS_IRQHandler
                0x0000000008001fcc                HSEM2_IRQHandler
                0x0000000008001fcc                DMA2D_IRQHandler
                0x0000000008001fcc                TIM1_BRK_IRQHandler
                0x0000000008001fcc                EXTI1_IRQHandler
                0x0000000008001fcc                SDMMC2_IRQHandler
                0x0000000008001fcc                OTG_FS_EP1_OUT_IRQHandler
                0x0000000008001fcc                BDMA_Channel3_IRQHandler
                0x0000000008001fcc                HOLD_CORE_IRQHandler
                0x0000000008001fcc                UART7_IRQHandler
                0x0000000008001fcc                MDIOS_WKUP_IRQHandler
                0x0000000008001fcc                USART2_IRQHandler
                0x0000000008001fcc                DFSDM1_FLT0_IRQHandler
                0x0000000008001fcc                SAI4_IRQHandler
                0x0000000008001fcc                I2C2_ER_IRQHandler
                0x0000000008001fcc                DMA2_Stream1_IRQHandler
                0x0000000008001fcc                FLASH_IRQHandler
                0x0000000008001fcc                DMA2_Stream4_IRQHandler
                0x0000000008001fcc                USART1_IRQHandler
                0x0000000008001fcc                OTG_FS_IRQHandler
                0x0000000008001fcc                SPI3_IRQHandler
                0x0000000008001fcc                WAKEUP_PIN_IRQHandler
                0x0000000008001fcc                DMA1_Stream4_IRQHandler
                0x0000000008001fcc                OTG_FS_EP1_IN_IRQHandler
                0x0000000008001fcc                I2C1_ER_IRQHandler
                0x0000000008001fcc                FMC_IRQHandler
                0x0000000008001fcc                FDCAN_CAL_IRQHandler
                0x0000000008001fcc                SWPMI1_IRQHandler
                0x0000000008001fcc                COMP1_IRQHandler
                0x0000000008001fcc                LPTIM1_IRQHandler
                0x0000000008001fcc                I2C4_ER_IRQHandler
                0x0000000008001fcc                DMA2_Stream6_IRQHandler
                0x0000000008001fcc                SAI1_IRQHandler
                0x0000000008001fcc                DMA1_Stream3_IRQHandler
 *fill*         0x0000000008001fce        0x2 
 .text.HAL_Init
                0x0000000008001fd0       0x78 ./Drivers/STM32H7xx_HAL_Driver/stm32h7xx_hal.o
                0x0000000008001fd0                HAL_Init
 .text.HAL_InitTick
                0x0000000008002048       0x6c ./Drivers/STM32H7xx_HAL_Driver/stm32h7xx_hal.o
                0x0000000008002048                HAL_InitTick
 .text.HAL_IncTick
                0x00000000080020b4       0x28 ./Drivers/STM32H7xx_HAL_Driver/stm32h7xx_hal.o
                0x00000000080020b4                HAL_IncTick
 .text.HAL_GetTick
                0x00000000080020dc       0x18 ./Drivers/STM32H7xx_HAL_Driver/stm32h7xx_hal.o
                0x00000000080020dc                HAL_GetTick
 .text.HAL_Delay
                0x00000000080020f4       0x48 ./Drivers/STM32H7xx_HAL_Driver/stm32h7xx_hal.o
                0x00000000080020f4                HAL_Delay
 .text.HAL_GetREVID
                0x000000000800213c       0x18 ./Drivers/STM32H7xx_HAL_Driver/stm32h7xx_hal.o
                0x000000000800213c                HAL_GetREVID
 .text.__NVIC_SetPriorityGrouping
                0x0000000008002154       0x48 ./Drivers/STM32H7xx_HAL_Driver/stm32h7xx_hal_cortex.o
 .text.__NVIC_GetPriorityGrouping
                0x000000000800219c       0x1c ./Drivers/STM32H7xx_HAL_Driver/stm32h7xx_hal_cortex.o
 .text.__NVIC_EnableIRQ
                0x00000000080021b8       0x3c ./Drivers/STM32H7xx_HAL_Driver/stm32h7xx_hal_cortex.o
 .text.__NVIC_SetPriority
                0x00000000080021f4       0x54 ./Drivers/STM32H7xx_HAL_Driver/stm32h7xx_hal_cortex.o
 .text.NVIC_EncodePriority
                0x0000000008002248       0x66 ./Drivers/STM32H7xx_HAL_Driver/stm32h7xx_hal_cortex.o
 *fill*         0x00000000080022ae        0x2 
 .text.SysTick_Config
                0x00000000080022b0       0x44 ./Drivers/STM32H7xx_HAL_Driver/stm32h7xx_hal_cortex.o
 .text.HAL_NVIC_SetPriorityGrouping
                0x00000000080022f4       0x16 ./Drivers/STM32H7xx_HAL_Driver/stm32h7xx_hal_cortex.o
                0x00000000080022f4                HAL_NVIC_SetPriorityGrouping
 .text.HAL_NVIC_SetPriority
                0x000000000800230a       0x34 ./Drivers/STM32H7xx_HAL_Driver/stm32h7xx_hal_cortex.o
                0x000000000800230a                HAL_NVIC_SetPriority
 .text.HAL_NVIC_EnableIRQ
                0x000000000800233e       0x1c ./Drivers/STM32H7xx_HAL_Driver/stm32h7xx_hal_cortex.o
                0x000000000800233e                HAL_NVIC_EnableIRQ
 .text.HAL_SYSTICK_Config
                0x000000000800235a       0x18 ./Drivers/STM32H7xx_HAL_Driver/stm32h7xx_hal_cortex.o
                0x000000000800235a                HAL_SYSTICK_Config
 *fill*         0x0000000008002372        0x2 
 .text.HAL_DMA_Abort
                0x0000000008002374      0x63c ./Drivers/STM32H7xx_HAL_Driver/stm32h7xx_hal_dma.o
                0x0000000008002374                HAL_DMA_Abort
 .text.HAL_DMA_Abort_IT
                0x00000000080029b0      0x488 ./Drivers/STM32H7xx_HAL_Driver/stm32h7xx_hal_dma.o
                0x00000000080029b0                HAL_DMA_Abort_IT
 .text.HAL_FDCAN_Init
                0x0000000008002e38      0x3c4 ./Drivers/STM32H7xx_HAL_Driver/stm32h7xx_hal_fdcan.o
                0x0000000008002e38                HAL_FDCAN_Init
 .text.HAL_FDCAN_IRQHandler
                0x00000000080031fc      0x4bc ./Drivers/STM32H7xx_HAL_Driver/stm32h7xx_hal_fdcan.o
                0x00000000080031fc                HAL_FDCAN_IRQHandler
 .text.HAL_FDCAN_ClockCalibrationCallback
                0x00000000080036b8       0x16 ./Drivers/STM32H7xx_HAL_Driver/stm32h7xx_hal_fdcan.o
                0x00000000080036b8                HAL_FDCAN_ClockCalibrationCallback
 .text.HAL_FDCAN_TxEventFifoCallback
                0x00000000080036ce       0x16 ./Drivers/STM32H7xx_HAL_Driver/stm32h7xx_hal_fdcan.o
                0x00000000080036ce                HAL_FDCAN_TxEventFifoCallback
 .text.HAL_FDCAN_RxFifo0Callback
                0x00000000080036e4       0x16 ./Drivers/STM32H7xx_HAL_Driver/stm32h7xx_hal_fdcan.o
                0x00000000080036e4                HAL_FDCAN_RxFifo0Callback
 .text.HAL_FDCAN_RxFifo1Callback
                0x00000000080036fa       0x16 ./Drivers/STM32H7xx_HAL_Driver/stm32h7xx_hal_fdcan.o
                0x00000000080036fa                HAL_FDCAN_RxFifo1Callback
 .text.HAL_FDCAN_TxFifoEmptyCallback
                0x0000000008003710       0x14 ./Drivers/STM32H7xx_HAL_Driver/stm32h7xx_hal_fdcan.o
                0x0000000008003710                HAL_FDCAN_TxFifoEmptyCallback
 .text.HAL_FDCAN_TxBufferCompleteCallback
                0x0000000008003724       0x16 ./Drivers/STM32H7xx_HAL_Driver/stm32h7xx_hal_fdcan.o
                0x0000000008003724                HAL_FDCAN_TxBufferCompleteCallback
 .text.HAL_FDCAN_TxBufferAbortCallback
                0x000000000800373a       0x16 ./Drivers/STM32H7xx_HAL_Driver/stm32h7xx_hal_fdcan.o
                0x000000000800373a                HAL_FDCAN_TxBufferAbortCallback
 .text.HAL_FDCAN_RxBufferNewMessageCallback
                0x0000000008003750       0x14 ./Drivers/STM32H7xx_HAL_Driver/stm32h7xx_hal_fdcan.o
                0x0000000008003750                HAL_FDCAN_RxBufferNewMessageCallback
 .text.HAL_FDCAN_TimestampWraparoundCallback
                0x0000000008003764       0x14 ./Drivers/STM32H7xx_HAL_Driver/stm32h7xx_hal_fdcan.o
                0x0000000008003764                HAL_FDCAN_TimestampWraparoundCallback
 .text.HAL_FDCAN_TimeoutOccurredCallback
                0x0000000008003778       0x14 ./Drivers/STM32H7xx_HAL_Driver/stm32h7xx_hal_fdcan.o
                0x0000000008003778                HAL_FDCAN_TimeoutOccurredCallback
 .text.HAL_FDCAN_HighPriorityMessageCallback
                0x000000000800378c       0x14 ./Drivers/STM32H7xx_HAL_Driver/stm32h7xx_hal_fdcan.o
                0x000000000800378c                HAL_FDCAN_HighPriorityMessageCallback
 .text.HAL_FDCAN_ErrorCallback
                0x00000000080037a0       0x14 ./Drivers/STM32H7xx_HAL_Driver/stm32h7xx_hal_fdcan.o
                0x00000000080037a0                HAL_FDCAN_ErrorCallback
 .text.HAL_FDCAN_ErrorStatusCallback
                0x00000000080037b4       0x16 ./Drivers/STM32H7xx_HAL_Driver/stm32h7xx_hal_fdcan.o
                0x00000000080037b4                HAL_FDCAN_ErrorStatusCallback
 .text.HAL_FDCAN_TT_ScheduleSyncCallback
                0x00000000080037ca       0x16 ./Drivers/STM32H7xx_HAL_Driver/stm32h7xx_hal_fdcan.o
                0x00000000080037ca                HAL_FDCAN_TT_ScheduleSyncCallback
 .text.HAL_FDCAN_TT_TimeMarkCallback
                0x00000000080037e0       0x16 ./Drivers/STM32H7xx_HAL_Driver/stm32h7xx_hal_fdcan.o
                0x00000000080037e0                HAL_FDCAN_TT_TimeMarkCallback
 .text.HAL_FDCAN_TT_StopWatchCallback
                0x00000000080037f6       0x18 ./Drivers/STM32H7xx_HAL_Driver/stm32h7xx_hal_fdcan.o
                0x00000000080037f6                HAL_FDCAN_TT_StopWatchCallback
 .text.HAL_FDCAN_TT_GlobalTimeCallback
                0x000000000800380e       0x16 ./Drivers/STM32H7xx_HAL_Driver/stm32h7xx_hal_fdcan.o
                0x000000000800380e                HAL_FDCAN_TT_GlobalTimeCallback
 .text.FDCAN_CalcultateRamBlockAddresses
                0x0000000008003824      0x30c ./Drivers/STM32H7xx_HAL_Driver/stm32h7xx_hal_fdcan.o
 .text.HAL_GPIO_Init
                0x0000000008003b30      0x360 ./Drivers/STM32H7xx_HAL_Driver/stm32h7xx_hal_gpio.o
                0x0000000008003b30                HAL_GPIO_Init
 .text.HAL_GPIO_ReadPin
                0x0000000008003e90       0x30 ./Drivers/STM32H7xx_HAL_Driver/stm32h7xx_hal_gpio.o
                0x0000000008003e90                HAL_GPIO_ReadPin
 .text.HAL_GPIO_WritePin
                0x0000000008003ec0       0x32 ./Drivers/STM32H7xx_HAL_Driver/stm32h7xx_hal_gpio.o
                0x0000000008003ec0                HAL_GPIO_WritePin
 *fill*         0x0000000008003ef2        0x2 
 .text.HAL_HSEM_FastTake
                0x0000000008003ef4       0x34 ./Drivers/STM32H7xx_HAL_Driver/stm32h7xx_hal_hsem.o
                0x0000000008003ef4                HAL_HSEM_FastTake
 .text.HAL_HSEM_Release
                0x0000000008003f28       0x28 ./Drivers/STM32H7xx_HAL_Driver/stm32h7xx_hal_hsem.o
                0x0000000008003f28                HAL_HSEM_Release
 .text.HAL_PCD_Init
                0x0000000008003f50      0x248 ./Drivers/STM32H7xx_HAL_Driver/stm32h7xx_hal_pcd.o
                0x0000000008003f50                HAL_PCD_Init
 .text.HAL_PCDEx_ActivateLPM
                0x0000000008004198       0x48 ./Drivers/STM32H7xx_HAL_Driver/stm32h7xx_hal_pcd_ex.o
                0x0000000008004198                HAL_PCDEx_ActivateLPM
 .text.HAL_PWREx_ConfigSupply
                0x00000000080041e0       0xb4 ./Drivers/STM32H7xx_HAL_Driver/stm32h7xx_hal_pwr_ex.o
                0x00000000080041e0                HAL_PWREx_ConfigSupply
 .text.HAL_PWREx_EnableUSBVoltageDetector
                0x0000000008004294       0x20 ./Drivers/STM32H7xx_HAL_Driver/stm32h7xx_hal_pwr_ex.o
                0x0000000008004294                HAL_PWREx_EnableUSBVoltageDetector
 .text.HAL_RCC_OscConfig
                0x00000000080042b4      0x820 ./Drivers/STM32H7xx_HAL_Driver/stm32h7xx_hal_rcc.o
                0x00000000080042b4                HAL_RCC_OscConfig
 .text.HAL_RCC_ClockConfig
                0x0000000008004ad4      0x36c ./Drivers/STM32H7xx_HAL_Driver/stm32h7xx_hal_rcc.o
                0x0000000008004ad4                HAL_RCC_ClockConfig
 .text.HAL_RCC_GetSysClockFreq
                0x0000000008004e40      0x2f4 ./Drivers/STM32H7xx_HAL_Driver/stm32h7xx_hal_rcc.o
                0x0000000008004e40                HAL_RCC_GetSysClockFreq
 .text.HAL_RCC_GetHCLKFreq
                0x0000000008005134       0x60 ./Drivers/STM32H7xx_HAL_Driver/stm32h7xx_hal_rcc.o
                0x0000000008005134                HAL_RCC_GetHCLKFreq
 .text.HAL_RCC_GetPCLK1Freq
                0x0000000008005194       0x2c ./Drivers/STM32H7xx_HAL_Driver/stm32h7xx_hal_rcc.o
                0x0000000008005194                HAL_RCC_GetPCLK1Freq
 .text.HAL_RCC_GetPCLK2Freq
                0x00000000080051c0       0x2c ./Drivers/STM32H7xx_HAL_Driver/stm32h7xx_hal_rcc.o
                0x00000000080051c0                HAL_RCC_GetPCLK2Freq
 .text.HAL_RCCEx_PeriphCLKConfig
                0x00000000080051ec      0xe80 ./Drivers/STM32H7xx_HAL_Driver/stm32h7xx_hal_rcc_ex.o
                0x00000000080051ec                HAL_RCCEx_PeriphCLKConfig
 .text.HAL_RCCEx_GetD3PCLK1Freq
                0x000000000800606c       0x2c ./Drivers/STM32H7xx_HAL_Driver/stm32h7xx_hal_rcc_ex.o
                0x000000000800606c                HAL_RCCEx_GetD3PCLK1Freq
 .text.HAL_RCCEx_GetPLL2ClockFreq
                0x0000000008006098      0x2a8 ./Drivers/STM32H7xx_HAL_Driver/stm32h7xx_hal_rcc_ex.o
                0x0000000008006098                HAL_RCCEx_GetPLL2ClockFreq
 .text.HAL_RCCEx_GetPLL3ClockFreq
                0x0000000008006340      0x2a8 ./Drivers/STM32H7xx_HAL_Driver/stm32h7xx_hal_rcc_ex.o
                0x0000000008006340                HAL_RCCEx_GetPLL3ClockFreq
 .text.RCCEx_PLL2_Config
                0x00000000080065e8      0x164 ./Drivers/STM32H7xx_HAL_Driver/stm32h7xx_hal_rcc_ex.o
 .text.RCCEx_PLL3_Config
                0x000000000800674c      0x164 ./Drivers/STM32H7xx_HAL_Driver/stm32h7xx_hal_rcc_ex.o
 .text.HAL_TIM_PWM_Init
                0x00000000080068b0       0xae ./Drivers/STM32H7xx_HAL_Driver/stm32h7xx_hal_tim.o
                0x00000000080068b0                HAL_TIM_PWM_Init
 *fill*         0x000000000800695e        0x2 
 .text.HAL_TIM_PWM_Start
                0x0000000008006960      0x210 ./Drivers/STM32H7xx_HAL_Driver/stm32h7xx_hal_tim.o
                0x0000000008006960                HAL_TIM_PWM_Start
 .text.HAL_TIM_PWM_Stop
                0x0000000008006b70      0x12c ./Drivers/STM32H7xx_HAL_Driver/stm32h7xx_hal_tim.o
                0x0000000008006b70                HAL_TIM_PWM_Stop
 .text.HAL_TIM_Encoder_Init
                0x0000000008006c9c      0x14c ./Drivers/STM32H7xx_HAL_Driver/stm32h7xx_hal_tim.o
                0x0000000008006c9c                HAL_TIM_Encoder_Init
 .text.HAL_TIM_Encoder_Start
                0x0000000008006de8      0x11c ./Drivers/STM32H7xx_HAL_Driver/stm32h7xx_hal_tim.o
                0x0000000008006de8                HAL_TIM_Encoder_Start
 .text.HAL_TIM_Encoder_Stop
                0x0000000008006f04      0x14e ./Drivers/STM32H7xx_HAL_Driver/stm32h7xx_hal_tim.o
                0x0000000008006f04                HAL_TIM_Encoder_Stop
 .text.HAL_TIM_IRQHandler
                0x0000000008007052      0x23e ./Drivers/STM32H7xx_HAL_Driver/stm32h7xx_hal_tim.o
                0x0000000008007052                HAL_TIM_IRQHandler
 .text.HAL_TIM_PWM_ConfigChannel
                0x0000000008007290      0x220 ./Drivers/STM32H7xx_HAL_Driver/stm32h7xx_hal_tim.o
                0x0000000008007290                HAL_TIM_PWM_ConfigChannel
 .text.HAL_TIM_PeriodElapsedCallback
                0x00000000080074b0       0x14 ./Drivers/STM32H7xx_HAL_Driver/stm32h7xx_hal_tim.o
                0x00000000080074b0                HAL_TIM_PeriodElapsedCallback
 .text.HAL_TIM_OC_DelayElapsedCallback
                0x00000000080074c4       0x14 ./Drivers/STM32H7xx_HAL_Driver/stm32h7xx_hal_tim.o
                0x00000000080074c4                HAL_TIM_OC_DelayElapsedCallback
 .text.HAL_TIM_IC_CaptureCallback
                0x00000000080074d8       0x14 ./Drivers/STM32H7xx_HAL_Driver/stm32h7xx_hal_tim.o
                0x00000000080074d8                HAL_TIM_IC_CaptureCallback
 .text.HAL_TIM_PWM_PulseFinishedCallback
                0x00000000080074ec       0x14 ./Drivers/STM32H7xx_HAL_Driver/stm32h7xx_hal_tim.o
                0x00000000080074ec                HAL_TIM_PWM_PulseFinishedCallback
 .text.HAL_TIM_TriggerCallback
                0x0000000008007500       0x14 ./Drivers/STM32H7xx_HAL_Driver/stm32h7xx_hal_tim.o
                0x0000000008007500                HAL_TIM_TriggerCallback
 .text.TIM_Base_SetConfig
                0x0000000008007514      0x134 ./Drivers/STM32H7xx_HAL_Driver/stm32h7xx_hal_tim.o
                0x0000000008007514                TIM_Base_SetConfig
 .text.TIM_OC1_SetConfig
                0x0000000008007648      0x120 ./Drivers/STM32H7xx_HAL_Driver/stm32h7xx_hal_tim.o
 .text.TIM_OC2_SetConfig
                0x0000000008007768      0x114 ./Drivers/STM32H7xx_HAL_Driver/stm32h7xx_hal_tim.o
                0x0000000008007768                TIM_OC2_SetConfig
 .text.TIM_OC3_SetConfig
                0x000000000800787c      0x10c ./Drivers/STM32H7xx_HAL_Driver/stm32h7xx_hal_tim.o
 .text.TIM_OC4_SetConfig
                0x0000000008007988       0xd0 ./Drivers/STM32H7xx_HAL_Driver/stm32h7xx_hal_tim.o
 .text.TIM_OC5_SetConfig
                0x0000000008007a58       0xc4 ./Drivers/STM32H7xx_HAL_Driver/stm32h7xx_hal_tim.o
 .text.TIM_OC6_SetConfig
                0x0000000008007b1c       0xc8 ./Drivers/STM32H7xx_HAL_Driver/stm32h7xx_hal_tim.o
 .text.TIM_CCxChannelCmd
                0x0000000008007be4       0x4a ./Drivers/STM32H7xx_HAL_Driver/stm32h7xx_hal_tim.o
                0x0000000008007be4                TIM_CCxChannelCmd
 *fill*         0x0000000008007c2e        0x2 
 .text.HAL_TIMEx_MasterConfigSynchronization
                0x0000000008007c30      0x110 ./Drivers/STM32H7xx_HAL_Driver/stm32h7xx_hal_tim_ex.o
                0x0000000008007c30                HAL_TIMEx_MasterConfigSynchronization
 .text.HAL_TIMEx_CommutCallback
                0x0000000008007d40       0x14 ./Drivers/STM32H7xx_HAL_Driver/stm32h7xx_hal_tim_ex.o
                0x0000000008007d40                HAL_TIMEx_CommutCallback
 .text.HAL_TIMEx_BreakCallback
                0x0000000008007d54       0x14 ./Drivers/STM32H7xx_HAL_Driver/stm32h7xx_hal_tim_ex.o
                0x0000000008007d54                HAL_TIMEx_BreakCallback
 .text.HAL_TIMEx_Break2Callback
                0x0000000008007d68       0x14 ./Drivers/STM32H7xx_HAL_Driver/stm32h7xx_hal_tim_ex.o
                0x0000000008007d68                HAL_TIMEx_Break2Callback
 .text.HAL_UART_Init
                0x0000000008007d7c       0xa0 ./Drivers/STM32H7xx_HAL_Driver/stm32h7xx_hal_uart.o
                0x0000000008007d7c                HAL_UART_Init
 .text.HAL_UART_Transmit
                0x0000000008007e1c      0x12c ./Drivers/STM32H7xx_HAL_Driver/stm32h7xx_hal_uart.o
                0x0000000008007e1c                HAL_UART_Transmit
 .text.HAL_UART_IRQHandler
                0x0000000008007f48      0x574 ./Drivers/STM32H7xx_HAL_Driver/stm32h7xx_hal_uart.o
                0x0000000008007f48                HAL_UART_IRQHandler
 .text.HAL_UART_TxCpltCallback
                0x00000000080084bc       0x14 ./Drivers/STM32H7xx_HAL_Driver/stm32h7xx_hal_uart.o
                0x00000000080084bc                HAL_UART_TxCpltCallback
 .text.HAL_UART_ErrorCallback
                0x00000000080084d0       0x14 ./Drivers/STM32H7xx_HAL_Driver/stm32h7xx_hal_uart.o
                0x00000000080084d0                HAL_UART_ErrorCallback
 .text.HAL_UARTEx_RxEventCallback
                0x00000000080084e4       0x18 ./Drivers/STM32H7xx_HAL_Driver/stm32h7xx_hal_uart.o
                0x00000000080084e4                HAL_UARTEx_RxEventCallback
 .text.UART_SetConfig
                0x00000000080084fc      0xac0 ./Drivers/STM32H7xx_HAL_Driver/stm32h7xx_hal_uart.o
                0x00000000080084fc                UART_SetConfig
 .text.UART_AdvFeatureConfig
                0x0000000008008fbc      0x144 ./Drivers/STM32H7xx_HAL_Driver/stm32h7xx_hal_uart.o
                0x0000000008008fbc                UART_AdvFeatureConfig
 .text.UART_CheckIdleState
                0x0000000008009100       0x96 ./Drivers/STM32H7xx_HAL_Driver/stm32h7xx_hal_uart.o
                0x0000000008009100                UART_CheckIdleState
 .text.UART_WaitOnFlagUntilTimeout
                0x0000000008009196      0x100 ./Drivers/STM32H7xx_HAL_Driver/stm32h7xx_hal_uart.o
                0x0000000008009196                UART_WaitOnFlagUntilTimeout
 *fill*         0x0000000008009296        0x2 
 .text.UART_EndRxTransfer
                0x0000000008009298       0x64 ./Drivers/STM32H7xx_HAL_Driver/stm32h7xx_hal_uart.o
 .text.UART_DMAAbortOnError
                0x00000000080092fc       0x2c ./Drivers/STM32H7xx_HAL_Driver/stm32h7xx_hal_uart.o
 .text.UART_EndTransmit_IT
                0x0000000008009328       0x34 ./Drivers/STM32H7xx_HAL_Driver/stm32h7xx_hal_uart.o
 .text.HAL_UARTEx_WakeupCallback
                0x000000000800935c       0x14 ./Drivers/STM32H7xx_HAL_Driver/stm32h7xx_hal_uart_ex.o
                0x000000000800935c                HAL_UARTEx_WakeupCallback
 .text.HAL_UARTEx_RxFifoFullCallback
                0x0000000008009370       0x14 ./Drivers/STM32H7xx_HAL_Driver/stm32h7xx_hal_uart_ex.o
                0x0000000008009370                HAL_UARTEx_RxFifoFullCallback
 .text.HAL_UARTEx_TxFifoEmptyCallback
                0x0000000008009384       0x14 ./Drivers/STM32H7xx_HAL_Driver/stm32h7xx_hal_uart_ex.o
                0x0000000008009384                HAL_UARTEx_TxFifoEmptyCallback
 .text.HAL_UARTEx_DisableFifoMode
                0x0000000008009398       0x72 ./Drivers/STM32H7xx_HAL_Driver/stm32h7xx_hal_uart_ex.o
                0x0000000008009398                HAL_UARTEx_DisableFifoMode
 .text.HAL_UARTEx_SetTxFifoThreshold
                0x000000000800940a       0x7c ./Drivers/STM32H7xx_HAL_Driver/stm32h7xx_hal_uart_ex.o
                0x000000000800940a                HAL_UARTEx_SetTxFifoThreshold
 .text.HAL_UARTEx_SetRxFifoThreshold
                0x0000000008009486       0x7c ./Drivers/STM32H7xx_HAL_Driver/stm32h7xx_hal_uart_ex.o
                0x0000000008009486                HAL_UARTEx_SetRxFifoThreshold
 *fill*         0x0000000008009502        0x2 
 .text.UARTEx_SetNbDataToProcess
                0x0000000008009504       0x9c ./Drivers/STM32H7xx_HAL_Driver/stm32h7xx_hal_uart_ex.o
 .text.USB_CoreInit
                0x00000000080095a0       0xdc ./Drivers/STM32H7xx_HAL_Driver/stm32h7xx_ll_usb.o
                0x00000000080095a0                USB_CoreInit
 .text.USB_DisableGlobalInt
                0x000000000800967c       0x22 ./Drivers/STM32H7xx_HAL_Driver/stm32h7xx_ll_usb.o
                0x000000000800967c                USB_DisableGlobalInt
 .text.USB_SetCurrentMode
                0x000000000800969e       0x54 ./Drivers/STM32H7xx_HAL_Driver/stm32h7xx_ll_usb.o
                0x000000000800969e                USB_SetCurrentMode
 *fill*         0x00000000080096f2        0x2 
 .text.USB_DevInit
                0x00000000080096f4      0x2bc ./Drivers/STM32H7xx_HAL_Driver/stm32h7xx_ll_usb.o
                0x00000000080096f4                USB_DevInit
 .text.USB_FlushTxFifo
                0x00000000080099b0       0x4c ./Drivers/STM32H7xx_HAL_Driver/stm32h7xx_ll_usb.o
                0x00000000080099b0                USB_FlushTxFifo
 .text.USB_FlushRxFifo
                0x00000000080099fc       0x44 ./Drivers/STM32H7xx_HAL_Driver/stm32h7xx_ll_usb.o
                0x00000000080099fc                USB_FlushRxFifo
 .text.USB_SetDevSpeed
                0x0000000008009a40       0x32 ./Drivers/STM32H7xx_HAL_Driver/stm32h7xx_ll_usb.o
                0x0000000008009a40                USB_SetDevSpeed
 .text.USB_DevDisconnect
                0x0000000008009a72       0x42 ./Drivers/STM32H7xx_HAL_Driver/stm32h7xx_ll_usb.o
                0x0000000008009a72                USB_DevDisconnect
 .text.USB_CoreReset
                0x0000000008009ab4       0x68 ./Drivers/STM32H7xx_HAL_Driver/stm32h7xx_ll_usb.o
 .text.__NVIC_SetPriority
                0x0000000008009b1c       0x54 ./Middlewares/Third_Party/FreeRTOS/cmsis_os2.o
 .text.SVC_Setup
                0x0000000008009b70       0x12 ./Middlewares/Third_Party/FreeRTOS/cmsis_os2.o
 *fill*         0x0000000008009b82        0x2 
 .text.osKernelInitialize
                0x0000000008009b84       0x48 ./Middlewares/Third_Party/FreeRTOS/cmsis_os2.o
                0x0000000008009b84                osKernelInitialize
 .text.osKernelStart
                0x0000000008009bcc       0x4c ./Middlewares/Third_Party/FreeRTOS/cmsis_os2.o
                0x0000000008009bcc                osKernelStart
 .text.osThreadNew
                0x0000000008009c18      0x124 ./Middlewares/Third_Party/FreeRTOS/cmsis_os2.o
                0x0000000008009c18                osThreadNew
 .text.osDelay  0x0000000008009d3c       0x36 ./Middlewares/Third_Party/FreeRTOS/cmsis_os2.o
                0x0000000008009d3c                osDelay
 .text.osMessageQueueNew
                0x0000000008009d72       0xe6 ./Middlewares/Third_Party/FreeRTOS/cmsis_os2.o
                0x0000000008009d72                osMessageQueueNew
 .text.osMessageQueuePut
                0x0000000008009e58       0xc0 ./Middlewares/Third_Party/FreeRTOS/cmsis_os2.o
                0x0000000008009e58                osMessageQueuePut
 .text.osMessageQueueGet
                0x0000000008009f18       0xbc ./Middlewares/Third_Party/FreeRTOS/cmsis_os2.o
                0x0000000008009f18                osMessageQueueGet
 .text.vApplicationGetIdleTaskMemory
                0x0000000008009fd4       0x34 ./Middlewares/Third_Party/FreeRTOS/cmsis_os2.o
                0x0000000008009fd4                vApplicationGetIdleTaskMemory
 .text.vApplicationGetTimerTaskMemory
                0x000000000800a008       0x34 ./Middlewares/Third_Party/FreeRTOS/cmsis_os2.o
                0x000000000800a008                vApplicationGetTimerTaskMemory
 .text.pvPortMalloc
                0x000000000800a03c      0x198 ./Middlewares/Third_Party/FreeRTOS/heap_4.o
                0x000000000800a03c                pvPortMalloc
 .text.vPortFree
                0x000000000800a1d4       0xc4 ./Middlewares/Third_Party/FreeRTOS/heap_4.o
                0x000000000800a1d4                vPortFree
 .text.prvHeapInit
                0x000000000800a298       0xc4 ./Middlewares/Third_Party/FreeRTOS/heap_4.o
 .text.prvInsertBlockIntoFreeList
                0x000000000800a35c       0xb4 ./Middlewares/Third_Party/FreeRTOS/heap_4.o
 .text.vListInitialise
                0x000000000800a410       0x40 ./Middlewares/Third_Party/FreeRTOS/list.o
                0x000000000800a410                vListInitialise
 .text.vListInitialiseItem
                0x000000000800a450       0x1a ./Middlewares/Third_Party/FreeRTOS/list.o
                0x000000000800a450                vListInitialiseItem
 .text.vListInsertEnd
                0x000000000800a46a       0x48 ./Middlewares/Third_Party/FreeRTOS/list.o
                0x000000000800a46a                vListInsertEnd
 .text.vListInsert
                0x000000000800a4b2       0x72 ./Middlewares/Third_Party/FreeRTOS/list.o
                0x000000000800a4b2                vListInsert
 .text.uxListRemove
                0x000000000800a524       0x54 ./Middlewares/Third_Party/FreeRTOS/list.o
                0x000000000800a524                uxListRemove
 .text.pxPortInitialiseStack
                0x000000000800a578       0x68 ./Middlewares/Third_Party/FreeRTOS/port.o
                0x000000000800a578                pxPortInitialiseStack
 .text.prvTaskExitError
                0x000000000800a5e0       0x58 ./Middlewares/Third_Party/FreeRTOS/port.o
 *fill*         0x000000000800a638        0x8 
 .text.SVC_Handler
                0x000000000800a640       0x28 ./Middlewares/Third_Party/FreeRTOS/port.o
                0x000000000800a640                SVC_Handler
 .text.prvPortStartFirstTask
                0x000000000800a668       0x28 ./Middlewares/Third_Party/FreeRTOS/port.o
 .text.xPortStartScheduler
                0x000000000800a690      0x144 ./Middlewares/Third_Party/FreeRTOS/port.o
                0x000000000800a690                xPortStartScheduler
 .text.vPortEnterCritical
                0x000000000800a7d4       0x60 ./Middlewares/Third_Party/FreeRTOS/port.o
                0x000000000800a7d4                vPortEnterCritical
 .text.vPortExitCritical
                0x000000000800a834       0x54 ./Middlewares/Third_Party/FreeRTOS/port.o
                0x000000000800a834                vPortExitCritical
 *fill*         0x000000000800a888        0x8 
 .text.PendSV_Handler
                0x000000000800a890       0x68 ./Middlewares/Third_Party/FreeRTOS/port.o
                0x000000000800a890                PendSV_Handler
 .text.xPortSysTickHandler
                0x000000000800a8f8       0x44 ./Middlewares/Third_Party/FreeRTOS/port.o
                0x000000000800a8f8                xPortSysTickHandler
 .text.vPortSetupTimerInterrupt
                0x000000000800a93c       0x48 ./Middlewares/Third_Party/FreeRTOS/port.o
                0x000000000800a93c                vPortSetupTimerInterrupt
 .text.vPortEnableVFP
                0x000000000800a984       0x14 ./Middlewares/Third_Party/FreeRTOS/port.o
 .text.vPortValidateInterruptPriority
                0x000000000800a998       0x80 ./Middlewares/Third_Party/FreeRTOS/port.o
                0x000000000800a998                vPortValidateInterruptPriority
 .text.xQueueGenericReset
                0x000000000800aa18       0xd0 ./Middlewares/Third_Party/FreeRTOS/queue.o
                0x000000000800aa18                xQueueGenericReset
 .text.xQueueGenericCreateStatic
                0x000000000800aae8       0xf0 ./Middlewares/Third_Party/FreeRTOS/queue.o
                0x000000000800aae8                xQueueGenericCreateStatic
 .text.xQueueGenericCreate
                0x000000000800abd8       0x74 ./Middlewares/Third_Party/FreeRTOS/queue.o
                0x000000000800abd8                xQueueGenericCreate
 .text.prvInitialiseNewQueue
                0x000000000800ac4c       0x46 ./Middlewares/Third_Party/FreeRTOS/queue.o
 *fill*         0x000000000800ac92        0x2 
 .text.xQueueGenericSend
                0x000000000800ac94      0x1fc ./Middlewares/Third_Party/FreeRTOS/queue.o
                0x000000000800ac94                xQueueGenericSend
 .text.xQueueGenericSendFromISR
                0x000000000800ae90      0x136 ./Middlewares/Third_Party/FreeRTOS/queue.o
                0x000000000800ae90                xQueueGenericSendFromISR
 *fill*         0x000000000800afc6        0x2 
 .text.xQueueReceive
                0x000000000800afc8      0x1c0 ./Middlewares/Third_Party/FreeRTOS/queue.o
                0x000000000800afc8                xQueueReceive
 .text.xQueueReceiveFromISR
                0x000000000800b188      0x100 ./Middlewares/Third_Party/FreeRTOS/queue.o
                0x000000000800b188                xQueueReceiveFromISR
 .text.prvCopyDataToQueue
                0x000000000800b288       0xd4 ./Middlewares/Third_Party/FreeRTOS/queue.o
 .text.prvCopyDataFromQueue
                0x000000000800b35c       0x4c ./Middlewares/Third_Party/FreeRTOS/queue.o
 .text.prvUnlockQueue
                0x000000000800b3a8       0xa4 ./Middlewares/Third_Party/FreeRTOS/queue.o
 .text.prvIsQueueEmpty
                0x000000000800b44c       0x2c ./Middlewares/Third_Party/FreeRTOS/queue.o
 .text.prvIsQueueFull
                0x000000000800b478       0x30 ./Middlewares/Third_Party/FreeRTOS/queue.o
 .text.vQueueAddToRegistry
                0x000000000800b4a8       0x54 ./Middlewares/Third_Party/FreeRTOS/queue.o
                0x000000000800b4a8                vQueueAddToRegistry
 .text.vQueueWaitForMessageRestricted
                0x000000000800b4fc       0x68 ./Middlewares/Third_Party/FreeRTOS/queue.o
                0x000000000800b4fc                vQueueWaitForMessageRestricted
 .text.xTaskCreateStatic
                0x000000000800b564       0xba ./Middlewares/Third_Party/FreeRTOS/tasks.o
                0x000000000800b564                xTaskCreateStatic
 .text.xTaskCreate
                0x000000000800b61e       0x8a ./Middlewares/Third_Party/FreeRTOS/tasks.o
                0x000000000800b61e                xTaskCreate
 .text.prvInitialiseNewTask
                0x000000000800b6a8      0x11e ./Middlewares/Third_Party/FreeRTOS/tasks.o
 *fill*         0x000000000800b7c6        0x2 
 .text.prvAddNewTaskToReadyList
                0x000000000800b7c8       0xe0 ./Middlewares/Third_Party/FreeRTOS/tasks.o
 .text.vTaskDelay
                0x000000000800b8a8       0x68 ./Middlewares/Third_Party/FreeRTOS/tasks.o
                0x000000000800b8a8                vTaskDelay
 .text.vTaskStartScheduler
                0x000000000800b910       0xcc ./Middlewares/Third_Party/FreeRTOS/tasks.o
                0x000000000800b910                vTaskStartScheduler
 .text.vTaskSuspendAll
                0x000000000800b9dc       0x1c ./Middlewares/Third_Party/FreeRTOS/tasks.o
                0x000000000800b9dc                vTaskSuspendAll
 .text.xTaskResumeAll
                0x000000000800b9f8      0x13c ./Middlewares/Third_Party/FreeRTOS/tasks.o
                0x000000000800b9f8                xTaskResumeAll
 .text.xTaskGetTickCount
                0x000000000800bb34       0x20 ./Middlewares/Third_Party/FreeRTOS/tasks.o
                0x000000000800bb34                xTaskGetTickCount
 .text.xTaskIncrementTick
                0x000000000800bb54      0x174 ./Middlewares/Third_Party/FreeRTOS/tasks.o
                0x000000000800bb54                xTaskIncrementTick
 .text.vTaskSwitchContext
                0x000000000800bcc8       0xbc ./Middlewares/Third_Party/FreeRTOS/tasks.o
                0x000000000800bcc8                vTaskSwitchContext
 .text.vTaskPlaceOnEventList
                0x000000000800bd84       0x48 ./Middlewares/Third_Party/FreeRTOS/tasks.o
                0x000000000800bd84                vTaskPlaceOnEventList
 .text.vTaskPlaceOnEventListRestricted
                0x000000000800bdcc       0x58 ./Middlewares/Third_Party/FreeRTOS/tasks.o
                0x000000000800bdcc                vTaskPlaceOnEventListRestricted
 .text.xTaskRemoveFromEventList
                0x000000000800be24       0xc8 ./Middlewares/Third_Party/FreeRTOS/tasks.o
                0x000000000800be24                xTaskRemoveFromEventList
 .text.vTaskInternalSetTimeOutState
                0x000000000800beec       0x2c ./Middlewares/Third_Party/FreeRTOS/tasks.o
                0x000000000800beec                vTaskInternalSetTimeOutState
 .text.xTaskCheckForTimeOut
                0x000000000800bf18       0xc4 ./Middlewares/Third_Party/FreeRTOS/tasks.o
                0x000000000800bf18                xTaskCheckForTimeOut
 .text.vTaskMissedYield
                0x000000000800bfdc       0x18 ./Middlewares/Third_Party/FreeRTOS/tasks.o
                0x000000000800bfdc                vTaskMissedYield
 .text.prvIdleTask
                0x000000000800bff4       0x30 ./Middlewares/Third_Party/FreeRTOS/tasks.o
 .text.prvInitialiseTaskLists
                0x000000000800c024       0x80 ./Middlewares/Third_Party/FreeRTOS/tasks.o
 .text.prvCheckTasksWaitingTermination
                0x000000000800c0a4       0x5c ./Middlewares/Third_Party/FreeRTOS/tasks.o
 .text.prvDeleteTCB
                0x000000000800c100       0x5e ./Middlewares/Third_Party/FreeRTOS/tasks.o
 *fill*         0x000000000800c15e        0x2 
 .text.prvResetNextTaskUnblockTime
                0x000000000800c160       0x40 ./Middlewares/Third_Party/FreeRTOS/tasks.o
 .text.xTaskGetSchedulerState
                0x000000000800c1a0       0x3c ./Middlewares/Third_Party/FreeRTOS/tasks.o
                0x000000000800c1a0                xTaskGetSchedulerState
 .text.xTaskPriorityDisinherit
                0x000000000800c1dc       0xdc ./Middlewares/Third_Party/FreeRTOS/tasks.o
                0x000000000800c1dc                xTaskPriorityDisinherit
 .text.prvAddCurrentTaskToDelayedList
                0x000000000800c2b8       0xa8 ./Middlewares/Third_Party/FreeRTOS/tasks.o
 .text.xTimerCreateTimerTask
                0x000000000800c360       0x90 ./Middlewares/Third_Party/FreeRTOS/timers.o
                0x000000000800c360                xTimerCreateTimerTask
 .text.xTimerGenericCommand
                0x000000000800c3f0       0x9c ./Middlewares/Third_Party/FreeRTOS/timers.o
                0x000000000800c3f0                xTimerGenericCommand
 .text.prvProcessExpiredTimer
                0x000000000800c48c       0x98 ./Middlewares/Third_Party/FreeRTOS/timers.o
 .text.prvTimerTask
                0x000000000800c524       0x24 ./Middlewares/Third_Party/FreeRTOS/timers.o
 .text.prvProcessTimerOrBlockTask
                0x000000000800c548       0x9c ./Middlewares/Third_Party/FreeRTOS/timers.o
 .text.prvGetNextExpireTime
                0x000000000800c5e4       0x48 ./Middlewares/Third_Party/FreeRTOS/timers.o
 .text.prvSampleTimeNow
                0x000000000800c62c       0x40 ./Middlewares/Third_Party/FreeRTOS/timers.o
 .text.prvInsertTimerInActiveList
                0x000000000800c66c       0x84 ./Middlewares/Third_Party/FreeRTOS/timers.o
 .text.prvProcessReceivedCommands
                0x000000000800c6f0      0x1c4 ./Middlewares/Third_Party/FreeRTOS/timers.o
 .text.prvSwitchTimerLists
                0x000000000800c8b4       0xc8 ./Middlewares/Third_Party/FreeRTOS/timers.o
 .text.prvCheckForValidListAndQueue
                0x000000000800c97c       0x80 ./Middlewares/Third_Party/FreeRTOS/timers.o
 .text.atoi     0x000000000800c9fc        0x8 /opt/st/stm32cubeide_1.7.0/plugins/com.st.stm32cube.ide.mcu.externaltools.gnu-tools-for-stm32.9-2020-q2-update.linux64_2.0.0.202105311346/tools/bin/../lib/gcc/arm-none-eabi/9.3.1/../../../../arm-none-eabi/lib/thumb/v7e-m+dp/hard/libc_nano.a(lib_a-atoi.o)
                0x000000000800c9fc                atoi
 .text.__errno  0x000000000800ca04        0xc /opt/st/stm32cubeide_1.7.0/plugins/com.st.stm32cube.ide.mcu.externaltools.gnu-tools-for-stm32.9-2020-q2-update.linux64_2.0.0.202105311346/tools/bin/../lib/gcc/arm-none-eabi/9.3.1/../../../../arm-none-eabi/lib/thumb/v7e-m+dp/hard/libc_nano.a(lib_a-errno.o)
                0x000000000800ca04                __errno
 .text.__libc_init_array
                0x000000000800ca10       0x48 /opt/st/stm32cubeide_1.7.0/plugins/com.st.stm32cube.ide.mcu.externaltools.gnu-tools-for-stm32.9-2020-q2-update.linux64_2.0.0.202105311346/tools/bin/../lib/gcc/arm-none-eabi/9.3.1/../../../../arm-none-eabi/lib/thumb/v7e-m+dp/hard/libc_nano.a(lib_a-init.o)
                0x000000000800ca10                __libc_init_array
 .text.memcpy   0x000000000800ca58       0x1c /opt/st/stm32cubeide_1.7.0/plugins/com.st.stm32cube.ide.mcu.externaltools.gnu-tools-for-stm32.9-2020-q2-update.linux64_2.0.0.202105311346/tools/bin/../lib/gcc/arm-none-eabi/9.3.1/../../../../arm-none-eabi/lib/thumb/v7e-m+dp/hard/libc_nano.a(lib_a-memcpy-stub.o)
                0x000000000800ca58                memcpy
 .text.memset   0x000000000800ca74       0x10 /opt/st/stm32cubeide_1.7.0/plugins/com.st.stm32cube.ide.mcu.externaltools.gnu-tools-for-stm32.9-2020-q2-update.linux64_2.0.0.202105311346/tools/bin/../lib/gcc/arm-none-eabi/9.3.1/../../../../arm-none-eabi/lib/thumb/v7e-m+dp/hard/libc_nano.a(lib_a-memset.o)
                0x000000000800ca74                memset
 .text.__cvt    0x000000000800ca84       0xa4 /opt/st/stm32cubeide_1.7.0/plugins/com.st.stm32cube.ide.mcu.externaltools.gnu-tools-for-stm32.9-2020-q2-update.linux64_2.0.0.202105311346/tools/bin/../lib/gcc/arm-none-eabi/9.3.1/../../../../arm-none-eabi/lib/thumb/v7e-m+dp/hard/libc_nano.a(lib_a-nano-vfprintf_float.o)
                0x000000000800ca84                __cvt
 .text.__exponent
                0x000000000800cb28       0x7c /opt/st/stm32cubeide_1.7.0/plugins/com.st.stm32cube.ide.mcu.externaltools.gnu-tools-for-stm32.9-2020-q2-update.linux64_2.0.0.202105311346/tools/bin/../lib/gcc/arm-none-eabi/9.3.1/../../../../arm-none-eabi/lib/thumb/v7e-m+dp/hard/libc_nano.a(lib_a-nano-vfprintf_float.o)
                0x000000000800cb28                __exponent
 *fill*         0x000000000800cba4        0x4 
 .text._printf_float
                0x000000000800cba8      0x43c /opt/st/stm32cubeide_1.7.0/plugins/com.st.stm32cube.ide.mcu.externaltools.gnu-tools-for-stm32.9-2020-q2-update.linux64_2.0.0.202105311346/tools/bin/../lib/gcc/arm-none-eabi/9.3.1/../../../../arm-none-eabi/lib/thumb/v7e-m+dp/hard/libc_nano.a(lib_a-nano-vfprintf_float.o)
                0x000000000800cba8                _printf_float
 .text._printf_common
                0x000000000800cfe4       0xda /opt/st/stm32cubeide_1.7.0/plugins/com.st.stm32cube.ide.mcu.externaltools.gnu-tools-for-stm32.9-2020-q2-update.linux64_2.0.0.202105311346/tools/bin/../lib/gcc/arm-none-eabi/9.3.1/../../../../arm-none-eabi/lib/thumb/v7e-m+dp/hard/libc_nano.a(lib_a-nano-vfprintf_i.o)
                0x000000000800cfe4                _printf_common
 *fill*         0x000000000800d0be        0x2 
 .text._printf_i
                0x000000000800d0c0      0x24c /opt/st/stm32cubeide_1.7.0/plugins/com.st.stm32cube.ide.mcu.externaltools.gnu-tools-for-stm32.9-2020-q2-update.linux64_2.0.0.202105311346/tools/bin/../lib/gcc/arm-none-eabi/9.3.1/../../../../arm-none-eabi/lib/thumb/v7e-m+dp/hard/libc_nano.a(lib_a-nano-vfprintf_i.o)
                0x000000000800d0c0                _printf_i
 .text._scanf_float
                0x000000000800d30c      0x408 /opt/st/stm32cubeide_1.7.0/plugins/com.st.stm32cube.ide.mcu.externaltools.gnu-tools-for-stm32.9-2020-q2-update.linux64_2.0.0.202105311346/tools/bin/../lib/gcc/arm-none-eabi/9.3.1/../../../../arm-none-eabi/lib/thumb/v7e-m+dp/hard/libc_nano.a(lib_a-nano-vfscanf_float.o)
                0x000000000800d30c                _scanf_float
 .text.nanf     0x000000000800d714        0xc /opt/st/stm32cubeide_1.7.0/plugins/com.st.stm32cube.ide.mcu.externaltools.gnu-tools-for-stm32.9-2020-q2-update.linux64_2.0.0.202105311346/tools/bin/../lib/gcc/arm-none-eabi/9.3.1/../../../../arm-none-eabi/lib/thumb/v7e-m+dp/hard/libc_nano.a(lib_a-sf_nan.o)
                0x000000000800d714                nanf
 .text.sprintf  0x000000000800d720       0x40 /opt/st/stm32cubeide_1.7.0/plugins/com.st.stm32cube.ide.mcu.externaltools.gnu-tools-for-stm32.9-2020-q2-update.linux64_2.0.0.202105311346/tools/bin/../lib/gcc/arm-none-eabi/9.3.1/../../../../arm-none-eabi/lib/thumb/v7e-m+dp/hard/libc_nano.a(lib_a-sprintf.o)
                0x000000000800d720                sprintf
                0x000000000800d720                siprintf
 .text.sulp     0x000000000800d760       0x34 /opt/st/stm32cubeide_1.7.0/plugins/com.st.stm32cube.ide.mcu.externaltools.gnu-tools-for-stm32.9-2020-q2-update.linux64_2.0.0.202105311346/tools/bin/../lib/gcc/arm-none-eabi/9.3.1/../../../../arm-none-eabi/lib/thumb/v7e-m+dp/hard/libc_nano.a(lib_a-strtod.o)
 *fill*         0x000000000800d794        0x4 
 .text._strtod_l
                0x000000000800d798      0xbac /opt/st/stm32cubeide_1.7.0/plugins/com.st.stm32cube.ide.mcu.externaltools.gnu-tools-for-stm32.9-2020-q2-update.linux64_2.0.0.202105311346/tools/bin/../lib/gcc/arm-none-eabi/9.3.1/../../../../arm-none-eabi/lib/thumb/v7e-m+dp/hard/libc_nano.a(lib_a-strtod.o)
                0x000000000800d798                _strtod_l
 .text._strtod_r
                0x000000000800e344        0xc /opt/st/stm32cubeide_1.7.0/plugins/com.st.stm32cube.ide.mcu.externaltools.gnu-tools-for-stm32.9-2020-q2-update.linux64_2.0.0.202105311346/tools/bin/../lib/gcc/arm-none-eabi/9.3.1/../../../../arm-none-eabi/lib/thumb/v7e-m+dp/hard/libc_nano.a(lib_a-strtod.o)
                0x000000000800e344                _strtod_r
 .text._strtol_l.isra.0
                0x000000000800e350      0x108 /opt/st/stm32cubeide_1.7.0/plugins/com.st.stm32cube.ide.mcu.externaltools.gnu-tools-for-stm32.9-2020-q2-update.linux64_2.0.0.202105311346/tools/bin/../lib/gcc/arm-none-eabi/9.3.1/../../../../arm-none-eabi/lib/thumb/v7e-m+dp/hard/libc_nano.a(lib_a-strtol.o)
 .text._strtol_r
                0x000000000800e458        0x4 /opt/st/stm32cubeide_1.7.0/plugins/com.st.stm32cube.ide.mcu.externaltools.gnu-tools-for-stm32.9-2020-q2-update.linux64_2.0.0.202105311346/tools/bin/../lib/gcc/arm-none-eabi/9.3.1/../../../../arm-none-eabi/lib/thumb/v7e-m+dp/hard/libc_nano.a(lib_a-strtol.o)
                0x000000000800e458                _strtol_r
 .text.strtol   0x000000000800e45c       0x14 /opt/st/stm32cubeide_1.7.0/plugins/com.st.stm32cube.ide.mcu.externaltools.gnu-tools-for-stm32.9-2020-q2-update.linux64_2.0.0.202105311346/tools/bin/../lib/gcc/arm-none-eabi/9.3.1/../../../../arm-none-eabi/lib/thumb/v7e-m+dp/hard/libc_nano.a(lib_a-strtol.o)
                0x000000000800e45c                strtol
 .text.quorem   0x000000000800e470      0x116 /opt/st/stm32cubeide_1.7.0/plugins/com.st.stm32cube.ide.mcu.externaltools.gnu-tools-for-stm32.9-2020-q2-update.linux64_2.0.0.202105311346/tools/bin/../lib/gcc/arm-none-eabi/9.3.1/../../../../arm-none-eabi/lib/thumb/v7e-m+dp/hard/libc_nano.a(lib_a-dtoa.o)
 *fill*         0x000000000800e586        0x2 
 .text._dtoa_r  0x000000000800e588      0xb04 /opt/st/stm32cubeide_1.7.0/plugins/com.st.stm32cube.ide.mcu.externaltools.gnu-tools-for-stm32.9-2020-q2-update.linux64_2.0.0.202105311346/tools/bin/../lib/gcc/arm-none-eabi/9.3.1/../../../../arm-none-eabi/lib/thumb/v7e-m+dp/hard/libc_nano.a(lib_a-dtoa.o)
                0x000000000800e588                _dtoa_r
 .text.rshift   0x000000000800f08c       0xa4 /opt/st/stm32cubeide_1.7.0/plugins/com.st.stm32cube.ide.mcu.externaltools.gnu-tools-for-stm32.9-2020-q2-update.linux64_2.0.0.202105311346/tools/bin/../lib/gcc/arm-none-eabi/9.3.1/../../../../arm-none-eabi/lib/thumb/v7e-m+dp/hard/libc_nano.a(lib_a-gdtoa-gethex.o)
 .text.__hexdig_fun
                0x000000000800f130       0x2a /opt/st/stm32cubeide_1.7.0/plugins/com.st.stm32cube.ide.mcu.externaltools.gnu-tools-for-stm32.9-2020-q2-update.linux64_2.0.0.202105311346/tools/bin/../lib/gcc/arm-none-eabi/9.3.1/../../../../arm-none-eabi/lib/thumb/v7e-m+dp/hard/libc_nano.a(lib_a-gdtoa-gethex.o)
                0x000000000800f130                __hexdig_fun
 *fill*         0x000000000800f15a        0x2 
 .text.__gethex
                0x000000000800f15c      0x48c /opt/st/stm32cubeide_1.7.0/plugins/com.st.stm32cube.ide.mcu.externaltools.gnu-tools-for-stm32.9-2020-q2-update.linux64_2.0.0.202105311346/tools/bin/../lib/gcc/arm-none-eabi/9.3.1/../../../../arm-none-eabi/lib/thumb/v7e-m+dp/hard/libc_nano.a(lib_a-gdtoa-gethex.o)
                0x000000000800f15c                __gethex
 .text.L_shift  0x000000000800f5e8       0x24 /opt/st/stm32cubeide_1.7.0/plugins/com.st.stm32cube.ide.mcu.externaltools.gnu-tools-for-stm32.9-2020-q2-update.linux64_2.0.0.202105311346/tools/bin/../lib/gcc/arm-none-eabi/9.3.1/../../../../arm-none-eabi/lib/thumb/v7e-m+dp/hard/libc_nano.a(lib_a-gdtoa-hexnan.o)
 .text.__match  0x000000000800f60c       0x28 /opt/st/stm32cubeide_1.7.0/plugins/com.st.stm32cube.ide.mcu.externaltools.gnu-tools-for-stm32.9-2020-q2-update.linux64_2.0.0.202105311346/tools/bin/../lib/gcc/arm-none-eabi/9.3.1/../../../../arm-none-eabi/lib/thumb/v7e-m+dp/hard/libc_nano.a(lib_a-gdtoa-hexnan.o)
                0x000000000800f60c                __match
 .text.__hexnan
                0x000000000800f634      0x138 /opt/st/stm32cubeide_1.7.0/plugins/com.st.stm32cube.ide.mcu.externaltools.gnu-tools-for-stm32.9-2020-q2-update.linux64_2.0.0.202105311346/tools/bin/../lib/gcc/arm-none-eabi/9.3.1/../../../../arm-none-eabi/lib/thumb/v7e-m+dp/hard/libc_nano.a(lib_a-gdtoa-hexnan.o)
                0x000000000800f634                __hexnan
 .text._localeconv_r
                0x000000000800f76c        0x8 /opt/st/stm32cubeide_1.7.0/plugins/com.st.stm32cube.ide.mcu.externaltools.gnu-tools-for-stm32.9-2020-q2-update.linux64_2.0.0.202105311346/tools/bin/../lib/gcc/arm-none-eabi/9.3.1/../../../../arm-none-eabi/lib/thumb/v7e-m+dp/hard/libc_nano.a(lib_a-localeconv.o)
                0x000000000800f76c                _localeconv_r
 .text.malloc   0x000000000800f774       0x10 /opt/st/stm32cubeide_1.7.0/plugins/com.st.stm32cube.ide.mcu.externaltools.gnu-tools-for-stm32.9-2020-q2-update.linux64_2.0.0.202105311346/tools/bin/../lib/gcc/arm-none-eabi/9.3.1/../../../../arm-none-eabi/lib/thumb/v7e-m+dp/hard/libc_nano.a(lib_a-malloc.o)
                0x000000000800f774                malloc
 .text.__ascii_mbtowc
                0x000000000800f784       0x24 /opt/st/stm32cubeide_1.7.0/plugins/com.st.stm32cube.ide.mcu.externaltools.gnu-tools-for-stm32.9-2020-q2-update.linux64_2.0.0.202105311346/tools/bin/../lib/gcc/arm-none-eabi/9.3.1/../../../../arm-none-eabi/lib/thumb/v7e-m+dp/hard/libc_nano.a(lib_a-mbtowc_r.o)
                0x000000000800f784                __ascii_mbtowc
 .text._Balloc  0x000000000800f7a8       0x80 /opt/st/stm32cubeide_1.7.0/plugins/com.st.stm32cube.ide.mcu.externaltools.gnu-tools-for-stm32.9-2020-q2-update.linux64_2.0.0.202105311346/tools/bin/../lib/gcc/arm-none-eabi/9.3.1/../../../../arm-none-eabi/lib/thumb/v7e-m+dp/hard/libc_nano.a(lib_a-mprec.o)
                0x000000000800f7a8                _Balloc
 .text._Bfree   0x000000000800f828       0x44 /opt/st/stm32cubeide_1.7.0/plugins/com.st.stm32cube.ide.mcu.externaltools.gnu-tools-for-stm32.9-2020-q2-update.linux64_2.0.0.202105311346/tools/bin/../lib/gcc/arm-none-eabi/9.3.1/../../../../arm-none-eabi/lib/thumb/v7e-m+dp/hard/libc_nano.a(lib_a-mprec.o)
                0x000000000800f828                _Bfree
 .text.__multadd
                0x000000000800f86c       0x94 /opt/st/stm32cubeide_1.7.0/plugins/com.st.stm32cube.ide.mcu.externaltools.gnu-tools-for-stm32.9-2020-q2-update.linux64_2.0.0.202105311346/tools/bin/../lib/gcc/arm-none-eabi/9.3.1/../../../../arm-none-eabi/lib/thumb/v7e-m+dp/hard/libc_nano.a(lib_a-mprec.o)
                0x000000000800f86c                __multadd
 .text.__s2b    0x000000000800f900       0x94 /opt/st/stm32cubeide_1.7.0/plugins/com.st.stm32cube.ide.mcu.externaltools.gnu-tools-for-stm32.9-2020-q2-update.linux64_2.0.0.202105311346/tools/bin/../lib/gcc/arm-none-eabi/9.3.1/../../../../arm-none-eabi/lib/thumb/v7e-m+dp/hard/libc_nano.a(lib_a-mprec.o)
                0x000000000800f900                __s2b
 .text.__hi0bits
                0x000000000800f994       0x40 /opt/st/stm32cubeide_1.7.0/plugins/com.st.stm32cube.ide.mcu.externaltools.gnu-tools-for-stm32.9-2020-q2-update.linux64_2.0.0.202105311346/tools/bin/../lib/gcc/arm-none-eabi/9.3.1/../../../../arm-none-eabi/lib/thumb/v7e-m+dp/hard/libc_nano.a(lib_a-mprec.o)
                0x000000000800f994                __hi0bits
 .text.__lo0bits
                0x000000000800f9d4       0x60 /opt/st/stm32cubeide_1.7.0/plugins/com.st.stm32cube.ide.mcu.externaltools.gnu-tools-for-stm32.9-2020-q2-update.linux64_2.0.0.202105311346/tools/bin/../lib/gcc/arm-none-eabi/9.3.1/../../../../arm-none-eabi/lib/thumb/v7e-m+dp/hard/libc_nano.a(lib_a-mprec.o)
                0x000000000800f9d4                __lo0bits
 .text.__i2b    0x000000000800fa34       0x2c /opt/st/stm32cubeide_1.7.0/plugins/com.st.stm32cube.ide.mcu.externaltools.gnu-tools-for-stm32.9-2020-q2-update.linux64_2.0.0.202105311346/tools/bin/../lib/gcc/arm-none-eabi/9.3.1/../../../../arm-none-eabi/lib/thumb/v7e-m+dp/hard/libc_nano.a(lib_a-mprec.o)
                0x000000000800fa34                __i2b
 .text.__multiply
                0x000000000800fa60      0x14c /opt/st/stm32cubeide_1.7.0/plugins/com.st.stm32cube.ide.mcu.externaltools.gnu-tools-for-stm32.9-2020-q2-update.linux64_2.0.0.202105311346/tools/bin/../lib/gcc/arm-none-eabi/9.3.1/../../../../arm-none-eabi/lib/thumb/v7e-m+dp/hard/libc_nano.a(lib_a-mprec.o)
                0x000000000800fa60                __multiply
 .text.__pow5mult
                0x000000000800fbac       0xb4 /opt/st/stm32cubeide_1.7.0/plugins/com.st.stm32cube.ide.mcu.externaltools.gnu-tools-for-stm32.9-2020-q2-update.linux64_2.0.0.202105311346/tools/bin/../lib/gcc/arm-none-eabi/9.3.1/../../../../arm-none-eabi/lib/thumb/v7e-m+dp/hard/libc_nano.a(lib_a-mprec.o)
                0x000000000800fbac                __pow5mult
 .text.__lshift
                0x000000000800fc60       0xd8 /opt/st/stm32cubeide_1.7.0/plugins/com.st.stm32cube.ide.mcu.externaltools.gnu-tools-for-stm32.9-2020-q2-update.linux64_2.0.0.202105311346/tools/bin/../lib/gcc/arm-none-eabi/9.3.1/../../../../arm-none-eabi/lib/thumb/v7e-m+dp/hard/libc_nano.a(lib_a-mprec.o)
                0x000000000800fc60                __lshift
 .text.__mcmp   0x000000000800fd38       0x38 /opt/st/stm32cubeide_1.7.0/plugins/com.st.stm32cube.ide.mcu.externaltools.gnu-tools-for-stm32.9-2020-q2-update.linux64_2.0.0.202105311346/tools/bin/../lib/gcc/arm-none-eabi/9.3.1/../../../../arm-none-eabi/lib/thumb/v7e-m+dp/hard/libc_nano.a(lib_a-mprec.o)
                0x000000000800fd38                __mcmp
 .text.__mdiff  0x000000000800fd70      0x110 /opt/st/stm32cubeide_1.7.0/plugins/com.st.stm32cube.ide.mcu.externaltools.gnu-tools-for-stm32.9-2020-q2-update.linux64_2.0.0.202105311346/tools/bin/../lib/gcc/arm-none-eabi/9.3.1/../../../../arm-none-eabi/lib/thumb/v7e-m+dp/hard/libc_nano.a(lib_a-mprec.o)
                0x000000000800fd70                __mdiff
 .text.__ulp    0x000000000800fe80       0x58 /opt/st/stm32cubeide_1.7.0/plugins/com.st.stm32cube.ide.mcu.externaltools.gnu-tools-for-stm32.9-2020-q2-update.linux64_2.0.0.202105311346/tools/bin/../lib/gcc/arm-none-eabi/9.3.1/../../../../arm-none-eabi/lib/thumb/v7e-m+dp/hard/libc_nano.a(lib_a-mprec.o)
                0x000000000800fe80                __ulp
 .text.__b2d    0x000000000800fed8       0xa0 /opt/st/stm32cubeide_1.7.0/plugins/com.st.stm32cube.ide.mcu.externaltools.gnu-tools-for-stm32.9-2020-q2-update.linux64_2.0.0.202105311346/tools/bin/../lib/gcc/arm-none-eabi/9.3.1/../../../../arm-none-eabi/lib/thumb/v7e-m+dp/hard/libc_nano.a(lib_a-mprec.o)
                0x000000000800fed8                __b2d
 .text.__d2b    0x000000000800ff78       0xb8 /opt/st/stm32cubeide_1.7.0/plugins/com.st.stm32cube.ide.mcu.externaltools.gnu-tools-for-stm32.9-2020-q2-update.linux64_2.0.0.202105311346/tools/bin/../lib/gcc/arm-none-eabi/9.3.1/../../../../arm-none-eabi/lib/thumb/v7e-m+dp/hard/libc_nano.a(lib_a-mprec.o)
                0x000000000800ff78                __d2b
 .text.__ratio  0x0000000008010030       0x68 /opt/st/stm32cubeide_1.7.0/plugins/com.st.stm32cube.ide.mcu.externaltools.gnu-tools-for-stm32.9-2020-q2-update.linux64_2.0.0.202105311346/tools/bin/../lib/gcc/arm-none-eabi/9.3.1/../../../../arm-none-eabi/lib/thumb/v7e-m+dp/hard/libc_nano.a(lib_a-mprec.o)
                0x0000000008010030                __ratio
 .text.__copybits
                0x0000000008010098       0x46 /opt/st/stm32cubeide_1.7.0/plugins/com.st.stm32cube.ide.mcu.externaltools.gnu-tools-for-stm32.9-2020-q2-update.linux64_2.0.0.202105311346/tools/bin/../lib/gcc/arm-none-eabi/9.3.1/../../../../arm-none-eabi/lib/thumb/v7e-m+dp/hard/libc_nano.a(lib_a-mprec.o)
                0x0000000008010098                __copybits
 .text.__any_on
                0x00000000080100de       0x42 /opt/st/stm32cubeide_1.7.0/plugins/com.st.stm32cube.ide.mcu.externaltools.gnu-tools-for-stm32.9-2020-q2-update.linux64_2.0.0.202105311346/tools/bin/../lib/gcc/arm-none-eabi/9.3.1/../../../../arm-none-eabi/lib/thumb/v7e-m+dp/hard/libc_nano.a(lib_a-mprec.o)
                0x00000000080100de                __any_on
 .text._calloc_r
                0x0000000008010120       0x1e /opt/st/stm32cubeide_1.7.0/plugins/com.st.stm32cube.ide.mcu.externaltools.gnu-tools-for-stm32.9-2020-q2-update.linux64_2.0.0.202105311346/tools/bin/../lib/gcc/arm-none-eabi/9.3.1/../../../../arm-none-eabi/lib/thumb/v7e-m+dp/hard/libc_nano.a(lib_a-nano-callocr.o)
                0x0000000008010120                _calloc_r
 *fill*         0x000000000801013e        0x2 
 .text._free_r  0x0000000008010140       0xa0 /opt/st/stm32cubeide_1.7.0/plugins/com.st.stm32cube.ide.mcu.externaltools.gnu-tools-for-stm32.9-2020-q2-update.linux64_2.0.0.202105311346/tools/bin/../lib/gcc/arm-none-eabi/9.3.1/../../../../arm-none-eabi/lib/thumb/v7e-m+dp/hard/libc_nano.a(lib_a-nano-freer.o)
                0x0000000008010140                _free_r
 .text._malloc_r
                0x00000000080101e0       0xb4 /opt/st/stm32cubeide_1.7.0/plugins/com.st.stm32cube.ide.mcu.externaltools.gnu-tools-for-stm32.9-2020-q2-update.linux64_2.0.0.202105311346/tools/bin/../lib/gcc/arm-none-eabi/9.3.1/../../../../arm-none-eabi/lib/thumb/v7e-m+dp/hard/libc_nano.a(lib_a-nano-mallocr.o)
                0x00000000080101e0                _malloc_r
 .text.__ssputs_r
                0x0000000008010294       0xb6 /opt/st/stm32cubeide_1.7.0/plugins/com.st.stm32cube.ide.mcu.externaltools.gnu-tools-for-stm32.9-2020-q2-update.linux64_2.0.0.202105311346/tools/bin/../lib/gcc/arm-none-eabi/9.3.1/../../../../arm-none-eabi/lib/thumb/v7e-m+dp/hard/libc_nano.a(lib_a-nano-svfprintf.o)
                0x0000000008010294                __ssputs_r
 *fill*         0x000000000801034a        0x2 
 .text._svfprintf_r
                0x000000000801034c      0x200 /opt/st/stm32cubeide_1.7.0/plugins/com.st.stm32cube.ide.mcu.externaltools.gnu-tools-for-stm32.9-2020-q2-update.linux64_2.0.0.202105311346/tools/bin/../lib/gcc/arm-none-eabi/9.3.1/../../../../arm-none-eabi/lib/thumb/v7e-m+dp/hard/libc_nano.a(lib_a-nano-svfprintf.o)
                0x000000000801034c                _svfprintf_r
                0x000000000801034c                _svfiprintf_r
 *fill*         0x000000000801054c        0x4 
 .text.nan      0x0000000008010550       0x10 /opt/st/stm32cubeide_1.7.0/plugins/com.st.stm32cube.ide.mcu.externaltools.gnu-tools-for-stm32.9-2020-q2-update.linux64_2.0.0.202105311346/tools/bin/../lib/gcc/arm-none-eabi/9.3.1/../../../../arm-none-eabi/lib/thumb/v7e-m+dp/hard/libc_nano.a(lib_a-s_nan.o)
                0x0000000008010550                nan
 .text._sbrk_r  0x0000000008010560       0x20 /opt/st/stm32cubeide_1.7.0/plugins/com.st.stm32cube.ide.mcu.externaltools.gnu-tools-for-stm32.9-2020-q2-update.linux64_2.0.0.202105311346/tools/bin/../lib/gcc/arm-none-eabi/9.3.1/../../../../arm-none-eabi/lib/thumb/v7e-m+dp/hard/libc_nano.a(lib_a-sbrkr.o)
                0x0000000008010560                _sbrk_r
 .text.strncmp  0x0000000008010580       0x24 /opt/st/stm32cubeide_1.7.0/plugins/com.st.stm32cube.ide.mcu.externaltools.gnu-tools-for-stm32.9-2020-q2-update.linux64_2.0.0.202105311346/tools/bin/../lib/gcc/arm-none-eabi/9.3.1/../../../../arm-none-eabi/lib/thumb/v7e-m+dp/hard/libc_nano.a(lib_a-strncmp.o)
                0x0000000008010580                strncmp
 .text.__ascii_wctomb
                0x00000000080105a4       0x1a /opt/st/stm32cubeide_1.7.0/plugins/com.st.stm32cube.ide.mcu.externaltools.gnu-tools-for-stm32.9-2020-q2-update.linux64_2.0.0.202105311346/tools/bin/../lib/gcc/arm-none-eabi/9.3.1/../../../../arm-none-eabi/lib/thumb/v7e-m+dp/hard/libc_nano.a(lib_a-wctomb_r.o)
                0x00000000080105a4                __ascii_wctomb
 *fill*         0x00000000080105be        0x2 
 .text.__assert_func
                0x00000000080105c0       0x3c /opt/st/stm32cubeide_1.7.0/plugins/com.st.stm32cube.ide.mcu.externaltools.gnu-tools-for-stm32.9-2020-q2-update.linux64_2.0.0.202105311346/tools/bin/../lib/gcc/arm-none-eabi/9.3.1/../../../../arm-none-eabi/lib/thumb/v7e-m+dp/hard/libc_nano.a(lib_a-assert.o)
                0x00000000080105c0                __assert_func
 .text.fprintf  0x00000000080105fc       0x24 /opt/st/stm32cubeide_1.7.0/plugins/com.st.stm32cube.ide.mcu.externaltools.gnu-tools-for-stm32.9-2020-q2-update.linux64_2.0.0.202105311346/tools/bin/../lib/gcc/arm-none-eabi/9.3.1/../../../../arm-none-eabi/lib/thumb/v7e-m+dp/hard/libc_nano.a(lib_a-fprintf.o)
                0x00000000080105fc                fprintf
                0x00000000080105fc                fiprintf
 .text.memmove  0x0000000008010620       0x34 /opt/st/stm32cubeide_1.7.0/plugins/com.st.stm32cube.ide.mcu.externaltools.gnu-tools-for-stm32.9-2020-q2-update.linux64_2.0.0.202105311346/tools/bin/../lib/gcc/arm-none-eabi/9.3.1/../../../../arm-none-eabi/lib/thumb/v7e-m+dp/hard/libc_nano.a(lib_a-memmove.o)
                0x0000000008010620                memmove
 .text.__malloc_lock
                0x0000000008010654        0xc /opt/st/stm32cubeide_1.7.0/plugins/com.st.stm32cube.ide.mcu.externaltools.gnu-tools-for-stm32.9-2020-q2-update.linux64_2.0.0.202105311346/tools/bin/../lib/gcc/arm-none-eabi/9.3.1/../../../../arm-none-eabi/lib/thumb/v7e-m+dp/hard/libc_nano.a(lib_a-mlock.o)
                0x0000000008010654                __malloc_lock
 .text.__malloc_unlock
                0x0000000008010660        0xc /opt/st/stm32cubeide_1.7.0/plugins/com.st.stm32cube.ide.mcu.externaltools.gnu-tools-for-stm32.9-2020-q2-update.linux64_2.0.0.202105311346/tools/bin/../lib/gcc/arm-none-eabi/9.3.1/../../../../arm-none-eabi/lib/thumb/v7e-m+dp/hard/libc_nano.a(lib_a-mlock.o)
                0x0000000008010660                __malloc_unlock
 .text._realloc_r
                0x000000000801066c       0x4c /opt/st/stm32cubeide_1.7.0/plugins/com.st.stm32cube.ide.mcu.externaltools.gnu-tools-for-stm32.9-2020-q2-update.linux64_2.0.0.202105311346/tools/bin/../lib/gcc/arm-none-eabi/9.3.1/../../../../arm-none-eabi/lib/thumb/v7e-m+dp/hard/libc_nano.a(lib_a-nano-reallocr.o)
                0x000000000801066c                _realloc_r
 .text.__sfputc_r
                0x00000000080106b8       0x2e /opt/st/stm32cubeide_1.7.0/plugins/com.st.stm32cube.ide.mcu.externaltools.gnu-tools-for-stm32.9-2020-q2-update.linux64_2.0.0.202105311346/tools/bin/../lib/gcc/arm-none-eabi/9.3.1/../../../../arm-none-eabi/lib/thumb/v7e-m+dp/hard/libc_nano.a(lib_a-nano-vfprintf.o)
 .text.__sfputs_r
                0x00000000080106e6       0x24 /opt/st/stm32cubeide_1.7.0/plugins/com.st.stm32cube.ide.mcu.externaltools.gnu-tools-for-stm32.9-2020-q2-update.linux64_2.0.0.202105311346/tools/bin/../lib/gcc/arm-none-eabi/9.3.1/../../../../arm-none-eabi/lib/thumb/v7e-m+dp/hard/libc_nano.a(lib_a-nano-vfprintf.o)
                0x00000000080106e6                __sfputs_r
 *fill*         0x000000000801070a        0x2 
 .text._vfprintf_r
                0x000000000801070c      0x260 /opt/st/stm32cubeide_1.7.0/plugins/com.st.stm32cube.ide.mcu.externaltools.gnu-tools-for-stm32.9-2020-q2-update.linux64_2.0.0.202105311346/tools/bin/../lib/gcc/arm-none-eabi/9.3.1/../../../../arm-none-eabi/lib/thumb/v7e-m+dp/hard/libc_nano.a(lib_a-nano-vfprintf.o)
                0x000000000801070c                _vfiprintf_r
                0x000000000801070c                _vfprintf_r
 .text.__swbuf_r
                0x000000000801096c       0xa4 /opt/st/stm32cubeide_1.7.0/plugins/com.st.stm32cube.ide.mcu.externaltools.gnu-tools-for-stm32.9-2020-q2-update.linux64_2.0.0.202105311346/tools/bin/../lib/gcc/arm-none-eabi/9.3.1/../../../../arm-none-eabi/lib/thumb/v7e-m+dp/hard/libc_nano.a(lib_a-wbuf.o)
                0x000000000801096c                __swbuf_r
 .text.__swsetup_r
                0x0000000008010a10       0xdc /opt/st/stm32cubeide_1.7.0/plugins/com.st.stm32cube.ide.mcu.externaltools.gnu-tools-for-stm32.9-2020-q2-update.linux64_2.0.0.202105311346/tools/bin/../lib/gcc/arm-none-eabi/9.3.1/../../../../arm-none-eabi/lib/thumb/v7e-m+dp/hard/libc_nano.a(lib_a-wsetup.o)
                0x0000000008010a10                __swsetup_r
 .text.abort    0x0000000008010aec        0xe /opt/st/stm32cubeide_1.7.0/plugins/com.st.stm32cube.ide.mcu.externaltools.gnu-tools-for-stm32.9-2020-q2-update.linux64_2.0.0.202105311346/tools/bin/../lib/gcc/arm-none-eabi/9.3.1/../../../../arm-none-eabi/lib/thumb/v7e-m+dp/hard/libc_nano.a(lib_a-abort.o)
                0x0000000008010aec                abort
 *fill*         0x0000000008010afa        0x2 
 .text.__sflush_r
                0x0000000008010afc      0x10c /opt/st/stm32cubeide_1.7.0/plugins/com.st.stm32cube.ide.mcu.externaltools.gnu-tools-for-stm32.9-2020-q2-update.linux64_2.0.0.202105311346/tools/bin/../lib/gcc/arm-none-eabi/9.3.1/../../../../arm-none-eabi/lib/thumb/v7e-m+dp/hard/libc_nano.a(lib_a-fflush.o)
                0x0000000008010afc                __sflush_r
 .text._fflush_r
                0x0000000008010c08       0x78 /opt/st/stm32cubeide_1.7.0/plugins/com.st.stm32cube.ide.mcu.externaltools.gnu-tools-for-stm32.9-2020-q2-update.linux64_2.0.0.202105311346/tools/bin/../lib/gcc/arm-none-eabi/9.3.1/../../../../arm-none-eabi/lib/thumb/v7e-m+dp/hard/libc_nano.a(lib_a-fflush.o)
                0x0000000008010c08                _fflush_r
 .text.std      0x0000000008010c80       0x48 /opt/st/stm32cubeide_1.7.0/plugins/com.st.stm32cube.ide.mcu.externaltools.gnu-tools-for-stm32.9-2020-q2-update.linux64_2.0.0.202105311346/tools/bin/../lib/gcc/arm-none-eabi/9.3.1/../../../../arm-none-eabi/lib/thumb/v7e-m+dp/hard/libc_nano.a(lib_a-findfp.o)
 .text._cleanup_r
                0x0000000008010cc8        0xc /opt/st/stm32cubeide_1.7.0/plugins/com.st.stm32cube.ide.mcu.externaltools.gnu-tools-for-stm32.9-2020-q2-update.linux64_2.0.0.202105311346/tools/bin/../lib/gcc/arm-none-eabi/9.3.1/../../../../arm-none-eabi/lib/thumb/v7e-m+dp/hard/libc_nano.a(lib_a-findfp.o)
                0x0000000008010cc8                _cleanup_r
 .text.__sfmoreglue
                0x0000000008010cd4       0x2c /opt/st/stm32cubeide_1.7.0/plugins/com.st.stm32cube.ide.mcu.externaltools.gnu-tools-for-stm32.9-2020-q2-update.linux64_2.0.0.202105311346/tools/bin/../lib/gcc/arm-none-eabi/9.3.1/../../../../arm-none-eabi/lib/thumb/v7e-m+dp/hard/libc_nano.a(lib_a-findfp.o)
                0x0000000008010cd4                __sfmoreglue
 .text.__sfp_lock_acquire
                0x0000000008010d00        0xc /opt/st/stm32cubeide_1.7.0/plugins/com.st.stm32cube.ide.mcu.externaltools.gnu-tools-for-stm32.9-2020-q2-update.linux64_2.0.0.202105311346/tools/bin/../lib/gcc/arm-none-eabi/9.3.1/../../../../arm-none-eabi/lib/thumb/v7e-m+dp/hard/libc_nano.a(lib_a-findfp.o)
                0x0000000008010d00                __sfp_lock_acquire
 .text.__sfp_lock_release
                0x0000000008010d0c        0xc /opt/st/stm32cubeide_1.7.0/plugins/com.st.stm32cube.ide.mcu.externaltools.gnu-tools-for-stm32.9-2020-q2-update.linux64_2.0.0.202105311346/tools/bin/../lib/gcc/arm-none-eabi/9.3.1/../../../../arm-none-eabi/lib/thumb/v7e-m+dp/hard/libc_nano.a(lib_a-findfp.o)
                0x0000000008010d0c                __sfp_lock_release
 .text.__sinit_lock_acquire
                0x0000000008010d18        0xc /opt/st/stm32cubeide_1.7.0/plugins/com.st.stm32cube.ide.mcu.externaltools.gnu-tools-for-stm32.9-2020-q2-update.linux64_2.0.0.202105311346/tools/bin/../lib/gcc/arm-none-eabi/9.3.1/../../../../arm-none-eabi/lib/thumb/v7e-m+dp/hard/libc_nano.a(lib_a-findfp.o)
                0x0000000008010d18                __sinit_lock_acquire
 .text.__sinit_lock_release
                0x0000000008010d24        0xc /opt/st/stm32cubeide_1.7.0/plugins/com.st.stm32cube.ide.mcu.externaltools.gnu-tools-for-stm32.9-2020-q2-update.linux64_2.0.0.202105311346/tools/bin/../lib/gcc/arm-none-eabi/9.3.1/../../../../arm-none-eabi/lib/thumb/v7e-m+dp/hard/libc_nano.a(lib_a-findfp.o)
                0x0000000008010d24                __sinit_lock_release
 .text.__sinit  0x0000000008010d30       0x70 /opt/st/stm32cubeide_1.7.0/plugins/com.st.stm32cube.ide.mcu.externaltools.gnu-tools-for-stm32.9-2020-q2-update.linux64_2.0.0.202105311346/tools/bin/../lib/gcc/arm-none-eabi/9.3.1/../../../../arm-none-eabi/lib/thumb/v7e-m+dp/hard/libc_nano.a(lib_a-findfp.o)
                0x0000000008010d30                __sinit
 .text.__sfp    0x0000000008010da0       0x8c /opt/st/stm32cubeide_1.7.0/plugins/com.st.stm32cube.ide.mcu.externaltools.gnu-tools-for-stm32.9-2020-q2-update.linux64_2.0.0.202105311346/tools/bin/../lib/gcc/arm-none-eabi/9.3.1/../../../../arm-none-eabi/lib/thumb/v7e-m+dp/hard/libc_nano.a(lib_a-findfp.o)
                0x0000000008010da0                __sfp
 .text._fwalk_reent
                0x0000000008010e2c       0x3e /opt/st/stm32cubeide_1.7.0/plugins/com.st.stm32cube.ide.mcu.externaltools.gnu-tools-for-stm32.9-2020-q2-update.linux64_2.0.0.202105311346/tools/bin/../lib/gcc/arm-none-eabi/9.3.1/../../../../arm-none-eabi/lib/thumb/v7e-m+dp/hard/libc_nano.a(lib_a-fwalk.o)
                0x0000000008010e2c                _fwalk_reent
 .text.__retarget_lock_init_recursive
                0x0000000008010e6a        0x2 /opt/st/stm32cubeide_1.7.0/plugins/com.st.stm32cube.ide.mcu.externaltools.gnu-tools-for-stm32.9-2020-q2-update.linux64_2.0.0.202105311346/tools/bin/../lib/gcc/arm-none-eabi/9.3.1/../../../../arm-none-eabi/lib/thumb/v7e-m+dp/hard/libc_nano.a(lib_a-lock.o)
                0x0000000008010e6a                __retarget_lock_init_recursive
 .text.__retarget_lock_acquire_recursive
                0x0000000008010e6c        0x2 /opt/st/stm32cubeide_1.7.0/plugins/com.st.stm32cube.ide.mcu.externaltools.gnu-tools-for-stm32.9-2020-q2-update.linux64_2.0.0.202105311346/tools/bin/../lib/gcc/arm-none-eabi/9.3.1/../../../../arm-none-eabi/lib/thumb/v7e-m+dp/hard/libc_nano.a(lib_a-lock.o)
                0x0000000008010e6c                __retarget_lock_acquire_recursive
 .text.__retarget_lock_release_recursive
                0x0000000008010e6e        0x2 /opt/st/stm32cubeide_1.7.0/plugins/com.st.stm32cube.ide.mcu.externaltools.gnu-tools-for-stm32.9-2020-q2-update.linux64_2.0.0.202105311346/tools/bin/../lib/gcc/arm-none-eabi/9.3.1/../../../../arm-none-eabi/lib/thumb/v7e-m+dp/hard/libc_nano.a(lib_a-lock.o)