Archive member included to satisfy reference by file (symbol)

d:/st/stm32cubeide_1.7.0/stm32cubeide/plugins/com.st.stm32cube.ide.mcu.externaltools.gnu-tools-for-stm32.9-2020-q2-update.win32_2.0.0.202105311346/tools/bin/../lib/gcc/arm-none-eabi/9.3.1/../../../../arm-none-eabi/lib/thumb/v7e-m+dp/hard\libc_nano.a(lib_a-errno.o)
                              ./Core/Src/syscalls.o (__errno)
d:/st/stm32cubeide_1.7.0/stm32cubeide/plugins/com.st.stm32cube.ide.mcu.externaltools.gnu-tools-for-stm32.9-2020-q2-update.win32_2.0.0.202105311346/tools/bin/../lib/gcc/arm-none-eabi/9.3.1/../../../../arm-none-eabi/lib/thumb/v7e-m+dp/hard\libc_nano.a(lib_a-exit.o)
                              d:/st/stm32cubeide_1.7.0/stm32cubeide/plugins/com.st.stm32cube.ide.mcu.externaltools.gnu-tools-for-stm32.9-2020-q2-update.win32_2.0.0.202105311346/tools/bin/../lib/gcc/arm-none-eabi/9.3.1/../../../../arm-none-eabi/lib/thumb/v7e-m+dp/hard/crt0.o (exit)
d:/st/stm32cubeide_1.7.0/stm32cubeide/plugins/com.st.stm32cube.ide.mcu.externaltools.gnu-tools-for-stm32.9-2020-q2-update.win32_2.0.0.202105311346/tools/bin/../lib/gcc/arm-none-eabi/9.3.1/../../../../arm-none-eabi/lib/thumb/v7e-m+dp/hard\libc_nano.a(lib_a-impure.o)
                              d:/st/stm32cubeide_1.7.0/stm32cubeide/plugins/com.st.stm32cube.ide.mcu.externaltools.gnu-tools-for-stm32.9-2020-q2-update.win32_2.0.0.202105311346/tools/bin/../lib/gcc/arm-none-eabi/9.3.1/../../../../arm-none-eabi/lib/thumb/v7e-m+dp/hard\libc_nano.a(lib_a-exit.o) (_global_impure_ptr)
d:/st/stm32cubeide_1.7.0/stm32cubeide/plugins/com.st.stm32cube.ide.mcu.externaltools.gnu-tools-for-stm32.9-2020-q2-update.win32_2.0.0.202105311346/tools/bin/../lib/gcc/arm-none-eabi/9.3.1/../../../../arm-none-eabi/lib/thumb/v7e-m+dp/hard\libc_nano.a(lib_a-init.o)
                              d:/st/stm32cubeide_1.7.0/stm32cubeide/plugins/com.st.stm32cube.ide.mcu.externaltools.gnu-tools-for-stm32.9-2020-q2-update.win32_2.0.0.202105311346/tools/bin/../lib/gcc/arm-none-eabi/9.3.1/../../../../arm-none-eabi/lib/thumb/v7e-m+dp/hard/crt0.o (__libc_init_array)
d:/st/stm32cubeide_1.7.0/stm32cubeide/plugins/com.st.stm32cube.ide.mcu.externaltools.gnu-tools-for-stm32.9-2020-q2-update.win32_2.0.0.202105311346/tools/bin/../lib/gcc/arm-none-eabi/9.3.1/../../../../arm-none-eabi/lib/thumb/v7e-m+dp/hard\libc_nano.a(lib_a-memcpy-stub.o)
                              ./Drivers/STM32H7xx_HAL_Driver/stm32h7xx_hal_fdcan.o (memcpy)
d:/st/stm32cubeide_1.7.0/stm32cubeide/plugins/com.st.stm32cube.ide.mcu.externaltools.gnu-tools-for-stm32.9-2020-q2-update.win32_2.0.0.202105311346/tools/bin/../lib/gcc/arm-none-eabi/9.3.1/../../../../arm-none-eabi/lib/thumb/v7e-m+dp/hard\libc_nano.a(lib_a-memset.o)
                              d:/st/stm32cubeide_1.7.0/stm32cubeide/plugins/com.st.stm32cube.ide.mcu.externaltools.gnu-tools-for-stm32.9-2020-q2-update.win32_2.0.0.202105311346/tools/bin/../lib/gcc/arm-none-eabi/9.3.1/../../../../arm-none-eabi/lib/thumb/v7e-m+dp/hard/crt0.o (memset)
d:/st/stm32cubeide_1.7.0/stm32cubeide/plugins/com.st.stm32cube.ide.mcu.externaltools.gnu-tools-for-stm32.9-2020-q2-update.win32_2.0.0.202105311346/tools/bin/../lib/gcc/arm-none-eabi/9.3.1/../../../../arm-none-eabi/lib/thumb/v7e-m+dp/hard\libc_nano.a(lib_a-nano-vfprintf_float.o)
                              (_printf_float)
d:/st/stm32cubeide_1.7.0/stm32cubeide/plugins/com.st.stm32cube.ide.mcu.externaltools.gnu-tools-for-stm32.9-2020-q2-update.win32_2.0.0.202105311346/tools/bin/../lib/gcc/arm-none-eabi/9.3.1/../../../../arm-none-eabi/lib/thumb/v7e-m+dp/hard\libc_nano.a(lib_a-nano-vfprintf_i.o)
                              d:/st/stm32cubeide_1.7.0/stm32cubeide/plugins/com.st.stm32cube.ide.mcu.externaltools.gnu-tools-for-stm32.9-2020-q2-update.win32_2.0.0.202105311346/tools/bin/../lib/gcc/arm-none-eabi/9.3.1/../../../../arm-none-eabi/lib/thumb/v7e-m+dp/hard\libc_nano.a(lib_a-nano-vfprintf_float.o) (_printf_common)
d:/st/stm32cubeide_1.7.0/stm32cubeide/plugins/com.st.stm32cube.ide.mcu.externaltools.gnu-tools-for-stm32.9-2020-q2-update.win32_2.0.0.202105311346/tools/bin/../lib/gcc/arm-none-eabi/9.3.1/../../../../arm-none-eabi/lib/thumb/v7e-m+dp/hard\libc_nano.a(lib_a-sprintf.o)
                              ./Core/Src/main.o (sprintf)
d:/st/stm32cubeide_1.7.0/stm32cubeide/plugins/com.st.stm32cube.ide.mcu.externaltools.gnu-tools-for-stm32.9-2020-q2-update.win32_2.0.0.202105311346/tools/bin/../lib/gcc/arm-none-eabi/9.3.1/../../../../arm-none-eabi/lib/thumb/v7e-m+dp/hard\libc_nano.a(lib_a-strlen.o)
                              d:/st/stm32cubeide_1.7.0/stm32cubeide/plugins/com.st.stm32cube.ide.mcu.externaltools.gnu-tools-for-stm32.9-2020-q2-update.win32_2.0.0.202105311346/tools/bin/../lib/gcc/arm-none-eabi/9.3.1/../../../../arm-none-eabi/lib/thumb/v7e-m+dp/hard\libc_nano.a(lib_a-nano-vfprintf_float.o) (strlen)
[...]
Memory Configuration

Name             Origin             Length             Attributes
RAM_D1           0x0000000024000000 0x0000000000080000 xrw
FLASH            0x0000000008000000 0x0000000000100000 xr
DTCMRAM          0x0000000020000000 0x0000000000020000 xrw
RAM_D2           0x0000000030000000 0x0000000000048000 xrw
RAM_D3           0x0000000038000000 0x0000000000010000 xrw
ITCMRAM          0x0000000000000000 0x0000000000010000 xrw
*default*        0x0000000000000000 0xffffffffffffffff

Linker script and memory map

LOAD d:/st/stm32cubeide_1.7.0/stm32cubeide/plugins/com.st.stm32cube.ide.mcu.externaltools.gnu-tools-for-stm32.9-2020-q2-update.win32_2.0.0.202105311346/tools/bin/../lib/gcc/arm-none-eabi/9.3.1/thumb/v7e-m+dp/hard/crti.o
LOAD d:/st/stm32cubeide_1.7.0/stm32cubeide/plugins/com.st.stm32cube.ide.mcu.externaltools.gnu-tools-for-stm32.9-2020-q2-update.win32_2.0.0.202105311346/tools/bin/../lib/gcc/arm-none-eabi/9.3.1/thumb/v7e-m+dp/hard/crtbegin.o
LOAD d:/st/stm32cubeide_1.7.0/stm32cubeide/plugins/com.st.stm32cube.ide.mcu.externaltools.gnu-tools-for-stm32.9-2020-q2-update.win32_2.0.0.202105311346/tools/bin/../lib/gcc/arm-none-eabi/9.3.1/../../../../arm-none-eabi/lib/thumb/v7e-m+dp/hard/crt0.o
LOAD ./Common/Src/system_stm32h7xx_dualcore_boot_cm4_cm7.o
LOAD ./Core/Src/freertos.o
LOAD ./Core/Src/main.o
LOAD ./Core/Src/stm32h7xx_hal_msp.o
LOAD ./Core/Src/stm32h7xx_it.o
LOAD ./Core/Src/syscalls.o
LOAD ./Core/Src/sysmem.o
LOAD ./Core/Startup/startup_stm32h745zitx.o
LOAD ./Drivers/STM32H7xx_HAL_Driver/stm32h7xx_hal.o
LOAD ./Drivers/STM32H7xx_HAL_Driver/stm32h7xx_hal_adc.o
LOAD ./Drivers/STM32H7xx_HAL_Driver/stm32h7xx_hal_adc_ex.o
LOAD ./Drivers/STM32H7xx_HAL_Driver/stm32h7xx_hal_cortex.o
LOAD ./Drivers/STM32H7xx_HAL_Driver/stm32h7xx_hal_dma.o
LOAD ./Drivers/STM32H7xx_HAL_Driver/stm32h7xx_hal_dma_ex.o
LOAD ./Drivers/STM32H7xx_HAL_Driver/stm32h7xx_hal_exti.o
LOAD ./Drivers/STM32H7xx_HAL_Driver/stm32h7xx_hal_fdcan.o
LOAD ./Drivers/STM32H7xx_HAL_Driver/stm32h7xx_hal_flash.o
LOAD ./Drivers/STM32H7xx_HAL_Driver/stm32h7xx_hal_flash_ex.o
LOAD ./Drivers/STM32H7xx_HAL_Driver/stm32h7xx_hal_gpio.o
LOAD ./Drivers/STM32H7xx_HAL_Driver/stm32h7xx_hal_hsem.o
LOAD ./Drivers/STM32H7xx_HAL_Driver/stm32h7xx_hal_i2c.o
LOAD ./Drivers/STM32H7xx_HAL_Driver/stm32h7xx_hal_i2c_ex.o
LOAD ./Drivers/STM32H7xx_HAL_Driver/stm32h7xx_hal_mdma.o
LOAD ./Drivers/STM32H7xx_HAL_Driver/stm32h7xx_hal_pcd.o
LOAD ./Drivers/STM32H7xx_HAL_Driver/stm32h7xx_hal_pcd_ex.o
LOAD ./Drivers/STM32H7xx_HAL_Driver/stm32h7xx_hal_pwr.o
LOAD ./Drivers/STM32H7xx_HAL_Driver/stm32h7xx_hal_pwr_ex.o
LOAD ./Drivers/STM32H7xx_HAL_Driver/stm32h7xx_hal_rcc.o
LOAD ./Drivers/STM32H7xx_HAL_Driver/stm32h7xx_hal_rcc_ex.o
LOAD ./Drivers/STM32H7xx_HAL_Driver/stm32h7xx_hal_tim.o
LOAD ./Drivers/STM32H7xx_HAL_Driver/stm32h7xx_hal_tim_ex.o
LOAD ./Drivers/STM32H7xx_HAL_Driver/stm32h7xx_hal_uart.o
LOAD ./Drivers/STM32H7xx_HAL_Driver/stm32h7xx_hal_uart_ex.o
LOAD ./Drivers/STM32H7xx_HAL_Driver/stm32h7xx_ll_usb.o
LOAD ./Middlewares/Third_Party/FreeRTOS/cmsis_os2.o
LOAD ./Middlewares/Third_Party/FreeRTOS/croutine.o
LOAD ./Middlewares/Third_Party/FreeRTOS/event_groups.o
LOAD ./Middlewares/Third_Party/FreeRTOS/heap_4.o
LOAD ./Middlewares/Third_Party/FreeRTOS/list.o
LOAD ./Middlewares/Third_Party/FreeRTOS/port.o
LOAD ./Middlewares/Third_Party/FreeRTOS/queue.o
LOAD ./Middlewares/Third_Party/FreeRTOS/stream_buffer.o
LOAD ./Middlewares/Third_Party/FreeRTOS/tasks.o
LOAD ./Middlewares/Third_Party/FreeRTOS/timers.o
START GROUP
LOAD d:/st/stm32cubeide_1.7.0/stm32cubeide/plugins/com.st.stm32cube.ide.mcu.externaltools.gnu-tools-for-stm32.9-2020-q2-update.win32_2.0.0.202105311346/tools/bin/../lib/gcc/arm-none-eabi/9.3.1/../../../../arm-none-eabi/lib/thumb/v7e-m+dp/hard\libc_nano.a
LOAD d:/st/stm32cubeide_1.7.0/stm32cubeide/plugins/com.st.stm32cube.ide.mcu.externaltools.gnu-tools-for-stm32.9-2020-q2-update.win32_2.0.0.202105311346/tools/bin/../lib/gcc/arm-none-eabi/9.3.1/../../../../arm-none-eabi/lib/thumb/v7e-m+dp/hard\libm.a
END GROUP
START GROUP
LOAD d:/st/stm32cubeide_1.7.0/stm32cubeide/plugins/com.st.stm32cube.ide.mcu.externaltools.gnu-tools-for-stm32.9-2020-q2-update.win32_2.0.0.202105311346/tools/bin/../lib/gcc/arm-none-eabi/9.3.1/thumb/v7e-m+dp/hard\libgcc.a
LOAD d:/st/stm32cubeide_1.7.0/stm32cubeide/plugins/com.st.stm32cube.ide.mcu.externaltools.gnu-tools-for-stm32.9-2020-q2-update.win32_2.0.0.202105311346/tools/bin/../lib/gcc/arm-none-eabi/9.3.1/../../../../arm-none-eabi/lib/thumb/v7e-m+dp/hard\libc_nano.a
END GROUP
START GROUP
LOAD d:/st/stm32cubeide_1.7.0/stm32cubeide/plugins/com.st.stm32cube.ide.mcu.externaltools.gnu-tools-for-stm32.9-2020-q2-update.win32_2.0.0.202105311346/tools/bin/../lib/gcc/arm-none-eabi/9.3.1/thumb/v7e-m+dp/hard\libgcc.a
LOAD d:/st/stm32cubeide_1.7.0/stm32cubeide/plugins/com.st.stm32cube.ide.mcu.externaltools.gnu-tools-for-stm32.9-2020-q2-update.win32_2.0.0.202105311346/tools/bin/../lib/gcc/arm-none-eabi/9.3.1/../../../../arm-none-eabi/lib/thumb/v7e-m+dp/hard\libc_nano.a
LOAD d:/st/stm32cubeide_1.7.0/stm32cubeide/plugins/com.st.stm32cube.ide.mcu.externaltools.gnu-tools-for-stm32.9-2020-q2-update.win32_2.0.0.202105311346/tools/bin/../lib/gcc/arm-none-eabi/9.3.1/../../../../arm-none-eabi/lib/thumb/v7e-m+dp/hard\libnosys.a
END GROUP
START GROUP
LOAD d:/st/stm32cubeide_1.7.0/stm32cubeide/plugins/com.st.stm32cube.ide.mcu.externaltools.gnu-tools-for-stm32.9-2020-q2-update.win32_2.0.0.202105311346/tools/bin/../lib/gcc/arm-none-eabi/9.3.1/thumb/v7e-m+dp/hard\libgcc.a
LOAD d:/st/stm32cubeide_1.7.0/stm32cubeide/plugins/com.st.stm32cube.ide.mcu.externaltools.gnu-tools-for-stm32.9-2020-q2-update.win32_2.0.0.202105311346/tools/bin/../lib/gcc/arm-none-eabi/9.3.1/../../../../arm-none-eabi/lib/thumb/v7e-m+dp/hard\libc_nano.a
LOAD d:/st/stm32cubeide_1.7.0/stm32cubeide/plugins/com.st.stm32cube.ide.mcu.externaltools.gnu-tools-for-stm32.9-2020-q2-update.win32_2.0.0.202105311346/tools/bin/../lib/gcc/arm-none-eabi/9.3.1/../../../../arm-none-eabi/lib/thumb/v7e-m+dp/hard\libnosys.a
END GROUP
LOAD d:/st/stm32cubeide_1.7.0/stm32cubeide/plugins/com.st.stm32cube.ide.mcu.externaltools.gnu-tools-for-stm32.9-2020-q2-update.win32_2.0.0.202105311346/tools/bin/../lib/gcc/arm-none-eabi/9.3.1/thumb/v7e-m+dp/hard/crtend.o
LOAD d:/st/stm32cubeide_1.7.0/stm32cubeide/plugins/com.st.stm32cube.ide.mcu.externaltools.gnu-tools-for-stm32.9-2020-q2-update.win32_2.0.0.202105311346/tools/bin/../lib/gcc/arm-none-eabi/9.3.1/thumb/v7e-m+dp/hard/crtn.o
                0x0000000024080000                _estack = (ORIGIN (RAM_D1) + LENGTH (RAM_D1))
                0x0000000000000200                _Min_Heap_Size = 0x200
                0x0000000000000400                _Min_Stack_Size = 0x400

.isr_vector     0x0000000008000000      0x298
                0x0000000008000000                . = ALIGN (0x4)
 *(.isr_vector)
 .isr_vector    0x0000000008000000      0x298 ./Core/Startup/startup_stm32h745zitx.o
                0x0000000008000000                g_pfnVectors
                0x0000000008000298                . = ALIGN (0x4)

.text           0x00000000080002a0    0x137f4
                0x00000000080002a0                . = ALIGN (0x4)
 *(.text)
 .text          0x00000000080002a0       0x40 d:/st/stm32cubeide_1.7.0/stm32cubeide/plugins/com.st.stm32cube.ide.mcu.externaltools.gnu-tools-for-stm32.9-2020-q2-update.win32_2.0.0.202105311346/tools/bin/../lib/gcc/arm-none-eabi/9.3.1/thumb/v7e-m+dp/hard/crtbegin.o
 .text          0x00000000080002e0       0x10 d:/st/stm32cubeide_1.7.0/stm32cubeide/plugins/com.st.stm32cube.ide.mcu.externaltools.gnu-tools-for-stm32.9-2020-q2-update.win32_2.0.0.202105311346/tools/bin/../lib/gcc/arm-none-eabi/9.3.1/../../../../arm-none-eabi/lib/thumb/v7e-m+dp/hard\libc_nano.a(lib_a-strlen.o)
                0x00000000080002e0                strlen
 .text          0x00000000080002f0       0xa0 d:/st/stm32cubeide_1.7.0/stm32cubeide/plugins/com.st.stm32cube.ide.mcu.externaltools.gnu-tools-for-stm32.9-2020-q2-update.win32_2.0.0.202105311346/tools/bin/../lib/gcc/arm-none-eabi/9.3.1/../../../../arm-none-eabi/lib/thumb/v7e-m+dp/hard\libc_nano.a(lib_a-memchr.o)
                0x00000000080002f0                memchr
 .text          0x0000000008000390       0x30 d:/st/stm32cubeide_1.7.0/stm32cubeide/plugins/com.st.stm32cube.ide.mcu.externaltools.gnu-tools-for-stm32.9-2020-q2-update.win32_2.0.0.202105311346/tools/bin/../lib/gcc/arm-none-eabi/9.3.1/thumb/v7e-m+dp/hard\libgcc.a(_aeabi_uldivmod.o)
                0x0000000008000390                __aeabi_uldivmod
 .text          0x00000000080003c0      0x2c4 d:/st/stm32cubeide_1.7.0/stm32cubeide/plugins/com.st.stm32cube.ide.mcu.externaltools.gnu-tools-for-stm32.9-2020-q2-update.win32_2.0.0.202105311346/tools/bin/../lib/gcc/arm-none-eabi/9.3.1/thumb/v7e-m+dp/hard\libgcc.a(_udivmoddi4.o)
                0x00000000080003c0                __udivmoddi4
 .text          0x0000000008000684        0x4 d:/st/stm32cubeide_1.7.0/stm32cubeide/plugins/com.st.stm32cube.ide.mcu.externaltools.gnu-tools-for-stm32.9-2020-q2-update.win32_2.0.0.202105311346/tools/bin/../lib/gcc/arm-none-eabi/9.3.1/thumb/v7e-m+dp/hard\libgcc.a(_dvmd_tls.o)
                0x0000000008000684                __aeabi_idiv0
                0x0000000008000684                __aeabi_ldiv0
 *(.text*)
 .text.SystemInit
                0x0000000008000688      0x134 ./Common/Src/system_stm32h7xx_dualcore_boot_cm4_cm7.o
                0x0000000008000688                SystemInit
 .text.main     0x00000000080007bc      0x264 ./Core/Src/main.o
                0x00000000080007bc                main
 .text.SystemClock_Config
                0x0000000008000a20      0x10c ./Core/Src/main.o
                0x0000000008000a20                SystemClock_Config
 .text.PeriphCommonClock_Config
                0x0000000008000b2c       0x5a ./Core/Src/main.o
                0x0000000008000b2c                PeriphCommonClock_Config
 *fill*         0x0000000008000b86        0x2 
 .text.MX_ADC1_Init
                0x0000000008000b88       0xf0 ./Core/Src/main.o
 .text.MX_ADC2_Init
                0x0000000008000c78       0xcc ./Core/Src/main.o
 .text.MX_FDCAN1_Init
                0x0000000008000d44      0x160 ./Core/Src/main.o
 .text.MX_TIM2_Init
                0x0000000008000ea4       0xa8 ./Core/Src/main.o
 .text.MX_TIM3_Init
                0x0000000008000f4c       0xcc ./Core/Src/main.o
 .text.MX_USART3_UART_Init
                0x0000000008001018       0x98 ./Core/Src/main.o
 .text.MX_USB_OTG_FS_PCD_Init
                0x00000000080010b0       0x64 ./Core/Src/main.o
 .text.MX_DMA_Init
                0x0000000008001114       0x50 ./Core/Src/main.o
 .text.MX_GPIO_Init
                0x0000000008001164      0x1d8 ./Core/Src/main.o
 *fill*         0x000000000800133c        0x4 
 .text.GoHome   0x0000000008001340      0x218 ./Core/Src/main.o
                0x0000000008001340                GoHome
 .text.setPWM   0x0000000008001558       0x60 ./Core/Src/main.o
                0x0000000008001558                setPWM
 .text.StartEncoderTask
                0x00000000080015b8       0x84 ./Core/Src/main.o
                0x00000000080015b8                StartEncoderTask
 .text.StartControlTask
                0x000000000800163c      0x22c ./Core/Src/main.o
                0x000000000800163c                StartControlTask
 .text.StartDiagnosisTask
                0x0000000008001868      0x2cc ./Core/Src/main.o
                0x0000000008001868                StartDiagnosisTask
 .text.StartCanRxTask
                0x0000000008001b34       0x6c ./Core/Src/main.o
                0x0000000008001b34                StartCanRxTask
 .text.StartCanTxTask
                0x0000000008001ba0      0x11c ./Core/Src/main.o
                0x0000000008001ba0                StartCanTxTask
 .text.Error_Handler
                0x0000000008001cbc        0xe ./Core/Src/main.o
                0x0000000008001cbc                Error_Handler
 *fill*         0x0000000008001cca        0x2 
 .text.HAL_MspInit
                0x0000000008001ccc       0x3c ./Core/Src/stm32h7xx_hal_msp.o
                0x0000000008001ccc                HAL_MspInit
 .text.HAL_ADC_MspInit
                0x0000000008001d08      0x20c ./Core/Src/stm32h7xx_hal_msp.o
                0x0000000008001d08                HAL_ADC_MspInit
 .text.HAL_FDCAN_MspInit
                0x0000000008001f14       0xdc ./Core/Src/stm32h7xx_hal_msp.o
                0x0000000008001f14                HAL_FDCAN_MspInit
 .text.HAL_TIM_Encoder_MspInit
                0x0000000008001ff0       0xe0 ./Core/Src/stm32h7xx_hal_msp.o
                0x0000000008001ff0                HAL_TIM_Encoder_MspInit
 .text.HAL_TIM_PWM_MspInit
                0x00000000080020d0       0x44 ./Core/Src/stm32h7xx_hal_msp.o
                0x00000000080020d0                HAL_TIM_PWM_MspInit
 .text.HAL_TIM_MspPostInit
                0x0000000008002114       0xb8 ./Core/Src/stm32h7xx_hal_msp.o
                0x0000000008002114                HAL_TIM_MspPostInit
 .text.HAL_UART_MspInit
                0x00000000080021cc       0xcc ./Core/Src/stm32h7xx_hal_msp.o
                0x00000000080021cc                HAL_UART_MspInit
 .text.HAL_PCD_MspInit
                0x0000000008002298      0x114 ./Core/Src/stm32h7xx_hal_msp.o
                0x0000000008002298                HAL_PCD_MspInit
 .text.NMI_Handler
                0x00000000080023ac        0x6 ./Core/Src/stm32h7xx_it.o
                0x00000000080023ac                NMI_Handler
 .text.HardFault_Handler
                0x00000000080023b2        0x6 ./Core/Src/stm32h7xx_it.o
                0x00000000080023b2                HardFault_Handler
 .text.MemManage_Handler
                0x00000000080023b8        0x6 ./Core/Src/stm32h7xx_it.o
                0x00000000080023b8                MemManage_Handler
 .text.BusFault_Handler
                0x00000000080023be        0x6 ./Core/Src/stm32h7xx_it.o
                0x00000000080023be                BusFault_Handler
 .text.UsageFault_Handler
                0x00000000080023c4        0x6 ./Core/Src/stm32h7xx_it.o
                0x00000000080023c4                UsageFault_Handler
 .text.DebugMon_Handler
                0x00000000080023ca        0xe ./Core/Src/stm32h7xx_it.o
                0x00000000080023ca                DebugMon_Handler
 .text.SysTick_Handler
                0x00000000080023d8       0x1a ./Core/Src/stm32h7xx_it.o
                0x00000000080023d8                SysTick_Handler
 *fill*         0x00000000080023f2        0x2 
 .text.DMA1_Stream0_IRQHandler
                0x00000000080023f4       0x14 ./Core/Src/stm32h7xx_it.o
                0x00000000080023f4                DMA1_Stream0_IRQHandler
 .text.DMA1_Stream1_IRQHandler
                0x0000000008002408       0x14 ./Core/Src/stm32h7xx_it.o
                0x0000000008002408                DMA1_Stream1_IRQHandler
 .text.ADC_IRQHandler
                0x000000000800241c       0x1c ./Core/Src/stm32h7xx_it.o
                0x000000000800241c                ADC_IRQHandler
 .text.FDCAN1_IT0_IRQHandler
                0x0000000008002438       0x14 ./Core/Src/stm32h7xx_it.o
                0x0000000008002438                FDCAN1_IT0_IRQHandler
 .text.TIM2_IRQHandler
                0x000000000800244c       0x14 ./Core/Src/stm32h7xx_it.o
                0x000000000800244c                TIM2_IRQHandler
 .text._getpid  0x0000000008002460       0x10 ./Core/Src/syscalls.o
                0x0000000008002460                _getpid
 .text._kill    0x0000000008002470       0x20 ./Core/Src/syscalls.o
                0x0000000008002470                _kill
 .text._exit    0x0000000008002490       0x14 ./Core/Src/syscalls.o
                0x0000000008002490                _exit
 .text._read    0x00000000080024a4       0x3a ./Core/Src/syscalls.o
                0x00000000080024a4                _read
 .text._write   0x00000000080024de       0x38 ./Core/Src/syscalls.o
                0x00000000080024de                _write
 .text._close   0x0000000008002516       0x18 ./Core/Src/syscalls.o
                0x0000000008002516                _close
 .text._fstat   0x000000000800252e       0x20 ./Core/Src/syscalls.o
                0x000000000800252e                _fstat
 .text._isatty  0x000000000800254e       0x16 ./Core/Src/syscalls.o
                0x000000000800254e                _isatty
 .text._lseek   0x0000000008002564       0x1a ./Core/Src/syscalls.o
                0x0000000008002564                _lseek
 *fill*         0x000000000800257e        0x2 
 .text._sbrk    0x0000000008002580       0x6c ./Core/Src/sysmem.o
                0x0000000008002580                _sbrk
 .text.Reset_Handler
                0x00000000080025ec       0x50 ./Core/Startup/startup_stm32h745zitx.o
                0x00000000080025ec                Reset_Handler
 .text.Default_Handler
                0x000000000800263c        0x2 ./Core/Startup/startup_stm32h745zitx.o
                0x000000000800263c                RTC_Alarm_IRQHandler
                0x000000000800263c                EXTI2_IRQHandler
                0x000000000800263c                TIM8_CC_IRQHandler
                0x000000000800263c                HRTIM1_Master_IRQHandler
                0x000000000800263c                UART8_IRQHandler
                0x000000000800263c                SPI4_IRQHandler
                0x000000000800263c                TIM1_CC_IRQHandler
                0x000000000800263c                BDMA_Channel6_IRQHandler
                0x000000000800263c                DMA2_Stream5_IRQHandler
                0x000000000800263c                HRTIM1_FLT_IRQHandler
                0x000000000800263c                JPEG_IRQHandler
                0x000000000800263c                DMA1_Stream5_IRQHandler
                0x000000000800263c                BDMA_Channel1_IRQHandler
                0x000000000800263c                HRTIM1_TIMD_IRQHandler
                0x000000000800263c                TAMP_STAMP_IRQHandler
                0x000000000800263c                EXTI3_IRQHandler
                0x000000000800263c                LPTIM4_IRQHandler
                0x000000000800263c                TIM8_TRG_COM_TIM14_IRQHandler
                0x000000000800263c                LPTIM2_IRQHandler
                0x000000000800263c                DFSDM1_FLT1_IRQHandler
                0x000000000800263c                DMAMUX2_OVR_IRQHandler
                0x000000000800263c                TIM8_UP_TIM13_IRQHandler
                0x000000000800263c                I2C3_ER_IRQHandler
                0x000000000800263c                DFSDM1_FLT2_IRQHandler
                0x000000000800263c                MDMA_IRQHandler
                0x000000000800263c                LPTIM3_IRQHandler
                0x000000000800263c                HSEM1_IRQHandler
                0x000000000800263c                EXTI0_IRQHandler
                0x000000000800263c                I2C2_EV_IRQHandler
                0x000000000800263c                DMA1_Stream2_IRQHandler
                0x000000000800263c                FPU_IRQHandler
                0x000000000800263c                OTG_HS_WKUP_IRQHandler
                0x000000000800263c                FDCAN1_IT1_IRQHandler
                0x000000000800263c                LTDC_ER_IRQHandler
                0x000000000800263c                DMA2_Stream2_IRQHandler
                0x000000000800263c                HRTIM1_TIME_IRQHandler
                0x000000000800263c                SPI1_IRQHandler
                0x000000000800263c                TIM6_DAC_IRQHandler
                0x000000000800263c                DCMI_IRQHandler
                0x000000000800263c                HRTIM1_TIMC_IRQHandler
                0x000000000800263c                DMA2_Stream3_IRQHandler
                0x000000000800263c                SAI2_IRQHandler
                0x000000000800263c                DFSDM1_FLT3_IRQHandler
                0x000000000800263c                USART6_IRQHandler
                0x000000000800263c                TIM17_IRQHandler
                0x000000000800263c                USART3_IRQHandler
                0x000000000800263c                BDMA_Channel7_IRQHandler
                0x000000000800263c                LPTIM5_IRQHandler
                0x000000000800263c                UART5_IRQHandler
                0x000000000800263c                ADC3_IRQHandler
                0x000000000800263c                DMA2_Stream0_IRQHandler
                0x000000000800263c                TIM4_IRQHandler
                0x000000000800263c                BDMA_Channel2_IRQHandler
                0x000000000800263c                QUADSPI_IRQHandler
                0x000000000800263c                I2C1_EV_IRQHandler
                0x000000000800263c                DMA1_Stream6_IRQHandler
                0x000000000800263c                DMAMUX1_OVR_IRQHandler
                0x000000000800263c                TIM16_IRQHandler
                0x000000000800263c                UART4_IRQHandler
                0x000000000800263c                BDMA_Channel5_IRQHandler
                0x000000000800263c                TIM3_IRQHandler
                0x000000000800263c                RCC_IRQHandler
                0x000000000800263c                TIM8_BRK_TIM12_IRQHandler
                0x000000000800263c                TIM1_TRG_COM_IRQHandler
                0x000000000800263c                Default_Handler
                0x000000000800263c                ECC_IRQHandler
                0x000000000800263c                CEC_IRQHandler
                0x000000000800263c                EXTI15_10_IRQHandler
                0x000000000800263c                BDMA_Channel0_IRQHandler
                0x000000000800263c                DMA1_Stream7_IRQHandler
                0x000000000800263c                HRTIM1_TIMA_IRQHandler
                0x000000000800263c                SPI5_IRQHandler
                0x000000000800263c                TIM7_IRQHandler
                0x000000000800263c                SDMMC1_IRQHandler
                0x000000000800263c                TIM5_IRQHandler
                0x000000000800263c                DMA2_Stream7_IRQHandler
                0x000000000800263c                TIM15_IRQHandler
                0x000000000800263c                PVD_AVD_IRQHandler
                0x000000000800263c                I2C3_EV_IRQHandler
                0x000000000800263c                EXTI9_5_IRQHandler
                0x000000000800263c                RTC_WKUP_IRQHandler
                0x000000000800263c                LTDC_IRQHandler
                0x000000000800263c                SAI3_IRQHandler
                0x000000000800263c                ETH_WKUP_IRQHandler
                0x000000000800263c                SPDIF_RX_IRQHandler
                0x000000000800263c                SPI2_IRQHandler
                0x000000000800263c                OTG_HS_EP1_IN_IRQHandler
                0x000000000800263c                CRS_IRQHandler
                0x000000000800263c                CM7_SEV_IRQHandler
                0x000000000800263c                EXTI4_IRQHandler
                0x000000000800263c                RNG_IRQHandler
                0x000000000800263c                CM4_SEV_IRQHandler
                0x000000000800263c                HRTIM1_TIMB_IRQHandler
                0x000000000800263c                FDCAN2_IT1_IRQHandler
                0x000000000800263c                ETH_IRQHandler
                0x000000000800263c                TIM1_UP_IRQHandler
                0x000000000800263c                WWDG_RST_IRQHandler
                0x000000000800263c                BDMA_Channel4_IRQHandler
                0x000000000800263c                OTG_HS_EP1_OUT_IRQHandler
                0x000000000800263c                WWDG_IRQHandler
                0x000000000800263c                SPI6_IRQHandler
                0x000000000800263c                MDIOS_IRQHandler
                0x000000000800263c                I2C4_EV_IRQHandler
                0x000000000800263c                FDCAN2_IT0_IRQHandler
                0x000000000800263c                LPUART1_IRQHandler
                0x000000000800263c                OTG_FS_WKUP_IRQHandler
                0x000000000800263c                OTG_HS_IRQHandler
                0x000000000800263c                HSEM2_IRQHandler
                0x000000000800263c                DMA2D_IRQHandler
                0x000000000800263c                TIM1_BRK_IRQHandler
                0x000000000800263c                EXTI1_IRQHandler
                0x000000000800263c                SDMMC2_IRQHandler
                0x000000000800263c                OTG_FS_EP1_OUT_IRQHandler
                0x000000000800263c                BDMA_Channel3_IRQHandler
                0x000000000800263c                HOLD_CORE_IRQHandler
                0x000000000800263c                UART7_IRQHandler
                0x000000000800263c                MDIOS_WKUP_IRQHandler
                0x000000000800263c                USART2_IRQHandler
                0x000000000800263c                DFSDM1_FLT0_IRQHandler
                0x000000000800263c                SAI4_IRQHandler
                0x000000000800263c                I2C2_ER_IRQHandler
                0x000000000800263c                DMA2_Stream1_IRQHandler
                0x000000000800263c                FLASH_IRQHandler
                0x000000000800263c                DMA2_Stream4_IRQHandler
                0x000000000800263c                USART1_IRQHandler
                0x000000000800263c                OTG_FS_IRQHandler
                0x000000000800263c                SPI3_IRQHandler
                0x000000000800263c                WAKEUP_PIN_IRQHandler
                0x000000000800263c                DMA1_Stream4_IRQHandler
                0x000000000800263c                OTG_FS_EP1_IN_IRQHandler
                0x000000000800263c                I2C1_ER_IRQHandler
                0x000000000800263c                FMC_IRQHandler
                0x000000000800263c                FDCAN_CAL_IRQHandler
                0x000000000800263c                SWPMI1_IRQHandler
                0x000000000800263c                COMP1_IRQHandler
                0x000000000800263c                LPTIM1_IRQHandler
                0x000000000800263c                I2C4_ER_IRQHandler
                0x000000000800263c                DMA2_Stream6_IRQHandler
                0x000000000800263c                SAI1_IRQHandler
                0x000000000800263c                DMA1_Stream3_IRQHandler
 *fill*         0x000000000800263e        0x2 
 .text.HAL_Init
                0x0000000008002640       0x78 ./Drivers/STM32H7xx_HAL_Driver/stm32h7xx_hal.o
                0x0000000008002640                HAL_Init
 .text.HAL_InitTick
                0x00000000080026b8       0x6c ./Drivers/STM32H7xx_HAL_Driver/stm32h7xx_hal.o
                0x00000000080026b8                HAL_InitTick
 .text.HAL_IncTick
                0x0000000008002724       0x28 ./Drivers/STM32H7xx_HAL_Driver/stm32h7xx_hal.o
                0x0000000008002724                HAL_IncTick
 .text.HAL_GetTick
                0x000000000800274c       0x18 ./Drivers/STM32H7xx_HAL_Driver/stm32h7xx_hal.o
                0x000000000800274c                HAL_GetTick
 .text.HAL_Delay
                0x0000000008002764       0x48 ./Drivers/STM32H7xx_HAL_Driver/stm32h7xx_hal.o
                0x0000000008002764                HAL_Delay
 .text.HAL_GetREVID
                0x00000000080027ac       0x18 ./Drivers/STM32H7xx_HAL_Driver/stm32h7xx_hal.o
                0x00000000080027ac                HAL_GetREVID
 .text.LL_ADC_SetCommonClock
                0x00000000080027c4       0x26 ./Drivers/STM32H7xx_HAL_Driver/stm32h7xx_hal_adc.o
 .text.LL_ADC_SetCommonPathInternalCh
                0x00000000080027ea       0x26 ./Drivers/STM32H7xx_HAL_Driver/stm32h7xx_hal_adc.o
 .text.LL_ADC_GetCommonPathInternalCh
                0x0000000008002810       0x1c ./Drivers/STM32H7xx_HAL_Driver/stm32h7xx_hal_adc.o
 .text.LL_ADC_SetOffset
                0x000000000800282c       0x40 ./Drivers/STM32H7xx_HAL_Driver/stm32h7xx_hal_adc.o
 .text.LL_ADC_SetDataRightShift
                0x000000000800286c       0x32 ./Drivers/STM32H7xx_HAL_Driver/stm32h7xx_hal_adc.o
 .text.LL_ADC_SetOffsetSignedSaturation
                0x000000000800289e       0x36 ./Drivers/STM32H7xx_HAL_Driver/stm32h7xx_hal_adc.o
 .text.LL_ADC_REG_IsTriggerSourceSWStart
                0x00000000080028d4       0x26 ./Drivers/STM32H7xx_HAL_Driver/stm32h7xx_hal_adc.o
 .text.LL_ADC_REG_SetSequencerRanks
                0x00000000080028fa       0x58 ./Drivers/STM32H7xx_HAL_Driver/stm32h7xx_hal_adc.o
 .text.LL_ADC_INJ_IsTriggerSourceSWStart
                0x0000000008002952       0x26 ./Drivers/STM32H7xx_HAL_Driver/stm32h7xx_hal_adc.o
 .text.LL_ADC_SetChannelSamplingTime
                0x0000000008002978       0x56 ./Drivers/STM32H7xx_HAL_Driver/stm32h7xx_hal_adc.o
 *fill*         0x00000000080029ce        0x2 
 .text.LL_ADC_SetChannelSingleDiff
                0x00000000080029d0       0x48 ./Drivers/STM32H7xx_HAL_Driver/stm32h7xx_hal_adc.o
 .text.LL_ADC_GetMultimode
                0x0000000008002a18       0x1c ./Drivers/STM32H7xx_HAL_Driver/stm32h7xx_hal_adc.o
 .text.LL_ADC_GetMultiDMATransfer
                0x0000000008002a34       0x1c ./Drivers/STM32H7xx_HAL_Driver/stm32h7xx_hal_adc.o
 .text.LL_ADC_DisableDeepPowerDown
                0x0000000008002a50       0x24 ./Drivers/STM32H7xx_HAL_Driver/stm32h7xx_hal_adc.o
 .text.LL_ADC_IsDeepPowerDownEnabled
                0x0000000008002a74       0x28 ./Drivers/STM32H7xx_HAL_Driver/stm32h7xx_hal_adc.o
 .text.LL_ADC_EnableInternalRegulator
                0x0000000008002a9c       0x28 ./Drivers/STM32H7xx_HAL_Driver/stm32h7xx_hal_adc.o
 .text.LL_ADC_IsInternalRegulatorEnabled
                0x0000000008002ac4       0x28 ./Drivers/STM32H7xx_HAL_Driver/stm32h7xx_hal_adc.o
 .text.LL_ADC_Enable
                0x0000000008002aec       0x28 ./Drivers/STM32H7xx_HAL_Driver/stm32h7xx_hal_adc.o
 .text.LL_ADC_Disable
                0x0000000008002b14       0x28 ./Drivers/STM32H7xx_HAL_Driver/stm32h7xx_hal_adc.o
 .text.LL_ADC_IsEnabled
                0x0000000008002b3c       0x26 ./Drivers/STM32H7xx_HAL_Driver/stm32h7xx_hal_adc.o
 .text.LL_ADC_IsDisableOngoing
                0x0000000008002b62       0x26 ./Drivers/STM32H7xx_HAL_Driver/stm32h7xx_hal_adc.o
 .text.LL_ADC_REG_StartConversion
                0x0000000008002b88       0x28 ./Drivers/STM32H7xx_HAL_Driver/stm32h7xx_hal_adc.o
 .text.LL_ADC_REG_StopConversion
                0x0000000008002bb0       0x28 ./Drivers/STM32H7xx_HAL_Driver/stm32h7xx_hal_adc.o
 .text.LL_ADC_REG_IsConversionOngoing
                0x0000000008002bd8       0x26 ./Drivers/STM32H7xx_HAL_Driver/stm32h7xx_hal_adc.o
 *fill*         0x0000000008002bfe        0x2 
 .text.LL_ADC_INJ_StopConversion
                0x0000000008002c00       0x28 ./Drivers/STM32H7xx_HAL_Driver/stm32h7xx_hal_adc.o
 .text.LL_ADC_INJ_IsConversionOngoing
                0x0000000008002c28       0x26 ./Drivers/STM32H7xx_HAL_Driver/stm32h7xx_hal_adc.o
 *fill*         0x0000000008002c4e        0x2 
 .text.HAL_ADC_Init
                0x0000000008002c50      0x340 ./Drivers/STM32H7xx_HAL_Driver/stm32h7xx_hal_adc.o
                0x0000000008002c50                HAL_ADC_Init
 .text.HAL_ADC_Start
                0x0000000008002f90      0x194 ./Drivers/STM32H7xx_HAL_Driver/stm32h7xx_hal_adc.o
                0x0000000008002f90                HAL_ADC_Start
 .text.HAL_ADC_Stop
                0x0000000008003124       0x68 ./Drivers/STM32H7xx_HAL_Driver/stm32h7xx_hal_adc.o
                0x0000000008003124                HAL_ADC_Stop
 .text.HAL_ADC_PollForConversion
                0x000000000800318c      0x1e8 ./Drivers/STM32H7xx_HAL_Driver/stm32h7xx_hal_adc.o
                0x000000000800318c                HAL_ADC_PollForConversion
 .text.HAL_ADC_GetValue
                0x0000000008003374       0x1a ./Drivers/STM32H7xx_HAL_Driver/stm32h7xx_hal_adc.o
                0x0000000008003374                HAL_ADC_GetValue
 *fill*         0x000000000800338e        0x2 
 .text.HAL_ADC_IRQHandler
                0x0000000008003390      0x474 ./Drivers/STM32H7xx_HAL_Driver/stm32h7xx_hal_adc.o
                0x0000000008003390                HAL_ADC_IRQHandler
 .text.HAL_ADC_ConvCpltCallback
                0x0000000008003804       0x14 ./Drivers/STM32H7xx_HAL_Driver/stm32h7xx_hal_adc.o
                0x0000000008003804                HAL_ADC_ConvCpltCallback
 .text.HAL_ADC_LevelOutOfWindowCallback
                0x0000000008003818       0x14 ./Drivers/STM32H7xx_HAL_Driver/stm32h7xx_hal_adc.o
                0x0000000008003818                HAL_ADC_LevelOutOfWindowCallback
 .text.HAL_ADC_ErrorCallback
                0x000000000800382c       0x14 ./Drivers/STM32H7xx_HAL_Driver/stm32h7xx_hal_adc.o
                0x000000000800382c                HAL_ADC_ErrorCallback
 .text.HAL_ADC_ConfigChannel
                0x0000000008003840      0x6a0 ./Drivers/STM32H7xx_HAL_Driver/stm32h7xx_hal_adc.o
                0x0000000008003840                HAL_ADC_ConfigChannel
 .text.ADC_ConversionStop
                0x0000000008003ee0      0x178 ./Drivers/STM32H7xx_HAL_Driver/stm32h7xx_hal_adc.o
                0x0000000008003ee0                ADC_ConversionStop
 .text.ADC_Enable
                0x0000000008004058      0x114 ./Drivers/STM32H7xx_HAL_Driver/stm32h7xx_hal_adc.o
                0x0000000008004058                ADC_Enable
 .text.ADC_Disable
                0x000000000800416c       0xbe ./Drivers/STM32H7xx_HAL_Driver/stm32h7xx_hal_adc.o
                0x000000000800416c                ADC_Disable
 *fill*         0x000000000800422a        0x2 
 .text.ADC_ConfigureBoostMode
                0x000000000800422c      0x214 ./Drivers/STM32H7xx_HAL_Driver/stm32h7xx_hal_adc.o
                0x000000000800422c                ADC_ConfigureBoostMode
 .text.LL_ADC_IsEnabled
                0x0000000008004440       0x26 ./Drivers/STM32H7xx_HAL_Driver/stm32h7xx_hal_adc_ex.o
 .text.LL_ADC_REG_IsConversionOngoing
                0x0000000008004466       0x26 ./Drivers/STM32H7xx_HAL_Driver/stm32h7xx_hal_adc_ex.o
 .text.HAL_ADCEx_InjectedConvCpltCallback
                0x000000000800448c       0x14 ./Drivers/STM32H7xx_HAL_Driver/stm32h7xx_hal_adc_ex.o
                0x000000000800448c                HAL_ADCEx_InjectedConvCpltCallback
 .text.HAL_ADCEx_InjectedQueueOverflowCallback
                0x00000000080044a0       0x14 ./Drivers/STM32H7xx_HAL_Driver/stm32h7xx_hal_adc_ex.o
                0x00000000080044a0                HAL_ADCEx_InjectedQueueOverflowCallback
 .text.HAL_ADCEx_LevelOutOfWindow2Callback
                0x00000000080044b4       0x14 ./Drivers/STM32H7xx_HAL_Driver/stm32h7xx_hal_adc_ex.o
                0x00000000080044b4                HAL_ADCEx_LevelOutOfWindow2Callback
 .text.HAL_ADCEx_LevelOutOfWindow3Callback
                0x00000000080044c8       0x14 ./Drivers/STM32H7xx_HAL_Driver/stm32h7xx_hal_adc_ex.o
                0x00000000080044c8                HAL_ADCEx_LevelOutOfWindow3Callback
 .text.HAL_ADCEx_EndOfSamplingCallback
                0x00000000080044dc       0x14 ./Drivers/STM32H7xx_HAL_Driver/stm32h7xx_hal_adc_ex.o
                0x00000000080044dc                HAL_ADCEx_EndOfSamplingCallback
 .text.HAL_ADCEx_MultiModeConfigChannel
                0x00000000080044f0      0x1bc ./Drivers/STM32H7xx_HAL_Driver/stm32h7xx_hal_adc_ex.o
                0x00000000080044f0                HAL_ADCEx_MultiModeConfigChannel
 .text.__NVIC_SetPriorityGrouping
                0x00000000080046ac       0x48 ./Drivers/STM32H7xx_HAL_Driver/stm32h7xx_hal_cortex.o
 .text.__NVIC_GetPriorityGrouping
                0x00000000080046f4       0x1c ./Drivers/STM32H7xx_HAL_Driver/stm32h7xx_hal_cortex.o
 .text.__NVIC_EnableIRQ
                0x0000000008004710       0x3c ./Drivers/STM32H7xx_HAL_Driver/stm32h7xx_hal_cortex.o
 .text.__NVIC_SetPriority
                0x000000000800474c       0x54 ./Drivers/STM32H7xx_HAL_Driver/stm32h7xx_hal_cortex.o
 .text.NVIC_EncodePriority
                0x00000000080047a0       0x66 ./Drivers/STM32H7xx_HAL_Driver/stm32h7xx_hal_cortex.o
 *fill*         0x0000000008004806        0x2 
 .text.SysTick_Config
                0x0000000008004808       0x44 ./Drivers/STM32H7xx_HAL_Driver/stm32h7xx_hal_cortex.o
 .text.HAL_NVIC_SetPriorityGrouping
                0x000000000800484c       0x16 ./Drivers/STM32H7xx_HAL_Driver/stm32h7xx_hal_cortex.o
                0x000000000800484c                HAL_NVIC_SetPriorityGrouping
 .text.HAL_NVIC_SetPriority
                0x0000000008004862       0x34 ./Drivers/STM32H7xx_HAL_Driver/stm32h7xx_hal_cortex.o
                0x0000000008004862                HAL_NVIC_SetPriority
 .text.HAL_NVIC_EnableIRQ
                0x0000000008004896       0x1c ./Drivers/STM32H7xx_HAL_Driver/stm32h7xx_hal_cortex.o
                0x0000000008004896                HAL_NVIC_EnableIRQ
 .text.HAL_SYSTICK_Config
                0x00000000080048b2       0x18 ./Drivers/STM32H7xx_HAL_Driver/stm32h7xx_hal_cortex.o
                0x00000000080048b2                HAL_SYSTICK_Config
 *fill*         0x00000000080048ca        0x2 
 .text.HAL_DMA_Init
                0x00000000080048cc      0x6b8 ./Drivers/STM32H7xx_HAL_Driver/stm32h7xx_hal_dma.o
                0x00000000080048cc                HAL_DMA_Init
 .text.HAL_DMA_IRQHandler
                0x0000000008004f84      0xe54 ./Drivers/STM32H7xx_HAL_Driver/stm32h7xx_hal_dma.o
                0x0000000008004f84                HAL_DMA_IRQHandler
 .text.DMA_CalcBaseAndBitshift
                0x0000000008005dd8      0x164 ./Drivers/STM32H7xx_HAL_Driver/stm32h7xx_hal_dma.o
 .text.DMA_CheckFifoParam
                0x0000000008005f3c       0xf8 ./Drivers/STM32H7xx_HAL_Driver/stm32h7xx_hal_dma.o
 .text.DMA_CalcDMAMUXChannelBaseAndMask
                0x0000000008006034      0x134 ./Drivers/STM32H7xx_HAL_Driver/stm32h7xx_hal_dma.o
 .text.DMA_CalcDMAMUXRequestGenBaseAndMask
                0x0000000008006168       0xe8 ./Drivers/STM32H7xx_HAL_Driver/stm32h7xx_hal_dma.o
 .text.HAL_FDCAN_Init
                0x0000000008006250      0x3c4 ./Drivers/STM32H7xx_HAL_Driver/stm32h7xx_hal_fdcan.o
                0x0000000008006250                HAL_FDCAN_Init
 .text.HAL_FDCAN_ConfigFilter
                0x0000000008006614       0xec ./Drivers/STM32H7xx_HAL_Driver/stm32h7xx_hal_fdcan.o
                0x0000000008006614                HAL_FDCAN_ConfigFilter
 .text.HAL_FDCAN_Start
                0x0000000008006700       0x56 ./Drivers/STM32H7xx_HAL_Driver/stm32h7xx_hal_fdcan.o
                0x0000000008006700                HAL_FDCAN_Start
 .text.HAL_FDCAN_AddMessageToTxFifoQ
                0x0000000008006756       0xb6 ./Drivers/STM32H7xx_HAL_Driver/stm32h7xx_hal_fdcan.o
                0x0000000008006756                HAL_FDCAN_AddMessageToTxFifoQ
 .text.HAL_FDCAN_GetRxMessage
                0x000000000800680c      0x2dc ./Drivers/STM32H7xx_HAL_Driver/stm32h7xx_hal_fdcan.o
                0x000000000800680c                HAL_FDCAN_GetRxMessage
 .text.HAL_FDCAN_ActivateNotification
                0x0000000008006ae8       0xf4 ./Drivers/STM32H7xx_HAL_Driver/stm32h7xx_hal_fdcan.o
                0x0000000008006ae8                HAL_FDCAN_ActivateNotification
 .text.HAL_FDCAN_IRQHandler
                0x0000000008006bdc      0x4bc ./Drivers/STM32H7xx_HAL_Driver/stm32h7xx_hal_fdcan.o
                0x0000000008006bdc                HAL_FDCAN_IRQHandler
 .text.HAL_FDCAN_ClockCalibrationCallback
                0x0000000008007098       0x16 ./Drivers/STM32H7xx_HAL_Driver/stm32h7xx_hal_fdcan.o
                0x0000000008007098                HAL_FDCAN_ClockCalibrationCallback
 .text.HAL_FDCAN_TxEventFifoCallback
                0x00000000080070ae       0x16 ./Drivers/STM32H7xx_HAL_Driver/stm32h7xx_hal_fdcan.o
                0x00000000080070ae                HAL_FDCAN_TxEventFifoCallback
 .text.HAL_FDCAN_RxFifo0Callback
                0x00000000080070c4       0x16 ./Drivers/STM32H7xx_HAL_Driver/stm32h7xx_hal_fdcan.o
                0x00000000080070c4                HAL_FDCAN_RxFifo0Callback
 .text.HAL_FDCAN_RxFifo1Callback
                0x00000000080070da       0x16 ./Drivers/STM32H7xx_HAL_Driver/stm32h7xx_hal_fdcan.o
                0x00000000080070da                HAL_FDCAN_RxFifo1Callback
 .text.HAL_FDCAN_TxFifoEmptyCallback
                0x00000000080070f0       0x14 ./Drivers/STM32H7xx_HAL_Driver/stm32h7xx_hal_fdcan.o
                0x00000000080070f0                HAL_FDCAN_TxFifoEmptyCallback
 .text.HAL_FDCAN_TxBufferCompleteCallback
                0x0000000008007104       0x16 ./Drivers/STM32H7xx_HAL_Driver/stm32h7xx_hal_fdcan.o
                0x0000000008007104                HAL_FDCAN_TxBufferCompleteCallback
 .text.HAL_FDCAN_TxBufferAbortCallback
                0x000000000800711a       0x16 ./Drivers/STM32H7xx_HAL_Driver/stm32h7xx_hal_fdcan.o
                0x000000000800711a                HAL_FDCAN_TxBufferAbortCallback
 .text.HAL_FDCAN_RxBufferNewMessageCallback
                0x0000000008007130       0x14 ./Drivers/STM32H7xx_HAL_Driver/stm32h7xx_hal_fdcan.o
                0x0000000008007130                HAL_FDCAN_RxBufferNewMessageCallback
 .text.HAL_FDCAN_TimestampWraparoundCallback
                0x0000000008007144       0x14 ./Drivers/STM32H7xx_HAL_Driver/stm32h7xx_hal_fdcan.o
                0x0000000008007144                HAL_FDCAN_TimestampWraparoundCallback
 .text.HAL_FDCAN_TimeoutOccurredCallback
                0x0000000008007158       0x14 ./Drivers/STM32H7xx_HAL_Driver/stm32h7xx_hal_fdcan.o
                0x0000000008007158                HAL_FDCAN_TimeoutOccurredCallback
 .text.HAL_FDCAN_HighPriorityMessageCallback
                0x000000000800716c       0x14 ./Drivers/STM32H7xx_HAL_Driver/stm32h7xx_hal_fdcan.o
                0x000000000800716c                HAL_FDCAN_HighPriorityMessageCallback
 .text.HAL_FDCAN_ErrorCallback
                0x0000000008007180       0x14 ./Drivers/STM32H7xx_HAL_Driver/stm32h7xx_hal_fdcan.o
                0x0000000008007180                HAL_FDCAN_ErrorCallback
 .text.HAL_FDCAN_ErrorStatusCallback
                0x0000000008007194       0x16 ./Drivers/STM32H7xx_HAL_Driver/stm32h7xx_hal_fdcan.o
                0x0000000008007194                HAL_FDCAN_ErrorStatusCallback
 .text.HAL_FDCAN_TT_ScheduleSyncCallback
                0x00000000080071aa       0x16 ./Drivers/STM32H7xx_HAL_Driver/stm32h7xx_hal_fdcan.o
                0x00000000080071aa                HAL_FDCAN_TT_ScheduleSyncCallback
 .text.HAL_FDCAN_TT_TimeMarkCallback
                0x00000000080071c0       0x16 ./Drivers/STM32H7xx_HAL_Driver/stm32h7xx_hal_fdcan.o
                0x00000000080071c0                HAL_FDCAN_TT_TimeMarkCallback
 .text.HAL_FDCAN_TT_StopWatchCallback
                0x00000000080071d6       0x18 ./Drivers/STM32H7xx_HAL_Driver/stm32h7xx_hal_fdcan.o
                0x00000000080071d6                HAL_FDCAN_TT_StopWatchCallback
 .text.HAL_FDCAN_TT_GlobalTimeCallback
                0x00000000080071ee       0x16 ./Drivers/STM32H7xx_HAL_Driver/stm32h7xx_hal_fdcan.o
                0x00000000080071ee                HAL_FDCAN_TT_GlobalTimeCallback
 .text.FDCAN_CalcultateRamBlockAddresses
                0x0000000008007204      0x30c ./Drivers/STM32H7xx_HAL_Driver/stm32h7xx_hal_fdcan.o
 .text.FDCAN_CopyMessageToRAM
                0x0000000008007510       0xfc ./Drivers/STM32H7xx_HAL_Driver/stm32h7xx_hal_fdcan.o
 .text.HAL_GPIO_Init
                0x000000000800760c      0x360 ./Drivers/STM32H7xx_HAL_Driver/stm32h7xx_hal_gpio.o
                0x000000000800760c                HAL_GPIO_Init
 .text.HAL_GPIO_ReadPin
                0x000000000800796c       0x30 ./Drivers/STM32H7xx_HAL_Driver/stm32h7xx_hal_gpio.o
                0x000000000800796c                HAL_GPIO_ReadPin
 .text.HAL_GPIO_WritePin
                0x000000000800799c       0x32 ./Drivers/STM32H7xx_HAL_Driver/stm32h7xx_hal_gpio.o
                0x000000000800799c                HAL_GPIO_WritePin
 .text.HAL_GPIO_TogglePin
                0x00000000080079ce       0x34 ./Drivers/STM32H7xx_HAL_Driver/stm32h7xx_hal_gpio.o
                0x00000000080079ce                HAL_GPIO_TogglePin
 *fill*         0x0000000008007a02        0x2 
 .text.HAL_HSEM_FastTake
                0x0000000008007a04       0x34 ./Drivers/STM32H7xx_HAL_Driver/stm32h7xx_hal_hsem.o
                0x0000000008007a04                HAL_HSEM_FastTake
 .text.HAL_HSEM_Release
                0x0000000008007a38       0x28 ./Drivers/STM32H7xx_HAL_Driver/stm32h7xx_hal_hsem.o
                0x0000000008007a38                HAL_HSEM_Release
 .text.HAL_PCD_Init
                0x0000000008007a60      0x248 ./Drivers/STM32H7xx_HAL_Driver/stm32h7xx_hal_pcd.o
                0x0000000008007a60                HAL_PCD_Init
 .text.HAL_PCDEx_ActivateLPM
                0x0000000008007ca8       0x48 ./Drivers/STM32H7xx_HAL_Driver/stm32h7xx_hal_pcd_ex.o
                0x0000000008007ca8                HAL_PCDEx_ActivateLPM
 .text.HAL_PWREx_ConfigSupply
                0x0000000008007cf0       0xb4 ./Drivers/STM32H7xx_HAL_Driver/stm32h7xx_hal_pwr_ex.o
                0x0000000008007cf0                HAL_PWREx_ConfigSupply
 .text.HAL_PWREx_EnableUSBVoltageDetector
                0x0000000008007da4       0x20 ./Drivers/STM32H7xx_HAL_Driver/stm32h7xx_hal_pwr_ex.o
                0x0000000008007da4                HAL_PWREx_EnableUSBVoltageDetector
 .text.HAL_RCC_OscConfig
                0x0000000008007dc4      0x820 ./Drivers/STM32H7xx_HAL_Driver/stm32h7xx_hal_rcc.o
                0x0000000008007dc4                HAL_RCC_OscConfig
 .text.HAL_RCC_ClockConfig
                0x00000000080085e4      0x36c ./Drivers/STM32H7xx_HAL_Driver/stm32h7xx_hal_rcc.o
                0x00000000080085e4                HAL_RCC_ClockConfig
 .text.HAL_RCC_GetSysClockFreq
                0x0000000008008950      0x2f4 ./Drivers/STM32H7xx_HAL_Driver/stm32h7xx_hal_rcc.o
                0x0000000008008950                HAL_RCC_GetSysClockFreq
 .text.HAL_RCC_GetHCLKFreq
                0x0000000008008c44       0x60 ./Drivers/STM32H7xx_HAL_Driver/stm32h7xx_hal_rcc.o
                0x0000000008008c44                HAL_RCC_GetHCLKFreq
 .text.HAL_RCC_GetPCLK1Freq
                0x0000000008008ca4       0x2c ./Drivers/STM32H7xx_HAL_Driver/stm32h7xx_hal_rcc.o
                0x0000000008008ca4                HAL_RCC_GetPCLK1Freq
 .text.HAL_RCC_GetPCLK2Freq
                0x0000000008008cd0       0x2c ./Drivers/STM32H7xx_HAL_Driver/stm32h7xx_hal_rcc.o
                0x0000000008008cd0                HAL_RCC_GetPCLK2Freq
 .text.HAL_RCCEx_PeriphCLKConfig
                0x0000000008008cfc      0xe80 ./Drivers/STM32H7xx_HAL_Driver/stm32h7xx_hal_rcc_ex.o
                0x0000000008008cfc                HAL_RCCEx_PeriphCLKConfig
 .text.HAL_RCCEx_GetPeriphCLKFreq
                0x0000000008009b7c      0x9a4 ./Drivers/STM32H7xx_HAL_Driver/stm32h7xx_hal_rcc_ex.o
                0x0000000008009b7c                HAL_RCCEx_GetPeriphCLKFreq
 .text.HAL_RCCEx_GetD3PCLK1Freq
                0x000000000800a520       0x2c ./Drivers/STM32H7xx_HAL_Driver/stm32h7xx_hal_rcc_ex.o
                0x000000000800a520                HAL_RCCEx_GetD3PCLK1Freq
 .text.HAL_RCCEx_GetPLL2ClockFreq
                0x000000000800a54c      0x2a8 ./Drivers/STM32H7xx_HAL_Driver/stm32h7xx_hal_rcc_ex.o
                0x000000000800a54c                HAL_RCCEx_GetPLL2ClockFreq
 .text.HAL_RCCEx_GetPLL3ClockFreq
                0x000000000800a7f4      0x2a8 ./Drivers/STM32H7xx_HAL_Driver/stm32h7xx_hal_rcc_ex.o
                0x000000000800a7f4                HAL_RCCEx_GetPLL3ClockFreq
 .text.HAL_RCCEx_GetPLL1ClockFreq
                0x000000000800aa9c      0x2a4 ./Drivers/STM32H7xx_HAL_Driver/stm32h7xx_hal_rcc_ex.o
                0x000000000800aa9c                HAL_RCCEx_GetPLL1ClockFreq
 .text.RCCEx_PLL2_Config
                0x000000000800ad40      0x164 ./Drivers/STM32H7xx_HAL_Driver/stm32h7xx_hal_rcc_ex.o
 .text.RCCEx_PLL3_Config
                0x000000000800aea4      0x164 ./Drivers/STM32H7xx_HAL_Driver/stm32h7xx_hal_rcc_ex.o
 .text.HAL_TIM_PWM_Init
                0x000000000800b008       0xae ./Drivers/STM32H7xx_HAL_Driver/stm32h7xx_hal_tim.o
                0x000000000800b008                HAL_TIM_PWM_Init
 *fill*         0x000000000800b0b6        0x2 
 .text.HAL_TIM_PWM_Start
                0x000000000800b0b8      0x210 ./Drivers/STM32H7xx_HAL_Driver/stm32h7xx_hal_tim.o
                0x000000000800b0b8                HAL_TIM_PWM_Start
 .text.HAL_TIM_PWM_Stop
                0x000000000800b2c8      0x12c ./Drivers/STM32H7xx_HAL_Driver/stm32h7xx_hal_tim.o
                0x000000000800b2c8                HAL_TIM_PWM_Stop
 .text.HAL_TIM_Encoder_Init
                0x000000000800b3f4      0x14c ./Drivers/STM32H7xx_HAL_Driver/stm32h7xx_hal_tim.o
                0x000000000800b3f4                HAL_TIM_Encoder_Init
 .text.HAL_TIM_Encoder_Start
                0x000000000800b540      0x11c ./Drivers/STM32H7xx_HAL_Driver/stm32h7xx_hal_tim.o
                0x000000000800b540                HAL_TIM_Encoder_Start
 .text.HAL_TIM_Encoder_Stop
                0x000000000800b65c      0x14e ./Drivers/STM32H7xx_HAL_Driver/stm32h7xx_hal_tim.o
                0x000000000800b65c                HAL_TIM_Encoder_Stop
 .text.HAL_TIM_IRQHandler
                0x000000000800b7aa      0x23e ./Drivers/STM32H7xx_HAL_Driver/stm32h7xx_hal_tim.o
                0x000000000800b7aa                HAL_TIM_IRQHandler
 .text.HAL_TIM_PWM_ConfigChannel
                0x000000000800b9e8      0x220 ./Drivers/STM32H7xx_HAL_Driver/stm32h7xx_hal_tim.o
                0x000000000800b9e8                HAL_TIM_PWM_ConfigChannel
 .text.HAL_TIM_PeriodElapsedCallback
                0x000000000800bc08       0x14 ./Drivers/STM32H7xx_HAL_Driver/stm32h7xx_hal_tim.o
                0x000000000800bc08                HAL_TIM_PeriodElapsedCallback
 .text.HAL_TIM_OC_DelayElapsedCallback
                0x000000000800bc1c       0x14 ./Drivers/STM32H7xx_HAL_Driver/stm32h7xx_hal_tim.o
                0x000000000800bc1c                HAL_TIM_OC_DelayElapsedCallback
 .text.HAL_TIM_IC_CaptureCallback
                0x000000000800bc30       0x14 ./Drivers/STM32H7xx_HAL_Driver/stm32h7xx_hal_tim.o
                0x000000000800bc30                HAL_TIM_IC_CaptureCallback
 .text.HAL_TIM_PWM_PulseFinishedCallback
                0x000000000800bc44       0x14 ./Drivers/STM32H7xx_HAL_Driver/stm32h7xx_hal_tim.o
                0x000000000800bc44                HAL_TIM_PWM_PulseFinishedCallback
 .text.HAL_TIM_TriggerCallback
                0x000000000800bc58       0x14 ./Drivers/STM32H7xx_HAL_Driver/stm32h7xx_hal_tim.o
                0x000000000800bc58                HAL_TIM_TriggerCallback
 .text.TIM_Base_SetConfig
                0x000000000800bc6c      0x134 ./Drivers/STM32H7xx_HAL_Driver/stm32h7xx_hal_tim.o
                0x000000000800bc6c                TIM_Base_SetConfig
 .text.TIM_OC1_SetConfig
                0x000000000800bda0      0x120 ./Drivers/STM32H7xx_HAL_Driver/stm32h7xx_hal_tim.o
 .text.TIM_OC2_SetConfig
                0x000000000800bec0      0x114 ./Drivers/STM32H7xx_HAL_Driver/stm32h7xx_hal_tim.o
                0x000000000800bec0                TIM_OC2_SetConfig
 .text.TIM_OC3_SetConfig
                0x000000000800bfd4      0x10c ./Drivers/STM32H7xx_HAL_Driver/stm32h7xx_hal_tim.o
 .text.TIM_OC4_SetConfig
                0x000000000800c0e0       0xd0 ./Drivers/STM32H7xx_HAL_Driver/stm32h7xx_hal_tim.o
 .text.TIM_OC5_SetConfig
                0x000000000800c1b0       0xc4 ./Drivers/STM32H7xx_HAL_Driver/stm32h7xx_hal_tim.o
 .text.TIM_OC6_SetConfig
                0x000000000800c274       0xc8 ./Drivers/STM32H7xx_HAL_Driver/stm32h7xx_hal_tim.o
 .text.TIM_CCxChannelCmd
                0x000000000800c33c       0x4a ./Drivers/STM32H7xx_HAL_Driver/stm32h7xx_hal_tim.o
                0x000000000800c33c                TIM_CCxChannelCmd
 *fill*         0x000000000800c386        0x2 
 .text.HAL_TIMEx_MasterConfigSynchronization
                0x000000000800c388      0x110 ./Drivers/STM32H7xx_HAL_Driver/stm32h7xx_hal_tim_ex.o
                0x000000000800c388                HAL_TIMEx_MasterConfigSynchronization
 .text.HAL_TIMEx_CommutCallback
                0x000000000800c498       0x14 ./Drivers/STM32H7xx_HAL_Driver/stm32h7xx_hal_tim_ex.o
                0x000000000800c498                HAL_TIMEx_CommutCallback
 .text.HAL_TIMEx_BreakCallback
                0x000000000800c4ac       0x14 ./Drivers/STM32H7xx_HAL_Driver/stm32h7xx_hal_tim_ex.o
                0x000000000800c4ac                HAL_TIMEx_BreakCallback
 .text.HAL_TIMEx_Break2Callback
                0x000000000800c4c0       0x14 ./Drivers/STM32H7xx_HAL_Driver/stm32h7xx_hal_tim_ex.o
                0x000000000800c4c0                HAL_TIMEx_Break2Callback
 .text.HAL_UART_Init
                0x000000000800c4d4       0xa0 ./Drivers/STM32H7xx_HAL_Driver/stm32h7xx_hal_uart.o
                0x000000000800c4d4                HAL_UART_Init
 .text.HAL_UART_Transmit
                0x000000000800c574      0x12c ./Drivers/STM32H7xx_HAL_Driver/stm32h7xx_hal_uart.o
                0x000000000800c574                HAL_UART_Transmit
 .text.UART_SetConfig
                0x000000000800c6a0      0xac0 ./Drivers/STM32H7xx_HAL_Driver/stm32h7xx_hal_uart.o
                0x000000000800c6a0                UART_SetConfig
 .text.UART_AdvFeatureConfig
                0x000000000800d160      0x144 ./Drivers/STM32H7xx_HAL_Driver/stm32h7xx_hal_uart.o
                0x000000000800d160                UART_AdvFeatureConfig
 .text.UART_CheckIdleState
                0x000000000800d2a4       0x96 ./Drivers/STM32H7xx_HAL_Driver/stm32h7xx_hal_uart.o
                0x000000000800d2a4                UART_CheckIdleState
 .text.UART_WaitOnFlagUntilTimeout
                0x000000000800d33a      0x100 ./Drivers/STM32H7xx_HAL_Driver/stm32h7xx_hal_uart.o
                0x000000000800d33a                UART_WaitOnFlagUntilTimeout
 .text.HAL_UARTEx_DisableFifoMode
                0x000000000800d43a       0x72 ./Drivers/STM32H7xx_HAL_Driver/stm32h7xx_hal_uart_ex.o
                0x000000000800d43a                HAL_UARTEx_DisableFifoMode
 .text.HAL_UARTEx_SetTxFifoThreshold
                0x000000000800d4ac       0x7c ./Drivers/STM32H7xx_HAL_Driver/stm32h7xx_hal_uart_ex.o
                0x000000000800d4ac                HAL_UARTEx_SetTxFifoThreshold
 .text.HAL_UARTEx_SetRxFifoThreshold
                0x000000000800d528       0x7c ./Drivers/STM32H7xx_HAL_Driver/stm32h7xx_hal_uart_ex.o
                0x000000000800d528                HAL_UARTEx_SetRxFifoThreshold
 .text.UARTEx_SetNbDataToProcess
                0x000000000800d5a4       0x9c ./Drivers/STM32H7xx_HAL_Driver/stm32h7xx_hal_uart_ex.o
 .text.USB_CoreInit
                0x000000000800d640       0xdc ./Drivers/STM32H7xx_HAL_Driver/stm32h7xx_ll_usb.o
                0x000000000800d640                USB_CoreInit
 .text.USB_DisableGlobalInt
                0x000000000800d71c       0x22 ./Drivers/STM32H7xx_HAL_Driver/stm32h7xx_ll_usb.o
                0x000000000800d71c                USB_DisableGlobalInt
 .text.USB_SetCurrentMode
                0x000000000800d73e       0x54 ./Drivers/STM32H7xx_HAL_Driver/stm32h7xx_ll_usb.o
                0x000000000800d73e                USB_SetCurrentMode
 *fill*         0x000000000800d792        0x2 
 .text.USB_DevInit
                0x000000000800d794      0x2bc ./Drivers/STM32H7xx_HAL_Driver/stm32h7xx_ll_usb.o
                0x000000000800d794                USB_DevInit
 .text.USB_FlushTxFifo
                0x000000000800da50       0x4c ./Drivers/STM32H7xx_HAL_Driver/stm32h7xx_ll_usb.o
                0x000000000800da50                USB_FlushTxFifo
 .text.USB_FlushRxFifo
                0x000000000800da9c       0x44 ./Drivers/STM32H7xx_HAL_Driver/stm32h7xx_ll_usb.o
                0x000000000800da9c                USB_FlushRxFifo
 .text.USB_SetDevSpeed
                0x000000000800dae0       0x32 ./Drivers/STM32H7xx_HAL_Driver/stm32h7xx_ll_usb.o
                0x000000000800dae0                USB_SetDevSpeed
 .text.USB_DevDisconnect
                0x000000000800db12       0x42 ./Drivers/STM32H7xx_HAL_Driver/stm32h7xx_ll_usb.o
                0x000000000800db12                USB_DevDisconnect
 .text.USB_CoreReset
                0x000000000800db54       0x68 ./Drivers/STM32H7xx_HAL_Driver/stm32h7xx_ll_usb.o
 .text.__NVIC_SetPriority
                0x000000000800dbbc       0x54 ./Middlewares/Third_Party/FreeRTOS/cmsis_os2.o
 .text.SVC_Setup
                0x000000000800dc10       0x12 ./Middlewares/Third_Party/FreeRTOS/cmsis_os2.o
 *fill*         0x000000000800dc22        0x2 
 .text.osKernelInitialize
                0x000000000800dc24       0x48 ./Middlewares/Third_Party/FreeRTOS/cmsis_os2.o
                0x000000000800dc24                osKernelInitialize
 .text.osKernelStart
                0x000000000800dc6c       0x4c ./Middlewares/Third_Party/FreeRTOS/cmsis_os2.o
                0x000000000800dc6c                osKernelStart
 .text.osThreadNew
                0x000000000800dcb8      0x124 ./Middlewares/Third_Party/FreeRTOS/cmsis_os2.o
                0x000000000800dcb8                osThreadNew
 .text.osDelay  0x000000000800dddc       0x36 ./Middlewares/Third_Party/FreeRTOS/cmsis_os2.o
                0x000000000800dddc                osDelay
 .text.osSemaphoreNew
                0x000000000800de12      0x112 ./Middlewares/Third_Party/FreeRTOS/cmsis_os2.o
                0x000000000800de12                osSemaphoreNew
 .text.osMessageQueueNew
                0x000000000800df24       0xe6 ./Middlewares/Third_Party/FreeRTOS/cmsis_os2.o
                0x000000000800df24                osMessageQueueNew
 *fill*         0x000000000800e00a        0x2 
 .text.osMessageQueuePut
                0x000000000800e00c       0xc0 ./Middlewares/Third_Party/FreeRTOS/cmsis_os2.o
                0x000000000800e00c                osMessageQueuePut
 .text.osMessageQueueGet
                0x000000000800e0cc       0xbc ./Middlewares/Third_Party/FreeRTOS/cmsis_os2.o
                0x000000000800e0cc                osMessageQueueGet
 .text.osMessageQueueGetSpace
                0x000000000800e188       0x6a ./Middlewares/Third_Party/FreeRTOS/cmsis_os2.o
                0x000000000800e188                osMessageQueueGetSpace
 .text.osMessageQueueReset
                0x000000000800e1f2       0x44 ./Middlewares/Third_Party/FreeRTOS/cmsis_os2.o
                0x000000000800e1f2                osMessageQueueReset
 *fill*         0x000000000800e236        0x2 
 .text.vApplicationGetIdleTaskMemory
                0x000000000800e238       0x34 ./Middlewares/Third_Party/FreeRTOS/cmsis_os2.o
                0x000000000800e238                vApplicationGetIdleTaskMemory
 .text.vApplicationGetTimerTaskMemory
                0x000000000800e26c       0x34 ./Middlewares/Third_Party/FreeRTOS/cmsis_os2.o
                0x000000000800e26c                vApplicationGetTimerTaskMemory
 .text.pvPortMalloc
                0x000000000800e2a0      0x198 ./Middlewares/Third_Party/FreeRTOS/heap_4.o
                0x000000000800e2a0                pvPortMalloc
 .text.vPortFree
                0x000000000800e438       0xc4 ./Middlewares/Third_Party/FreeRTOS/heap_4.o
                0x000000000800e438                vPortFree
 .text.prvHeapInit
                0x000000000800e4fc       0xc4 ./Middlewares/Third_Party/FreeRTOS/heap_4.o
 .text.prvInsertBlockIntoFreeList
                0x000000000800e5c0       0xb4 ./Middlewares/Third_Party/FreeRTOS/heap_4.o
 .text.vListInitialise
                0x000000000800e674       0x40 ./Middlewares/Third_Party/FreeRTOS/list.o
                0x000000000800e674                vListInitialise
 .text.vListInitialiseItem
                0x000000000800e6b4       0x1a ./Middlewares/Third_Party/FreeRTOS/list.o
                0x000000000800e6b4                vListInitialiseItem
 .text.vListInsertEnd
                0x000000000800e6ce       0x48 ./Middlewares/Third_Party/FreeRTOS/list.o
                0x000000000800e6ce                vListInsertEnd
 .text.vListInsert
                0x000000000800e716       0x72 ./Middlewares/Third_Party/FreeRTOS/list.o
                0x000000000800e716                vListInsert
 .text.uxListRemove
                0x000000000800e788       0x54 ./Middlewares/Third_Party/FreeRTOS/list.o
                0x000000000800e788                uxListRemove
 .text.pxPortInitialiseStack
                0x000000000800e7dc       0x68 ./Middlewares/Third_Party/FreeRTOS/port.o
                0x000000000800e7dc                pxPortInitialiseStack
 .text.prvTaskExitError
                0x000000000800e844       0x58 ./Middlewares/Third_Party/FreeRTOS/port.o
 *fill*         0x000000000800e89c        0x4 
 .text.SVC_Handler
                0x000000000800e8a0       0x28 ./Middlewares/Third_Party/FreeRTOS/port.o
                0x000000000800e8a0                SVC_Handler
 .text.prvPortStartFirstTask
                0x000000000800e8c8       0x28 ./Middlewares/Third_Party/FreeRTOS/port.o
 .text.xPortStartScheduler
                0x000000000800e8f0      0x144 ./Middlewares/Third_Party/FreeRTOS/port.o
                0x000000000800e8f0                xPortStartScheduler
 .text.vPortEnterCritical
                0x000000000800ea34       0x60 ./Middlewares/Third_Party/FreeRTOS/port.o
                0x000000000800ea34                vPortEnterCritical
 .text.vPortExitCritical
                0x000000000800ea94       0x54 ./Middlewares/Third_Party/FreeRTOS/port.o
                0x000000000800ea94                vPortExitCritical
 *fill*         0x000000000800eae8        0x8 
 .text.PendSV_Handler
                0x000000000800eaf0       0x68 ./Middlewares/Third_Party/FreeRTOS/port.o
                0x000000000800eaf0                PendSV_Handler
 .text.xPortSysTickHandler
                0x000000000800eb58       0x44 ./Middlewares/Third_Party/FreeRTOS/port.o
                0x000000000800eb58                xPortSysTickHandler
 .text.vPortSetupTimerInterrupt
                0x000000000800eb9c       0x48 ./Middlewares/Third_Party/FreeRTOS/port.o
                0x000000000800eb9c                vPortSetupTimerInterrupt
 .text.vPortEnableVFP
                0x000000000800ebe4       0x14 ./Middlewares/Third_Party/FreeRTOS/port.o
 .text.vPortValidateInterruptPriority
                0x000000000800ebf8       0x80 ./Middlewares/Third_Party/FreeRTOS/port.o
                0x000000000800ebf8                vPortValidateInterruptPriority
 .text.xQueueGenericReset
                0x000000000800ec78       0xd0 ./Middlewares/Third_Party/FreeRTOS/queue.o
                0x000000000800ec78                xQueueGenericReset
 .text.xQueueGenericCreateStatic
                0x000000000800ed48       0xf0 ./Middlewares/Third_Party/FreeRTOS/queue.o
                0x000000000800ed48                xQueueGenericCreateStatic
 .text.xQueueGenericCreate
                0x000000000800ee38       0x74 ./Middlewares/Third_Party/FreeRTOS/queue.o
                0x000000000800ee38                xQueueGenericCreate
 .text.prvInitialiseNewQueue
                0x000000000800eeac       0x46 ./Middlewares/Third_Party/FreeRTOS/queue.o
 .text.xQueueCreateCountingSemaphoreStatic
                0x000000000800eef2       0x6e ./Middlewares/Third_Party/FreeRTOS/queue.o
                0x000000000800eef2                xQueueCreateCountingSemaphoreStatic
 .text.xQueueCreateCountingSemaphore
                0x000000000800ef60       0x66 ./Middlewares/Third_Party/FreeRTOS/queue.o
                0x000000000800ef60                xQueueCreateCountingSemaphore
 *fill*         0x000000000800efc6        0x2 
 .text.xQueueGenericSend
                0x000000000800efc8      0x1fc ./Middlewares/Third_Party/FreeRTOS/queue.o
                0x000000000800efc8                xQueueGenericSend
 .text.xQueueGenericSendFromISR
                0x000000000800f1c4      0x136 ./Middlewares/Third_Party/FreeRTOS/queue.o
                0x000000000800f1c4                xQueueGenericSendFromISR
 *fill*         0x000000000800f2fa        0x2 
 .text.xQueueReceive
                0x000000000800f2fc      0x1c0 ./Middlewares/Third_Party/FreeRTOS/queue.o
                0x000000000800f2fc                xQueueReceive
 .text.xQueueReceiveFromISR
                0x000000000800f4bc      0x100 ./Middlewares/Third_Party/FreeRTOS/queue.o
                0x000000000800f4bc                xQueueReceiveFromISR
 .text.uxQueueSpacesAvailable
                0x000000000800f5bc       0x46 ./Middlewares/Third_Party/FreeRTOS/queue.o
                0x000000000800f5bc                uxQueueSpacesAvailable
 .text.vQueueDelete
                0x000000000800f602       0x46 ./Middlewares/Third_Party/FreeRTOS/queue.o
                0x000000000800f602                vQueueDelete
 .text.prvCopyDataToQueue
                0x000000000800f648       0xd4 ./Middlewares/Third_Party/FreeRTOS/queue.o
 .text.prvCopyDataFromQueue
                0x000000000800f71c       0x4c ./Middlewares/Third_Party/FreeRTOS/queue.o
 .text.prvUnlockQueue
                0x000000000800f768       0xa4 ./Middlewares/Third_Party/FreeRTOS/queue.o
 .text.prvIsQueueEmpty
                0x000000000800f80c       0x2c ./Middlewares/Third_Party/FreeRTOS/queue.o
 .text.prvIsQueueFull
                0x000000000800f838       0x30 ./Middlewares/Third_Party/FreeRTOS/queue.o
 .text.vQueueAddToRegistry
                0x000000000800f868       0x54 ./Middlewares/Third_Party/FreeRTOS/queue.o
                0x000000000800f868                vQueueAddToRegistry
 .text.vQueueUnregisterQueue
                0x000000000800f8bc       0x54 ./Middlewares/Third_Party/FreeRTOS/queue.o
                0x000000000800f8bc                vQueueUnregisterQueue
 .text.vQueueWaitForMessageRestricted
                0x000000000800f910       0x68 ./Middlewares/Third_Party/FreeRTOS/queue.o
                0x000000000800f910                vQueueWaitForMessageRestricted
 .text.xTaskCreateStatic
                0x000000000800f978       0xba ./Middlewares/Third_Party/FreeRTOS/tasks.o
                0x000000000800f978                xTaskCreateStatic
 .text.xTaskCreate
                0x000000000800fa32       0x8a ./Middlewares/Third_Party/FreeRTOS/tasks.o
                0x000000000800fa32                xTaskCreate
 .text.prvInitialiseNewTask
                0x000000000800fabc      0x11e ./Middlewares/Third_Party/FreeRTOS/tasks.o
 *fill*         0x000000000800fbda        0x2 
 .text.prvAddNewTaskToReadyList
                0x000000000800fbdc       0xe0 ./Middlewares/Third_Party/FreeRTOS/tasks.o
 .text.vTaskDelay
                0x000000000800fcbc       0x68 ./Middlewares/Third_Party/FreeRTOS/tasks.o
                0x000000000800fcbc                vTaskDelay
 .text.vTaskStartScheduler
                0x000000000800fd24       0xcc ./Middlewares/Third_Party/FreeRTOS/tasks.o
                0x000000000800fd24                vTaskStartScheduler
 .text.vTaskSuspendAll
                0x000000000800fdf0       0x1c ./Middlewares/Third_Party/FreeRTOS/tasks.o
                0x000000000800fdf0                vTaskSuspendAll
 .text.xTaskResumeAll
                0x000000000800fe0c      0x13c ./Middlewares/Third_Party/FreeRTOS/tasks.o
                0x000000000800fe0c                xTaskResumeAll
 .text.xTaskGetTickCount
                0x000000000800ff48       0x20 ./Middlewares/Third_Party/FreeRTOS/tasks.o
                0x000000000800ff48                xTaskGetTickCount
 .text.xTaskIncrementTick
                0x000000000800ff68      0x174 ./Middlewares/Third_Party/FreeRTOS/tasks.o
                0x000000000800ff68                xTaskIncrementTick
 .text.vTaskSwitchContext
                0x00000000080100dc       0xbc ./Middlewares/Third_Party/FreeRTOS/tasks.o
                0x00000000080100dc                vTaskSwitchContext
 .text.vTaskPlaceOnEventList
                0x0000000008010198       0x48 ./Middlewares/Third_Party/FreeRTOS/tasks.o
                0x0000000008010198                vTaskPlaceOnEventList
 .text.vTaskPlaceOnEventListRestricted
                0x00000000080101e0       0x58 ./Middlewares/Third_Party/FreeRTOS/tasks.o
                0x00000000080101e0                vTaskPlaceOnEventListRestricted
 .text.xTaskRemoveFromEventList
                0x0000000008010238       0xc8 ./Middlewares/Third_Party/FreeRTOS/tasks.o
                0x0000000008010238                xTaskRemoveFromEventList
 .text.vTaskInternalSetTimeOutState
                0x0000000008010300       0x2c ./Middlewares/Third_Party/FreeRTOS/tasks.o
                0x0000000008010300                vTaskInternalSetTimeOutState
 .text.xTaskCheckForTimeOut
                0x000000000801032c       0xc4 ./Middlewares/Third_Party/FreeRTOS/tasks.o
                0x000000000801032c                xTaskCheckForTimeOut
 .text.vTaskMissedYield
                0x00000000080103f0       0x18 ./Middlewares/Third_Party/FreeRTOS/tasks.o
                0x00000000080103f0                vTaskMissedYield
 .text.prvIdleTask
                0x0000000008010408       0x30 ./Middlewares/Third_Party/FreeRTOS/tasks.o
 .text.prvInitialiseTaskLists
                0x0000000008010438       0x80 ./Middlewares/Third_Party/FreeRTOS/tasks.o
 .text.prvCheckTasksWaitingTermination
                0x00000000080104b8       0x5c ./Middlewares/Third_Party/FreeRTOS/tasks.o
 .text.prvDeleteTCB
                0x0000000008010514       0x5e ./Middlewares/Third_Party/FreeRTOS/tasks.o
 *fill*         0x0000000008010572        0x2 
 .text.prvResetNextTaskUnblockTime
                0x0000000008010574       0x40 ./Middlewares/Third_Party/FreeRTOS/tasks.o
 .text.xTaskGetSchedulerState
                0x00000000080105b4       0x3c ./Middlewares/Third_Party/FreeRTOS/tasks.o
                0x00000000080105b4                xTaskGetSchedulerState
 .text.xTaskPriorityDisinherit
                0x00000000080105f0       0xdc ./Middlewares/Third_Party/FreeRTOS/tasks.o
                0x00000000080105f0                xTaskPriorityDisinherit
 .text.prvAddCurrentTaskToDelayedList
                0x00000000080106cc       0xa8 ./Middlewares/Third_Party/FreeRTOS/tasks.o
 .text.xTimerCreateTimerTask
                0x0000000008010774       0x90 ./Middlewares/Third_Party/FreeRTOS/timers.o
                0x0000000008010774                xTimerCreateTimerTask
 .text.xTimerGenericCommand
                0x0000000008010804       0x9c ./Middlewares/Third_Party/FreeRTOS/timers.o
                0x0000000008010804                xTimerGenericCommand
 .text.prvProcessExpiredTimer
                0x00000000080108a0       0x98 ./Middlewares/Third_Party/FreeRTOS/timers.o
 .text.prvTimerTask
                0x0000000008010938       0x24 ./Middlewares/Third_Party/FreeRTOS/timers.o
 .text.prvProcessTimerOrBlockTask
                0x000000000801095c       0x9c ./Middlewares/Third_Party/FreeRTOS/timers.o
 .text.prvGetNextExpireTime
                0x00000000080109f8       0x48 ./Middlewares/Third_Party/FreeRTOS/timers.o
 .text.prvSampleTimeNow
                0x0000000008010a40       0x40 ./Middlewares/Third_Party/FreeRTOS/timers.o
 .text.prvInsertTimerInActiveList
                0x0000000008010a80       0x84 ./Middlewares/Third_Party/FreeRTOS/timers.o
 .text.prvProcessReceivedCommands
                0x0000000008010b04      0x1c4 ./Middlewares/Third_Party/FreeRTOS/timers.o
 .text.prvSwitchTimerLists
                0x0000000008010cc8       0xc8 ./Middlewares/Third_Party/FreeRTOS/timers.o
 .text.prvCheckForValidListAndQueue
                0x0000000008010d90       0x80 ./Middlewares/Third_Party/FreeRTOS/timers.o
 .text.__errno  0x0000000008010e10        0xc d:/st/stm32cubeide_1.7.0/stm32cubeide/plugins/com.st.stm32cube.ide.mcu.externaltools.gnu-tools-for-stm32.9-2020-q2-update.win32_2.0.0.202105311346/tools/bin/../lib/gcc/arm-none-eabi/9.3.1/../../../../arm-none-eabi/lib/thumb/v7e-m+dp/hard\libc_nano.a(lib_a-errno.o)
                0x0000000008010e10                __errno
 .text.__libc_init_array
                0x0000000008010e1c       0x48 d:/st/stm32cubeide_1.7.0/stm32cubeide/plugins/com.st.stm32cube.ide.mcu.externaltools.gnu-tools-for-stm32.9-2020-q2-update.win32_2.0.0.202105311346/tools/bin/../lib/gcc/arm-none-eabi/9.3.1/../../../../arm-none-eabi/lib/thumb/v7e-m+dp/hard\libc_nano.a(lib_a-init.o)
                0x0000000008010e1c                __libc_init_array
 .text.memcpy   0x0000000008010e64       0x1c d:/st/stm32cubeide_1.7.0/stm32cubeide/plugins/com.st.stm32cube.ide.mcu.externaltools.gnu-tools-for-stm32.9-2020-q2-update.win32_2.0.0.202105311346/tools/bin/../lib/gcc/arm-none-eabi/9.3.1/../../../../arm-none-eabi/lib/thumb/v7e-m+dp/hard\libc_nano.a(lib_a-memcpy-stub.o)
                0x0000000008010e64                memcpy
 .text.memset   0x0000000008010e80       0x10 d:/st/stm32cubeide_1.7.0/stm32cubeide/plugins/com.st.stm32cube.ide.mcu.externaltools.gnu-tools-for-stm32.9-2020-q2-update.win32_2.0.0.202105311346/tools/bin/../lib/gcc/arm-none-eabi/9.3.1/../../../../arm-none-eabi/lib/thumb/v7e-m+dp/hard\libc_nano.a(lib_a-memset.o)
                0x0000000008010e80                memset
 .text.__cvt    0x0000000008010e90       0xa4 d:/st/stm32cubeide_1.7.0/stm32cubeide/plugins/com.st.stm32cube.ide.mcu.externaltools.gnu-tools-for-stm32.9-2020-q2-update.win32_2.0.0.202105311346/tools/bin/../lib/gcc/arm-none-eabi/9.3.1/../../../../arm-none-eabi/lib/thumb/v7e-m+dp/hard\libc_nano.a(lib_a-nano-vfprintf_float.o)
                0x0000000008010e90                __cvt
 .text.__exponent
                0x0000000008010f34       0x7c d:/st/stm32cubeide_1.7.0/stm32cubeide/plugins/com.st.stm32cube.ide.mcu.externaltools.gnu-tools-for-stm32.9-2020-q2-update.win32_2.0.0.202105311346/tools/bin/../lib/gcc/arm-none-eabi/9.3.1/../../../../arm-none-eabi/lib/thumb/v7e-m+dp/hard\libc_nano.a(lib_a-nano-vfprintf_float.o)
                0x0000000008010f34                __exponent
 .text._printf_float
                0x0000000008010fb0      0x43c d:/st/stm32cubeide_1.7.0/stm32cubeide/plugins/com.st.stm32cube.ide.mcu.externaltools.gnu-tools-for-stm32.9-2020-q2-update.win32_2.0.0.202105311346/tools/bin/../lib/gcc/arm-none-eabi/9.3.1/../../../../arm-none-eabi/lib/thumb/v7e-m+dp/hard\libc_nano.a(lib_a-nano-vfprintf_float.o)
                0x0000000008010fb0                _printf_float
 .text._printf_common
                0x00000000080113ec       0xda d:/st/stm32cubeide_1.7.0/stm32cubeide/plugins/com.st.stm32cube.ide.mcu.externaltools.gnu-tools-for-stm32.9-2020-q2-update.win32_2.0.0.202105311346/tools/bin/../lib/gcc/arm-none-eabi/9.3.1/../../../../arm-none-eabi/lib/thumb/v7e-m+dp/hard\libc_nano.a(lib_a-nano-vfprintf_i.o)
                0x00000000080113ec                _printf_common
 *fill*         0x00000000080114c6        0x2 
 .text._printf_i
                0x00000000080114c8      0x24c d:/st/stm32cubeide_1.7.0/stm32cubeide/plugins/com.st.stm32cube.ide.mcu.externaltools.gnu-tools-for-stm32.9-2020-q2-update.win32_2.0.0.202105311346/tools/bin/../lib/gcc/arm-none-eabi/9.3.1/../../../../arm-none-eabi/lib/thumb/v7e-m+dp/hard\libc_nano.a(lib_a-nano-vfprintf_i.o)
                0x00000000080114c8                _printf_i
 .text.sprintf  0x0000000008011714       0x40 d:/st/stm32cubeide_1.7.0/stm32cubeide/plugins/com.st.stm32cube.ide.mcu.externaltools.gnu-tools-for-stm32.9-2020-q2-update.win32_2.0.0.202105311346/tools/bin/../lib/gcc/arm-none-eabi/9.3.1/../../../../arm-none-eabi/lib/thumb/v7e-m+dp/hard\libc_nano.a(lib_a-sprintf.o)
                0x0000000008011714                siprintf
                0x0000000008011714                sprintf
 .text.quorem   0x0000000008011754      0x116 d:/st/stm32cubeide_1.7.0/stm32cubeide/plugins/com.st.stm32cube.ide.mcu.externaltools.gnu-tools-for-stm32.9-2020-q2-update.win32_2.0.0.202105311346/tools/bin/../lib/gcc/arm-none-eabi/9.3.1/../../../../arm-none-eabi/lib/thumb/v7e-m+dp/hard\libc_nano.a(lib_a-dtoa.o)
 *fill*         0x000000000801186a        0x6 
 .text._dtoa_r  0x0000000008011870      0xb04 d:/st/stm32cubeide_1.7.0/stm32cubeide/plugins/com.st.stm32cube.ide.mcu.externaltools.gnu-tools-for-stm32.9-2020-q2-update.win32_2.0.0.202105311346/tools/bin/../lib/gcc/arm-none-eabi/9.3.1/../../../../arm-none-eabi/lib/thumb/v7e-m+dp/hard\libc_nano.a(lib_a-dtoa.o)
                0x0000000008011870                _dtoa_r
 .text._localeconv_r
                0x0000000008012374        0x8 d:/st/stm32cubeide_1.7.0/stm32cubeide/plugins/com.st.stm32cube.ide.mcu.externaltools.gnu-tools-for-stm32.9-2020-q2-update.win32_2.0.0.202105311346/tools/bin/../lib/gcc/arm-none-eabi/9.3.1/../../../../arm-none-eabi/lib/thumb/v7e-m+dp/hard\libc_nano.a(lib_a-localeconv.o)
                0x0000000008012374                _localeconv_r
 .text.malloc   0x000000000801237c       0x10 d:/st/stm32cubeide_1.7.0/stm32cubeide/plugins/com.st.stm32cube.ide.mcu.externaltools.gnu-tools-for-stm32.9-2020-q2-update.win32_2.0.0.202105311346/tools/bin/../lib/gcc/arm-none-eabi/9.3.1/../../../../arm-none-eabi/lib/thumb/v7e-m+dp/hard\libc_nano.a(lib_a-malloc.o)
                0x000000000801237c                malloc
 .text._Balloc  0x000000000801238c       0x80 d:/st/stm32cubeide_1.7.0/stm32cubeide/plugins/com.st.stm32cube.ide.mcu.externaltools.gnu-tools-for-stm32.9-2020-q2-update.win32_2.0.0.202105311346/tools/bin/../lib/gcc/arm-none-eabi/9.3.1/../../../../arm-none-eabi/lib/thumb/v7e-m+dp/hard\libc_nano.a(lib_a-mprec.o)
                0x000000000801238c                _Balloc
 .text._Bfree   0x000000000801240c       0x44 d:/st/stm32cubeide_1.7.0/stm32cubeide/plugins/com.st.stm32cube.ide.mcu.externaltools.gnu-tools-for-stm32.9-2020-q2-update.win32_2.0.0.202105311346/tools/bin/../lib/gcc/arm-none-eabi/9.3.1/../../../../arm-none-eabi/lib/thumb/v7e-m+dp/hard\libc_nano.a(lib_a-mprec.o)
                0x000000000801240c                _Bfree
 .text.__multadd
                0x0000000008012450       0x94 d:/st/stm32cubeide_1.7.0/stm32cubeide/plugins/com.st.stm32cube.ide.mcu.externaltools.gnu-tools-for-stm32.9-2020-q2-update.win32_2.0.0.202105311346/tools/bin/../lib/gcc/arm-none-eabi/9.3.1/../../../../arm-none-eabi/lib/thumb/v7e-m+dp/hard\libc_nano.a(lib_a-mprec.o)
                0x0000000008012450                __multadd
 .text.__hi0bits
                0x00000000080124e4       0x40 d:/st/stm32cubeide_1.7.0/stm32cubeide/plugins/com.st.stm32cube.ide.mcu.externaltools.gnu-tools-for-stm32.9-2020-q2-update.win32_2.0.0.202105311346/tools/bin/../lib/gcc/arm-none-eabi/9.3.1/../../../../arm-none-eabi/lib/thumb/v7e-m+dp/hard\libc_nano.a(lib_a-mprec.o)
                0x00000000080124e4                __hi0bits
 .text.__lo0bits
                0x0000000008012524       0x60 d:/st/stm32cubeide_1.7.0/stm32cubeide/plugins/com.st.stm32cube.ide.mcu.externaltools.gnu-tools-for-stm32.9-2020-q2-update.win32_2.0.0.202105311346/tools/bin/../lib/gcc/arm-none-eabi/9.3.1/../../../../arm-none-eabi/lib/thumb/v7e-m+dp/hard\libc_nano.a(lib_a-mprec.o)
                0x0000000008012524                __lo0bits
 .text.__i2b    0x0000000008012584       0x2c d:/st/stm32cubeide_1.7.0/stm32cubeide/plugins/com.st.stm32cube.ide.mcu.externaltools.gnu-tools-for-stm32.9-2020-q2-update.win32_2.0.0.202105311346/tools/bin/../lib/gcc/arm-none-eabi/9.3.1/../../../../arm-none-eabi/lib/thumb/v7e-m+dp/hard\libc_nano.a(lib_a-mprec.o)
                0x0000000008012584                __i2b
 .text.__multiply
                0x00000000080125b0      0x14c d:/st/stm32cubeide_1.7.0/stm32cubeide/plugins/com.st.stm32cube.ide.mcu.externaltools.gnu-tools-for-stm32.9-2020-q2-update.win32_2.0.0.202105311346/tools/bin/../lib/gcc/arm-none-eabi/9.3.1/../../../../arm-none-eabi/lib/thumb/v7e-m+dp/hard\libc_nano.a(lib_a-mprec.o)
                0x00000000080125b0                __multiply
 .text.__pow5mult
                0x00000000080126fc       0xb4 d:/st/stm32cubeide_1.7.0/stm32cubeide/plugins/com.st.stm32cube.ide.mcu.externaltools.gnu-tools-for-stm32.9-2020-q2-update.win32_2.0.0.202105311346/tools/bin/../lib/gcc/arm-none-eabi/9.3.1/../../../../arm-none-eabi/lib/thumb/v7e-m+dp/hard\libc_nano.a(lib_a-mprec.o)
                0x00000000080126fc                __pow5mult
 .text.__lshift
                0x00000000080127b0       0xd8 d:/st/stm32cubeide_1.7.0/stm32cubeide/plugins/com.st.stm32cube.ide.mcu.externaltools.gnu-tools-for-stm32.9-2020-q2-update.win32_2.0.0.202105311346/tools/bin/../lib/gcc/arm-none-eabi/9.3.1/../../../../arm-none-eabi/lib/thumb/v7e-m+dp/hard\libc_nano.a(lib_a-mprec.o)
                0x00000000080127b0                __lshift
 .text.__mcmp   0x0000000008012888       0x38 d:/st/stm32cubeide_1.7.0/stm32cubeide/plugins/com.st.stm32cube.ide.mcu.externaltools.gnu-tools-for-stm32.9-2020-q2-update.win32_2.0.0.202105311346/tools/bin/../lib/gcc/arm-none-eabi/9.3.1/../../../../arm-none-eabi/lib/thumb/v7e-m+dp/hard\libc_nano.a(lib_a-mprec.o)
                0x0000000008012888                __mcmp
 .text.__mdiff  0x00000000080128c0      0x110 d:/st/stm32cubeide_1.7.0/stm32cubeide/plugins/com.st.stm32cube.ide.mcu.externaltools.gnu-tools-for-stm32.9-2020-q2-update.win32_2.0.0.202105311346/tools/bin/../lib/gcc/arm-none-eabi/9.3.1/../../../../arm-none-eabi/lib/thumb/v7e-m+dp/hard\libc_nano.a(lib_a-mprec.o)
                0x00000000080128c0                __mdiff
 .text.__d2b    0x00000000080129d0       0xb8 d:/st/stm32cubeide_1.7.0/stm32cubeide/plugins/com.st.stm32cube.ide.mcu.externaltools.gnu-tools-for-stm32.9-2020-q2-update.win32_2.0.0.202105311346/tools/bin/../lib/gcc/arm-none-eabi/9.3.1/../../../../arm-none-eabi/lib/thumb/v7e-m+dp/hard\libc_nano.a(lib_a-mprec.o)
                0x00000000080129d0                __d2b
 .text._calloc_r
                0x0000000008012a88       0x1e d:/st/stm32cubeide_1.7.0/stm32cubeide/plugins/com.st.stm32cube.ide.mcu.externaltools.gnu-tools-for-stm32.9-2020-q2-update.win32_2.0.0.202105311346/tools/bin/../lib/gcc/arm-none-eabi/9.3.1/../../../../arm-none-eabi/lib/thumb/v7e-m+dp/hard\libc_nano.a(lib_a-nano-callocr.o)
                0x0000000008012a88                _calloc_r
 *fill*         0x0000000008012aa6        0x2 
 .text._free_r  0x0000000008012aa8       0xa0 d:/st/stm32cubeide_1.7.0/stm32cubeide/plugins/com.st.stm32cube.ide.mcu.externaltools.gnu-tools-for-stm32.9-2020-q2-update.win32_2.0.0.202105311346/tools/bin/../lib/gcc/arm-none-eabi/9.3.1/../../../../arm-none-eabi/lib/thumb/v7e-m+dp/hard\libc_nano.a(lib_a-nano-freer.o)
                0x0000000008012aa8                _free_r
 .text._malloc_r
                0x0000000008012b48       0xb4 d:/st/stm32cubeide_1.7.0/stm32cubeide/plugins/com.st.stm32cube.ide.mcu.externaltools.gnu-tools-for-stm32.9-2020-q2-update.win32_2.0.0.202105311346/tools/bin/../lib/gcc/arm-none-eabi/9.3.1/../../../../arm-none-eabi/lib/thumb/v7e-m+dp/hard\libc_nano.a(lib_a-nano-mallocr.o)
                0x0000000008012b48                _malloc_r
 .text.__ssputs_r
                0x0000000008012bfc       0xb6 d:/st/stm32cubeide_1.7.0/stm32cubeide/plugins/com.st.stm32cube.ide.mcu.externaltools.gnu-tools-for-stm32.9-2020-q2-update.win32_2.0.0.202105311346/tools/bin/../lib/gcc/arm-none-eabi/9.3.1/../../../../arm-none-eabi/lib/thumb/v7e-m+dp/hard\libc_nano.a(lib_a-nano-svfprintf.o)
                0x0000000008012bfc                __ssputs_r
 *fill*         0x0000000008012cb2        0x2 
 .text._svfprintf_r
                0x0000000008012cb4      0x200 d:/st/stm32cubeide_1.7.0/stm32cubeide/plugins/com.st.stm32cube.ide.mcu.externaltools.gnu-tools-for-stm32.9-2020-q2-update.win32_2.0.0.202105311346/tools/bin/../lib/gcc/arm-none-eabi/9.3.1/../../../../arm-none-eabi/lib/thumb/v7e-m+dp/hard\libc_nano.a(lib_a-nano-svfprintf.o)
                0x0000000008012cb4                _svfiprintf_r
                0x0000000008012cb4                _svfprintf_r
 .text._sbrk_r  0x0000000008012eb4       0x20 d:/st/stm32cubeide_1.7.0/stm32cubeide/plugins/com.st.stm32cube.ide.mcu.externaltools.gnu-tools-for-stm32.9-2020-q2-update.win32_2.0.0.202105311346/tools/bin/../lib/gcc/arm-none-eabi/9.3.1/../../../../arm-none-eabi/lib/thumb/v7e-m+dp/hard\libc_nano.a(lib_a-sbrkr.o)
                0x0000000008012eb4                _sbrk_r
 .text.__assert_func
                0x0000000008012ed4       0x3c d:/st/stm32cubeide_1.7.0/stm32cubeide/plugins/com.st.stm32cube.ide.mcu.externaltools.gnu-tools-for-stm32.9-2020-q2-update.win32_2.0.0.202105311346/tools/bin/../lib/gcc/arm-none-eabi/9.3.1/../../../../arm-none-eabi/lib/thumb/v7e-m+dp/hard\libc_nano.a(lib_a-assert.o)
                0x0000000008012ed4                __assert_func
 .text.fprintf  0x0000000008012f10       0x24 d:/st/stm32cubeide_1.7.0/stm32cubeide/plugins/com.st.stm32cube.ide.mcu.externaltools.gnu-tools-for-stm32.9-2020-q2-update.win32_2.0.0.202105311346/tools/bin/../lib/gcc/arm-none-eabi/9.3.1/../../../../arm-none-eabi/lib/thumb/v7e-m+dp/hard\libc_nano.a(lib_a-fprintf.o)
                0x0000000008012f10                fiprintf
                0x0000000008012f10                fprintf
 .text.__ascii_mbtowc
                0x0000000008012f34       0x24 d:/st/stm32cubeide_1.7.0/stm32cubeide/plugins/com.st.stm32cube.ide.mcu.externaltools.gnu-tools-for-stm32.9-2020-q2-update.win32_2.0.0.202105311346/tools/bin/../lib/gcc/arm-none-eabi/9.3.1/../../../../arm-none-eabi/lib/thumb/v7e-m+dp/hard\libc_nano.a(lib_a-mbtowc_r.o)
                0x0000000008012f34                __ascii_mbtowc
 .text.memmove  0x0000000008012f58       0x34 d:/st/stm32cubeide_1.7.0/stm32cubeide/plugins/com.st.stm32cube.ide.mcu.externaltools.gnu-tools-for-stm32.9-2020-q2-update.win32_2.0.0.202105311346/tools/bin/../lib/gcc/arm-none-eabi/9.3.1/../../../../arm-none-eabi/lib/thumb/v7e-m+dp/hard\libc_nano.a(lib_a-memmove.o)
                0x0000000008012f58                memmove
 .text.__malloc_lock
                0x0000000008012f8c        0xc d:/st/stm32cubeide_1.7.0/stm32cubeide/plugins/com.st.stm32cube.ide.mcu.externaltools.gnu-tools-for-stm32.9-2020-q2-update.win32_2.0.0.202105311346/tools/bin/../lib/gcc/arm-none-eabi/9.3.1/../../../../arm-none-eabi/lib/thumb/v7e-m+dp/hard\libc_nano.a(lib_a-mlock.o)
                0x0000000008012f8c                __malloc_lock
 .text.__malloc_unlock
                0x0000000008012f98        0xc d:/st/stm32cubeide_1.7.0/stm32cubeide/plugins/com.st.stm32cube.ide.mcu.externaltools.gnu-tools-for-stm32.9-2020-q2-update.win32_2.0.0.202105311346/tools/bin/../lib/gcc/arm-none-eabi/9.3.1/../../../../arm-none-eabi/lib/thumb/v7e-m+dp/hard\libc_nano.a(lib_a-mlock.o)
                0x0000000008012f98                __malloc_unlock
 .text._realloc_r
                0x0000000008012fa4       0x4c d:/st/stm32cubeide_1.7.0/stm32cubeide/plugins/com.st.stm32cube.ide.mcu.externaltools.gnu-tools-for-stm32.9-2020-q2-update.win32_2.0.0.202105311346/tools/bin/../lib/gcc/arm-none-eabi/9.3.1/../../../../arm-none-eabi/lib/thumb/v7e-m+dp/hard\libc_nano.a(lib_a-nano-reallocr.o)
                0x0000000008012fa4                _realloc_r
 .text.__sfputc_r
                0x0000000008012ff0       0x2e d:/st/stm32cubeide_1.7.0/stm32cubeide/plugins/com.st.stm32cube.ide.mcu.externaltools.gnu-tools-for-stm32.9-2020-q2-update.win32_2.0.0.202105311346/tools/bin/../lib/gcc/arm-none-eabi/9.3.1/../../../../arm-none-eabi/lib/thumb/v7e-m+dp/hard\libc_nano.a(lib_a-nano-vfprintf.o)
 .text.__sfputs_r
                0x000000000801301e       0x24 d:/st/stm32cubeide_1.7.0/stm32cubeide/plugins/com.st.stm32cube.ide.mcu.externaltools.gnu-tools-for-stm32.9-2020-q2-update.win32_2.0.0.202105311346/tools/bin/../lib/gcc/arm-none-eabi/9.3.1/../../../../arm-none-eabi/lib/thumb/v7e-m+dp/hard\libc_nano.a(lib_a-nano-vfprintf.o)
                0x000000000801301e                __sfputs_r
 *fill*         0x0000000008013042        0x2 
 .text._vfprintf_r
                0x0000000008013044      0x260 d:/st/stm32cubeide_1.7.0/stm32cubeide/plugins/com.st.stm32cube.ide.mcu.externaltools.gnu-tools-for-stm32.9-2020-q2-update.win32_2.0.0.202105311346/tools/bin/../lib/gcc/arm-none-eabi/9.3.1/../../../../arm-none-eabi/lib/thumb/v7e-m+dp/hard\libc_nano.a(lib_a-nano-vfprintf.o)
                0x0000000008013044                _vfprintf_r
                0x0000000008013044                _vfiprintf_r
 .text.__swbuf_r
                0x00000000080132a4       0xa4 d:/st/stm32cubeide_1.7.0/stm32cubeide/plugins/com.st.stm32cube.ide.mcu.externaltools.gnu-tools-for-stm32.9-2020-q2-update.win32_2.0.0.202105311346/tools/bin/../lib/gcc/arm-none-eabi/9.3.1/../../../../arm-none-eabi/lib/thumb/v7e-m+dp/hard\libc_nano.a(lib_a-wbuf.o)
                0x00000000080132a4                __swbuf_r
 .text.__ascii_wctomb
                0x0000000008013348       0x1a d:/st/stm32cubeide_1.7.0/stm32cubeide/plugins/com.st.stm32cube.ide.mcu.externaltools.gnu-tools-for-stm32.9-2020-q2-update.win32_2.0.0.202105311346/tools/bin/../lib/gcc/arm-none-eabi/9.3.1/../../../../arm-none-eabi/lib/thumb/v7e-m+dp/hard\libc_nano.a(lib_a-wctomb_r.o)
                0x0000000008013348                __ascii_wctomb
 *fill*         0x0000000008013362        0x2 
 .text.__swsetup_r
                0x0000000008013364       0xdc d:/st/stm32cubeide_1.7.0/stm32cubeide/plugins/com.st.stm32cube.ide.mcu.externaltools.gnu-tools-for-stm32.9-2020-q2-update.win32_2.0.0.202105311346/tools/bin/../lib/gcc/arm-none-eabi/9.3.1/../../../../arm-none-eabi/lib/thumb/v7e-m+dp/hard\libc_nano.a(lib_a-wsetup.o)
                0x0000000008013364                __swsetup_r
 .text.abort    0x0000000008013440        0xe d:/st/stm32cubeide_1.7.0/stm32cubeide/plugins/com.st.stm32cube.ide.mcu.externaltools.gnu-tools-for-stm32.9-2020-q2-update.win32_2.0.0.202105311346/tools/bin/../lib/gcc/arm-none-eabi/9.3.1/../../../../arm-none-eabi/lib/thumb/v7e-m+dp/hard\libc_nano.a(lib_a-abort.o)
                0x0000000008013440                abort
 *fill*         0x000000000801344e        0x2 
 .text.__sflush_r
                0x0000000008013450      0x10c d:/st/stm32cubeide_1.7.0/stm32cubeide/plugins/com.st.stm32cube.ide.mcu.externaltools.gnu-tools-for-stm32.9-2020-q2-update.win32_2.0.0.202105311346/tools/bin/../lib/gcc/arm-none-eabi/9.3.1/../../../../arm-none-eabi/lib/thumb/v7e-m+dp/hard\libc_nano.a(lib_a-fflush.o)
                0x0000000008013450                __sflush_r
 .text._fflush_r
                0x000000000801355c       0x78 d:/st/stm32cubeide_1.7.0/stm32cubeide/plugins/com.st.stm32cube.ide.mcu.externaltools.gnu-tools-for-stm32.9-2020-q2-update.win32_2.0.0.202105311346/tools/bin/../lib/gcc/arm-none-eabi/9.3.1/../../../../arm-none-eabi/lib/thumb/v7e-m+dp/hard\libc_nano.a(lib_a-fflush.o)
                0x000000000801355c                _fflush_r
 .text.std      0x00000000080135d4       0x48 d:/st/stm32cubeide_1.7.0/stm32cubeide/plugins/com.st.stm32cube.ide.mcu.externaltools.gnu-tools-for-stm32.9-2020-q2-update.win32_2.0.0.202105311346/tools/bin/../lib/gcc/arm-none-eabi/9.3.1/../../../../arm-none-eabi/lib/thumb/v7e-m+dp/hard\libc_nano.a(lib_a-findfp.o)
 .text._cleanup_r
                0x000000000801361c        0xc d:/st/stm32cubeide_1.7.0/stm32cubeide/plugins/com.st.stm32cube.ide.mcu.externaltools.gnu-tools-for-stm32.9-2020-q2-update.win32_2.0.0.202105311346/tools/bin/../lib/gcc/arm-none-eabi/9.3.1/../../../../arm-none-eabi/lib/thumb/v7e-m+dp/hard\libc_nano.a(lib_a-findfp.o)
                0x000000000801361c                _cleanup_r
 .text.__sfmoreglue
                0x0000000008013628       0x2c d:/st/stm32cubeide_1.7.0/stm32cubeide/plugins/com.st.stm32cube.ide.mcu.externaltools.gnu-tools-for-stm32.9-2020-q2-update.win32_2.0.0.202105311346/tools/bin/../lib/gcc/arm-none-eabi/9.3.1/../../../../arm-none-eabi/lib/thumb/v7e-m+dp/hard\libc_nano.a(lib_a-findfp.o)
                0x0000000008013628                __sfmoreglue
 .text.__sfp_lock_acquire
                0x0000000008013654        0xc d:/st/stm32cubeide_1.7.0/stm32cubeide/plugins/com.st.stm32cube.ide.mcu.externaltools.gnu-tools-for-stm32.9-2020-q2-update.win32_2.0.0.202105311346/tools/bin/../lib/gcc/arm-none-eabi/9.3.1/../../../../arm-none-eabi/lib/thumb/v7e-m+dp/hard\libc_nano.a(lib_a-findfp.o)
                0x0000000008013654                __sfp_lock_acquire
 .text.__sfp_lock_release
                0x0000000008013660        0xc d:/st/stm32cubeide_1.7.0/stm32cubeide/plugins/com.st.stm32cube.ide.mcu.externaltools.gnu-tools-for-stm32.9-2020-q2-update.win32_2.0.0.202105311346/tools/bin/../lib/gcc/arm-none-eabi/9.3.1/../../../../arm-none-eabi/lib/thumb/v7e-m+dp/hard\libc_nano.a(lib_a-findfp.o)
                0x0000000008013660                __sfp_lock_release
 .text.__sinit_lock_acquire
                0x000000000801366c        0xc d:/st/stm32cubeide_1.7.0/stm32cubeide/plugins/com.st.stm32cube.ide.mcu.externaltools.gnu-tools-for-stm32.9-2020-q2-update.win32_2.0.0.202105311346/tools/bin/../lib/gcc/arm-none-eabi/9.3.1/../../../../arm-none-eabi/lib/thumb/v7e-m+dp/hard\libc_nano.a(lib_a-findfp.o)
                0x000000000801366c                __sinit_lock_acquire
 .text.__sinit_lock_release
                0x0000000008013678        0xc d:/st/stm32cubeide_1.7.0/stm32cubeide/plugins/com.st.stm32cube.ide.mcu.externaltools.gnu-tools-for-stm32.9-2020-q2-update.win32_2.0.0.202105311346/tools/bin/../lib/gcc/arm-none-eabi/9.3.1/../../../../arm-none-eabi/lib/thumb/v7e-m+dp/hard\libc_nano.a(lib_a-findfp.o)
                0x0000000008013678                __sinit_lock_release
 .text.__sinit  0x0000000008013684       0x70 d:/st/stm32cubeide_1.7.0/stm32cubeide/plugins/com.st.stm32cube.ide.mcu.externaltools.gnu-tools-for-stm32.9-2020-q2-update.win32_2.0.0.202105311346/tools/bin/../lib/gcc/arm-none-eabi/9.3.1/../../../../arm-none-eabi/lib/thumb/v7e-m+dp/hard\libc_nano.a(lib_a-findfp.o)
                0x0000000008013684                __sinit
 .text.__sfp    0x00000000080136f4       0x8c d:/st/stm32cubeide_1.7.0/stm32cubeide/plugins/com.st.stm32cube.ide.mcu.externaltools.gnu-tools-for-stm32.9-2020-q2-update.win32_2.0.0.202105311346/tools/bin/../lib/gcc/arm-none-eabi/9.3.1/../../../../arm-none-eabi/lib/thumb/v7e-m+dp/hard\libc_nano.a(lib_a-findfp.o)
                0x00000000080136f4                __sfp
 .text._fwalk_reent
                0x0000000008013780       0x3e d:/st/stm32cubeide_1.7.0/stm32cubeide/plugins/com.st.stm32cube.ide.mcu.externaltools.gnu-tools-for-stm32.9-2020-q2-update.win32_2.0.0.202105311346/tools/bin/../lib/gcc/arm-none-eabi/9.3.1/../../../../arm-none-eabi/lib/thumb/v7e-m+dp/hard\libc_nano.a(lib_a-fwalk.o)
                0x0000000008013780                _fwalk_reent
 .text.__retarget_lock_init_recursive