Archive member included to satisfy reference by file (symbol)

/opt/st/stm32cubeide_1.7.0/plugins/com.st.stm32cube.ide.mcu.externaltools.gnu-tools-for-stm32.9-2020-q2-update.linux64_2.0.0.202105311346/tools/bin/../lib/gcc/arm-none-eabi/9.3.1/../../../../arm-none-eabi/lib/thumb/v7e-m+dp/hard/libc_nano.a(lib_a-errno.o)
                              ./Core/Src/syscalls.o (__errno)
/opt/st/stm32cubeide_1.7.0/plugins/com.st.stm32cube.ide.mcu.externaltools.gnu-tools-for-stm32.9-2020-q2-update.linux64_2.0.0.202105311346/tools/bin/../lib/gcc/arm-none-eabi/9.3.1/../../../../arm-none-eabi/lib/thumb/v7e-m+dp/hard/libc_nano.a(lib_a-exit.o)
                              /opt/st/stm32cubeide_1.7.0/plugins/com.st.stm32cube.ide.mcu.externaltools.gnu-tools-for-stm32.9-2020-q2-update.linux64_2.0.0.202105311346/tools/bin/../lib/gcc/arm-none-eabi/9.3.1/../../../../arm-none-eabi/lib/thumb/v7e-m+dp/hard/crt0.o (exit)
/opt/st/stm32cubeide_1.7.0/plugins/com.st.stm32cube.ide.mcu.externaltools.gnu-tools-for-stm32.9-2020-q2-update.linux64_2.0.0.202105311346/tools/bin/../lib/gcc/arm-none-eabi/9.3.1/../../../../arm-none-eabi/lib/thumb/v7e-m+dp/hard/libc_nano.a(lib_a-impure.o)
                              /opt/st/stm32cubeide_1.7.0/plugins/com.st.stm32cube.ide.mcu.externaltools.gnu-tools-for-stm32.9-2020-q2-update.linux64_2.0.0.202105311346/tools/bin/../lib/gcc/arm-none-eabi/9.3.1/../../../../arm-none-eabi/lib/thumb/v7e-m+dp/hard/libc_nano.a(lib_a-exit.o) (_global_impure_ptr)
/opt/st/stm32cubeide_1.7.0/plugins/com.st.stm32cube.ide.mcu.externaltools.gnu-tools-for-stm32.9-2020-q2-update.linux64_2.0.0.202105311346/tools/bin/../lib/gcc/arm-none-eabi/9.3.1/../../../../arm-none-eabi/lib/thumb/v7e-m+dp/hard/libc_nano.a(lib_a-init.o)
                              /opt/st/stm32cubeide_1.7.0/plugins/com.st.stm32cube.ide.mcu.externaltools.gnu-tools-for-stm32.9-2020-q2-update.linux64_2.0.0.202105311346/tools/bin/../lib/gcc/arm-none-eabi/9.3.1/../../../../arm-none-eabi/lib/thumb/v7e-m+dp/hard/crt0.o (__libc_init_array)
/opt/st/stm32cubeide_1.7.0/plugins/com.st.stm32cube.ide.mcu.externaltools.gnu-tools-for-stm32.9-2020-q2-update.linux64_2.0.0.202105311346/tools/bin/../lib/gcc/arm-none-eabi/9.3.1/../../../../arm-none-eabi/lib/thumb/v7e-m+dp/hard/libc_nano.a(lib_a-memcpy-stub.o)
                              ./Middlewares/Third_Party/FreeRTOS/cmsis_os2.o (memcpy)
/opt/st/stm32cubeide_1.7.0/plugins/com.st.stm32cube.ide.mcu.externaltools.gnu-tools-for-stm32.9-2020-q2-update.linux64_2.0.0.202105311346/tools/bin/../lib/gcc/arm-none-eabi/9.3.1/../../../../arm-none-eabi/lib/thumb/v7e-m+dp/hard/libc_nano.a(lib_a-memset.o)
                              /opt/st/stm32cubeide_1.7.0/plugins/com.st.stm32cube.ide.mcu.externaltools.gnu-tools-for-stm32.9-2020-q2-update.linux64_2.0.0.202105311346/tools/bin/../lib/gcc/arm-none-eabi/9.3.1/../../../../arm-none-eabi/lib/thumb/v7e-m+dp/hard/crt0.o (memset)
/opt/st/stm32cubeide_1.7.0/plugins/com.st.stm32cube.ide.mcu.externaltools.gnu-tools-for-stm32.9-2020-q2-update.linux64_2.0.0.202105311346/tools/bin/../lib/gcc/arm-none-eabi/9.3.1/../../../../arm-none-eabi/lib/thumb/v7e-m+dp/hard/libc_nano.a(lib_a-sprintf.o)
                              ./Core/Src/main.o (sprintf)
/opt/st/stm32cubeide_1.7.0/plugins/com.st.stm32cube.ide.mcu.externaltools.gnu-tools-for-stm32.9-2020-q2-update.linux64_2.0.0.202105311346/tools/bin/../lib/gcc/arm-none-eabi/9.3.1/../../../../arm-none-eabi/lib/thumb/v7e-m+dp/hard/libc_nano.a(lib_a-nano-svfprintf.o)
                              /opt/st/stm32cubeide_1.7.0/plugins/com.st.stm32cube.ide.mcu.externaltools.gnu-tools-for-stm32.9-2020-q2-update.linux64_2.0.0.202105311346/tools/bin/../lib/gcc/arm-none-eabi/9.3.1/../../../../arm-none-eabi/lib/thumb/v7e-m+dp/hard/libc_nano.a(lib_a-sprintf.o) (_svfprintf_r)
/opt/st/stm32cubeide_1.7.0/plugins/com.st.stm32cube.ide.mcu.externaltools.gnu-tools-for-stm32.9-2020-q2-update.linux64_2.0.0.202105311346/tools/bin/../lib/gcc/arm-none-eabi/9.3.1/../../../../arm-none-eabi/lib/thumb/v7e-m+dp/hard/libc_nano.a(lib_a-nano-vfprintf_i.o)
                              /opt/st/stm32cubeide_1.7.0/plugins/com.st.stm32cube.ide.mcu.externaltools.gnu-tools-for-stm32.9-2020-q2-update.linux64_2.0.0.202105311346/tools/bin/../lib/gcc/arm-none-eabi/9.3.1/../../../../arm-none-eabi/lib/thumb/v7e-m+dp/hard/libc_nano.a(lib_a-nano-svfprintf.o) (_printf_i)
/opt/st/stm32cubeide_1.7.0/plugins/com.st.stm32cube.ide.mcu.externaltools.gnu-tools-for-stm32.9-2020-q2-update.linux64_2.0.0.202105311346/tools/bin/../lib/gcc/arm-none-eabi/9.3.1/../../../../arm-none-eabi/lib/thumb/v7e-m+dp/hard/libc_nano.a(lib_a-memchr.o)
                              /opt/st/stm32cubeide_1.7.0/plugins/com.st.stm32cube.ide.mcu.externaltools.gnu-tools-for-stm32.9-2020-q2-update.linux64_2.0.0.202105311346/tools/bin/../lib/gcc/arm-none-eabi/9.3.1/../../../../arm-none-eabi/lib/thumb/v7e-m+dp/hard/libc_nano.a(lib_a-nano-svfprintf.o) (memchr)
[...]
Memory Configuration

Name             Origin             Length             Attributes
RAM_D1           0x0000000024000000 0x0000000000080000 xrw
FLASH            0x0000000008000000 0x0000000000100000 xr
DTCMRAM          0x0000000020000000 0x0000000000020000 xrw
RAM_D2           0x0000000030000000 0x0000000000048000 xrw
RAM_D3           0x0000000038000000 0x0000000000010000 xrw
ITCMRAM          0x0000000000000000 0x0000000000010000 xrw
*default*        0x0000000000000000 0xffffffffffffffff

Linker script and memory map

LOAD /opt/st/stm32cubeide_1.7.0/plugins/com.st.stm32cube.ide.mcu.externaltools.gnu-tools-for-stm32.9-2020-q2-update.linux64_2.0.0.202105311346/tools/bin/../lib/gcc/arm-none-eabi/9.3.1/thumb/v7e-m+dp/hard/crti.o
LOAD /opt/st/stm32cubeide_1.7.0/plugins/com.st.stm32cube.ide.mcu.externaltools.gnu-tools-for-stm32.9-2020-q2-update.linux64_2.0.0.202105311346/tools/bin/../lib/gcc/arm-none-eabi/9.3.1/thumb/v7e-m+dp/hard/crtbegin.o
LOAD /opt/st/stm32cubeide_1.7.0/plugins/com.st.stm32cube.ide.mcu.externaltools.gnu-tools-for-stm32.9-2020-q2-update.linux64_2.0.0.202105311346/tools/bin/../lib/gcc/arm-none-eabi/9.3.1/../../../../arm-none-eabi/lib/thumb/v7e-m+dp/hard/crt0.o
LOAD ./Common/Src/system_stm32h7xx_dualcore_boot_cm4_cm7.o
LOAD ./Core/Src/freertos.o
LOAD ./Core/Src/main.o
LOAD ./Core/Src/stm32h7xx_hal_msp.o
LOAD ./Core/Src/stm32h7xx_it.o
LOAD ./Core/Src/syscalls.o
LOAD ./Core/Src/sysmem.o
LOAD ./Core/Startup/startup_stm32h745zitx.o
LOAD ./Drivers/STM32H7xx_HAL_Driver/stm32h7xx_hal.o
LOAD ./Drivers/STM32H7xx_HAL_Driver/stm32h7xx_hal_cortex.o
LOAD ./Drivers/STM32H7xx_HAL_Driver/stm32h7xx_hal_dma.o
LOAD ./Drivers/STM32H7xx_HAL_Driver/stm32h7xx_hal_dma_ex.o
LOAD ./Drivers/STM32H7xx_HAL_Driver/stm32h7xx_hal_eth.o
LOAD ./Drivers/STM32H7xx_HAL_Driver/stm32h7xx_hal_eth_ex.o
LOAD ./Drivers/STM32H7xx_HAL_Driver/stm32h7xx_hal_exti.o
LOAD ./Drivers/STM32H7xx_HAL_Driver/stm32h7xx_hal_flash.o
LOAD ./Drivers/STM32H7xx_HAL_Driver/stm32h7xx_hal_flash_ex.o
LOAD ./Drivers/STM32H7xx_HAL_Driver/stm32h7xx_hal_gpio.o
LOAD ./Drivers/STM32H7xx_HAL_Driver/stm32h7xx_hal_hsem.o
LOAD ./Drivers/STM32H7xx_HAL_Driver/stm32h7xx_hal_i2c.o
LOAD ./Drivers/STM32H7xx_HAL_Driver/stm32h7xx_hal_i2c_ex.o
LOAD ./Drivers/STM32H7xx_HAL_Driver/stm32h7xx_hal_mdma.o
LOAD ./Drivers/STM32H7xx_HAL_Driver/stm32h7xx_hal_pcd.o
LOAD ./Drivers/STM32H7xx_HAL_Driver/stm32h7xx_hal_pcd_ex.o
LOAD ./Drivers/STM32H7xx_HAL_Driver/stm32h7xx_hal_pwr.o
LOAD ./Drivers/STM32H7xx_HAL_Driver/stm32h7xx_hal_pwr_ex.o
LOAD ./Drivers/STM32H7xx_HAL_Driver/stm32h7xx_hal_rcc.o
LOAD ./Drivers/STM32H7xx_HAL_Driver/stm32h7xx_hal_rcc_ex.o
LOAD ./Drivers/STM32H7xx_HAL_Driver/stm32h7xx_hal_tim.o
LOAD ./Drivers/STM32H7xx_HAL_Driver/stm32h7xx_hal_tim_ex.o
LOAD ./Drivers/STM32H7xx_HAL_Driver/stm32h7xx_hal_uart.o
LOAD ./Drivers/STM32H7xx_HAL_Driver/stm32h7xx_hal_uart_ex.o
LOAD ./Drivers/STM32H7xx_HAL_Driver/stm32h7xx_ll_usb.o
LOAD ./Middlewares/Third_Party/FreeRTOS/cmsis_os2.o
LOAD ./Middlewares/Third_Party/FreeRTOS/croutine.o
LOAD ./Middlewares/Third_Party/FreeRTOS/event_groups.o
LOAD ./Middlewares/Third_Party/FreeRTOS/heap_4.o
LOAD ./Middlewares/Third_Party/FreeRTOS/list.o
LOAD ./Middlewares/Third_Party/FreeRTOS/port.o
LOAD ./Middlewares/Third_Party/FreeRTOS/queue.o
LOAD ./Middlewares/Third_Party/FreeRTOS/stream_buffer.o
LOAD ./Middlewares/Third_Party/FreeRTOS/tasks.o
LOAD ./Middlewares/Third_Party/FreeRTOS/timers.o
START GROUP
LOAD /opt/st/stm32cubeide_1.7.0/plugins/com.st.stm32cube.ide.mcu.externaltools.gnu-tools-for-stm32.9-2020-q2-update.linux64_2.0.0.202105311346/tools/bin/../lib/gcc/arm-none-eabi/9.3.1/../../../../arm-none-eabi/lib/thumb/v7e-m+dp/hard/libc_nano.a
LOAD /opt/st/stm32cubeide_1.7.0/plugins/com.st.stm32cube.ide.mcu.externaltools.gnu-tools-for-stm32.9-2020-q2-update.linux64_2.0.0.202105311346/tools/bin/../lib/gcc/arm-none-eabi/9.3.1/../../../../arm-none-eabi/lib/thumb/v7e-m+dp/hard/libm.a
END GROUP
START GROUP
LOAD /opt/st/stm32cubeide_1.7.0/plugins/com.st.stm32cube.ide.mcu.externaltools.gnu-tools-for-stm32.9-2020-q2-update.linux64_2.0.0.202105311346/tools/bin/../lib/gcc/arm-none-eabi/9.3.1/thumb/v7e-m+dp/hard/libgcc.a
LOAD /opt/st/stm32cubeide_1.7.0/plugins/com.st.stm32cube.ide.mcu.externaltools.gnu-tools-for-stm32.9-2020-q2-update.linux64_2.0.0.202105311346/tools/bin/../lib/gcc/arm-none-eabi/9.3.1/../../../../arm-none-eabi/lib/thumb/v7e-m+dp/hard/libc_nano.a
END GROUP
START GROUP
LOAD /opt/st/stm32cubeide_1.7.0/plugins/com.st.stm32cube.ide.mcu.externaltools.gnu-tools-for-stm32.9-2020-q2-update.linux64_2.0.0.202105311346/tools/bin/../lib/gcc/arm-none-eabi/9.3.1/thumb/v7e-m+dp/hard/libgcc.a
LOAD /opt/st/stm32cubeide_1.7.0/plugins/com.st.stm32cube.ide.mcu.externaltools.gnu-tools-for-stm32.9-2020-q2-update.linux64_2.0.0.202105311346/tools/bin/../lib/gcc/arm-none-eabi/9.3.1/../../../../arm-none-eabi/lib/thumb/v7e-m+dp/hard/libc_nano.a
LOAD /opt/st/stm32cubeide_1.7.0/plugins/com.st.stm32cube.ide.mcu.externaltools.gnu-tools-for-stm32.9-2020-q2-update.linux64_2.0.0.202105311346/tools/bin/../lib/gcc/arm-none-eabi/9.3.1/../../../../arm-none-eabi/lib/thumb/v7e-m+dp/hard/libnosys.a
END GROUP
START GROUP
LOAD /opt/st/stm32cubeide_1.7.0/plugins/com.st.stm32cube.ide.mcu.externaltools.gnu-tools-for-stm32.9-2020-q2-update.linux64_2.0.0.202105311346/tools/bin/../lib/gcc/arm-none-eabi/9.3.1/thumb/v7e-m+dp/hard/libgcc.a
LOAD /opt/st/stm32cubeide_1.7.0/plugins/com.st.stm32cube.ide.mcu.externaltools.gnu-tools-for-stm32.9-2020-q2-update.linux64_2.0.0.202105311346/tools/bin/../lib/gcc/arm-none-eabi/9.3.1/../../../../arm-none-eabi/lib/thumb/v7e-m+dp/hard/libc_nano.a
LOAD /opt/st/stm32cubeide_1.7.0/plugins/com.st.stm32cube.ide.mcu.externaltools.gnu-tools-for-stm32.9-2020-q2-update.linux64_2.0.0.202105311346/tools/bin/../lib/gcc/arm-none-eabi/9.3.1/../../../../arm-none-eabi/lib/thumb/v7e-m+dp/hard/libnosys.a
END GROUP
LOAD /opt/st/stm32cubeide_1.7.0/plugins/com.st.stm32cube.ide.mcu.externaltools.gnu-tools-for-stm32.9-2020-q2-update.linux64_2.0.0.202105311346/tools/bin/../lib/gcc/arm-none-eabi/9.3.1/thumb/v7e-m+dp/hard/crtend.o
LOAD /opt/st/stm32cubeide_1.7.0/plugins/com.st.stm32cube.ide.mcu.externaltools.gnu-tools-for-stm32.9-2020-q2-update.linux64_2.0.0.202105311346/tools/bin/../lib/gcc/arm-none-eabi/9.3.1/thumb/v7e-m+dp/hard/crtn.o
                0x0000000024080000                _estack = (ORIGIN (RAM_D1) + LENGTH (RAM_D1))
                0x0000000000000200                _Min_Heap_Size = 0x200
                0x0000000000000400                _Min_Stack_Size = 0x400

.isr_vector     0x0000000008000000      0x298
                0x0000000008000000                . = ALIGN (0x4)
 *(.isr_vector)
 .isr_vector    0x0000000008000000      0x298 ./Core/Startup/startup_stm32h745zitx.o
                0x0000000008000000                g_pfnVectors
                0x0000000008000298                . = ALIGN (0x4)

.text           0x00000000080002a0     0xa674
                0x00000000080002a0                . = ALIGN (0x4)
 *(.text)
 .text          0x00000000080002a0       0x40 /opt/st/stm32cubeide_1.7.0/plugins/com.st.stm32cube.ide.mcu.externaltools.gnu-tools-for-stm32.9-2020-q2-update.linux64_2.0.0.202105311346/tools/bin/../lib/gcc/arm-none-eabi/9.3.1/thumb/v7e-m+dp/hard/crtbegin.o
 .text          0x00000000080002e0       0xa0 /opt/st/stm32cubeide_1.7.0/plugins/com.st.stm32cube.ide.mcu.externaltools.gnu-tools-for-stm32.9-2020-q2-update.linux64_2.0.0.202105311346/tools/bin/../lib/gcc/arm-none-eabi/9.3.1/../../../../arm-none-eabi/lib/thumb/v7e-m+dp/hard/libc_nano.a(lib_a-memchr.o)
                0x00000000080002e0                memchr
 .text          0x0000000008000380       0x30 /opt/st/stm32cubeide_1.7.0/plugins/com.st.stm32cube.ide.mcu.externaltools.gnu-tools-for-stm32.9-2020-q2-update.linux64_2.0.0.202105311346/tools/bin/../lib/gcc/arm-none-eabi/9.3.1/thumb/v7e-m+dp/hard/libgcc.a(_aeabi_uldivmod.o)
                0x0000000008000380                __aeabi_uldivmod
 .text          0x00000000080003b0      0x2c4 /opt/st/stm32cubeide_1.7.0/plugins/com.st.stm32cube.ide.mcu.externaltools.gnu-tools-for-stm32.9-2020-q2-update.linux64_2.0.0.202105311346/tools/bin/../lib/gcc/arm-none-eabi/9.3.1/thumb/v7e-m+dp/hard/libgcc.a(_udivmoddi4.o)
                0x00000000080003b0                __udivmoddi4
 .text          0x0000000008000674        0x4 /opt/st/stm32cubeide_1.7.0/plugins/com.st.stm32cube.ide.mcu.externaltools.gnu-tools-for-stm32.9-2020-q2-update.linux64_2.0.0.202105311346/tools/bin/../lib/gcc/arm-none-eabi/9.3.1/thumb/v7e-m+dp/hard/libgcc.a(_dvmd_tls.o)
                0x0000000008000674                __aeabi_ldiv0
                0x0000000008000674                __aeabi_idiv0
 *(.text*)
 .text.SystemInit
                0x0000000008000678      0x134 ./Common/Src/system_stm32h7xx_dualcore_boot_cm4_cm7.o
                0x0000000008000678                SystemInit
 .text.main     0x00000000080007ac      0x14c ./Core/Src/main.o
                0x00000000080007ac                main
 .text.SystemClock_Config
                0x00000000080008f8      0x108 ./Core/Src/main.o
                0x00000000080008f8                SystemClock_Config
 .text.MX_ETH_Init
                0x0000000008000a00       0x98 ./Core/Src/main.o
 .text.MX_TIM2_Init
                0x0000000008000a98       0xa8 ./Core/Src/main.o
 .text.MX_TIM3_Init
                0x0000000008000b40       0xcc ./Core/Src/main.o
 .text.MX_USART3_UART_Init
                0x0000000008000c0c       0x98 ./Core/Src/main.o
 .text.MX_USB_OTG_FS_PCD_Init
                0x0000000008000ca4       0x64 ./Core/Src/main.o
 .text.MX_GPIO_Init
                0x0000000008000d08       0xcc ./Core/Src/main.o
 .text.StartTask1
                0x0000000008000dd4       0x50 ./Core/Src/main.o
                0x0000000008000dd4                StartTask1
 .text.StartTask2
                0x0000000008000e24       0x10 ./Core/Src/main.o
                0x0000000008000e24                StartTask2
 .text.StartTask3
                0x0000000008000e34       0x10 ./Core/Src/main.o
                0x0000000008000e34                StartTask3
 .text.Error_Handler
                0x0000000008000e44        0xa ./Core/Src/main.o
                0x0000000008000e44                Error_Handler
 *fill*         0x0000000008000e4e        0x2 
 .text.HAL_MspInit
                0x0000000008000e50       0x3c ./Core/Src/stm32h7xx_hal_msp.o
                0x0000000008000e50                HAL_MspInit
 .text.HAL_ETH_MspInit
                0x0000000008000e8c      0x19c ./Core/Src/stm32h7xx_hal_msp.o
                0x0000000008000e8c                HAL_ETH_MspInit
 .text.HAL_TIM_Encoder_MspInit
                0x0000000008001028       0xe0 ./Core/Src/stm32h7xx_hal_msp.o
                0x0000000008001028                HAL_TIM_Encoder_MspInit
 .text.HAL_TIM_PWM_MspInit
                0x0000000008001108       0x44 ./Core/Src/stm32h7xx_hal_msp.o
                0x0000000008001108                HAL_TIM_PWM_MspInit
 .text.HAL_TIM_MspPostInit
                0x000000000800114c       0xb8 ./Core/Src/stm32h7xx_hal_msp.o
                0x000000000800114c                HAL_TIM_MspPostInit
 .text.HAL_UART_MspInit
                0x0000000008001204       0xcc ./Core/Src/stm32h7xx_hal_msp.o
                0x0000000008001204                HAL_UART_MspInit
 .text.HAL_PCD_MspInit
                0x00000000080012d0      0x110 ./Core/Src/stm32h7xx_hal_msp.o
                0x00000000080012d0                HAL_PCD_MspInit
 .text.NMI_Handler
                0x00000000080013e0        0x6 ./Core/Src/stm32h7xx_it.o
                0x00000000080013e0                NMI_Handler
 .text.HardFault_Handler
                0x00000000080013e6        0x6 ./Core/Src/stm32h7xx_it.o
                0x00000000080013e6                HardFault_Handler
 .text.MemManage_Handler
                0x00000000080013ec        0x6 ./Core/Src/stm32h7xx_it.o
                0x00000000080013ec                MemManage_Handler
 .text.BusFault_Handler
                0x00000000080013f2        0x6 ./Core/Src/stm32h7xx_it.o
                0x00000000080013f2                BusFault_Handler
 .text.UsageFault_Handler
                0x00000000080013f8        0x6 ./Core/Src/stm32h7xx_it.o
                0x00000000080013f8                UsageFault_Handler
 .text.DebugMon_Handler
                0x00000000080013fe        0xe ./Core/Src/stm32h7xx_it.o
                0x00000000080013fe                DebugMon_Handler
 .text.SysTick_Handler
                0x000000000800140c       0x1a ./Core/Src/stm32h7xx_it.o
                0x000000000800140c                SysTick_Handler
 *fill*         0x0000000008001426        0x2 
 .text.TIM2_IRQHandler
                0x0000000008001428       0x14 ./Core/Src/stm32h7xx_it.o
                0x0000000008001428                TIM2_IRQHandler
 .text._sbrk    0x000000000800143c       0x6c ./Core/Src/sysmem.o
                0x000000000800143c                _sbrk
 .text.Reset_Handler
                0x00000000080014a8       0x50 ./Core/Startup/startup_stm32h745zitx.o
                0x00000000080014a8                Reset_Handler
 .text.Default_Handler
                0x00000000080014f8        0x2 ./Core/Startup/startup_stm32h745zitx.o
                0x00000000080014f8                RTC_Alarm_IRQHandler
                0x00000000080014f8                EXTI2_IRQHandler
                0x00000000080014f8                TIM8_CC_IRQHandler
                0x00000000080014f8                HRTIM1_Master_IRQHandler
                0x00000000080014f8                UART8_IRQHandler
                0x00000000080014f8                SPI4_IRQHandler
                0x00000000080014f8                TIM1_CC_IRQHandler
                0x00000000080014f8                BDMA_Channel6_IRQHandler
                0x00000000080014f8                DMA2_Stream5_IRQHandler
                0x00000000080014f8                HRTIM1_FLT_IRQHandler
                0x00000000080014f8                JPEG_IRQHandler
                0x00000000080014f8                DMA1_Stream5_IRQHandler
                0x00000000080014f8                BDMA_Channel1_IRQHandler
                0x00000000080014f8                HRTIM1_TIMD_IRQHandler
                0x00000000080014f8                TAMP_STAMP_IRQHandler
                0x00000000080014f8                EXTI3_IRQHandler
                0x00000000080014f8                LPTIM4_IRQHandler
                0x00000000080014f8                TIM8_TRG_COM_TIM14_IRQHandler
                0x00000000080014f8                LPTIM2_IRQHandler
                0x00000000080014f8                DFSDM1_FLT1_IRQHandler
                0x00000000080014f8                DMAMUX2_OVR_IRQHandler
                0x00000000080014f8                TIM8_UP_TIM13_IRQHandler
                0x00000000080014f8                I2C3_ER_IRQHandler
                0x00000000080014f8                DFSDM1_FLT2_IRQHandler
                0x00000000080014f8                MDMA_IRQHandler
                0x00000000080014f8                LPTIM3_IRQHandler
                0x00000000080014f8                HSEM1_IRQHandler
                0x00000000080014f8                EXTI0_IRQHandler
                0x00000000080014f8                I2C2_EV_IRQHandler
                0x00000000080014f8                DMA1_Stream2_IRQHandler
                0x00000000080014f8                FPU_IRQHandler
                0x00000000080014f8                OTG_HS_WKUP_IRQHandler
                0x00000000080014f8                FDCAN1_IT1_IRQHandler
                0x00000000080014f8                LTDC_ER_IRQHandler
                0x00000000080014f8                DMA2_Stream2_IRQHandler
                0x00000000080014f8                HRTIM1_TIME_IRQHandler
                0x00000000080014f8                SPI1_IRQHandler
                0x00000000080014f8                TIM6_DAC_IRQHandler
                0x00000000080014f8                DCMI_IRQHandler
                0x00000000080014f8                HRTIM1_TIMC_IRQHandler
                0x00000000080014f8                DMA2_Stream3_IRQHandler
                0x00000000080014f8                SAI2_IRQHandler
                0x00000000080014f8                DFSDM1_FLT3_IRQHandler
                0x00000000080014f8                USART6_IRQHandler
                0x00000000080014f8                TIM17_IRQHandler
                0x00000000080014f8                USART3_IRQHandler
                0x00000000080014f8                BDMA_Channel7_IRQHandler
                0x00000000080014f8                LPTIM5_IRQHandler
                0x00000000080014f8                UART5_IRQHandler
                0x00000000080014f8                ADC3_IRQHandler
                0x00000000080014f8                DMA2_Stream0_IRQHandler
                0x00000000080014f8                TIM4_IRQHandler
                0x00000000080014f8                BDMA_Channel2_IRQHandler
                0x00000000080014f8                QUADSPI_IRQHandler
                0x00000000080014f8                I2C1_EV_IRQHandler
                0x00000000080014f8                DMA1_Stream6_IRQHandler
                0x00000000080014f8                DMAMUX1_OVR_IRQHandler
                0x00000000080014f8                DMA1_Stream1_IRQHandler
                0x00000000080014f8                TIM16_IRQHandler
                0x00000000080014f8                UART4_IRQHandler
                0x00000000080014f8                BDMA_Channel5_IRQHandler
                0x00000000080014f8                TIM3_IRQHandler
                0x00000000080014f8                RCC_IRQHandler
                0x00000000080014f8                TIM8_BRK_TIM12_IRQHandler
                0x00000000080014f8                TIM1_TRG_COM_IRQHandler
                0x00000000080014f8                Default_Handler
                0x00000000080014f8                ECC_IRQHandler
                0x00000000080014f8                CEC_IRQHandler
                0x00000000080014f8                EXTI15_10_IRQHandler
                0x00000000080014f8                BDMA_Channel0_IRQHandler
                0x00000000080014f8                ADC_IRQHandler
                0x00000000080014f8                DMA1_Stream7_IRQHandler
                0x00000000080014f8                HRTIM1_TIMA_IRQHandler
                0x00000000080014f8                SPI5_IRQHandler
                0x00000000080014f8                TIM7_IRQHandler
                0x00000000080014f8                SDMMC1_IRQHandler
                0x00000000080014f8                TIM5_IRQHandler
                0x00000000080014f8                DMA2_Stream7_IRQHandler
                0x00000000080014f8                TIM15_IRQHandler
                0x00000000080014f8                PVD_AVD_IRQHandler
                0x00000000080014f8                I2C3_EV_IRQHandler
                0x00000000080014f8                EXTI9_5_IRQHandler
                0x00000000080014f8                RTC_WKUP_IRQHandler
                0x00000000080014f8                LTDC_IRQHandler
                0x00000000080014f8                SAI3_IRQHandler
                0x00000000080014f8                ETH_WKUP_IRQHandler
                0x00000000080014f8                SPDIF_RX_IRQHandler
                0x00000000080014f8                SPI2_IRQHandler
                0x00000000080014f8                OTG_HS_EP1_IN_IRQHandler
                0x00000000080014f8                DMA1_Stream0_IRQHandler
                0x00000000080014f8                CRS_IRQHandler
                0x00000000080014f8                CM7_SEV_IRQHandler
                0x00000000080014f8                EXTI4_IRQHandler
                0x00000000080014f8                RNG_IRQHandler
                0x00000000080014f8                CM4_SEV_IRQHandler
                0x00000000080014f8                HRTIM1_TIMB_IRQHandler
                0x00000000080014f8                FDCAN2_IT1_IRQHandler
                0x00000000080014f8                ETH_IRQHandler
                0x00000000080014f8                TIM1_UP_IRQHandler
                0x00000000080014f8                WWDG_RST_IRQHandler
                0x00000000080014f8                BDMA_Channel4_IRQHandler
                0x00000000080014f8                OTG_HS_EP1_OUT_IRQHandler
                0x00000000080014f8                WWDG_IRQHandler
                0x00000000080014f8                SPI6_IRQHandler
                0x00000000080014f8                MDIOS_IRQHandler
                0x00000000080014f8                I2C4_EV_IRQHandler
                0x00000000080014f8                FDCAN2_IT0_IRQHandler
                0x00000000080014f8                LPUART1_IRQHandler
                0x00000000080014f8                FDCAN1_IT0_IRQHandler
                0x00000000080014f8                OTG_FS_WKUP_IRQHandler
                0x00000000080014f8                OTG_HS_IRQHandler
                0x00000000080014f8                HSEM2_IRQHandler
                0x00000000080014f8                DMA2D_IRQHandler
                0x00000000080014f8                TIM1_BRK_IRQHandler
                0x00000000080014f8                EXTI1_IRQHandler
                0x00000000080014f8                SDMMC2_IRQHandler
                0x00000000080014f8                OTG_FS_EP1_OUT_IRQHandler
                0x00000000080014f8                BDMA_Channel3_IRQHandler
                0x00000000080014f8                HOLD_CORE_IRQHandler
                0x00000000080014f8                UART7_IRQHandler
                0x00000000080014f8                MDIOS_WKUP_IRQHandler
                0x00000000080014f8                USART2_IRQHandler
                0x00000000080014f8                DFSDM1_FLT0_IRQHandler
                0x00000000080014f8                SAI4_IRQHandler
                0x00000000080014f8                I2C2_ER_IRQHandler
                0x00000000080014f8                DMA2_Stream1_IRQHandler
                0x00000000080014f8                FLASH_IRQHandler
                0x00000000080014f8                DMA2_Stream4_IRQHandler
                0x00000000080014f8                USART1_IRQHandler
                0x00000000080014f8                OTG_FS_IRQHandler
                0x00000000080014f8                SPI3_IRQHandler
                0x00000000080014f8                WAKEUP_PIN_IRQHandler
                0x00000000080014f8                DMA1_Stream4_IRQHandler
                0x00000000080014f8                OTG_FS_EP1_IN_IRQHandler
                0x00000000080014f8                I2C1_ER_IRQHandler
                0x00000000080014f8                FMC_IRQHandler
                0x00000000080014f8                FDCAN_CAL_IRQHandler
                0x00000000080014f8                SWPMI1_IRQHandler
                0x00000000080014f8                COMP1_IRQHandler
                0x00000000080014f8                LPTIM1_IRQHandler
                0x00000000080014f8                I2C4_ER_IRQHandler
                0x00000000080014f8                DMA2_Stream6_IRQHandler
                0x00000000080014f8                SAI1_IRQHandler
                0x00000000080014f8                DMA1_Stream3_IRQHandler
 *fill*         0x00000000080014fa        0x2 
 .text.HAL_Init
                0x00000000080014fc       0x78 ./Drivers/STM32H7xx_HAL_Driver/stm32h7xx_hal.o
                0x00000000080014fc                HAL_Init
 .text.HAL_InitTick
                0x0000000008001574       0x6c ./Drivers/STM32H7xx_HAL_Driver/stm32h7xx_hal.o
                0x0000000008001574                HAL_InitTick
 .text.HAL_IncTick
                0x00000000080015e0       0x28 ./Drivers/STM32H7xx_HAL_Driver/stm32h7xx_hal.o
                0x00000000080015e0                HAL_IncTick
 .text.HAL_GetTick
                0x0000000008001608       0x18 ./Drivers/STM32H7xx_HAL_Driver/stm32h7xx_hal.o
                0x0000000008001608                HAL_GetTick
 .text.HAL_Delay
                0x0000000008001620       0x48 ./Drivers/STM32H7xx_HAL_Driver/stm32h7xx_hal.o
                0x0000000008001620                HAL_Delay
 .text.HAL_GetREVID
                0x0000000008001668       0x18 ./Drivers/STM32H7xx_HAL_Driver/stm32h7xx_hal.o
                0x0000000008001668                HAL_GetREVID
 .text.HAL_SYSCFG_ETHInterfaceSelect
                0x0000000008001680       0x28 ./Drivers/STM32H7xx_HAL_Driver/stm32h7xx_hal.o
                0x0000000008001680                HAL_SYSCFG_ETHInterfaceSelect
 .text.__NVIC_SetPriorityGrouping
                0x00000000080016a8       0x48 ./Drivers/STM32H7xx_HAL_Driver/stm32h7xx_hal_cortex.o
 .text.__NVIC_GetPriorityGrouping
                0x00000000080016f0       0x1c ./Drivers/STM32H7xx_HAL_Driver/stm32h7xx_hal_cortex.o
 .text.__NVIC_EnableIRQ
                0x000000000800170c       0x3c ./Drivers/STM32H7xx_HAL_Driver/stm32h7xx_hal_cortex.o
 .text.__NVIC_SetPriority
                0x0000000008001748       0x54 ./Drivers/STM32H7xx_HAL_Driver/stm32h7xx_hal_cortex.o
 .text.NVIC_EncodePriority
                0x000000000800179c       0x66 ./Drivers/STM32H7xx_HAL_Driver/stm32h7xx_hal_cortex.o
 *fill*         0x0000000008001802        0x2 
 .text.SysTick_Config
                0x0000000008001804       0x44 ./Drivers/STM32H7xx_HAL_Driver/stm32h7xx_hal_cortex.o
 .text.HAL_NVIC_SetPriorityGrouping
                0x0000000008001848       0x16 ./Drivers/STM32H7xx_HAL_Driver/stm32h7xx_hal_cortex.o
                0x0000000008001848                HAL_NVIC_SetPriorityGrouping
 .text.HAL_NVIC_SetPriority
                0x000000000800185e       0x34 ./Drivers/STM32H7xx_HAL_Driver/stm32h7xx_hal_cortex.o
                0x000000000800185e                HAL_NVIC_SetPriority
 .text.HAL_NVIC_EnableIRQ
                0x0000000008001892       0x1c ./Drivers/STM32H7xx_HAL_Driver/stm32h7xx_hal_cortex.o
                0x0000000008001892                HAL_NVIC_EnableIRQ
 .text.HAL_SYSTICK_Config
                0x00000000080018ae       0x18 ./Drivers/STM32H7xx_HAL_Driver/stm32h7xx_hal_cortex.o
                0x00000000080018ae                HAL_SYSTICK_Config
 *fill*         0x00000000080018c6        0x2 
 .text.HAL_ETH_Init
                0x00000000080018c8      0x1b4 ./Drivers/STM32H7xx_HAL_Driver/stm32h7xx_hal_eth.o
                0x00000000080018c8                HAL_ETH_Init
 .text.ETH_SetMACConfig
                0x0000000008001a7c      0x238 ./Drivers/STM32H7xx_HAL_Driver/stm32h7xx_hal_eth.o
 .text.ETH_SetDMAConfig
                0x0000000008001cb4      0x10c ./Drivers/STM32H7xx_HAL_Driver/stm32h7xx_hal_eth.o
 .text.ETH_MACDMAConfig
                0x0000000008001dc0      0x13a ./Drivers/STM32H7xx_HAL_Driver/stm32h7xx_hal_eth.o
 *fill*         0x0000000008001efa        0x2 
 .text.ETH_MAC_MDIO_ClkConfig
                0x0000000008001efc       0xb0 ./Drivers/STM32H7xx_HAL_Driver/stm32h7xx_hal_eth.o
 .text.ETH_DMATxDescListInit
                0x0000000008001fac       0x8e ./Drivers/STM32H7xx_HAL_Driver/stm32h7xx_hal_eth.o
 .text.ETH_DMARxDescListInit
                0x000000000800203a       0xba ./Drivers/STM32H7xx_HAL_Driver/stm32h7xx_hal_eth.o
 .text.HAL_GPIO_Init
                0x00000000080020f4      0x360 ./Drivers/STM32H7xx_HAL_Driver/stm32h7xx_hal_gpio.o
                0x00000000080020f4                HAL_GPIO_Init
 .text.HAL_HSEM_FastTake
                0x0000000008002454       0x34 ./Drivers/STM32H7xx_HAL_Driver/stm32h7xx_hal_hsem.o
                0x0000000008002454                HAL_HSEM_FastTake
 .text.HAL_HSEM_Release
                0x0000000008002488       0x28 ./Drivers/STM32H7xx_HAL_Driver/stm32h7xx_hal_hsem.o
                0x0000000008002488                HAL_HSEM_Release
 .text.HAL_PCD_Init
                0x00000000080024b0      0x248 ./Drivers/STM32H7xx_HAL_Driver/stm32h7xx_hal_pcd.o
                0x00000000080024b0                HAL_PCD_Init
 .text.HAL_PCDEx_ActivateLPM
                0x00000000080026f8       0x48 ./Drivers/STM32H7xx_HAL_Driver/stm32h7xx_hal_pcd_ex.o
                0x00000000080026f8                HAL_PCDEx_ActivateLPM
 .text.HAL_PWREx_ConfigSupply
                0x0000000008002740       0xb4 ./Drivers/STM32H7xx_HAL_Driver/stm32h7xx_hal_pwr_ex.o
                0x0000000008002740                HAL_PWREx_ConfigSupply
 .text.HAL_PWREx_EnableUSBVoltageDetector
                0x00000000080027f4       0x20 ./Drivers/STM32H7xx_HAL_Driver/stm32h7xx_hal_pwr_ex.o
                0x00000000080027f4                HAL_PWREx_EnableUSBVoltageDetector
 .text.HAL_RCC_OscConfig
                0x0000000008002814      0x820 ./Drivers/STM32H7xx_HAL_Driver/stm32h7xx_hal_rcc.o
                0x0000000008002814                HAL_RCC_OscConfig
 .text.HAL_RCC_ClockConfig
                0x0000000008003034      0x36c ./Drivers/STM32H7xx_HAL_Driver/stm32h7xx_hal_rcc.o
                0x0000000008003034                HAL_RCC_ClockConfig
 .text.HAL_RCC_GetSysClockFreq
                0x00000000080033a0      0x2f4 ./Drivers/STM32H7xx_HAL_Driver/stm32h7xx_hal_rcc.o
                0x00000000080033a0                HAL_RCC_GetSysClockFreq
 .text.HAL_RCC_GetHCLKFreq
                0x0000000008003694       0x60 ./Drivers/STM32H7xx_HAL_Driver/stm32h7xx_hal_rcc.o
                0x0000000008003694                HAL_RCC_GetHCLKFreq
 .text.HAL_RCC_GetPCLK1Freq
                0x00000000080036f4       0x2c ./Drivers/STM32H7xx_HAL_Driver/stm32h7xx_hal_rcc.o
                0x00000000080036f4                HAL_RCC_GetPCLK1Freq
 .text.HAL_RCC_GetPCLK2Freq
                0x0000000008003720       0x2c ./Drivers/STM32H7xx_HAL_Driver/stm32h7xx_hal_rcc.o
                0x0000000008003720                HAL_RCC_GetPCLK2Freq
 .text.HAL_RCCEx_PeriphCLKConfig
                0x000000000800374c      0xe80 ./Drivers/STM32H7xx_HAL_Driver/stm32h7xx_hal_rcc_ex.o
                0x000000000800374c                HAL_RCCEx_PeriphCLKConfig
 .text.HAL_RCCEx_GetD3PCLK1Freq
                0x00000000080045cc       0x2c ./Drivers/STM32H7xx_HAL_Driver/stm32h7xx_hal_rcc_ex.o
                0x00000000080045cc                HAL_RCCEx_GetD3PCLK1Freq
 .text.HAL_RCCEx_GetPLL2ClockFreq
                0x00000000080045f8      0x2a8 ./Drivers/STM32H7xx_HAL_Driver/stm32h7xx_hal_rcc_ex.o
                0x00000000080045f8                HAL_RCCEx_GetPLL2ClockFreq
 .text.HAL_RCCEx_GetPLL3ClockFreq
                0x00000000080048a0      0x2a8 ./Drivers/STM32H7xx_HAL_Driver/stm32h7xx_hal_rcc_ex.o
                0x00000000080048a0                HAL_RCCEx_GetPLL3ClockFreq
 .text.RCCEx_PLL2_Config
                0x0000000008004b48      0x164 ./Drivers/STM32H7xx_HAL_Driver/stm32h7xx_hal_rcc_ex.o
 .text.RCCEx_PLL3_Config
                0x0000000008004cac      0x164 ./Drivers/STM32H7xx_HAL_Driver/stm32h7xx_hal_rcc_ex.o
 .text.HAL_TIM_PWM_Init
                0x0000000008004e10       0xae ./Drivers/STM32H7xx_HAL_Driver/stm32h7xx_hal_tim.o
                0x0000000008004e10                HAL_TIM_PWM_Init
 *fill*         0x0000000008004ebe        0x2 
 .text.HAL_TIM_Encoder_Init
                0x0000000008004ec0      0x14c ./Drivers/STM32H7xx_HAL_Driver/stm32h7xx_hal_tim.o
                0x0000000008004ec0                HAL_TIM_Encoder_Init
 .text.HAL_TIM_IRQHandler
                0x000000000800500c      0x23e ./Drivers/STM32H7xx_HAL_Driver/stm32h7xx_hal_tim.o
                0x000000000800500c                HAL_TIM_IRQHandler
 *fill*         0x000000000800524a        0x2 
 .text.HAL_TIM_PWM_ConfigChannel
                0x000000000800524c      0x220 ./Drivers/STM32H7xx_HAL_Driver/stm32h7xx_hal_tim.o
                0x000000000800524c                HAL_TIM_PWM_ConfigChannel
 .text.HAL_TIM_PeriodElapsedCallback
                0x000000000800546c       0x14 ./Drivers/STM32H7xx_HAL_Driver/stm32h7xx_hal_tim.o
                0x000000000800546c                HAL_TIM_PeriodElapsedCallback
 .text.HAL_TIM_OC_DelayElapsedCallback
                0x0000000008005480       0x14 ./Drivers/STM32H7xx_HAL_Driver/stm32h7xx_hal_tim.o
                0x0000000008005480                HAL_TIM_OC_DelayElapsedCallback
 .text.HAL_TIM_IC_CaptureCallback
                0x0000000008005494       0x14 ./Drivers/STM32H7xx_HAL_Driver/stm32h7xx_hal_tim.o
                0x0000000008005494                HAL_TIM_IC_CaptureCallback
 .text.HAL_TIM_PWM_PulseFinishedCallback
                0x00000000080054a8       0x14 ./Drivers/STM32H7xx_HAL_Driver/stm32h7xx_hal_tim.o
                0x00000000080054a8                HAL_TIM_PWM_PulseFinishedCallback
 .text.HAL_TIM_TriggerCallback
                0x00000000080054bc       0x14 ./Drivers/STM32H7xx_HAL_Driver/stm32h7xx_hal_tim.o
                0x00000000080054bc                HAL_TIM_TriggerCallback
 .text.TIM_Base_SetConfig
                0x00000000080054d0      0x134 ./Drivers/STM32H7xx_HAL_Driver/stm32h7xx_hal_tim.o
                0x00000000080054d0                TIM_Base_SetConfig
 .text.TIM_OC1_SetConfig
                0x0000000008005604      0x120 ./Drivers/STM32H7xx_HAL_Driver/stm32h7xx_hal_tim.o
 .text.TIM_OC2_SetConfig
                0x0000000008005724      0x114 ./Drivers/STM32H7xx_HAL_Driver/stm32h7xx_hal_tim.o
                0x0000000008005724                TIM_OC2_SetConfig
 .text.TIM_OC3_SetConfig
                0x0000000008005838      0x10c ./Drivers/STM32H7xx_HAL_Driver/stm32h7xx_hal_tim.o
 .text.TIM_OC4_SetConfig
                0x0000000008005944       0xd0 ./Drivers/STM32H7xx_HAL_Driver/stm32h7xx_hal_tim.o
 .text.TIM_OC5_SetConfig
                0x0000000008005a14       0xc4 ./Drivers/STM32H7xx_HAL_Driver/stm32h7xx_hal_tim.o
 .text.TIM_OC6_SetConfig
                0x0000000008005ad8       0xc8 ./Drivers/STM32H7xx_HAL_Driver/stm32h7xx_hal_tim.o
 .text.HAL_TIMEx_MasterConfigSynchronization
                0x0000000008005ba0      0x110 ./Drivers/STM32H7xx_HAL_Driver/stm32h7xx_hal_tim_ex.o
                0x0000000008005ba0                HAL_TIMEx_MasterConfigSynchronization
 .text.HAL_TIMEx_CommutCallback
                0x0000000008005cb0       0x14 ./Drivers/STM32H7xx_HAL_Driver/stm32h7xx_hal_tim_ex.o
                0x0000000008005cb0                HAL_TIMEx_CommutCallback
 .text.HAL_TIMEx_BreakCallback
                0x0000000008005cc4       0x14 ./Drivers/STM32H7xx_HAL_Driver/stm32h7xx_hal_tim_ex.o
                0x0000000008005cc4                HAL_TIMEx_BreakCallback
 .text.HAL_TIMEx_Break2Callback
                0x0000000008005cd8       0x14 ./Drivers/STM32H7xx_HAL_Driver/stm32h7xx_hal_tim_ex.o
                0x0000000008005cd8                HAL_TIMEx_Break2Callback
 .text.HAL_UART_Init
                0x0000000008005cec       0xa0 ./Drivers/STM32H7xx_HAL_Driver/stm32h7xx_hal_uart.o
                0x0000000008005cec                HAL_UART_Init
 .text.HAL_UART_Transmit
                0x0000000008005d8c      0x12c ./Drivers/STM32H7xx_HAL_Driver/stm32h7xx_hal_uart.o
                0x0000000008005d8c                HAL_UART_Transmit
 .text.UART_SetConfig
                0x0000000008005eb8      0xac0 ./Drivers/STM32H7xx_HAL_Driver/stm32h7xx_hal_uart.o
                0x0000000008005eb8                UART_SetConfig
 .text.UART_AdvFeatureConfig
                0x0000000008006978      0x144 ./Drivers/STM32H7xx_HAL_Driver/stm32h7xx_hal_uart.o
                0x0000000008006978                UART_AdvFeatureConfig
 .text.UART_CheckIdleState
                0x0000000008006abc       0x96 ./Drivers/STM32H7xx_HAL_Driver/stm32h7xx_hal_uart.o
                0x0000000008006abc                UART_CheckIdleState
 .text.UART_WaitOnFlagUntilTimeout
                0x0000000008006b52      0x100 ./Drivers/STM32H7xx_HAL_Driver/stm32h7xx_hal_uart.o
                0x0000000008006b52                UART_WaitOnFlagUntilTimeout
 .text.HAL_UARTEx_DisableFifoMode
                0x0000000008006c52       0x72 ./Drivers/STM32H7xx_HAL_Driver/stm32h7xx_hal_uart_ex.o
                0x0000000008006c52                HAL_UARTEx_DisableFifoMode
 .text.HAL_UARTEx_SetTxFifoThreshold
                0x0000000008006cc4       0x7c ./Drivers/STM32H7xx_HAL_Driver/stm32h7xx_hal_uart_ex.o
                0x0000000008006cc4                HAL_UARTEx_SetTxFifoThreshold
 .text.HAL_UARTEx_SetRxFifoThreshold
                0x0000000008006d40       0x7c ./Drivers/STM32H7xx_HAL_Driver/stm32h7xx_hal_uart_ex.o
                0x0000000008006d40                HAL_UARTEx_SetRxFifoThreshold
 .text.UARTEx_SetNbDataToProcess
                0x0000000008006dbc       0x9c ./Drivers/STM32H7xx_HAL_Driver/stm32h7xx_hal_uart_ex.o
 .text.USB_CoreInit
                0x0000000008006e58       0xdc ./Drivers/STM32H7xx_HAL_Driver/stm32h7xx_ll_usb.o
                0x0000000008006e58                USB_CoreInit
 .text.USB_DisableGlobalInt
                0x0000000008006f34       0x22 ./Drivers/STM32H7xx_HAL_Driver/stm32h7xx_ll_usb.o
                0x0000000008006f34                USB_DisableGlobalInt
 .text.USB_SetCurrentMode
                0x0000000008006f56       0x54 ./Drivers/STM32H7xx_HAL_Driver/stm32h7xx_ll_usb.o
                0x0000000008006f56                USB_SetCurrentMode
 *fill*         0x0000000008006faa        0x2 
 .text.USB_DevInit
                0x0000000008006fac      0x2bc ./Drivers/STM32H7xx_HAL_Driver/stm32h7xx_ll_usb.o
                0x0000000008006fac                USB_DevInit
 .text.USB_FlushTxFifo
                0x0000000008007268       0x4c ./Drivers/STM32H7xx_HAL_Driver/stm32h7xx_ll_usb.o
                0x0000000008007268                USB_FlushTxFifo
 .text.USB_FlushRxFifo
                0x00000000080072b4       0x44 ./Drivers/STM32H7xx_HAL_Driver/stm32h7xx_ll_usb.o
                0x00000000080072b4                USB_FlushRxFifo
 .text.USB_SetDevSpeed
                0x00000000080072f8       0x32 ./Drivers/STM32H7xx_HAL_Driver/stm32h7xx_ll_usb.o
                0x00000000080072f8                USB_SetDevSpeed
 .text.USB_DevDisconnect
                0x000000000800732a       0x42 ./Drivers/STM32H7xx_HAL_Driver/stm32h7xx_ll_usb.o
                0x000000000800732a                USB_DevDisconnect
 .text.USB_CoreReset
                0x000000000800736c       0x68 ./Drivers/STM32H7xx_HAL_Driver/stm32h7xx_ll_usb.o
 .text.__NVIC_SetPriority
                0x00000000080073d4       0x54 ./Middlewares/Third_Party/FreeRTOS/cmsis_os2.o
 .text.SVC_Setup
                0x0000000008007428       0x12 ./Middlewares/Third_Party/FreeRTOS/cmsis_os2.o
 *fill*         0x000000000800743a        0x2 
 .text.osKernelInitialize
                0x000000000800743c       0x48 ./Middlewares/Third_Party/FreeRTOS/cmsis_os2.o
                0x000000000800743c                osKernelInitialize
 .text.osKernelStart
                0x0000000008007484       0x4c ./Middlewares/Third_Party/FreeRTOS/cmsis_os2.o
                0x0000000008007484                osKernelStart
 .text.osThreadNew
                0x00000000080074d0      0x124 ./Middlewares/Third_Party/FreeRTOS/cmsis_os2.o
                0x00000000080074d0                osThreadNew
 .text.osDelay  0x00000000080075f4       0x36 ./Middlewares/Third_Party/FreeRTOS/cmsis_os2.o
                0x00000000080075f4                osDelay
 .text.osMessageQueueNew
                0x000000000800762a       0xe6 ./Middlewares/Third_Party/FreeRTOS/cmsis_os2.o
                0x000000000800762a                osMessageQueueNew
 .text.vApplicationGetIdleTaskMemory
                0x0000000008007710       0x34 ./Middlewares/Third_Party/FreeRTOS/cmsis_os2.o
                0x0000000008007710                vApplicationGetIdleTaskMemory
 .text.vApplicationGetTimerTaskMemory
                0x0000000008007744       0x34 ./Middlewares/Third_Party/FreeRTOS/cmsis_os2.o
                0x0000000008007744                vApplicationGetTimerTaskMemory
 .text.pvPortMalloc
                0x0000000008007778      0x198 ./Middlewares/Third_Party/FreeRTOS/heap_4.o
                0x0000000008007778                pvPortMalloc
 .text.vPortFree
                0x0000000008007910       0xc4 ./Middlewares/Third_Party/FreeRTOS/heap_4.o
                0x0000000008007910                vPortFree
 .text.prvHeapInit
                0x00000000080079d4       0xc4 ./Middlewares/Third_Party/FreeRTOS/heap_4.o
 .text.prvInsertBlockIntoFreeList
                0x0000000008007a98       0xb4 ./Middlewares/Third_Party/FreeRTOS/heap_4.o
 .text.vListInitialise
                0x0000000008007b4c       0x40 ./Middlewares/Third_Party/FreeRTOS/list.o
                0x0000000008007b4c                vListInitialise
 .text.vListInitialiseItem
                0x0000000008007b8c       0x1a ./Middlewares/Third_Party/FreeRTOS/list.o
                0x0000000008007b8c                vListInitialiseItem
 .text.vListInsertEnd
                0x0000000008007ba6       0x48 ./Middlewares/Third_Party/FreeRTOS/list.o
                0x0000000008007ba6                vListInsertEnd
 .text.vListInsert
                0x0000000008007bee       0x72 ./Middlewares/Third_Party/FreeRTOS/list.o
                0x0000000008007bee                vListInsert
 .text.uxListRemove
                0x0000000008007c60       0x54 ./Middlewares/Third_Party/FreeRTOS/list.o
                0x0000000008007c60                uxListRemove
 .text.pxPortInitialiseStack
                0x0000000008007cb4       0x68 ./Middlewares/Third_Party/FreeRTOS/port.o
                0x0000000008007cb4                pxPortInitialiseStack
 .text.prvTaskExitError
                0x0000000008007d1c       0x58 ./Middlewares/Third_Party/FreeRTOS/port.o
 *fill*         0x0000000008007d74        0xc 
 .text.SVC_Handler
                0x0000000008007d80       0x28 ./Middlewares/Third_Party/FreeRTOS/port.o
                0x0000000008007d80                SVC_Handler
 .text.prvPortStartFirstTask
                0x0000000008007da8       0x28 ./Middlewares/Third_Party/FreeRTOS/port.o
 .text.xPortStartScheduler
                0x0000000008007dd0      0x144 ./Middlewares/Third_Party/FreeRTOS/port.o
                0x0000000008007dd0                xPortStartScheduler
 .text.vPortEnterCritical
                0x0000000008007f14       0x60 ./Middlewares/Third_Party/FreeRTOS/port.o
                0x0000000008007f14                vPortEnterCritical
 .text.vPortExitCritical
                0x0000000008007f74       0x54 ./Middlewares/Third_Party/FreeRTOS/port.o
                0x0000000008007f74                vPortExitCritical
 *fill*         0x0000000008007fc8        0x8 
 .text.PendSV_Handler
                0x0000000008007fd0       0x68 ./Middlewares/Third_Party/FreeRTOS/port.o
                0x0000000008007fd0                PendSV_Handler
 .text.xPortSysTickHandler
                0x0000000008008038       0x44 ./Middlewares/Third_Party/FreeRTOS/port.o
                0x0000000008008038                xPortSysTickHandler
 .text.vPortSetupTimerInterrupt
                0x000000000800807c       0x48 ./Middlewares/Third_Party/FreeRTOS/port.o
                0x000000000800807c                vPortSetupTimerInterrupt
 .text.vPortEnableVFP
                0x00000000080080c4       0x14 ./Middlewares/Third_Party/FreeRTOS/port.o
 .text.vPortValidateInterruptPriority
                0x00000000080080d8       0x80 ./Middlewares/Third_Party/FreeRTOS/port.o
                0x00000000080080d8                vPortValidateInterruptPriority
 .text.xQueueGenericReset
                0x0000000008008158       0xd0 ./Middlewares/Third_Party/FreeRTOS/queue.o
                0x0000000008008158                xQueueGenericReset
 .text.xQueueGenericCreateStatic
                0x0000000008008228       0xf0 ./Middlewares/Third_Party/FreeRTOS/queue.o
                0x0000000008008228                xQueueGenericCreateStatic
 .text.xQueueGenericCreate
                0x0000000008008318       0x74 ./Middlewares/Third_Party/FreeRTOS/queue.o
                0x0000000008008318                xQueueGenericCreate
 .text.prvInitialiseNewQueue
                0x000000000800838c       0x46 ./Middlewares/Third_Party/FreeRTOS/queue.o
 *fill*         0x00000000080083d2        0x2 
 .text.xQueueGenericSend
                0x00000000080083d4      0x1fc ./Middlewares/Third_Party/FreeRTOS/queue.o
                0x00000000080083d4                xQueueGenericSend
 .text.xQueueGenericSendFromISR
                0x00000000080085d0      0x136 ./Middlewares/Third_Party/FreeRTOS/queue.o
                0x00000000080085d0                xQueueGenericSendFromISR
 *fill*         0x0000000008008706        0x2 
 .text.xQueueReceive
                0x0000000008008708      0x1c0 ./Middlewares/Third_Party/FreeRTOS/queue.o
                0x0000000008008708                xQueueReceive
 .text.prvCopyDataToQueue
                0x00000000080088c8       0xd4 ./Middlewares/Third_Party/FreeRTOS/queue.o
 .text.prvCopyDataFromQueue
                0x000000000800899c       0x4c ./Middlewares/Third_Party/FreeRTOS/queue.o
 .text.prvUnlockQueue
                0x00000000080089e8       0xa4 ./Middlewares/Third_Party/FreeRTOS/queue.o
 .text.prvIsQueueEmpty
                0x0000000008008a8c       0x2c ./Middlewares/Third_Party/FreeRTOS/queue.o
 .text.prvIsQueueFull
                0x0000000008008ab8       0x30 ./Middlewares/Third_Party/FreeRTOS/queue.o
 .text.vQueueAddToRegistry
                0x0000000008008ae8       0x54 ./Middlewares/Third_Party/FreeRTOS/queue.o
                0x0000000008008ae8                vQueueAddToRegistry
 .text.vQueueWaitForMessageRestricted
                0x0000000008008b3c       0x68 ./Middlewares/Third_Party/FreeRTOS/queue.o
                0x0000000008008b3c                vQueueWaitForMessageRestricted
 .text.xTaskCreateStatic
                0x0000000008008ba4       0xba ./Middlewares/Third_Party/FreeRTOS/tasks.o
                0x0000000008008ba4                xTaskCreateStatic
 .text.xTaskCreate
                0x0000000008008c5e       0x8a ./Middlewares/Third_Party/FreeRTOS/tasks.o
                0x0000000008008c5e                xTaskCreate
 .text.prvInitialiseNewTask
                0x0000000008008ce8      0x11e ./Middlewares/Third_Party/FreeRTOS/tasks.o
 *fill*         0x0000000008008e06        0x2 
 .text.prvAddNewTaskToReadyList
                0x0000000008008e08       0xe0 ./Middlewares/Third_Party/FreeRTOS/tasks.o
 .text.vTaskDelay
                0x0000000008008ee8       0x68 ./Middlewares/Third_Party/FreeRTOS/tasks.o
                0x0000000008008ee8                vTaskDelay
 .text.vTaskStartScheduler
                0x0000000008008f50       0xcc ./Middlewares/Third_Party/FreeRTOS/tasks.o
                0x0000000008008f50                vTaskStartScheduler
 .text.vTaskSuspendAll
                0x000000000800901c       0x1c ./Middlewares/Third_Party/FreeRTOS/tasks.o
                0x000000000800901c                vTaskSuspendAll
 .text.xTaskResumeAll
                0x0000000008009038      0x13c ./Middlewares/Third_Party/FreeRTOS/tasks.o
                0x0000000008009038                xTaskResumeAll
 .text.xTaskGetTickCount
                0x0000000008009174       0x20 ./Middlewares/Third_Party/FreeRTOS/tasks.o
                0x0000000008009174                xTaskGetTickCount
 .text.xTaskIncrementTick
                0x0000000008009194      0x174 ./Middlewares/Third_Party/FreeRTOS/tasks.o
                0x0000000008009194                xTaskIncrementTick
 .text.vTaskSwitchContext
                0x0000000008009308       0xbc ./Middlewares/Third_Party/FreeRTOS/tasks.o
                0x0000000008009308                vTaskSwitchContext
 .text.vTaskPlaceOnEventList
                0x00000000080093c4       0x48 ./Middlewares/Third_Party/FreeRTOS/tasks.o
                0x00000000080093c4                vTaskPlaceOnEventList
 .text.vTaskPlaceOnEventListRestricted
                0x000000000800940c       0x58 ./Middlewares/Third_Party/FreeRTOS/tasks.o
                0x000000000800940c                vTaskPlaceOnEventListRestricted
 .text.xTaskRemoveFromEventList
                0x0000000008009464       0xc8 ./Middlewares/Third_Party/FreeRTOS/tasks.o
                0x0000000008009464                xTaskRemoveFromEventList
 .text.vTaskInternalSetTimeOutState
                0x000000000800952c       0x2c ./Middlewares/Third_Party/FreeRTOS/tasks.o
                0x000000000800952c                vTaskInternalSetTimeOutState
 .text.xTaskCheckForTimeOut
                0x0000000008009558       0xc4 ./Middlewares/Third_Party/FreeRTOS/tasks.o
                0x0000000008009558                xTaskCheckForTimeOut
 .text.vTaskMissedYield
                0x000000000800961c       0x18 ./Middlewares/Third_Party/FreeRTOS/tasks.o
                0x000000000800961c                vTaskMissedYield
 .text.prvIdleTask
                0x0000000008009634       0x30 ./Middlewares/Third_Party/FreeRTOS/tasks.o
 .text.prvInitialiseTaskLists
                0x0000000008009664       0x80 ./Middlewares/Third_Party/FreeRTOS/tasks.o
 .text.prvCheckTasksWaitingTermination
                0x00000000080096e4       0x5c ./Middlewares/Third_Party/FreeRTOS/tasks.o
 .text.prvDeleteTCB
                0x0000000008009740       0x5e ./Middlewares/Third_Party/FreeRTOS/tasks.o
 *fill*         0x000000000800979e        0x2 
 .text.prvResetNextTaskUnblockTime
                0x00000000080097a0       0x40 ./Middlewares/Third_Party/FreeRTOS/tasks.o
 .text.xTaskGetSchedulerState
                0x00000000080097e0       0x3c ./Middlewares/Third_Party/FreeRTOS/tasks.o
                0x00000000080097e0                xTaskGetSchedulerState
 .text.xTaskPriorityDisinherit
                0x000000000800981c       0xdc ./Middlewares/Third_Party/FreeRTOS/tasks.o
                0x000000000800981c                xTaskPriorityDisinherit
 .text.prvAddCurrentTaskToDelayedList
                0x00000000080098f8       0xa8 ./Middlewares/Third_Party/FreeRTOS/tasks.o
 .text.xTimerCreateTimerTask
                0x00000000080099a0       0x90 ./Middlewares/Third_Party/FreeRTOS/timers.o
                0x00000000080099a0                xTimerCreateTimerTask
 .text.xTimerGenericCommand
                0x0000000008009a30       0x9c ./Middlewares/Third_Party/FreeRTOS/timers.o
                0x0000000008009a30                xTimerGenericCommand
 .text.prvProcessExpiredTimer
                0x0000000008009acc       0x98 ./Middlewares/Third_Party/FreeRTOS/timers.o
 .text.prvTimerTask
                0x0000000008009b64       0x24 ./Middlewares/Third_Party/FreeRTOS/timers.o
 .text.prvProcessTimerOrBlockTask
                0x0000000008009b88       0x9c ./Middlewares/Third_Party/FreeRTOS/timers.o
 .text.prvGetNextExpireTime
                0x0000000008009c24       0x48 ./Middlewares/Third_Party/FreeRTOS/timers.o
 .text.prvSampleTimeNow
                0x0000000008009c6c       0x40 ./Middlewares/Third_Party/FreeRTOS/timers.o
 .text.prvInsertTimerInActiveList
                0x0000000008009cac       0x84 ./Middlewares/Third_Party/FreeRTOS/timers.o
 .text.prvProcessReceivedCommands
                0x0000000008009d30      0x1c4 ./Middlewares/Third_Party/FreeRTOS/timers.o
 .text.prvSwitchTimerLists
                0x0000000008009ef4       0xc8 ./Middlewares/Third_Party/FreeRTOS/timers.o
 .text.prvCheckForValidListAndQueue
                0x0000000008009fbc       0x80 ./Middlewares/Third_Party/FreeRTOS/timers.o
 .text.__errno  0x000000000800a03c        0xc /opt/st/stm32cubeide_1.7.0/plugins/com.st.stm32cube.ide.mcu.externaltools.gnu-tools-for-stm32.9-2020-q2-update.linux64_2.0.0.202105311346/tools/bin/../lib/gcc/arm-none-eabi/9.3.1/../../../../arm-none-eabi/lib/thumb/v7e-m+dp/hard/libc_nano.a(lib_a-errno.o)
                0x000000000800a03c                __errno
 .text.__libc_init_array
                0x000000000800a048       0x48 /opt/st/stm32cubeide_1.7.0/plugins/com.st.stm32cube.ide.mcu.externaltools.gnu-tools-for-stm32.9-2020-q2-update.linux64_2.0.0.202105311346/tools/bin/../lib/gcc/arm-none-eabi/9.3.1/../../../../arm-none-eabi/lib/thumb/v7e-m+dp/hard/libc_nano.a(lib_a-init.o)
                0x000000000800a048                __libc_init_array
 .text.memcpy   0x000000000800a090       0x1c /opt/st/stm32cubeide_1.7.0/plugins/com.st.stm32cube.ide.mcu.externaltools.gnu-tools-for-stm32.9-2020-q2-update.linux64_2.0.0.202105311346/tools/bin/../lib/gcc/arm-none-eabi/9.3.1/../../../../arm-none-eabi/lib/thumb/v7e-m+dp/hard/libc_nano.a(lib_a-memcpy-stub.o)
                0x000000000800a090                memcpy
 .text.memset   0x000000000800a0ac       0x10 /opt/st/stm32cubeide_1.7.0/plugins/com.st.stm32cube.ide.mcu.externaltools.gnu-tools-for-stm32.9-2020-q2-update.linux64_2.0.0.202105311346/tools/bin/../lib/gcc/arm-none-eabi/9.3.1/../../../../arm-none-eabi/lib/thumb/v7e-m+dp/hard/libc_nano.a(lib_a-memset.o)
                0x000000000800a0ac                memset
 .text.sprintf  0x000000000800a0bc       0x40 /opt/st/stm32cubeide_1.7.0/plugins/com.st.stm32cube.ide.mcu.externaltools.gnu-tools-for-stm32.9-2020-q2-update.linux64_2.0.0.202105311346/tools/bin/../lib/gcc/arm-none-eabi/9.3.1/../../../../arm-none-eabi/lib/thumb/v7e-m+dp/hard/libc_nano.a(lib_a-sprintf.o)
                0x000000000800a0bc                sprintf
                0x000000000800a0bc                siprintf
 .text.__ssputs_r
                0x000000000800a0fc       0xb6 /opt/st/stm32cubeide_1.7.0/plugins/com.st.stm32cube.ide.mcu.externaltools.gnu-tools-for-stm32.9-2020-q2-update.linux64_2.0.0.202105311346/tools/bin/../lib/gcc/arm-none-eabi/9.3.1/../../../../arm-none-eabi/lib/thumb/v7e-m+dp/hard/libc_nano.a(lib_a-nano-svfprintf.o)
                0x000000000800a0fc                __ssputs_r
 *fill*         0x000000000800a1b2        0x2 
 .text._svfprintf_r
                0x000000000800a1b4      0x200 /opt/st/stm32cubeide_1.7.0/plugins/com.st.stm32cube.ide.mcu.externaltools.gnu-tools-for-stm32.9-2020-q2-update.linux64_2.0.0.202105311346/tools/bin/../lib/gcc/arm-none-eabi/9.3.1/../../../../arm-none-eabi/lib/thumb/v7e-m+dp/hard/libc_nano.a(lib_a-nano-svfprintf.o)
                0x000000000800a1b4                _svfprintf_r
                0x000000000800a1b4                _svfiprintf_r
 .text._printf_common
                0x000000000800a3b4       0xda /opt/st/stm32cubeide_1.7.0/plugins/com.st.stm32cube.ide.mcu.externaltools.gnu-tools-for-stm32.9-2020-q2-update.linux64_2.0.0.202105311346/tools/bin/../lib/gcc/arm-none-eabi/9.3.1/../../../../arm-none-eabi/lib/thumb/v7e-m+dp/hard/libc_nano.a(lib_a-nano-vfprintf_i.o)
                0x000000000800a3b4                _printf_common
 *fill*         0x000000000800a48e        0x2 
 .text._printf_i
                0x000000000800a490      0x24c /opt/st/stm32cubeide_1.7.0/plugins/com.st.stm32cube.ide.mcu.externaltools.gnu-tools-for-stm32.9-2020-q2-update.linux64_2.0.0.202105311346/tools/bin/../lib/gcc/arm-none-eabi/9.3.1/../../../../arm-none-eabi/lib/thumb/v7e-m+dp/hard/libc_nano.a(lib_a-nano-vfprintf_i.o)
                0x000000000800a490                _printf_i
 .text.memmove  0x000000000800a6dc       0x34 /opt/st/stm32cubeide_1.7.0/plugins/com.st.stm32cube.ide.mcu.externaltools.gnu-tools-for-stm32.9-2020-q2-update.linux64_2.0.0.202105311346/tools/bin/../lib/gcc/arm-none-eabi/9.3.1/../../../../arm-none-eabi/lib/thumb/v7e-m+dp/hard/libc_nano.a(lib_a-memmove.o)
                0x000000000800a6dc                memmove
 .text._free_r  0x000000000800a710       0xa0 /opt/st/stm32cubeide_1.7.0/plugins/com.st.stm32cube.ide.mcu.externaltools.gnu-tools-for-stm32.9-2020-q2-update.linux64_2.0.0.202105311346/tools/bin/../lib/gcc/arm-none-eabi/9.3.1/../../../../arm-none-eabi/lib/thumb/v7e-m+dp/hard/libc_nano.a(lib_a-nano-freer.o)
                0x000000000800a710                _free_r
 .text._malloc_r
                0x000000000800a7b0       0xb4 /opt/st/stm32cubeide_1.7.0/plugins/com.st.stm32cube.ide.mcu.externaltools.gnu-tools-for-stm32.9-2020-q2-update.linux64_2.0.0.202105311346/tools/bin/../lib/gcc/arm-none-eabi/9.3.1/../../../../arm-none-eabi/lib/thumb/v7e-m+dp/hard/libc_nano.a(lib_a-nano-mallocr.o)
                0x000000000800a7b0                _malloc_r
 .text._realloc_r
                0x000000000800a864       0x4c /opt/st/stm32cubeide_1.7.0/plugins/com.st.stm32cube.ide.mcu.externaltools.gnu-tools-for-stm32.9-2020-q2-update.linux64_2.0.0.202105311346/tools/bin/../lib/gcc/arm-none-eabi/9.3.1/../../../../arm-none-eabi/lib/thumb/v7e-m+dp/hard/libc_nano.a(lib_a-nano-reallocr.o)
                0x000000000800a864                _realloc_r
 .text._sbrk_r  0x000000000800a8b0       0x20 /opt/st/stm32cubeide_1.7.0/plugins/com.st.stm32cube.ide.mcu.externaltools.gnu-tools-for-stm32.9-2020-q2-update.linux64_2.0.0.202105311346/tools/bin/../lib/gcc/arm-none-eabi/9.3.1/../../../../arm-none-eabi/lib/thumb/v7e-m+dp/hard/libc_nano.a(lib_a-sbrkr.o)
                0x000000000800a8b0                _sbrk_r
 .text.__malloc_lock
                0x000000000800a8d0        0xc /opt/st/stm32cubeide_1.7.0/plugins/com.st.stm32cube.ide.mcu.externaltools.gnu-tools-for-stm32.9-2020-q2-update.linux64_2.0.0.202105311346/tools/bin/../lib/gcc/arm-none-eabi/9.3.1/../../../../arm-none-eabi/lib/thumb/v7e-m+dp/hard/libc_nano.a(lib_a-mlock.o)
                0x000000000800a8d0                __malloc_lock
 .text.__malloc_unlock
                0x000000000800a8dc        0xc /opt/st/stm32cubeide_1.7.0/plugins/com.st.stm32cube.ide.mcu.externaltools.gnu-tools-for-stm32.9-2020-q2-update.linux64_2.0.0.202105311346/tools/bin/../lib/gcc/arm-none-eabi/9.3.1/../../../../arm-none-eabi/lib/thumb/v7e-m+dp/hard/libc_nano.a(lib_a-mlock.o)
                0x000000000800a8dc                __malloc_unlock
 .text._malloc_usable_size_r
                0x000000000800a8e8       0x10 /opt/st/stm32cubeide_1.7.0/plugins/com.st.stm32cube.ide.mcu.externaltools.gnu-tools-for-stm32.9-2020-q2-update.linux64_2.0.0.202105311346/tools/bin/../lib/gcc/arm-none-eabi/9.3.1/../../../../arm-none-eabi/lib/thumb/v7e-m+dp/hard/libc_nano.a(lib_a-nano-msizer.o)
                0x000000000800a8e8                _malloc_usable_size_r
 .text.__retarget_lock_acquire_recursive
                0x000000000800a8f8        0x2 /opt/st/stm32cubeide_1.7.0/plugins/com.st.stm32cube.ide.mcu.externaltools.gnu-tools-for-stm32.9-2020-q2-update.linux64_2.0.0.202105311346/tools/bin/../lib/gcc/arm-none-eabi/9.3.1/../../../../arm-none-eabi/lib/thumb/v7e-m+dp/hard/libc_nano.a(lib_a-lock.o)
                0x000000000800a8f8                __retarget_lock_acquire_recursive
 .text.__retarget_lock_release_recursive
                0x000000000800a8fa        0x2 /opt/st/stm32cubeide_1.7.0/plugins/com.st.stm32cube.ide.mcu.externaltools.gnu-tools-for-stm32.9-2020-q2-update.linux64_2.0.0.202105311346/tools/bin/../lib/gcc/arm-none-eabi/9.3.1/../../../../arm-none-eabi/lib/thumb/v7e-m+dp/hard/libc_nano.a(lib_a-lock.o)
                0x000000000800a8fa                __retarget_lock_release_recursive
 *(.glue_7)
 .glue_7        0x000000000800a8fc        0x0 linker stubs
 *(.glue_7t)
 .glue_7t       0x000000000800a8fc        0x0 linker stubs
 *(.eh_frame)
 .eh_frame      0x000000000800a8fc        0x0 /opt/st/stm32cubeide_1.7.0/plugins/com.st.stm32cube.ide.mcu.externaltools.gnu-tools-for-stm32.9-2020-q2-update.linux64_2.0.0.202105311346/tools/bin/../lib/gcc/arm-none-eabi/9.3.1/thumb/v7e-m+dp/hard/crtbegin.o
 *(.init)
 .init          0x000000000800a8fc        0x4 /opt/st/stm32cubeide_1.7.0/plugins/com.st.stm32cube.ide.mcu.externaltools.gnu-tools-for-stm32.9-2020-q2-update.linux64_2.0.0.202105311346/tools/bin/../lib/gcc/arm-none-eabi/9.3.1/thumb/v7e-m+dp/hard/crti.o
                0x000000000800a8fc                _init
 .init          0x000000000800a900        0x8 /opt/st/stm32cubeide_1.7.0/plugins/com.st.stm32cube.ide.mcu.externaltools.gnu-tools-for-stm32.9-2020-q2-update.linux64_2.0.0.202105311346/tools/bin/../lib/gcc/arm-none-eabi/9.3.1/thumb/v7e-m+dp/hard/crtn.o
 *(.fini)
 .fini          0x000000000800a908        0x4 /opt/st/stm32cubeide_1.7.0/plugins/com.st.stm32cube.ide.mcu.externaltools.gnu-tools-for-stm32.9-2020-q2-update.linux64_2.0.0.202105311346/tools/bin/../lib/gcc/arm-none-eabi/9.3.1/thumb/v7e-m+dp/hard/crti.o
                0x000000000800a908                _fini
 .fini          0x000000000800a90c        0x8 /opt/st/stm32cubeide_1.7.0/plugins/com.st.stm32cube.ide.mcu.externaltools.gnu-tools-for-stm32.9-2020-q2-update.linux64_2.0.0.202105311346/tools/bin/../lib/gcc/arm-none-eabi/9.3.1/thumb/v7e-m+dp/hard/crtn.o
                0x000000000800a914                . = ALIGN (0x4)
                0x000000000800a914                _etext = .

.vfp11_veneer   0x000000000800a914        0x0
 .vfp11_veneer  0x000000000800a914        0x0 linker stubs

.v4_bx          0x000000000800a914        0x0
 .v4_bx         0x000000000800a914        0x0 linker stubs

.iplt           0x000000000800a914        0x0
 .iplt          0x000000000800a914        0x0 /opt/st/stm32cubeide_1.7.0/plugins/com.st.stm32cube.ide.mcu.externaltools.gnu-tools-for-stm32.9-2020-q2-update.linux64_2.0.0.202105311346/tools/bin/../lib/gcc/arm-none-eabi/9.3.1/thumb/v7e-m+dp/hard/crtbegin.o

.rodata         0x000000000800a914      0x1c4
                0x000000000800a914                . = ALIGN (0x4)
 *(.rodata)
 .rodata        0x000000000800a914       0x8a ./Core/Src/main.o
 *fill*         0x000000000800a99e        0x2 
 .rodata        0x000000000800a9a0        0x5 ./Middlewares/Third_Party/FreeRTOS/tasks.o
 *fill*         0x000000000800a9a5        0x3 
 .rodata        0x000000000800a9a8        0xd ./Middlewares/Third_Party/FreeRTOS/timers.o
 *(.rodata*)
 *fill*         0x000000000800a9b5        0x3 
 .rodata.D1CorePrescTable
                0x000000000800a9b8       0x10 ./Common/Src/system_stm32h7xx_dualcore_boot_cm4_cm7.o
                0x000000000800a9b8                D1CorePrescTable
 .rodata.core7_MotorCont_attributes
                0x000000000800a9c8       0x24 ./Core/Src/main.o
                0x000000000800a9c8                core7_MotorCont_attributes
 .rodata.core7_SensorPos_attributes
                0x000000000800a9ec       0x24 ./Core/Src/main.o
                0x000000000800a9ec                core7_SensorPos_attributes
 .rodata.core7_diagnosis_attributes
                0x000000000800aa10       0x24 ./Core/Src/main.o
                0x000000000800aa10                core7_diagnosis_attributes
 .rodata.positionQueue_attributes
                0x000000000800aa34       0x18 ./Core/Src/main.o
                0x000000000800aa34                positionQueue_attributes
 .rodata.doneQueue_attributes
                0x000000000800aa4c       0x18 ./Core/Src/main.o
                0x000000000800aa4c                doneQueue_attributes
 .rodata.diagnosQueue_attributes
                0x000000000800aa64       0x18 ./Core/Src/main.o
                0x000000000800aa64                diagnosQueue_attributes
 .rodata.UARTPrescTable
                0x000000000800aa7c       0x18 ./Drivers/STM32H7xx_HAL_Driver/stm32h7xx_hal_uart.o
                0x000000000800aa7c                UARTPrescTable
 .rodata.numerator.11789
                0x000000000800aa94        0x8 ./Drivers/STM32H7xx_HAL_Driver/stm32h7xx_hal_uart_ex.o
 .rodata.denominator.11790
                0x000000000800aa9c        0x8 ./Drivers/STM32H7xx_HAL_Driver/stm32h7xx_hal_uart_ex.o
 .rodata._svfprintf_r.str1.1
                0x000000000800aaa4       0x11 /opt/st/stm32cubeide_1.7.0/plugins/com.st.stm32cube.ide.mcu.externaltools.gnu-tools-for-stm32.9-2020-q2-update.linux64_2.0.0.202105311346/tools/bin/../lib/gcc/arm-none-eabi/9.3.1/../../../../arm-none-eabi/lib/thumb/v7e-m+dp/hard/libc_nano.a(lib_a-nano-svfprintf.o)
 .rodata._printf_i.str1.1
                0x000000000800aab5       0x22 /opt/st/stm32cubeide_1.7.0/plugins/com.st.stm32cube.ide.mcu.externaltools.gnu-tools-for-stm32.9-2020-q2-update.linux64_2.0.0.202105311346/tools/bin/../lib/gcc/arm-none-eabi/9.3.1/../../../../arm-none-eabi/lib/thumb/v7e-m+dp/hard/libc_nano.a(lib_a-nano-vfprintf_i.o)
                0x000000000800aad8                . = ALIGN (0x4)
 *fill*         0x000000000800aad7        0x1 

.ARM.extab      0x000000000800aad8        0x0
                0x000000000800aad8                . = ALIGN (0x4)
 *(.ARM.extab* .gnu.linkonce.armextab.*)
                0x000000000800aad8                . = ALIGN (0x4)

.ARM            0x000000000800aad8        0x8
                0x000000000800aad8                . = ALIGN (0x4)
                0x000000000800aad8                __exidx_start = .
 *(.ARM.exidx*)
 .ARM.exidx     0x000000000800aad8        0x8 /opt/st/stm32cubeide_1.7.0/plugins/com.st.stm32cube.ide.mcu.externaltools.gnu-tools-for-stm32.9-2020-q2-update.linux64_2.0.0.202105311346/tools/bin/../lib/gcc/arm-none-eabi/9.3.1/thumb/v7e-m+dp/hard/libgcc.a(_udivmoddi4.o)
                0x000000000800aae0                __exidx_end = .
                0x000000000800aae0                . = ALIGN (0x4)

.rel.dyn        0x000000000800aae0        0x0
 .rel.iplt      0x000000000800aae0        0x0 /opt/st/stm32cubeide_1.7.0/plugins/com.st.stm32cube.ide.mcu.externaltools.gnu-tools-for-stm32.9-2020-q2-update.linux64_2.0.0.202105311346/tools/bin/../lib/gcc/arm-none-eabi/9.3.1/thumb/v7e-m+dp/hard/crtbegin.o

.preinit_array  0x000000000800aae0        0x0
                0x000000000800aae0                . = ALIGN (0x4)
                0x000000000800aae0                PROVIDE (__preinit_array_start = .)
 *(.preinit_array*)
                0x000000000800aae0                PROVIDE (__preinit_array_end = .)
                0x000000000800aae0                . = ALIGN (0x4)

.init_array     0x000000000800aae0        0x4
                0x000000000800aae0                . = ALIGN (0x4)
                0x000000000800aae0                PROVIDE (__init_array_start = .)
 *(SORT_BY_NAME(.init_array.*))
 *(.init_array*)
 .init_array    0x000000000800aae0        0x4 /opt/st/stm32cubeide_1.7.0/plugins/com.st.stm32cube.ide.mcu.externaltools.gnu-tools-for-stm32.9-2020-q2-update.linux64_2.0.0.202105311346/tools/bin/../lib/gcc/arm-none-eabi/9.3.1/thumb/v7e-m+dp/hard/crtbegin.o
                0x000000000800aae4                PROVIDE (__init_array_end = .)
                0x000000000800aae4                . = ALIGN (0x4)

.fini_array     0x000000000800aae4        0x4
                0x000000000800aae4                . = ALIGN (0x4)
                [!provide]                        PROVIDE (__fini_array_start = .)
 *(SORT_BY_NAME(.fini_array.*))
 *(.fini_array*)
 .fini_array    0x000000000800aae4        0x4 /opt/st/stm32cubeide_1.7.0/plugins/com.st.stm32cube.ide.mcu.externaltools.gnu-tools-for-stm32.9-2020-q2-update.linux64_2.0.0.202105311346/tools/bin/../lib/gcc/arm-none-eabi/9.3.1/thumb/v7e-m+dp/hard/crtbegin.o
                [!provide]                        PROVIDE (__fini_array_end = .)
                0x000000000800aae8                . = ALIGN (0x4)
                0x000000000800aae8                _sidata = LOADADDR (.data)

.data           0x0000000024000000       0x78 load address 0x000000000800aae8
                0x0000000024000000                . = ALIGN (0x4)
                0x0000000024000000                _sdata = .
 *(.data)
 *(.data*)
 .data.SystemCoreClock
                0x0000000024000000        0x4 ./Common/Src/system_stm32h7xx_dualcore_boot_cm4_cm7.o
                0x0000000024000000                SystemCoreClock
 .data.SystemD2Clock
                0x0000000024000004        0x4 ./Common/Src/system_stm32h7xx_dualcore_boot_cm4_cm7.o
                0x0000000024000004                SystemD2Clock
 .data.uwTickPrio
                0x0000000024000008        0x4 ./Drivers/STM32H7xx_HAL_Driver/stm32h7xx_hal.o
                0x0000000024000008                uwTickPrio
 .data.uwTickFreq
                0x000000002400000c        0x1 ./Drivers/STM32H7xx_HAL_Driver/stm32h7xx_hal.o
                0x000000002400000c                uwTickFreq
 *fill*         0x000000002400000d        0x3 
 .data.uxCriticalNesting
                0x0000000024000010        0x4 ./Middlewares/Third_Party/FreeRTOS/port.o
 .data._impure_ptr
                0x0000000024000014        0x4 /opt/st/stm32cubeide_1.7.0/plugins/com.st.stm32cube.ide.mcu.externaltools.gnu-tools-for-stm32.9-2020-q2-update.linux64_2.0.0.202105311346/tools/bin/../lib/gcc/arm-none-eabi/9.3.1/../../../../arm-none-eabi/lib/thumb/v7e-m+dp/hard/libc_nano.a(lib_a-impure.o)
                0x0000000024000014                _impure_ptr
 .data.impure_data
                0x0000000024000018       0x60 /opt/st/stm32cubeide_1.7.0/plugins/com.st.stm32cube.ide.mcu.externaltools.gnu-tools-for-stm32.9-2020-q2-update.linux64_2.0.0.202105311346/tools/bin/../lib/gcc/arm-none-eabi/9.3.1/../../../../arm-none-eabi/lib/thumb/v7e-m+dp/hard/libc_nano.a(lib_a-impure.o)
 *(.RamFunc)
 *(.RamFunc*)
                0x0000000024000078                . = ALIGN (0x4)
                0x0000000024000078                _edata = .

.igot.plt       0x0000000024000078        0x0 load address 0x000000000800ab60
 .igot.plt      0x0000000024000078        0x0 /opt/st/stm32cubeide_1.7.0/plugins/com.st.stm32cube.ide.mcu.externaltools.gnu-tools-for-stm32.9-2020-q2-update.linux64_2.0.0.202105311346/tools/bin/../lib/gcc/arm-none-eabi/9.3.1/thumb/v7e-m+dp/hard/crtbegin.o

.RxDecripSection
                0x0000000024000078       0x60 load address 0x000000000800ab60
 .RxDecripSection
                0x0000000024000078       0x60 ./Core/Src/main.o
                0x0000000024000078                DMARxDscrTab

.TxDecripSection
                0x00000000240000d8       0x60 load address 0x000000000800abc0
 .TxDecripSection
                0x00000000240000d8       0x60 ./Core/Src/main.o
                0x00000000240000d8                DMATxDscrTab
                0x0000000024000138                . = ALIGN (0x4)

.bss            0x0000000024000138     0x4fd8 load address 0x000000000800ac20
                0x0000000024000138                _sbss = .
                0x0000000024000138                __bss_start__ = _sbss
 *(.bss)
 .bss           0x0000000024000138       0x1c /opt/st/stm32cubeide_1.7.0/plugins/com.st.stm32cube.ide.mcu.externaltools.gnu-tools-for-stm32.9-2020-q2-update.linux64_2.0.0.202105311346/tools/bin/../lib/gcc/arm-none-eabi/9.3.1/thumb/v7e-m+dp/hard/crtbegin.o
 *(.bss*)
 .bss.MACAddr.12773
                0x0000000024000154        0x6 ./Core/Src/main.o
 *fill*         0x000000002400015a        0x2 
 .bss.__sbrk_heap_end
                0x000000002400015c        0x4 ./Core/Src/sysmem.o
 .bss.KernelState
                0x0000000024000160        0x4 ./Middlewares/Third_Party/FreeRTOS/cmsis_os2.o
 .bss.Idle_TCB.13399
                0x0000000024000164       0x5c ./Middlewares/Third_Party/FreeRTOS/cmsis_os2.o
 .bss.Idle_Stack.13400
                0x00000000240001c0      0x200 ./Middlewares/Third_Party/FreeRTOS/cmsis_os2.o
 .bss.Timer_TCB.13406
                0x00000000240003c0       0x5c ./Middlewares/Third_Party/FreeRTOS/cmsis_os2.o
 .bss.Timer_Stack.13407
                0x000000002400041c      0x400 ./Middlewares/Third_Party/FreeRTOS/cmsis_os2.o
 .bss.ucHeap    0x000000002400081c     0x3c00 ./Middlewares/Third_Party/FreeRTOS/heap_4.o
 .bss.xStart    0x000000002400441c        0x8 ./Middlewares/Third_Party/FreeRTOS/heap_4.o
 .bss.pxEnd     0x0000000024004424        0x4 ./Middlewares/Third_Party/FreeRTOS/heap_4.o
 .bss.xFreeBytesRemaining
                0x0000000024004428        0x4 ./Middlewares/Third_Party/FreeRTOS/heap_4.o
 .bss.xMinimumEverFreeBytesRemaining
                0x000000002400442c        0x4 ./Middlewares/Third_Party/FreeRTOS/heap_4.o
 .bss.xNumberOfSuccessfulAllocations
                0x0000000024004430        0x4 ./Middlewares/Third_Party/FreeRTOS/heap_4.o
 .bss.xNumberOfSuccessfulFrees
                0x0000000024004434        0x4 ./Middlewares/Third_Party/FreeRTOS/heap_4.o
 .bss.xBlockAllocatedBit
                0x0000000024004438        0x4 ./Middlewares/Third_Party/FreeRTOS/heap_4.o
 .bss.ucMaxSysCallPriority
                0x000000002400443c        0x1 ./Middlewares/Third_Party/FreeRTOS/port.o
 *fill*         0x000000002400443d        0x3 
 .bss.ulMaxPRIGROUPValue
                0x0000000024004440        0x4 ./Middlewares/Third_Party/FreeRTOS/port.o
 .bss.pxCurrentTCB
                0x0000000024004444        0x4 ./Middlewares/Third_Party/FreeRTOS/tasks.o
                0x0000000024004444                pxCurrentTCB
 .bss.pxReadyTasksLists
                0x0000000024004448      0x460 ./Middlewares/Third_Party/FreeRTOS/tasks.o
 .bss.xDelayedTaskList1
                0x00000000240048a8       0x14 ./Middlewares/Third_Party/FreeRTOS/tasks.o
 .bss.xDelayedTaskList2
                0x00000000240048bc       0x14 ./Middlewares/Third_Party/FreeRTOS/tasks.o
 .bss.pxDelayedTaskList
                0x00000000240048d0        0x4 ./Middlewares/Third_Party/FreeRTOS/tasks.o
 .bss.pxOverflowDelayedTaskList
                0x00000000240048d4        0x4 ./Middlewares/Third_Party/FreeRTOS/tasks.o
 .bss.xPendingReadyList
                0x00000000240048d8       0x14 ./Middlewares/Third_Party/FreeRTOS/tasks.o
 .bss.xTasksWaitingTermination
                0x00000000240048ec       0x14 ./Middlewares/Third_Party/FreeRTOS/tasks.o
 .bss.uxDeletedTasksWaitingCleanUp
                0x0000000024004900        0x4 ./Middlewares/Third_Party/FreeRTOS/tasks.o
 .bss.xSuspendedTaskList
                0x0000000024004904       0x14 ./Middlewares/Third_Party/FreeRTOS/tasks.o
 .bss.uxCurrentNumberOfTasks
                0x0000000024004918        0x4 ./Middlewares/Third_Party/FreeRTOS/tasks.o
 .bss.xTickCount
                0x000000002400491c        0x4 ./Middlewares/Third_Party/FreeRTOS/tasks.o
 .bss.uxTopReadyPriority
                0x0000000024004920        0x4 ./Middlewares/Third_Party/FreeRTOS/tasks.o
 .bss.xSchedulerRunning
                0x0000000024004924        0x4 ./Middlewares/Third_Party/FreeRTOS/tasks.o
 .bss.xPendedTicks
                0x0000000024004928        0x4 ./Middlewares/Third_Party/FreeRTOS/tasks.o
 .bss.xYieldPending
                0x000000002400492c        0x4 ./Middlewares/Third_Party/FreeRTOS/tasks.o
 .bss.xNumOfOverflows
                0x0000000024004930        0x4 ./Middlewares/Third_Party/FreeRTOS/tasks.o
 .bss.uxTaskNumber
                0x0000000024004934        0x4 ./Middlewares/Third_Party/FreeRTOS/tasks.o
 .bss.xNextTaskUnblockTime
                0x0000000024004938        0x4 ./Middlewares/Third_Party/FreeRTOS/tasks.o
 .bss.xIdleTaskHandle
                0x000000002400493c        0x4 ./Middlewares/Third_Party/FreeRTOS/tasks.o
 .bss.uxSchedulerSuspended
                0x0000000024004940        0x4 ./Middlewares/Third_Party/FreeRTOS/tasks.o
 .bss.xActiveTimerList1
                0x0000000024004944       0x14 ./Middlewares/Third_Party/FreeRTOS/timers.o
 .bss.xActiveTimerList2
                0x0000000024004958       0x14 ./Middlewares/Third_Party/FreeRTOS/timers.o
 .bss.pxCurrentTimerList
                0x000000002400496c        0x4 ./Middlewares/Third_Party/FreeRTOS/timers.o
 .bss.pxOverflowTimerList
                0x0000000024004970        0x4 ./Middlewares/Third_Party/FreeRTOS/timers.o
 .bss.xTimerQueue
                0x0000000024004974        0x4 ./Middlewares/Third_Party/FreeRTOS/timers.o
 .bss.xTimerTaskHandle
                0x0000000024004978        0x4 ./Middlewares/Third_Party/FreeRTOS/timers.o
 .bss.xLastTime.6927
                0x000000002400497c        0x4 ./Middlewares/Third_Party/FreeRTOS/timers.o
 .bss.ucStaticTimerQueueStorage.6978
                0x0000000024004980       0xa0 ./Middlewares/Third_Party/FreeRTOS/timers.o
 .bss.xStaticTimerQueue.6977
                0x0000000024004a20       0x50 ./Middlewares/Third_Party/FreeRTOS/timers.o
 .bss.__malloc_free_list
                0x0000000024004a70        0x4 /opt/st/stm32cubeide_1.7.0/plugins/com.st.stm32cube.ide.mcu.externaltools.gnu-tools-for-stm32.9-2020-q2-update.linux64_2.0.0.202105311346/tools/bin/../lib/gcc/arm-none-eabi/9.3.1/../../../../arm-none-eabi/lib/thumb/v7e-m+dp/hard/libc_nano.a(lib_a-nano-mallocr.o)
                0x0000000024004a70                __malloc_free_list
 .bss.__malloc_sbrk_start
                0x0000000024004a74        0x4 /opt/st/stm32cubeide_1.7.0/plugins/com.st.stm32cube.ide.mcu.externaltools.gnu-tools-for-stm32.9-2020-q2-update.linux64_2.0.0.202105311346/tools/bin/../lib/gcc/arm-none-eabi/9.3.1/../../../../arm-none-eabi/lib/thumb/v7e-m+dp/hard/libc_nano.a(lib_a-nano-mallocr.o)
                0x0000000024004a74                __malloc_sbrk_start
 *(COMMON)
 COMMON         0x0000000024004a78      0x604 ./Core/Src/main.o
                0x0000000024004a78                core7_SensorPosHandle
                0x0000000024004a7c                huart3
                0x0000000024004b0c                hpcd_USB_OTG_FS
                0x0000000024004f14                htim3
                0x0000000024004f60                positionQueueHandle
                0x0000000024004f64                doneQueueHandle
                0x0000000024004f68                core7_diagnosisHandle
                0x0000000024004f6c                htim2
                0x0000000024004fb8                core7_MotorContHandle
                0x0000000024004fbc                heth
                0x0000000024005044                TxConfig
                0x0000000024005078                diagnosQueueHandle
 COMMON         0x000000002400507c        0x4 ./Drivers/STM32H7xx_HAL_Driver/stm32h7xx_hal.o
                0x000000002400507c                uwTick
 COMMON         0x0000000024005080       0x80 ./Middlewares/Third_Party/FreeRTOS/queue.o
                0x0000000024005080                xQueueRegistry
 COMMON         0x0000000024005100        0x4 /opt/st/stm32cubeide_1.7.0/plugins/com.st.stm32cube.ide.mcu.externaltools.gnu-tools-for-stm32.9-2020-q2-update.linux64_2.0.0.202105311346/tools/bin/../lib/gcc/arm-none-eabi/9.3.1/../../../../arm-none-eabi/lib/thumb/v7e-m+dp/hard/libc_nano.a(lib_a-reent.o)
                0x0000000024005100                errno
 COMMON         0x0000000024005104        0x9 /opt/st/stm32cubeide_1.7.0/plugins/com.st.stm32cube.ide.mcu.externaltools.gnu-tools-for-stm32.9-2020-q2-update.linux64_2.0.0.202105311346/tools/bin/../lib/gcc/arm-none-eabi/9.3.1/../../../../arm-none-eabi/lib/thumb/v7e-m+dp/hard/libc_nano.a(lib_a-lock.o)
                0x0000000024005104                __lock___atexit_recursive_mutex
                0x0000000024005105                __lock___arc4random_mutex
                0x0000000024005106                __lock___env_recursive_mutex
                0x0000000024005107                __lock___sinit_recursive_mutex
                0x0000000024005108                __lock___malloc_recursive_mutex
                0x0000000024005109                __lock___at_quick_exit_mutex
                0x000000002400510a                __lock___dd_hash_mutex
                0x000000002400510b                __lock___tz_mutex
                0x000000002400510c                __lock___sfp_recursive_mutex
                0x0000000024005110                . = ALIGN (0x4)
 *fill*         0x000000002400510d        0x3 
                0x0000000024005110                _ebss = .
                0x0000000024005110                __bss_end__ = _ebss

._user_heap_stack
                0x0000000024005110      0x600 load address 0x000000000800ac20
                0x0000000024005110                . = ALIGN (0x8)
                [!provide]                        PROVIDE (end = .)
                0x0000000024005110                PROVIDE (_end = .)
                0x0000000024005310                . = (. + _Min_Heap_Size)
 *fill*         0x0000000024005110      0x200 
                0x0000000024005710                . = (. + _Min_Stack_Size)
 *fill*         0x0000000024005310      0x400 
                0x0000000024005710                . = ALIGN (0x8)

/DISCARD/
 libc.a(*)
 libm.a(*)
 libgcc.a(*)

.ARM.attributes
                0x0000000000000000       0x2e
 *(.ARM.attributes)
 .ARM.attributes
                0x0000000000000000       0x1e /opt/st/stm32cubeide_1.7.0/plugins/com.st.stm32cube.ide.mcu.externaltools.gnu-tools-for-stm32.9-2020-q2-update.linux64_2.0.0.202105311346/tools/bin/../lib/gcc/arm-none-eabi/9.3.1/thumb/v7e-m+dp/hard/crti.o
 .ARM.attributes
                0x000000000000001e       0x32 /opt/st/stm32cubeide_1.7.0/plugins/com.st.stm32cube.ide.mcu.externaltools.gnu-tools-for-stm32.9-2020-q2-update.linux64_2.0.0.202105311346/tools/bin/../lib/gcc/arm-none-eabi/9.3.1/thumb/v7e-m+dp/hard/crtbegin.o
 .ARM.attributes
                0x0000000000000050       0x32 ./Common/Src/system_stm32h7xx_dualcore_boot_cm4_cm7.o
 .ARM.attributes
                0x0000000000000082       0x32 ./Core/Src/main.o
 .ARM.attributes
                0x00000000000000b4       0x32 ./Core/Src/stm32h7xx_hal_msp.o
 .ARM.attributes
                0x00000000000000e6       0x32 ./Core/Src/stm32h7xx_it.o
 .ARM.attributes
                0x0000000000000118       0x32 ./Core/Src/sysmem.o
 .ARM.attributes
                0x000000000000014a       0x21 ./Core/Startup/startup_stm32h745zitx.o
 .ARM.attributes
                0x000000000000016b       0x32 ./Drivers/STM32H7xx_HAL_Driver/stm32h7xx_hal.o
 .ARM.attributes
                0x000000000000019d       0x32 ./Drivers/STM32H7xx_HAL_Driver/stm32h7xx_hal_cortex.o
 .ARM.attributes
                0x00000000000001cf       0x32 ./Drivers/STM32H7xx_HAL_Driver/stm32h7xx_hal_eth.o
 .ARM.attributes
                0x0000000000000201       0x32 ./Drivers/STM32H7xx_HAL_Driver/stm32h7xx_hal_gpio.o
 .ARM.attributes
                0x0000000000000233       0x32 ./Drivers/STM32H7xx_HAL_Driver/stm32h7xx_hal_hsem.o
 .ARM.attributes
                0x0000000000000265       0x32 ./Drivers/STM32H7xx_HAL_Driver/stm32h7xx_hal_pcd.o
 .ARM.attributes
                0x0000000000000297       0x32 ./Drivers/STM32H7xx_HAL_Driver/stm32h7xx_hal_pcd_ex.o
 .ARM.attributes
                0x00000000000002c9       0x32 ./Drivers/STM32H7xx_HAL_Driver/stm32h7xx_hal_pwr_ex.o
 .ARM.attributes
                0x00000000000002fb       0x32 ./Drivers/STM32H7xx_HAL_Driver/stm32h7xx_hal_rcc.o
 .ARM.attributes
                0x000000000000032d       0x32 ./Drivers/STM32H7xx_HAL_Driver/stm32h7xx_hal_rcc_ex.o
 .ARM.attributes
                0x000000000000035f       0x32 ./Drivers/STM32H7xx_HAL_Driver/stm32h7xx_hal_tim.o
 .ARM.attributes
                0x0000000000000391       0x32 ./Drivers/STM32H7xx_HAL_Driver/stm32h7xx_hal_tim_ex.o
 .ARM.attributes
                0x00000000000003c3       0x32 ./Drivers/STM32H7xx_HAL_Driver/stm32h7xx_hal_uart.o
 .ARM.attributes
                0x00000000000003f5       0x32 ./Drivers/STM32H7xx_HAL_Driver/stm32h7xx_hal_uart_ex.o
 .ARM.attributes
                0x0000000000000427       0x32 ./Drivers/STM32H7xx_HAL_Driver/stm32h7xx_ll_usb.o
 .ARM.attributes
                0x0000000000000459       0x32 ./Middlewares/Third_Party/FreeRTOS/cmsis_os2.o
 .ARM.attributes
                0x000000000000048b       0x32 ./Middlewares/Third_Party/FreeRTOS/heap_4.o
 .ARM.attributes
                0x00000000000004bd       0x32 ./Middlewares/Third_Party/FreeRTOS/list.o
 .ARM.attributes
                0x00000000000004ef       0x32 ./Middlewares/Third_Party/FreeRTOS/port.o
 .ARM.attributes
                0x0000000000000521       0x32 ./Middlewares/Third_Party/FreeRTOS/queue.o
 .ARM.attributes
                0x0000000000000553       0x32 ./Middlewares/Third_Party/FreeRTOS/tasks.o
 .ARM.attributes
                0x0000000000000585       0x32 ./Middlewares/Third_Party/FreeRTOS/timers.o
 .ARM.attributes
                0x00000000000005b7       0x32 /opt/st/stm32cubeide_1.7.0/plugins/com.st.stm32cube.ide.mcu.externaltools.gnu-tools-for-stm32.9-2020-q2-update.linux64_2.0.0.202105311346/tools/bin/../lib/gcc/arm-none-eabi/9.3.1/../../../../arm-none-eabi/lib/thumb/v7e-m+dp/hard/libc_nano.a(lib_a-errno.o)
 .ARM.attributes
                0x00000000000005e9       0x30 /opt/st/stm32cubeide_1.7.0/plugins/com.st.stm32cube.ide.mcu.externaltools.gnu-tools-for-stm32.9-2020-q2-update.linux64_2.0.0.202105311346/tools/bin/../lib/gcc/arm-none-eabi/9.3.1/../../../../arm-none-eabi/lib/thumb/v7e-m+dp/hard/libc_nano.a(lib_a-impure.o)
 .ARM.attributes
                0x0000000000000619       0x32 /opt/st/stm32cubeide_1.7.0/plugins/com.st.stm32cube.ide.mcu.externaltools.gnu-tools-for-stm32.9-2020-q2-update.linux64_2.0.0.202105311346/tools/bin/../lib/gcc/arm-none-eabi/9.3.1/../../../../arm-none-eabi/lib/thumb/v7e-m+dp/hard/libc_nano.a(lib_a-init.o)
 .ARM.attributes
                0x000000000000064b       0x32 /opt/st/stm32cubeide_1.7.0/plugins/com.st.stm32cube.ide.mcu.externaltools.gnu-tools-for-stm32.9-2020-q2-update.linux64_2.0.0.202105311346/tools/bin/../lib/gcc/arm-none-eabi/9.3.1/../../../../arm-none-eabi/lib/thumb/v7e-m+dp/hard/libc_nano.a(lib_a-memcpy-stub.o)
 .ARM.attributes
                0x000000000000067d       0x32 /opt/st/stm32cubeide_1.7.0/plugins/com.st.stm32cube.ide.mcu.externaltools.gnu-tools-for-stm32.9-2020-q2-update.linux64_2.0.0.202105311346/tools/bin/../lib/gcc/arm-none-eabi/9.3.1/../../../../arm-none-eabi/lib/thumb/v7e-m+dp/hard/libc_nano.a(lib_a-memset.o)
 .ARM.attributes
                0x00000000000006af       0x32 /opt/st/stm32cubeide_1.7.0/plugins/com.st.stm32cube.ide.mcu.externaltools.gnu-tools-for-stm32.9-2020-q2-update.linux64_2.0.0.202105311346/tools/bin/../lib/gcc/arm-none-eabi/9.3.1/../../../../arm-none-eabi/lib/thumb/v7e-m+dp/hard/libc_nano.a(lib_a-sprintf.o)
 .ARM.attributes
                0x00000000000006e1       0x32 /opt/st/stm32cubeide_1.7.0/plugins/com.st.stm32cube.ide.mcu.externaltools.gnu-tools-for-stm32.9-2020-q2-update.linux64_2.0.0.202105311346/tools/bin/../lib/gcc/arm-none-eabi/9.3.1/../../../../arm-none-eabi/lib/thumb/v7e-m+dp/hard/libc_nano.a(lib_a-nano-svfprintf.o)
 .ARM.attributes
                0x0000000000000713       0x32 /opt/st/stm32cubeide_1.7.0/plugins/com.st.stm32cube.ide.mcu.externaltools.gnu-tools-for-stm32.9-2020-q2-update.linux64_2.0.0.202105311346/tools/bin/../lib/gcc/arm-none-eabi/9.3.1/../../../../arm-none-eabi/lib/thumb/v7e-m+dp/hard/libc_nano.a(lib_a-nano-vfprintf_i.o)
 .ARM.attributes
                0x0000000000000745       0x1c /opt/st/stm32cubeide_1.7.0/plugins/com.st.stm32cube.ide.mcu.externaltools.gnu-tools-for-stm32.9-2020-q2-update.linux64_2.0.0.202105311346/tools/bin/../lib/gcc/arm-none-eabi/9.3.1/../../../../arm-none-eabi/lib/thumb/v7e-m+dp/hard/libc_nano.a(lib_a-memchr.o)
 .ARM.attributes
                0x0000000000000761       0x32 /opt/st/stm32cubeide_1.7.0/plugins/com.st.stm32cube.ide.mcu.externaltools.gnu-tools-for-stm32.9-2020-q2-update.linux64_2.0.0.202105311346/tools/bin/../lib/gcc/arm-none-eabi/9.3.1/../../../../arm-none-eabi/lib/thumb/v7e-m+dp/hard/libc_nano.a(lib_a-memmove.o)
 .ARM.attributes
                0x0000000000000793       0x32 /opt/st/stm32cubeide_1.7.0/plugins/com.st.stm32cube.ide.mcu.externaltools.gnu-tools-for-stm32.9-2020-q2-update.linux64_2.0.0.202105311346/tools/bin/../lib/gcc/arm-none-eabi/9.3.1/../../../../arm-none-eabi/lib/thumb/v7e-m+dp/hard/libc_nano.a(lib_a-nano-freer.o)
 .ARM.attributes
                0x00000000000007c5       0x32 /opt/st/stm32cubeide_1.7.0/plugins/com.st.stm32cube.ide.mcu.externaltools.gnu-tools-for-stm32.9-2020-q2-update.linux64_2.0.0.202105311346/tools/bin/../lib/gcc/arm-none-eabi/9.3.1/../../../../arm-none-eabi/lib/thumb/v7e-m+dp/hard/libc_nano.a(lib_a-nano-mallocr.o)
 .ARM.attributes
                0x00000000000007f7       0x32 /opt/st/stm32cubeide_1.7.0/plugins/com.st.stm32cube.ide.mcu.externaltools.gnu-tools-for-stm32.9-2020-q2-update.linux64_2.0.0.202105311346/tools/bin/../lib/gcc/arm-none-eabi/9.3.1/../../../../arm-none-eabi/lib/thumb/v7e-m+dp/hard/libc_nano.a(lib_a-nano-reallocr.o)
 .ARM.attributes
                0x0000000000000829       0x32 /opt/st/stm32cubeide_1.7.0/plugins/com.st.stm32cube.ide.mcu.externaltools.gnu-tools-for-stm32.9-2020-q2-update.linux64_2.0.0.202105311346/tools/bin/../lib/gcc/arm-none-eabi/9.3.1/../../../../arm-none-eabi/lib/thumb/v7e-m+dp/hard/libc_nano.a(lib_a-sbrkr.o)
 .ARM.attributes
                0x000000000000085b       0x32 /opt/st/stm32cubeide_1.7.0/plugins/com.st.stm32cube.ide.mcu.externaltools.gnu-tools-for-stm32.9-2020-q2-update.linux64_2.0.0.202105311346/tools/bin/../lib/gcc/arm-none-eabi/9.3.1/../../../../arm-none-eabi/lib/thumb/v7e-m+dp/hard/libc_nano.a(lib_a-mlock.o)
 .ARM.attributes
                0x000000000000088d       0x32 /opt/st/stm32cubeide_1.7.0/plugins/com.st.stm32cube.ide.mcu.externaltools.gnu-tools-for-stm32.9-2020-q2-update.linux64_2.0.0.202105311346/tools/bin/../lib/gcc/arm-none-eabi/9.3.1/../../../../arm-none-eabi/lib/thumb/v7e-m+dp/hard/libc_nano.a(lib_a-nano-msizer.o)
 .ARM.attributes
                0x00000000000008bf       0x32 /opt/st/stm32cubeide_1.7.0/plugins/com.st.stm32cube.ide.mcu.externaltools.gnu-tools-for-stm32.9-2020-q2-update.linux64_2.0.0.202105311346/tools/bin/../lib/gcc/arm-none-eabi/9.3.1/../../../../arm-none-eabi/lib/thumb/v7e-m+dp/hard/libc_nano.a(lib_a-reent.o)
 .ARM.attributes
                0x00000000000008f1       0x32 /opt/st/stm32cubeide_1.7.0/plugins/com.st.stm32cube.ide.mcu.externaltools.gnu-tools-for-stm32.9-2020-q2-update.linux64_2.0.0.202105311346/tools/bin/../lib/gcc/arm-none-eabi/9.3.1/../../../../arm-none-eabi/lib/thumb/v7e-m+dp/hard/libc_nano.a(lib_a-lock.o)
 .ARM.attributes
                0x0000000000000923       0x1e /opt/st/stm32cubeide_1.7.0/plugins/com.st.stm32cube.ide.mcu.externaltools.gnu-tools-for-stm32.9-2020-q2-update.linux64_2.0.0.202105311346/tools/bin/../lib/gcc/arm-none-eabi/9.3.1/thumb/v7e-m+dp/hard/libgcc.a(_aeabi_uldivmod.o)
 .ARM.attributes
                0x0000000000000941       0x32 /opt/st/stm32cubeide_1.7.0/plugins/com.st.stm32cube.ide.mcu.externaltools.gnu-tools-for-stm32.9-2020-q2-update.linux64_2.0.0.202105311346/tools/bin/../lib/gcc/arm-none-eabi/9.3.1/thumb/v7e-m+dp/hard/libgcc.a(_udivmoddi4.o)
 .ARM.attributes
                0x0000000000000973       0x1e /opt/st/stm32cubeide_1.7.0/plugins/com.st.stm32cube.ide.mcu.externaltools.gnu-tools-for-stm32.9-2020-q2-update.linux64_2.0.0.202105311346/tools/bin/../lib/gcc/arm-none-eabi/9.3.1/thumb/v7e-m+dp/hard/libgcc.a(_dvmd_tls.o)
 .ARM.attributes
                0x0000000000000991       0x1e /opt/st/stm32cubeide_1.7.0/plugins/com.st.stm32cube.ide.mcu.externaltools.gnu-tools-for-stm32.9-2020-q2-update.linux64_2.0.0.202105311346/tools/bin/../lib/gcc/arm-none-eabi/9.3.1/thumb/v7e-m+dp/hard/crtn.o
OUTPUT(Linear_Actuator_Project_IRC_CM7.elf elf32-littlearm)
LOAD linker stubs
LOAD /opt/st/stm32cubeide_1.7.0/plugins/com.st.stm32cube.ide.mcu.externaltools.gnu-tools-for-stm32.9-2020-q2-update.linux64_2.0.0.202105311346/tools/bin/../lib/gcc/arm-none-eabi/9.3.1/../../../../arm-none-eabi/lib/thumb/v7e-m+dp/hard/libc.a
LOAD /opt/st/stm32cubeide_1.7.0/plugins/com.st.stm32cube.ide.mcu.externaltools.gnu-tools-for-stm32.9-2020-q2-update.linux64_2.0.0.202105311346/tools/bin/../lib/gcc/arm-none-eabi/9.3.1/../../../../arm-none-eabi/lib/thumb/v7e-m+dp/hard/libm.a
LOAD /opt/st/stm32cubeide_1.7.0/plugins/com.st.stm32cube.ide.mcu.externaltools.gnu-tools-for-stm32.9-2020-q2-update.linux64_2.0.0.202105311346/tools/bin/../lib/gcc/arm-none-eabi/9.3.1/thumb/v7e-m+dp/hard/libgcc.a

.debug_info     0x0000000000000000    0x34b6b
 .debug_info    0x0000000000000000     0x184a ./Common/Src/system_stm32h7xx_dualcore_boot_cm4_cm7.o
 .debug_info    0x000000000000184a     0x39ce ./Core/Src/main.o
 .debug_info    0x0000000000005218     0x3763 ./Core/Src/stm32h7xx_hal_msp.o
 .debug_info    0x000000000000897b     0x12d8 ./Core/Src/stm32h7xx_it.o
 .debug_info    0x0000000000009c53      0xa25 ./Core/Src/sysmem.o
 .debug_info    0x000000000000a678       0x22 ./Core/Startup/startup_stm32h745zitx.o
 .debug_info    0x000000000000a69a     0x21ec ./Drivers/STM32H7xx_HAL_Driver/stm32h7xx_hal.o
 .debug_info    0x000000000000c886     0x1c31 ./Drivers/STM32H7xx_HAL_Driver/stm32h7xx_hal_cortex.o
 .debug_info    0x000000000000e4b7     0x3294 ./Drivers/STM32H7xx_HAL_Driver/stm32h7xx_hal_eth.o
 .debug_info    0x000000000001174b     0x189e ./Drivers/STM32H7xx_HAL_Driver/stm32h7xx_hal_gpio.o
 .debug_info    0x0000000000012fe9      0xed3 ./Drivers/STM32H7xx_HAL_Driver/stm32h7xx_hal_hsem.o
 .debug_info    0x0000000000013ebc     0x1c76 ./Drivers/STM32H7xx_HAL_Driver/stm32h7xx_hal_pcd.o
 .debug_info    0x0000000000015b32     0x1333 ./Drivers/STM32H7xx_HAL_Driver/stm32h7xx_hal_pcd_ex.o
 .debug_info    0x0000000000016e65     0x1d5d ./Drivers/STM32H7xx_HAL_Driver/stm32h7xx_hal_pwr_ex.o
 .debug_info    0x0000000000018bc2     0x194f ./Drivers/STM32H7xx_HAL_Driver/stm32h7xx_hal_rcc.o
 .debug_info    0x000000000001a511     0x1de1 ./Drivers/STM32H7xx_HAL_Driver/stm32h7xx_hal_rcc_ex.o
 .debug_info    0x000000000001c2f2     0x3639 ./Drivers/STM32H7xx_HAL_Driver/stm32h7xx_hal_tim.o
 .debug_info    0x000000000001f92b     0x21cf ./Drivers/STM32H7xx_HAL_Driver/stm32h7xx_hal_tim_ex.o
 .debug_info    0x0000000000021afa     0x2937 ./Drivers/STM32H7xx_HAL_Driver/stm32h7xx_hal_uart.o
 .debug_info    0x0000000000024431     0x178e ./Drivers/STM32H7xx_HAL_Driver/stm32h7xx_hal_uart_ex.o
 .debug_info    0x0000000000025bbf     0x2509 ./Drivers/STM32H7xx_HAL_Driver/stm32h7xx_ll_usb.o
 .debug_info    0x00000000000280c8     0x423b ./Middlewares/Third_Party/FreeRTOS/cmsis_os2.o
 .debug_info    0x000000000002c303      0xd8a ./Middlewares/Third_Party/FreeRTOS/heap_4.o
 .debug_info    0x000000000002d08d      0xb82 ./Middlewares/Third_Party/FreeRTOS/list.o
 .debug_info    0x000000000002dc0f      0x4f1 ./Middlewares/Third_Party/FreeRTOS/port.o
 .debug_info    0x000000000002e100     0x23b0 ./Middlewares/Third_Party/FreeRTOS/queue.o
 .debug_info    0x00000000000304b0     0x2ac6 ./Middlewares/Third_Party/FreeRTOS/tasks.o
 .debug_info    0x0000000000032f76     0x1bf5 ./Middlewares/Third_Party/FreeRTOS/timers.o

.debug_abbrev   0x0000000000000000     0x5165
 .debug_abbrev  0x0000000000000000      0x262 ./Common/Src/system_stm32h7xx_dualcore_boot_cm4_cm7.o
 .debug_abbrev  0x0000000000000262      0x37f ./Core/Src/main.o
 .debug_abbrev  0x00000000000005e1      0x2ee ./Core/Src/stm32h7xx_hal_msp.o
 .debug_abbrev  0x00000000000008cf      0x211 ./Core/Src/stm32h7xx_it.o
 .debug_abbrev  0x0000000000000ae0      0x1bf ./Core/Src/sysmem.o
 .debug_abbrev  0x0000000000000c9f       0x12 ./Core/Startup/startup_stm32h745zitx.o
 .debug_abbrev  0x0000000000000cb1      0x31b ./Drivers/STM32H7xx_HAL_Driver/stm32h7xx_hal.o
 .debug_abbrev  0x0000000000000fcc      0x409 ./Drivers/STM32H7xx_HAL_Driver/stm32h7xx_hal_cortex.o
 .debug_abbrev  0x00000000000013d5      0x328 ./Drivers/STM32H7xx_HAL_Driver/stm32h7xx_hal_eth.o
 .debug_abbrev  0x00000000000016fd      0x2cb ./Drivers/STM32H7xx_HAL_Driver/stm32h7xx_hal_gpio.o
 .debug_abbrev  0x00000000000019c8      0x2e9 ./Drivers/STM32H7xx_HAL_Driver/stm32h7xx_hal_hsem.o
 .debug_abbrev  0x0000000000001cb1      0x33a ./Drivers/STM32H7xx_HAL_Driver/stm32h7xx_hal_pcd.o