main.c:157:5:main	16	static
main.c:299:6:SystemClock_Config	120	static
main.c:358:13:MX_FDCAN1_Init	8	static
main.c:411:13:MX_TIM2_Init	56	static
main.c:460:13:MX_TIM3_Init	48	static
main.c:513:13:MX_USART3_UART_Init	8	static
main.c:561:13:MX_USB_OTG_FS_PCD_Init	8	static
main.c:597:13:MX_GPIO_Init	56	static
main.c:651:6:GoHome	160	static
main.c:688:6:setPWM	40	static
main.c:709:6:StartEncoderTask	80	static
main.c:738:6:StartControlTask	120	static
main.c:773:6:StartDiagnosisTask	16	static
main.c:790:6:StartCanRxTask	24	static
main.c:816:6:StartCanTxTask	16	static
main.c:830:6:Error_Handler	4	static,ignoring_inline_asm
