main.c:164:5:main	16	static
main.c:309:6:SystemClock_Config	120	static
main.c:368:13:MX_FDCAN1_Init	8	static
main.c:421:13:MX_TIM2_Init	56	static
main.c:470:13:MX_TIM3_Init	48	static
main.c:523:13:MX_USART3_UART_Init	8	static
main.c:571:13:MX_USB_OTG_FS_PCD_Init	8	static
main.c:607:13:MX_GPIO_Init	56	static
main.c:661:6:GoHome	160	static
main.c:699:6:setPWM	40	static
main.c:721:6:StartEncoderTask	80	static
main.c:751:6:StartControlTask	120	static
main.c:787:6:StartDiagnosisTask	16	static
main.c:804:6:StartCanRxTask	24	static
main.c:831:6:StartCanTxTask	16	static
main.c:845:6:Error_Handler	4	static,ignoring_inline_asm
