Archive member included to satisfy reference by file (symbol)

/opt/st/stm32cubeide_1.7.0/plugins/com.st.stm32cube.ide.mcu.externaltools.gnu-tools-for-stm32.9-2020-q2-update.linux64_2.0.0.202105311346/tools/bin/../lib/gcc/arm-none-eabi/9.3.1/../../../../arm-none-eabi/lib/thumb/v7e-m+dp/hard/libc_nano.a(lib_a-errno.o)
                              ./Core/Src/syscalls.o (__errno)
/opt/st/stm32cubeide_1.7.0/plugins/com.st.stm32cube.ide.mcu.externaltools.gnu-tools-for-stm32.9-2020-q2-update.linux64_2.0.0.202105311346/tools/bin/../lib/gcc/arm-none-eabi/9.3.1/../../../../arm-none-eabi/lib/thumb/v7e-m+dp/hard/libc_nano.a(lib_a-exit.o)
                              /opt/st/stm32cubeide_1.7.0/plugins/com.st.stm32cube.ide.mcu.externaltools.gnu-tools-for-stm32.9-2020-q2-update.linux64_2.0.0.202105311346/tools/bin/../lib/gcc/arm-none-eabi/9.3.1/../../../../arm-none-eabi/lib/thumb/v7e-m+dp/hard/crt0.o (exit)
/opt/st/stm32cubeide_1.7.0/plugins/com.st.stm32cube.ide.mcu.externaltools.gnu-tools-for-stm32.9-2020-q2-update.linux64_2.0.0.202105311346/tools/bin/../lib/gcc/arm-none-eabi/9.3.1/../../../../arm-none-eabi/lib/thumb/v7e-m+dp/hard/libc_nano.a(lib_a-impure.o)
                              /opt/st/stm32cubeide_1.7.0/plugins/com.st.stm32cube.ide.mcu.externaltools.gnu-tools-for-stm32.9-2020-q2-update.linux64_2.0.0.202105311346/tools/bin/../lib/gcc/arm-none-eabi/9.3.1/../../../../arm-none-eabi/lib/thumb/v7e-m+dp/hard/libc_nano.a(lib_a-exit.o) (_global_impure_ptr)
/opt/st/stm32cubeide_1.7.0/plugins/com.st.stm32cube.ide.mcu.externaltools.gnu-tools-for-stm32.9-2020-q2-update.linux64_2.0.0.202105311346/tools/bin/../lib/gcc/arm-none-eabi/9.3.1/../../../../arm-none-eabi/lib/thumb/v7e-m+dp/hard/libc_nano.a(lib_a-init.o)
                              /opt/st/stm32cubeide_1.7.0/plugins/com.st.stm32cube.ide.mcu.externaltools.gnu-tools-for-stm32.9-2020-q2-update.linux64_2.0.0.202105311346/tools/bin/../lib/gcc/arm-none-eabi/9.3.1/../../../../arm-none-eabi/lib/thumb/v7e-m+dp/hard/crt0.o (__libc_init_array)
/opt/st/stm32cubeide_1.7.0/plugins/com.st.stm32cube.ide.mcu.externaltools.gnu-tools-for-stm32.9-2020-q2-update.linux64_2.0.0.202105311346/tools/bin/../lib/gcc/arm-none-eabi/9.3.1/../../../../arm-none-eabi/lib/thumb/v7e-m+dp/hard/libc_nano.a(lib_a-memcpy-stub.o)
                              ./Middlewares/Third_Party/FreeRTOS/cmsis_os2.o (memcpy)
/opt/st/stm32cubeide_1.7.0/plugins/com.st.stm32cube.ide.mcu.externaltools.gnu-tools-for-stm32.9-2020-q2-update.linux64_2.0.0.202105311346/tools/bin/../lib/gcc/arm-none-eabi/9.3.1/../../../../arm-none-eabi/lib/thumb/v7e-m+dp/hard/libc_nano.a(lib_a-memset.o)
                              /opt/st/stm32cubeide_1.7.0/plugins/com.st.stm32cube.ide.mcu.externaltools.gnu-tools-for-stm32.9-2020-q2-update.linux64_2.0.0.202105311346/tools/bin/../lib/gcc/arm-none-eabi/9.3.1/../../../../arm-none-eabi/lib/thumb/v7e-m+dp/hard/crt0.o (memset)
/opt/st/stm32cubeide_1.7.0/plugins/com.st.stm32cube.ide.mcu.externaltools.gnu-tools-for-stm32.9-2020-q2-update.linux64_2.0.0.202105311346/tools/bin/../lib/gcc/arm-none-eabi/9.3.1/../../../../arm-none-eabi/lib/thumb/v7e-m+dp/hard/libc_nano.a(lib_a-nano-vfprintf_float.o)
                              (_printf_float)
/opt/st/stm32cubeide_1.7.0/plugins/com.st.stm32cube.ide.mcu.externaltools.gnu-tools-for-stm32.9-2020-q2-update.linux64_2.0.0.202105311346/tools/bin/../lib/gcc/arm-none-eabi/9.3.1/../../../../arm-none-eabi/lib/thumb/v7e-m+dp/hard/libc_nano.a(lib_a-nano-vfprintf_i.o)
                              /opt/st/stm32cubeide_1.7.0/plugins/com.st.stm32cube.ide.mcu.externaltools.gnu-tools-for-stm32.9-2020-q2-update.linux64_2.0.0.202105311346/tools/bin/../lib/gcc/arm-none-eabi/9.3.1/../../../../arm-none-eabi/lib/thumb/v7e-m+dp/hard/libc_nano.a(lib_a-nano-vfprintf_float.o) (_printf_common)
/opt/st/stm32cubeide_1.7.0/plugins/com.st.stm32cube.ide.mcu.externaltools.gnu-tools-for-stm32.9-2020-q2-update.linux64_2.0.0.202105311346/tools/bin/../lib/gcc/arm-none-eabi/9.3.1/../../../../arm-none-eabi/lib/thumb/v7e-m+dp/hard/libc_nano.a(lib_a-nano-vfscanf_float.o)
                              (_scanf_float)
/opt/st/stm32cubeide_1.7.0/plugins/com.st.stm32cube.ide.mcu.externaltools.gnu-tools-for-stm32.9-2020-q2-update.linux64_2.0.0.202105311346/tools/bin/../lib/gcc/arm-none-eabi/9.3.1/../../../../arm-none-eabi/lib/thumb/v7e-m+dp/hard/libc_nano.a(lib_a-sf_nan.o)
                              /opt/st/stm32cubeide_1.7.0/plugins/com.st.stm32cube.ide.mcu.externaltools.gnu-tools-for-stm32.9-2020-q2-update.linux64_2.0.0.202105311346/tools/bin/../lib/gcc/arm-none-eabi/9.3.1/../../../../arm-none-eabi/lib/thumb/v7e-m+dp/hard/libc_nano.a(lib_a-nano-vfscanf_float.o) (nanf)
/opt/st/stm32cubeide_1.7.0/plugins/com.st.stm32cube.ide.mcu.externaltools.gnu-tools-for-stm32.9-2020-q2-update.linux64_2.0.0.202105311346/tools/bin/../lib/gcc/arm-none-eabi/9.3.1/../../../../arm-none-eabi/lib/thumb/v7e-m+dp/hard/libc_nano.a(lib_a-sprintf.o)
                              ./Core/Src/main.o (sprintf)
[...]
Memory Configuration

Name             Origin             Length             Attributes
RAM_D1           0x0000000024000000 0x0000000000080000 xrw
FLASH            0x0000000008000000 0x0000000000100000 xr
DTCMRAM          0x0000000020000000 0x0000000000020000 xrw
RAM_D2           0x0000000030000000 0x0000000000048000 xrw
RAM_D3           0x0000000038000000 0x0000000000010000 xrw
ITCMRAM          0x0000000000000000 0x0000000000010000 xrw
*default*        0x0000000000000000 0xffffffffffffffff

Linker script and memory map

LOAD /opt/st/stm32cubeide_1.7.0/plugins/com.st.stm32cube.ide.mcu.externaltools.gnu-tools-for-stm32.9-2020-q2-update.linux64_2.0.0.202105311346/tools/bin/../lib/gcc/arm-none-eabi/9.3.1/thumb/v7e-m+dp/hard/crti.o
LOAD /opt/st/stm32cubeide_1.7.0/plugins/com.st.stm32cube.ide.mcu.externaltools.gnu-tools-for-stm32.9-2020-q2-update.linux64_2.0.0.202105311346/tools/bin/../lib/gcc/arm-none-eabi/9.3.1/thumb/v7e-m+dp/hard/crtbegin.o
LOAD /opt/st/stm32cubeide_1.7.0/plugins/com.st.stm32cube.ide.mcu.externaltools.gnu-tools-for-stm32.9-2020-q2-update.linux64_2.0.0.202105311346/tools/bin/../lib/gcc/arm-none-eabi/9.3.1/../../../../arm-none-eabi/lib/thumb/v7e-m+dp/hard/crt0.o
LOAD ./Common/Src/system_stm32h7xx_dualcore_boot_cm4_cm7.o
LOAD ./Core/Src/freertos.o
LOAD ./Core/Src/main.o
LOAD ./Core/Src/stm32h7xx_hal_msp.o
LOAD ./Core/Src/stm32h7xx_it.o
LOAD ./Core/Src/syscalls.o
LOAD ./Core/Src/sysmem.o
LOAD ./Core/Startup/startup_stm32h745zitx.o
LOAD ./Drivers/STM32H7xx_HAL_Driver/stm32h7xx_hal.o
LOAD ./Drivers/STM32H7xx_HAL_Driver/stm32h7xx_hal_cortex.o
LOAD ./Drivers/STM32H7xx_HAL_Driver/stm32h7xx_hal_dma.o
LOAD ./Drivers/STM32H7xx_HAL_Driver/stm32h7xx_hal_dma_ex.o
LOAD ./Drivers/STM32H7xx_HAL_Driver/stm32h7xx_hal_eth.o
LOAD ./Drivers/STM32H7xx_HAL_Driver/stm32h7xx_hal_eth_ex.o
LOAD ./Drivers/STM32H7xx_HAL_Driver/stm32h7xx_hal_exti.o
LOAD ./Drivers/STM32H7xx_HAL_Driver/stm32h7xx_hal_flash.o
LOAD ./Drivers/STM32H7xx_HAL_Driver/stm32h7xx_hal_flash_ex.o
LOAD ./Drivers/STM32H7xx_HAL_Driver/stm32h7xx_hal_gpio.o
LOAD ./Drivers/STM32H7xx_HAL_Driver/stm32h7xx_hal_hsem.o
LOAD ./Drivers/STM32H7xx_HAL_Driver/stm32h7xx_hal_i2c.o
LOAD ./Drivers/STM32H7xx_HAL_Driver/stm32h7xx_hal_i2c_ex.o
LOAD ./Drivers/STM32H7xx_HAL_Driver/stm32h7xx_hal_mdma.o
LOAD ./Drivers/STM32H7xx_HAL_Driver/stm32h7xx_hal_pcd.o
LOAD ./Drivers/STM32H7xx_HAL_Driver/stm32h7xx_hal_pcd_ex.o
LOAD ./Drivers/STM32H7xx_HAL_Driver/stm32h7xx_hal_pwr.o
LOAD ./Drivers/STM32H7xx_HAL_Driver/stm32h7xx_hal_pwr_ex.o
LOAD ./Drivers/STM32H7xx_HAL_Driver/stm32h7xx_hal_rcc.o
LOAD ./Drivers/STM32H7xx_HAL_Driver/stm32h7xx_hal_rcc_ex.o
LOAD ./Drivers/STM32H7xx_HAL_Driver/stm32h7xx_hal_tim.o
LOAD ./Drivers/STM32H7xx_HAL_Driver/stm32h7xx_hal_tim_ex.o
LOAD ./Drivers/STM32H7xx_HAL_Driver/stm32h7xx_hal_uart.o
LOAD ./Drivers/STM32H7xx_HAL_Driver/stm32h7xx_hal_uart_ex.o
LOAD ./Drivers/STM32H7xx_HAL_Driver/stm32h7xx_ll_usb.o
LOAD ./Middlewares/Third_Party/FreeRTOS/cmsis_os2.o
LOAD ./Middlewares/Third_Party/FreeRTOS/croutine.o
LOAD ./Middlewares/Third_Party/FreeRTOS/event_groups.o
LOAD ./Middlewares/Third_Party/FreeRTOS/heap_4.o
LOAD ./Middlewares/Third_Party/FreeRTOS/list.o
LOAD ./Middlewares/Third_Party/FreeRTOS/port.o
LOAD ./Middlewares/Third_Party/FreeRTOS/queue.o
LOAD ./Middlewares/Third_Party/FreeRTOS/stream_buffer.o
LOAD ./Middlewares/Third_Party/FreeRTOS/tasks.o
LOAD ./Middlewares/Third_Party/FreeRTOS/timers.o
START GROUP
LOAD /opt/st/stm32cubeide_1.7.0/plugins/com.st.stm32cube.ide.mcu.externaltools.gnu-tools-for-stm32.9-2020-q2-update.linux64_2.0.0.202105311346/tools/bin/../lib/gcc/arm-none-eabi/9.3.1/../../../../arm-none-eabi/lib/thumb/v7e-m+dp/hard/libc_nano.a
LOAD /opt/st/stm32cubeide_1.7.0/plugins/com.st.stm32cube.ide.mcu.externaltools.gnu-tools-for-stm32.9-2020-q2-update.linux64_2.0.0.202105311346/tools/bin/../lib/gcc/arm-none-eabi/9.3.1/../../../../arm-none-eabi/lib/thumb/v7e-m+dp/hard/libm.a
END GROUP
START GROUP
LOAD /opt/st/stm32cubeide_1.7.0/plugins/com.st.stm32cube.ide.mcu.externaltools.gnu-tools-for-stm32.9-2020-q2-update.linux64_2.0.0.202105311346/tools/bin/../lib/gcc/arm-none-eabi/9.3.1/thumb/v7e-m+dp/hard/libgcc.a
LOAD /opt/st/stm32cubeide_1.7.0/plugins/com.st.stm32cube.ide.mcu.externaltools.gnu-tools-for-stm32.9-2020-q2-update.linux64_2.0.0.202105311346/tools/bin/../lib/gcc/arm-none-eabi/9.3.1/../../../../arm-none-eabi/lib/thumb/v7e-m+dp/hard/libc_nano.a
END GROUP
START GROUP
LOAD /opt/st/stm32cubeide_1.7.0/plugins/com.st.stm32cube.ide.mcu.externaltools.gnu-tools-for-stm32.9-2020-q2-update.linux64_2.0.0.202105311346/tools/bin/../lib/gcc/arm-none-eabi/9.3.1/thumb/v7e-m+dp/hard/libgcc.a
LOAD /opt/st/stm32cubeide_1.7.0/plugins/com.st.stm32cube.ide.mcu.externaltools.gnu-tools-for-stm32.9-2020-q2-update.linux64_2.0.0.202105311346/tools/bin/../lib/gcc/arm-none-eabi/9.3.1/../../../../arm-none-eabi/lib/thumb/v7e-m+dp/hard/libc_nano.a
LOAD /opt/st/stm32cubeide_1.7.0/plugins/com.st.stm32cube.ide.mcu.externaltools.gnu-tools-for-stm32.9-2020-q2-update.linux64_2.0.0.202105311346/tools/bin/../lib/gcc/arm-none-eabi/9.3.1/../../../../arm-none-eabi/lib/thumb/v7e-m+dp/hard/libnosys.a
END GROUP
START GROUP
LOAD /opt/st/stm32cubeide_1.7.0/plugins/com.st.stm32cube.ide.mcu.externaltools.gnu-tools-for-stm32.9-2020-q2-update.linux64_2.0.0.202105311346/tools/bin/../lib/gcc/arm-none-eabi/9.3.1/thumb/v7e-m+dp/hard/libgcc.a
LOAD /opt/st/stm32cubeide_1.7.0/plugins/com.st.stm32cube.ide.mcu.externaltools.gnu-tools-for-stm32.9-2020-q2-update.linux64_2.0.0.202105311346/tools/bin/../lib/gcc/arm-none-eabi/9.3.1/../../../../arm-none-eabi/lib/thumb/v7e-m+dp/hard/libc_nano.a
LOAD /opt/st/stm32cubeide_1.7.0/plugins/com.st.stm32cube.ide.mcu.externaltools.gnu-tools-for-stm32.9-2020-q2-update.linux64_2.0.0.202105311346/tools/bin/../lib/gcc/arm-none-eabi/9.3.1/../../../../arm-none-eabi/lib/thumb/v7e-m+dp/hard/libnosys.a
END GROUP
LOAD /opt/st/stm32cubeide_1.7.0/plugins/com.st.stm32cube.ide.mcu.externaltools.gnu-tools-for-stm32.9-2020-q2-update.linux64_2.0.0.202105311346/tools/bin/../lib/gcc/arm-none-eabi/9.3.1/thumb/v7e-m+dp/hard/crtend.o
LOAD /opt/st/stm32cubeide_1.7.0/plugins/com.st.stm32cube.ide.mcu.externaltools.gnu-tools-for-stm32.9-2020-q2-update.linux64_2.0.0.202105311346/tools/bin/../lib/gcc/arm-none-eabi/9.3.1/thumb/v7e-m+dp/hard/crtn.o
                0x0000000024080000                _estack = (ORIGIN (RAM_D1) + LENGTH (RAM_D1))
                0x0000000000000200                _Min_Heap_Size = 0x200
                0x0000000000000400                _Min_Stack_Size = 0x400

.isr_vector     0x0000000008000000      0x298
                0x0000000008000000                . = ALIGN (0x4)
 *(.isr_vector)
 .isr_vector    0x0000000008000000      0x298 ./Core/Startup/startup_stm32h745zitx.o
                0x0000000008000000                g_pfnVectors
                0x0000000008000298                . = ALIGN (0x4)

.text           0x00000000080002a0     0xa798
                0x00000000080002a0                . = ALIGN (0x4)
 *(.text)
 .text          0x00000000080002a0       0x40 /opt/st/stm32cubeide_1.7.0/plugins/com.st.stm32cube.ide.mcu.externaltools.gnu-tools-for-stm32.9-2020-q2-update.linux64_2.0.0.202105311346/tools/bin/../lib/gcc/arm-none-eabi/9.3.1/thumb/v7e-m+dp/hard/crtbegin.o
 .text          0x00000000080002e0       0x10 /opt/st/stm32cubeide_1.7.0/plugins/com.st.stm32cube.ide.mcu.externaltools.gnu-tools-for-stm32.9-2020-q2-update.linux64_2.0.0.202105311346/tools/bin/../lib/gcc/arm-none-eabi/9.3.1/../../../../arm-none-eabi/lib/thumb/v7e-m+dp/hard/libc_nano.a(lib_a-strlen.o)
                0x00000000080002e0                strlen
 .text          0x00000000080002f0       0xa0 /opt/st/stm32cubeide_1.7.0/plugins/com.st.stm32cube.ide.mcu.externaltools.gnu-tools-for-stm32.9-2020-q2-update.linux64_2.0.0.202105311346/tools/bin/../lib/gcc/arm-none-eabi/9.3.1/../../../../arm-none-eabi/lib/thumb/v7e-m+dp/hard/libc_nano.a(lib_a-memchr.o)
                0x00000000080002f0                memchr
 .text          0x0000000008000390      0x378 /opt/st/stm32cubeide_1.7.0/plugins/com.st.stm32cube.ide.mcu.externaltools.gnu-tools-for-stm32.9-2020-q2-update.linux64_2.0.0.202105311346/tools/bin/../lib/gcc/arm-none-eabi/9.3.1/thumb/v7e-m+dp/hard/libgcc.a(_arm_addsubdf3.o)
                0x0000000008000390                __aeabi_drsub
                0x0000000008000398                __aeabi_dsub
                0x0000000008000398                __subdf3
                0x000000000800039c                __adddf3
                0x000000000800039c                __aeabi_dadd
                0x0000000008000614                __aeabi_ui2d
                0x0000000008000614                __floatunsidf
                0x0000000008000634                __floatsidf
                0x0000000008000634                __aeabi_i2d
                0x0000000008000658                __extendsfdf2
                0x0000000008000658                __aeabi_f2d
                0x000000000800069c                __aeabi_ul2d
                0x000000000800069c                __floatundidf
                0x00000000080006ac                __floatdidf
                0x00000000080006ac                __aeabi_l2d
 .text          0x0000000008000708       0x30 /opt/st/stm32cubeide_1.7.0/plugins/com.st.stm32cube.ide.mcu.externaltools.gnu-tools-for-stm32.9-2020-q2-update.linux64_2.0.0.202105311346/tools/bin/../lib/gcc/arm-none-eabi/9.3.1/thumb/v7e-m+dp/hard/libgcc.a(_aeabi_uldivmod.o)
                0x0000000008000708                __aeabi_uldivmod
 .text          0x0000000008000738       0x30 /opt/st/stm32cubeide_1.7.0/plugins/com.st.stm32cube.ide.mcu.externaltools.gnu-tools-for-stm32.9-2020-q2-update.linux64_2.0.0.202105311346/tools/bin/../lib/gcc/arm-none-eabi/9.3.1/thumb/v7e-m+dp/hard/libgcc.a(_fixdfdi.o)
                0x0000000008000738                __aeabi_d2lz
                0x0000000008000738                __fixdfdi
 .text          0x0000000008000768       0x40 /opt/st/stm32cubeide_1.7.0/plugins/com.st.stm32cube.ide.mcu.externaltools.gnu-tools-for-stm32.9-2020-q2-update.linux64_2.0.0.202105311346/tools/bin/../lib/gcc/arm-none-eabi/9.3.1/thumb/v7e-m+dp/hard/libgcc.a(_fixunsdfdi.o)
                0x0000000008000768                __aeabi_d2ulz
                0x0000000008000768                __fixunsdfdi
 .text          0x00000000080007a8      0x2c4 /opt/st/stm32cubeide_1.7.0/plugins/com.st.stm32cube.ide.mcu.externaltools.gnu-tools-for-stm32.9-2020-q2-update.linux64_2.0.0.202105311346/tools/bin/../lib/gcc/arm-none-eabi/9.3.1/thumb/v7e-m+dp/hard/libgcc.a(_udivmoddi4.o)
                0x00000000080007a8                __udivmoddi4
 .text          0x0000000008000a6c        0x4 /opt/st/stm32cubeide_1.7.0/plugins/com.st.stm32cube.ide.mcu.externaltools.gnu-tools-for-stm32.9-2020-q2-update.linux64_2.0.0.202105311346/tools/bin/../lib/gcc/arm-none-eabi/9.3.1/thumb/v7e-m+dp/hard/libgcc.a(_dvmd_tls.o)
                0x0000000008000a6c                __aeabi_ldiv0
                0x0000000008000a6c                __aeabi_idiv0
 *(.text*)
 .text.SystemInit
                0x0000000008000a70       0xdc ./Common/Src/system_stm32h7xx_dualcore_boot_cm4_cm7.o
                0x0000000008000a70                SystemInit
 .text.StartTask2
                0x0000000008000b4c        0x2 ./Core/Src/main.o
                0x0000000008000b4c                StartTask2
 *fill*         0x0000000008000b4e        0x2 
 .text.StartTask1
                0x0000000008000b50        0xc ./Core/Src/main.o
                0x0000000008000b50                StartTask1
 .text.StartTask3
                0x0000000008000b5c       0x48 ./Core/Src/main.o
                0x0000000008000b5c                StartTask3
 .text.SystemClock_Config
                0x0000000008000ba4       0xcc ./Core/Src/main.o
                0x0000000008000ba4                SystemClock_Config
 .text.startup.main
                0x0000000008000c70      0x384 ./Core/Src/main.o
                0x0000000008000c70                main
 .text.Error_Handler
                0x0000000008000ff4        0x4 ./Core/Src/main.o
                0x0000000008000ff4                Error_Handler
 .text.HAL_MspInit
                0x0000000008000ff8       0x30 ./Core/Src/stm32h7xx_hal_msp.o
                0x0000000008000ff8                HAL_MspInit
 .text.HAL_ETH_MspInit
                0x0000000008001028      0x13c ./Core/Src/stm32h7xx_hal_msp.o
                0x0000000008001028                HAL_ETH_MspInit
 .text.HAL_TIM_Encoder_MspInit
                0x0000000008001164       0xa0 ./Core/Src/stm32h7xx_hal_msp.o
                0x0000000008001164                HAL_TIM_Encoder_MspInit
 .text.HAL_TIM_PWM_MspInit
                0x0000000008001204       0x30 ./Core/Src/stm32h7xx_hal_msp.o
                0x0000000008001204                HAL_TIM_PWM_MspInit
 .text.HAL_TIM_MspPostInit
                0x0000000008001234       0x8c ./Core/Src/stm32h7xx_hal_msp.o
                0x0000000008001234                HAL_TIM_MspPostInit
 .text.HAL_UART_MspInit
                0x00000000080012c0       0x94 ./Core/Src/stm32h7xx_hal_msp.o
                0x00000000080012c0                HAL_UART_MspInit
 .text.HAL_PCD_MspInit
                0x0000000008001354       0xcc ./Core/Src/stm32h7xx_hal_msp.o
                0x0000000008001354                HAL_PCD_MspInit
 .text.NMI_Handler
                0x0000000008001420        0x2 ./Core/Src/stm32h7xx_it.o
                0x0000000008001420                NMI_Handler
 .text.HardFault_Handler
                0x0000000008001422        0x2 ./Core/Src/stm32h7xx_it.o
                0x0000000008001422                HardFault_Handler
 .text.MemManage_Handler
                0x0000000008001424        0x2 ./Core/Src/stm32h7xx_it.o
                0x0000000008001424                MemManage_Handler
 .text.BusFault_Handler
                0x0000000008001426        0x2 ./Core/Src/stm32h7xx_it.o
                0x0000000008001426                BusFault_Handler
 .text.UsageFault_Handler
                0x0000000008001428        0x2 ./Core/Src/stm32h7xx_it.o
                0x0000000008001428                UsageFault_Handler
 .text.DebugMon_Handler
                0x000000000800142a        0x2 ./Core/Src/stm32h7xx_it.o
                0x000000000800142a                DebugMon_Handler
 .text.SysTick_Handler
                0x000000000800142c       0x18 ./Core/Src/stm32h7xx_it.o
                0x000000000800142c                SysTick_Handler
 .text._getpid  0x0000000008001444        0x4 ./Core/Src/syscalls.o
                0x0000000008001444                _getpid
 .text._kill    0x0000000008001448       0x10 ./Core/Src/syscalls.o
                0x0000000008001448                _kill
 .text._exit    0x0000000008001458        0xc ./Core/Src/syscalls.o
                0x0000000008001458                _exit
 .text._read    0x0000000008001464       0x1a ./Core/Src/syscalls.o
                0x0000000008001464                _read
 .text._write   0x000000000800147e       0x1a ./Core/Src/syscalls.o
                0x000000000800147e                _write
 .text._close   0x0000000008001498        0x6 ./Core/Src/syscalls.o
                0x0000000008001498                _close
 .text._fstat   0x000000000800149e        0xa ./Core/Src/syscalls.o
                0x000000000800149e                _fstat
 .text._isatty  0x00000000080014a8        0x4 ./Core/Src/syscalls.o
                0x00000000080014a8                _isatty
 .text._lseek   0x00000000080014ac        0x4 ./Core/Src/syscalls.o
                0x00000000080014ac                _lseek
 .text._sbrk    0x00000000080014b0       0x40 ./Core/Src/sysmem.o
                0x00000000080014b0                _sbrk
 .text.Reset_Handler
                0x00000000080014f0       0x50 ./Core/Startup/startup_stm32h745zitx.o
                0x00000000080014f0                Reset_Handler
 .text.Default_Handler
                0x0000000008001540        0x2 ./Core/Startup/startup_stm32h745zitx.o
                0x0000000008001540                RTC_Alarm_IRQHandler
                0x0000000008001540                EXTI2_IRQHandler
                0x0000000008001540                TIM8_CC_IRQHandler
                0x0000000008001540                HRTIM1_Master_IRQHandler
                0x0000000008001540                UART8_IRQHandler
                0x0000000008001540                SPI4_IRQHandler
                0x0000000008001540                TIM1_CC_IRQHandler
                0x0000000008001540                BDMA_Channel6_IRQHandler
                0x0000000008001540                DMA2_Stream5_IRQHandler
                0x0000000008001540                HRTIM1_FLT_IRQHandler
                0x0000000008001540                JPEG_IRQHandler
                0x0000000008001540                DMA1_Stream5_IRQHandler
                0x0000000008001540                BDMA_Channel1_IRQHandler
                0x0000000008001540                HRTIM1_TIMD_IRQHandler
                0x0000000008001540                TAMP_STAMP_IRQHandler
                0x0000000008001540                EXTI3_IRQHandler
                0x0000000008001540                LPTIM4_IRQHandler
                0x0000000008001540                TIM8_TRG_COM_TIM14_IRQHandler
                0x0000000008001540                LPTIM2_IRQHandler
                0x0000000008001540                DFSDM1_FLT1_IRQHandler
                0x0000000008001540                DMAMUX2_OVR_IRQHandler
                0x0000000008001540                TIM8_UP_TIM13_IRQHandler
                0x0000000008001540                I2C3_ER_IRQHandler
                0x0000000008001540                DFSDM1_FLT2_IRQHandler
                0x0000000008001540                MDMA_IRQHandler
                0x0000000008001540                LPTIM3_IRQHandler
                0x0000000008001540                HSEM1_IRQHandler
                0x0000000008001540                EXTI0_IRQHandler
                0x0000000008001540                I2C2_EV_IRQHandler
                0x0000000008001540                DMA1_Stream2_IRQHandler
                0x0000000008001540                FPU_IRQHandler
                0x0000000008001540                OTG_HS_WKUP_IRQHandler
                0x0000000008001540                FDCAN1_IT1_IRQHandler
                0x0000000008001540                LTDC_ER_IRQHandler
                0x0000000008001540                DMA2_Stream2_IRQHandler
                0x0000000008001540                HRTIM1_TIME_IRQHandler
                0x0000000008001540                SPI1_IRQHandler
                0x0000000008001540                TIM6_DAC_IRQHandler
                0x0000000008001540                DCMI_IRQHandler
                0x0000000008001540                HRTIM1_TIMC_IRQHandler
                0x0000000008001540                DMA2_Stream3_IRQHandler
                0x0000000008001540                SAI2_IRQHandler
                0x0000000008001540                DFSDM1_FLT3_IRQHandler
                0x0000000008001540                USART6_IRQHandler
                0x0000000008001540                TIM17_IRQHandler
                0x0000000008001540                USART3_IRQHandler
                0x0000000008001540                BDMA_Channel7_IRQHandler
                0x0000000008001540                LPTIM5_IRQHandler
                0x0000000008001540                UART5_IRQHandler
                0x0000000008001540                ADC3_IRQHandler
                0x0000000008001540                DMA2_Stream0_IRQHandler
                0x0000000008001540                TIM4_IRQHandler
                0x0000000008001540                BDMA_Channel2_IRQHandler
                0x0000000008001540                QUADSPI_IRQHandler
                0x0000000008001540                I2C1_EV_IRQHandler
                0x0000000008001540                DMA1_Stream6_IRQHandler
                0x0000000008001540                DMAMUX1_OVR_IRQHandler
                0x0000000008001540                DMA1_Stream1_IRQHandler
                0x0000000008001540                TIM16_IRQHandler
                0x0000000008001540                UART4_IRQHandler
                0x0000000008001540                BDMA_Channel5_IRQHandler
                0x0000000008001540                TIM3_IRQHandler
                0x0000000008001540                RCC_IRQHandler
                0x0000000008001540                TIM8_BRK_TIM12_IRQHandler
                0x0000000008001540                TIM1_TRG_COM_IRQHandler
                0x0000000008001540                Default_Handler
                0x0000000008001540                ECC_IRQHandler
                0x0000000008001540                CEC_IRQHandler
                0x0000000008001540                EXTI15_10_IRQHandler
                0x0000000008001540                BDMA_Channel0_IRQHandler
                0x0000000008001540                ADC_IRQHandler
                0x0000000008001540                DMA1_Stream7_IRQHandler
                0x0000000008001540                HRTIM1_TIMA_IRQHandler
                0x0000000008001540                SPI5_IRQHandler
                0x0000000008001540                TIM7_IRQHandler
                0x0000000008001540                SDMMC1_IRQHandler
                0x0000000008001540                TIM5_IRQHandler
                0x0000000008001540                DMA2_Stream7_IRQHandler
                0x0000000008001540                TIM15_IRQHandler
                0x0000000008001540                PVD_AVD_IRQHandler
                0x0000000008001540                I2C3_EV_IRQHandler
                0x0000000008001540                EXTI9_5_IRQHandler
                0x0000000008001540                RTC_WKUP_IRQHandler
                0x0000000008001540                LTDC_IRQHandler
                0x0000000008001540                SAI3_IRQHandler
                0x0000000008001540                ETH_WKUP_IRQHandler
                0x0000000008001540                SPDIF_RX_IRQHandler
                0x0000000008001540                SPI2_IRQHandler
                0x0000000008001540                OTG_HS_EP1_IN_IRQHandler
                0x0000000008001540                DMA1_Stream0_IRQHandler
                0x0000000008001540                CRS_IRQHandler
                0x0000000008001540                CM7_SEV_IRQHandler
                0x0000000008001540                EXTI4_IRQHandler
                0x0000000008001540                RNG_IRQHandler
                0x0000000008001540                CM4_SEV_IRQHandler
                0x0000000008001540                HRTIM1_TIMB_IRQHandler
                0x0000000008001540                FDCAN2_IT1_IRQHandler
                0x0000000008001540                ETH_IRQHandler
                0x0000000008001540                TIM1_UP_IRQHandler
                0x0000000008001540                WWDG_RST_IRQHandler
                0x0000000008001540                BDMA_Channel4_IRQHandler
                0x0000000008001540                OTG_HS_EP1_OUT_IRQHandler
                0x0000000008001540                WWDG_IRQHandler
                0x0000000008001540                SPI6_IRQHandler
                0x0000000008001540                MDIOS_IRQHandler
                0x0000000008001540                I2C4_EV_IRQHandler
                0x0000000008001540                FDCAN2_IT0_IRQHandler
                0x0000000008001540                LPUART1_IRQHandler
                0x0000000008001540                FDCAN1_IT0_IRQHandler
                0x0000000008001540                TIM2_IRQHandler
                0x0000000008001540                OTG_FS_WKUP_IRQHandler
                0x0000000008001540                OTG_HS_IRQHandler
                0x0000000008001540                HSEM2_IRQHandler
                0x0000000008001540                DMA2D_IRQHandler
                0x0000000008001540                TIM1_BRK_IRQHandler
                0x0000000008001540                EXTI1_IRQHandler
                0x0000000008001540                SDMMC2_IRQHandler
                0x0000000008001540                OTG_FS_EP1_OUT_IRQHandler
                0x0000000008001540                BDMA_Channel3_IRQHandler
                0x0000000008001540                HOLD_CORE_IRQHandler
                0x0000000008001540                UART7_IRQHandler
                0x0000000008001540                MDIOS_WKUP_IRQHandler
                0x0000000008001540                USART2_IRQHandler
                0x0000000008001540                DFSDM1_FLT0_IRQHandler
                0x0000000008001540                SAI4_IRQHandler
                0x0000000008001540                I2C2_ER_IRQHandler
                0x0000000008001540                DMA2_Stream1_IRQHandler
                0x0000000008001540                FLASH_IRQHandler
                0x0000000008001540                DMA2_Stream4_IRQHandler
                0x0000000008001540                USART1_IRQHandler
                0x0000000008001540                OTG_FS_IRQHandler
                0x0000000008001540                SPI3_IRQHandler
                0x0000000008001540                WAKEUP_PIN_IRQHandler
                0x0000000008001540                DMA1_Stream4_IRQHandler
                0x0000000008001540                OTG_FS_EP1_IN_IRQHandler
                0x0000000008001540                I2C1_ER_IRQHandler
                0x0000000008001540                FMC_IRQHandler
                0x0000000008001540                FDCAN_CAL_IRQHandler
                0x0000000008001540                SWPMI1_IRQHandler
                0x0000000008001540                COMP1_IRQHandler
                0x0000000008001540                LPTIM1_IRQHandler
                0x0000000008001540                I2C4_ER_IRQHandler
                0x0000000008001540                DMA2_Stream6_IRQHandler
                0x0000000008001540                SAI1_IRQHandler
                0x0000000008001540                DMA1_Stream3_IRQHandler
 *fill*         0x0000000008001542        0x2 
 .text.HAL_InitTick
                0x0000000008001544       0x4c ./Drivers/STM32H7xx_HAL_Driver/stm32h7xx_hal.o
                0x0000000008001544                HAL_InitTick
 .text.HAL_Init
                0x0000000008001590       0x5c ./Drivers/STM32H7xx_HAL_Driver/stm32h7xx_hal.o
                0x0000000008001590                HAL_Init
 .text.HAL_IncTick
                0x00000000080015ec       0x18 ./Drivers/STM32H7xx_HAL_Driver/stm32h7xx_hal.o
                0x00000000080015ec                HAL_IncTick
 .text.HAL_GetTick
                0x0000000008001604        0xc ./Drivers/STM32H7xx_HAL_Driver/stm32h7xx_hal.o
                0x0000000008001604                HAL_GetTick
 .text.HAL_Delay
                0x0000000008001610       0x24 ./Drivers/STM32H7xx_HAL_Driver/stm32h7xx_hal.o
                0x0000000008001610                HAL_Delay
 .text.HAL_GetREVID
                0x0000000008001634        0xc ./Drivers/STM32H7xx_HAL_Driver/stm32h7xx_hal.o
                0x0000000008001634                HAL_GetREVID
 .text.HAL_SYSCFG_ETHInterfaceSelect
                0x0000000008001640       0x14 ./Drivers/STM32H7xx_HAL_Driver/stm32h7xx_hal.o
                0x0000000008001640                HAL_SYSCFG_ETHInterfaceSelect
 .text.HAL_NVIC_SetPriorityGrouping
                0x0000000008001654       0x24 ./Drivers/STM32H7xx_HAL_Driver/stm32h7xx_hal_cortex.o
                0x0000000008001654                HAL_NVIC_SetPriorityGrouping
 .text.HAL_NVIC_SetPriority
                0x0000000008001678       0x64 ./Drivers/STM32H7xx_HAL_Driver/stm32h7xx_hal_cortex.o
                0x0000000008001678                HAL_NVIC_SetPriority
 .text.HAL_SYSTICK_Config
                0x00000000080016dc       0x2c ./Drivers/STM32H7xx_HAL_Driver/stm32h7xx_hal_cortex.o
                0x00000000080016dc                HAL_SYSTICK_Config
 .text.ETH_SetMACConfig
                0x0000000008001708      0x1b2 ./Drivers/STM32H7xx_HAL_Driver/stm32h7xx_hal_eth.o
 *fill*         0x00000000080018ba        0x2 
 .text.ETH_SetDMAConfig
                0x00000000080018bc       0x90 ./Drivers/STM32H7xx_HAL_Driver/stm32h7xx_hal_eth.o
 .text.HAL_ETH_SetMDIOClockRange
                0x000000000800194c       0x78 ./Drivers/STM32H7xx_HAL_Driver/stm32h7xx_hal_eth.o
                0x000000000800194c                HAL_ETH_SetMDIOClockRange
 .text.HAL_ETH_Init
                0x00000000080019c4      0x210 ./Drivers/STM32H7xx_HAL_Driver/stm32h7xx_hal_eth.o
                0x00000000080019c4                HAL_ETH_Init
 .text.HAL_GPIO_Init
                0x0000000008001bd4      0x1cc ./Drivers/STM32H7xx_HAL_Driver/stm32h7xx_hal_gpio.o
                0x0000000008001bd4                HAL_GPIO_Init
 .text.HAL_GPIO_ReadPin
                0x0000000008001da0        0xc ./Drivers/STM32H7xx_HAL_Driver/stm32h7xx_hal_gpio.o
                0x0000000008001da0                HAL_GPIO_ReadPin
 .text.HAL_HSEM_FastTake
                0x0000000008001dac       0x1c ./Drivers/STM32H7xx_HAL_Driver/stm32h7xx_hal_hsem.o
                0x0000000008001dac                HAL_HSEM_FastTake
 .text.HAL_HSEM_Release
                0x0000000008001dc8       0x10 ./Drivers/STM32H7xx_HAL_Driver/stm32h7xx_hal_hsem.o
                0x0000000008001dc8                HAL_HSEM_Release
 .text.HAL_PCD_Init
                0x0000000008001dd8      0x112 ./Drivers/STM32H7xx_HAL_Driver/stm32h7xx_hal_pcd.o
                0x0000000008001dd8                HAL_PCD_Init
 .text.HAL_PCDEx_ActivateLPM
                0x0000000008001eea       0x26 ./Drivers/STM32H7xx_HAL_Driver/stm32h7xx_hal_pcd_ex.o
                0x0000000008001eea                HAL_PCDEx_ActivateLPM
 .text.HAL_PWREx_ConfigSupply
                0x0000000008001f10       0x78 ./Drivers/STM32H7xx_HAL_Driver/stm32h7xx_hal_pwr_ex.o
                0x0000000008001f10                HAL_PWREx_ConfigSupply
 .text.HAL_PWREx_EnableUSBVoltageDetector
                0x0000000008001f88       0x10 ./Drivers/STM32H7xx_HAL_Driver/stm32h7xx_hal_pwr_ex.o
                0x0000000008001f88                HAL_PWREx_EnableUSBVoltageDetector
 .text.HAL_RCC_OscConfig
                0x0000000008001f98      0x530 ./Drivers/STM32H7xx_HAL_Driver/stm32h7xx_hal_rcc.o
                0x0000000008001f98                HAL_RCC_OscConfig
 .text.HAL_RCC_GetSysClockFreq
                0x00000000080024c8      0x140 ./Drivers/STM32H7xx_HAL_Driver/stm32h7xx_hal_rcc.o
                0x00000000080024c8                HAL_RCC_GetSysClockFreq
 .text.HAL_RCC_ClockConfig
                0x0000000008002608      0x24c ./Drivers/STM32H7xx_HAL_Driver/stm32h7xx_hal_rcc.o
                0x0000000008002608                HAL_RCC_ClockConfig
 .text.HAL_RCC_GetHCLKFreq
                0x0000000008002854       0x44 ./Drivers/STM32H7xx_HAL_Driver/stm32h7xx_hal_rcc.o
                0x0000000008002854                HAL_RCC_GetHCLKFreq
 .text.HAL_RCC_GetPCLK1Freq
                0x0000000008002898       0x24 ./Drivers/STM32H7xx_HAL_Driver/stm32h7xx_hal_rcc.o
                0x0000000008002898                HAL_RCC_GetPCLK1Freq
 .text.HAL_RCC_GetPCLK2Freq
                0x00000000080028bc       0x24 ./Drivers/STM32H7xx_HAL_Driver/stm32h7xx_hal_rcc.o
                0x00000000080028bc                HAL_RCC_GetPCLK2Freq
 .text.RCCEx_PLL2_Config
                0x00000000080028e0       0xf0 ./Drivers/STM32H7xx_HAL_Driver/stm32h7xx_hal_rcc_ex.o
 .text.RCCEx_PLL3_Config
                0x00000000080029d0       0xf0 ./Drivers/STM32H7xx_HAL_Driver/stm32h7xx_hal_rcc_ex.o
 .text.HAL_RCCEx_PeriphCLKConfig
                0x0000000008002ac0      0x96c ./Drivers/STM32H7xx_HAL_Driver/stm32h7xx_hal_rcc_ex.o
                0x0000000008002ac0                HAL_RCCEx_PeriphCLKConfig
 .text.HAL_RCCEx_GetD3PCLK1Freq
                0x000000000800342c       0x24 ./Drivers/STM32H7xx_HAL_Driver/stm32h7xx_hal_rcc_ex.o
                0x000000000800342c                HAL_RCCEx_GetD3PCLK1Freq
 .text.HAL_RCCEx_GetPLL2ClockFreq
                0x0000000008003450      0x150 ./Drivers/STM32H7xx_HAL_Driver/stm32h7xx_hal_rcc_ex.o
                0x0000000008003450                HAL_RCCEx_GetPLL2ClockFreq
 .text.HAL_RCCEx_GetPLL3ClockFreq
                0x00000000080035a0      0x150 ./Drivers/STM32H7xx_HAL_Driver/stm32h7xx_hal_rcc_ex.o
                0x00000000080035a0                HAL_RCCEx_GetPLL3ClockFreq
 .text.TIM_OC1_SetConfig
                0x00000000080036f0       0x98 ./Drivers/STM32H7xx_HAL_Driver/stm32h7xx_hal_tim.o
 .text.TIM_OC3_SetConfig
                0x0000000008003788       0x84 ./Drivers/STM32H7xx_HAL_Driver/stm32h7xx_hal_tim.o
 .text.TIM_OC4_SetConfig
                0x000000000800380c       0x64 ./Drivers/STM32H7xx_HAL_Driver/stm32h7xx_hal_tim.o
 .text.TIM_OC5_SetConfig
                0x0000000008003870       0x64 ./Drivers/STM32H7xx_HAL_Driver/stm32h7xx_hal_tim.o
 .text.TIM_OC6_SetConfig
                0x00000000080038d4       0x64 ./Drivers/STM32H7xx_HAL_Driver/stm32h7xx_hal_tim.o
 .text.HAL_TIM_Encoder_Start
                0x0000000008003938       0xb6 ./Drivers/STM32H7xx_HAL_Driver/stm32h7xx_hal_tim.o
                0x0000000008003938                HAL_TIM_Encoder_Start
 *fill*         0x00000000080039ee        0x2 
 .text.TIM_Base_SetConfig
                0x00000000080039f0       0xcc ./Drivers/STM32H7xx_HAL_Driver/stm32h7xx_hal_tim.o
                0x00000000080039f0                TIM_Base_SetConfig
 .text.HAL_TIM_PWM_Init
                0x0000000008003abc       0x60 ./Drivers/STM32H7xx_HAL_Driver/stm32h7xx_hal_tim.o
                0x0000000008003abc                HAL_TIM_PWM_Init
 .text.HAL_TIM_Encoder_Init
                0x0000000008003b1c       0xaa ./Drivers/STM32H7xx_HAL_Driver/stm32h7xx_hal_tim.o
                0x0000000008003b1c                HAL_TIM_Encoder_Init
 *fill*         0x0000000008003bc6        0x2 
 .text.TIM_OC2_SetConfig
                0x0000000008003bc8       0x8c ./Drivers/STM32H7xx_HAL_Driver/stm32h7xx_hal_tim.o
                0x0000000008003bc8                TIM_OC2_SetConfig
 .text.HAL_TIM_PWM_ConfigChannel
                0x0000000008003c54      0x102 ./Drivers/STM32H7xx_HAL_Driver/stm32h7xx_hal_tim.o
                0x0000000008003c54                HAL_TIM_PWM_ConfigChannel
 *fill*         0x0000000008003d56        0x2 
 .text.HAL_TIMEx_MasterConfigSynchronization
                0x0000000008003d58       0x8c ./Drivers/STM32H7xx_HAL_Driver/stm32h7xx_hal_tim_ex.o
                0x0000000008003d58                HAL_TIMEx_MasterConfigSynchronization
 .text.UART_SetConfig
                0x0000000008003de4      0x39c ./Drivers/STM32H7xx_HAL_Driver/stm32h7xx_hal_uart.o
                0x0000000008003de4                UART_SetConfig
 .text.UART_AdvFeatureConfig
                0x0000000008004180       0xaa ./Drivers/STM32H7xx_HAL_Driver/stm32h7xx_hal_uart.o
                0x0000000008004180                UART_AdvFeatureConfig
 .text.UART_WaitOnFlagUntilTimeout
                0x000000000800422a       0x94 ./Drivers/STM32H7xx_HAL_Driver/stm32h7xx_hal_uart.o
                0x000000000800422a                UART_WaitOnFlagUntilTimeout
 .text.HAL_UART_Transmit
                0x00000000080042be       0xba ./Drivers/STM32H7xx_HAL_Driver/stm32h7xx_hal_uart.o
                0x00000000080042be                HAL_UART_Transmit
 .text.UART_CheckIdleState
                0x0000000008004378       0x6a ./Drivers/STM32H7xx_HAL_Driver/stm32h7xx_hal_uart.o
                0x0000000008004378                UART_CheckIdleState
 .text.HAL_UART_Init
                0x00000000080043e2       0x60 ./Drivers/STM32H7xx_HAL_Driver/stm32h7xx_hal_uart.o
                0x00000000080043e2                HAL_UART_Init
 *fill*         0x0000000008004442        0x2 
 .text.UARTEx_SetNbDataToProcess
                0x0000000008004444       0x44 ./Drivers/STM32H7xx_HAL_Driver/stm32h7xx_hal_uart_ex.o
 .text.HAL_UARTEx_DisableFifoMode
                0x0000000008004488       0x36 ./Drivers/STM32H7xx_HAL_Driver/stm32h7xx_hal_uart_ex.o
                0x0000000008004488                HAL_UARTEx_DisableFifoMode
 .text.HAL_UARTEx_SetTxFifoThreshold
                0x00000000080044be       0x48 ./Drivers/STM32H7xx_HAL_Driver/stm32h7xx_hal_uart_ex.o
                0x00000000080044be                HAL_UARTEx_SetTxFifoThreshold
 .text.HAL_UARTEx_SetRxFifoThreshold
                0x0000000008004506       0x48 ./Drivers/STM32H7xx_HAL_Driver/stm32h7xx_hal_uart_ex.o
                0x0000000008004506                HAL_UARTEx_SetRxFifoThreshold
 *fill*         0x000000000800454e        0x2 
 .text.USB_CoreReset
                0x0000000008004550       0x30 ./Drivers/STM32H7xx_HAL_Driver/stm32h7xx_ll_usb.o
 .text.USB_CoreInit
                0x0000000008004580       0x94 ./Drivers/STM32H7xx_HAL_Driver/stm32h7xx_ll_usb.o
                0x0000000008004580                USB_CoreInit
 .text.USB_DisableGlobalInt
                0x0000000008004614        0xc ./Drivers/STM32H7xx_HAL_Driver/stm32h7xx_ll_usb.o
                0x0000000008004614                USB_DisableGlobalInt
 .text.USB_SetCurrentMode
                0x0000000008004620       0x2e ./Drivers/STM32H7xx_HAL_Driver/stm32h7xx_ll_usb.o
                0x0000000008004620                USB_SetCurrentMode
 *fill*         0x000000000800464e        0x2 
 .text.USB_FlushTxFifo
                0x0000000008004650       0x24 ./Drivers/STM32H7xx_HAL_Driver/stm32h7xx_ll_usb.o
                0x0000000008004650                USB_FlushTxFifo
 .text.USB_FlushRxFifo
                0x0000000008004674       0x20 ./Drivers/STM32H7xx_HAL_Driver/stm32h7xx_ll_usb.o
                0x0000000008004674                USB_FlushRxFifo
 .text.USB_SetDevSpeed
                0x0000000008004694        0xe ./Drivers/STM32H7xx_HAL_Driver/stm32h7xx_ll_usb.o
                0x0000000008004694                USB_SetDevSpeed
 *fill*         0x00000000080046a2        0x2 
 .text.USB_DevInit
                0x00000000080046a4      0x16c ./Drivers/STM32H7xx_HAL_Driver/stm32h7xx_ll_usb.o
                0x00000000080046a4                USB_DevInit
 .text.USB_DevDisconnect
                0x0000000008004810       0x1c ./Drivers/STM32H7xx_HAL_Driver/stm32h7xx_ll_usb.o
                0x0000000008004810                USB_DevDisconnect
 .text.osKernelInitialize
                0x000000000800482c       0x24 ./Middlewares/Third_Party/FreeRTOS/cmsis_os2.o
                0x000000000800482c                osKernelInitialize
 .text.osKernelStart
                0x0000000008004850       0x34 ./Middlewares/Third_Party/FreeRTOS/cmsis_os2.o
                0x0000000008004850                osKernelStart
 .text.osThreadNew
                0x0000000008004884       0x92 ./Middlewares/Third_Party/FreeRTOS/cmsis_os2.o
                0x0000000008004884                osThreadNew
 .text.osDelay  0x0000000008004916       0x18 ./Middlewares/Third_Party/FreeRTOS/cmsis_os2.o
                0x0000000008004916                osDelay
 .text.osMessageQueueNew
                0x000000000800492e       0x76 ./Middlewares/Third_Party/FreeRTOS/cmsis_os2.o
                0x000000000800492e                osMessageQueueNew
 .text.vApplicationGetIdleTaskMemory
                0x00000000080049a4       0x18 ./Middlewares/Third_Party/FreeRTOS/cmsis_os2.o
                0x00000000080049a4                vApplicationGetIdleTaskMemory
 .text.vApplicationGetTimerTaskMemory
                0x00000000080049bc       0x18 ./Middlewares/Third_Party/FreeRTOS/cmsis_os2.o
                0x00000000080049bc                vApplicationGetTimerTaskMemory
 .text.prvInsertBlockIntoFreeList
                0x00000000080049d4       0x48 ./Middlewares/Third_Party/FreeRTOS/heap_4.o
 .text.pvPortMalloc
                0x0000000008004a1c      0x124 ./Middlewares/Third_Party/FreeRTOS/heap_4.o
                0x0000000008004a1c                pvPortMalloc
 .text.vPortFree
                0x0000000008004b40       0x7c ./Middlewares/Third_Party/FreeRTOS/heap_4.o
                0x0000000008004b40                vPortFree
 .text.vListInitialise
                0x0000000008004bbc       0x16 ./Middlewares/Third_Party/FreeRTOS/list.o
                0x0000000008004bbc                vListInitialise
 .text.vListInitialiseItem
                0x0000000008004bd2        0x6 ./Middlewares/Third_Party/FreeRTOS/list.o
                0x0000000008004bd2                vListInitialiseItem
 .text.vListInsertEnd
                0x0000000008004bd8       0x18 ./Middlewares/Third_Party/FreeRTOS/list.o
                0x0000000008004bd8                vListInsertEnd
 .text.vListInsert
                0x0000000008004bf0       0x2e ./Middlewares/Third_Party/FreeRTOS/list.o
                0x0000000008004bf0                vListInsert
 .text.uxListRemove
                0x0000000008004c1e       0x20 ./Middlewares/Third_Party/FreeRTOS/list.o
                0x0000000008004c1e                uxListRemove
 *fill*         0x0000000008004c3e        0x2 
 .text.prvPortStartFirstTask
                0x0000000008004c40       0x28 ./Middlewares/Third_Party/FreeRTOS/port.o
 .text.vPortEnableVFP
                0x0000000008004c68       0x14 ./Middlewares/Third_Party/FreeRTOS/port.o
 .text.prvTaskExitError
                0x0000000008004c7c       0x40 ./Middlewares/Third_Party/FreeRTOS/port.o
 .text.pxPortInitialiseStack
                0x0000000008004cbc       0x24 ./Middlewares/Third_Party/FreeRTOS/port.o
                0x0000000008004cbc                pxPortInitialiseStack
 .text.SVC_Handler
                0x0000000008004ce0       0x24 ./Middlewares/Third_Party/FreeRTOS/port.o
                0x0000000008004ce0                SVC_Handler
 .text.vPortEnterCritical
                0x0000000008004d04       0x44 ./Middlewares/Third_Party/FreeRTOS/port.o
                0x0000000008004d04                vPortEnterCritical
 .text.vPortExitCritical
                0x0000000008004d48       0x28 ./Middlewares/Third_Party/FreeRTOS/port.o
                0x0000000008004d48                vPortExitCritical
 .text.PendSV_Handler
                0x0000000008004d70       0x64 ./Middlewares/Third_Party/FreeRTOS/port.o
                0x0000000008004d70                PendSV_Handler
 .text.xPortSysTickHandler
                0x0000000008004dd4       0x2c ./Middlewares/Third_Party/FreeRTOS/port.o
                0x0000000008004dd4                xPortSysTickHandler
 .text.vPortSetupTimerInterrupt
                0x0000000008004e00       0x34 ./Middlewares/Third_Party/FreeRTOS/port.o
                0x0000000008004e00                vPortSetupTimerInterrupt
 .text.xPortStartScheduler
                0x0000000008004e34      0x104 ./Middlewares/Third_Party/FreeRTOS/port.o
                0x0000000008004e34                xPortStartScheduler
 .text.vPortValidateInterruptPriority
                0x0000000008004f38       0x5c ./Middlewares/Third_Party/FreeRTOS/port.o
                0x0000000008004f38                vPortValidateInterruptPriority
 .text.prvIsQueueEmpty
                0x0000000008004f94       0x16 ./Middlewares/Third_Party/FreeRTOS/queue.o
 .text.prvCopyDataToQueue
                0x0000000008004faa       0x6a ./Middlewares/Third_Party/FreeRTOS/queue.o
 .text.prvCopyDataFromQueue
                0x0000000008005014       0x2a ./Middlewares/Third_Party/FreeRTOS/queue.o
 .text.prvUnlockQueue
                0x000000000800503e       0x70 ./Middlewares/Third_Party/FreeRTOS/queue.o
 *fill*         0x00000000080050ae        0x2 
 .text.xQueueGenericReset
                0x00000000080050b0       0x80 ./Middlewares/Third_Party/FreeRTOS/queue.o
                0x00000000080050b0                xQueueGenericReset
 .text.xQueueGenericCreateStatic
                0x0000000008005130       0x9c ./Middlewares/Third_Party/FreeRTOS/queue.o
                0x0000000008005130                xQueueGenericCreateStatic
 .text.xQueueGenericCreate
                0x00000000080051cc       0x4e ./Middlewares/Third_Party/FreeRTOS/queue.o
                0x00000000080051cc                xQueueGenericCreate
 *fill*         0x000000000800521a        0x2 
 .text.xQueueGenericSend
                0x000000000800521c      0x164 ./Middlewares/Third_Party/FreeRTOS/queue.o
                0x000000000800521c                xQueueGenericSend
 .text.xQueueGenericSendFromISR
                0x0000000008005380       0xc4 ./Middlewares/Third_Party/FreeRTOS/queue.o
                0x0000000008005380                xQueueGenericSendFromISR
 .text.xQueueReceive
                0x0000000008005444      0x140 ./Middlewares/Third_Party/FreeRTOS/queue.o
                0x0000000008005444                xQueueReceive
 .text.vQueueAddToRegistry
                0x0000000008005584       0x24 ./Middlewares/Third_Party/FreeRTOS/queue.o
                0x0000000008005584                vQueueAddToRegistry
 .text.vQueueWaitForMessageRestricted
                0x00000000080055a8       0x46 ./Middlewares/Third_Party/FreeRTOS/queue.o
                0x00000000080055a8                vQueueWaitForMessageRestricted
 *fill*         0x00000000080055ee        0x2 
 .text.prvAddNewTaskToReadyList
                0x00000000080055f0       0xfc ./Middlewares/Third_Party/FreeRTOS/tasks.o
 .text.prvResetNextTaskUnblockTime
                0x00000000080056ec       0x24 ./Middlewares/Third_Party/FreeRTOS/tasks.o
 .text.prvInitialiseNewTask.isra.0
                0x0000000008005710       0x9c ./Middlewares/Third_Party/FreeRTOS/tasks.o
 .text.prvDeleteTCB
                0x00000000080057ac       0x36 ./Middlewares/Third_Party/FreeRTOS/tasks.o
 *fill*         0x00000000080057e2        0x2 
 .text.prvIdleTask
                0x00000000080057e4       0x64 ./Middlewares/Third_Party/FreeRTOS/tasks.o
 .text.prvAddCurrentTaskToDelayedList
                0x0000000008005848       0x74 ./Middlewares/Third_Party/FreeRTOS/tasks.o
 .text.xTaskCreateStatic
                0x00000000080058bc       0x70 ./Middlewares/Third_Party/FreeRTOS/tasks.o
                0x00000000080058bc                xTaskCreateStatic
 .text.xTaskCreate
                0x000000000800592c       0x5a ./Middlewares/Third_Party/FreeRTOS/tasks.o
                0x000000000800592c                xTaskCreate
 *fill*         0x0000000008005986        0x2 
 .text.vTaskStartScheduler
                0x0000000008005988       0x88 ./Middlewares/Third_Party/FreeRTOS/tasks.o
                0x0000000008005988                vTaskStartScheduler
 .text.vTaskSuspendAll
                0x0000000008005a10       0x10 ./Middlewares/Third_Party/FreeRTOS/tasks.o
                0x0000000008005a10                vTaskSuspendAll
 .text.xTaskGetTickCount
                0x0000000008005a20        0xc ./Middlewares/Third_Party/FreeRTOS/tasks.o
                0x0000000008005a20                xTaskGetTickCount
 .text.xTaskIncrementTick
                0x0000000008005a2c      0x12c ./Middlewares/Third_Party/FreeRTOS/tasks.o
                0x0000000008005a2c                xTaskIncrementTick
 .text.xTaskResumeAll
                0x0000000008005b58       0xe8 ./Middlewares/Third_Party/FreeRTOS/tasks.o
                0x0000000008005b58                xTaskResumeAll
 .text.vTaskDelay
                0x0000000008005c40       0x48 ./Middlewares/Third_Party/FreeRTOS/tasks.o
                0x0000000008005c40                vTaskDelay
 .text.vTaskSwitchContext
                0x0000000008005c88       0x78 ./Middlewares/Third_Party/FreeRTOS/tasks.o
                0x0000000008005c88                vTaskSwitchContext
 .text.vTaskPlaceOnEventList
                0x0000000008005d00       0x34 ./Middlewares/Third_Party/FreeRTOS/tasks.o
                0x0000000008005d00                vTaskPlaceOnEventList
 .text.vTaskPlaceOnEventListRestricted
                0x0000000008005d34       0x3c ./Middlewares/Third_Party/FreeRTOS/tasks.o
                0x0000000008005d34                vTaskPlaceOnEventListRestricted
 .text.xTaskRemoveFromEventList
                0x0000000008005d70       0x88 ./Middlewares/Third_Party/FreeRTOS/tasks.o
                0x0000000008005d70                xTaskRemoveFromEventList
 .text.vTaskInternalSetTimeOutState
                0x0000000008005df8       0x18 ./Middlewares/Third_Party/FreeRTOS/tasks.o
                0x0000000008005df8                vTaskInternalSetTimeOutState
 .text.xTaskCheckForTimeOut
                0x0000000008005e10       0x78 ./Middlewares/Third_Party/FreeRTOS/tasks.o
                0x0000000008005e10                xTaskCheckForTimeOut
 .text.vTaskMissedYield
                0x0000000008005e88        0xc ./Middlewares/Third_Party/FreeRTOS/tasks.o
                0x0000000008005e88                vTaskMissedYield
 .text.xTaskGetSchedulerState
                0x0000000008005e94       0x20 ./Middlewares/Third_Party/FreeRTOS/tasks.o
                0x0000000008005e94                xTaskGetSchedulerState
 .text.xTaskPriorityDisinherit
                0x0000000008005eb4       0x88 ./Middlewares/Third_Party/FreeRTOS/tasks.o
                0x0000000008005eb4                xTaskPriorityDisinherit
 .text.prvCheckForValidListAndQueue
                0x0000000008005f3c       0x68 ./Middlewares/Third_Party/FreeRTOS/timers.o
 .text.prvInsertTimerInActiveList
                0x0000000008005fa4       0x3c ./Middlewares/Third_Party/FreeRTOS/timers.o
 .text.xTimerCreateTimerTask
                0x0000000008005fe0       0x64 ./Middlewares/Third_Party/FreeRTOS/timers.o
                0x0000000008005fe0                xTimerCreateTimerTask
 .text.xTimerGenericCommand
                0x0000000008006044       0x54 ./Middlewares/Third_Party/FreeRTOS/timers.o
                0x0000000008006044                xTimerGenericCommand
 .text.prvSwitchTimerLists
                0x0000000008006098       0x7c ./Middlewares/Third_Party/FreeRTOS/timers.o
 .text.prvTimerTask
                0x0000000008006114      0x1f8 ./Middlewares/Third_Party/FreeRTOS/timers.o
 .text.__errno  0x000000000800630c        0xc /opt/st/stm32cubeide_1.7.0/plugins/com.st.stm32cube.ide.mcu.externaltools.gnu-tools-for-stm32.9-2020-q2-update.linux64_2.0.0.202105311346/tools/bin/../lib/gcc/arm-none-eabi/9.3.1/../../../../arm-none-eabi/lib/thumb/v7e-m+dp/hard/libc_nano.a(lib_a-errno.o)
                0x000000000800630c                __errno
 .text.__libc_init_array
                0x0000000008006318       0x48 /opt/st/stm32cubeide_1.7.0/plugins/com.st.stm32cube.ide.mcu.externaltools.gnu-tools-for-stm32.9-2020-q2-update.linux64_2.0.0.202105311346/tools/bin/../lib/gcc/arm-none-eabi/9.3.1/../../../../arm-none-eabi/lib/thumb/v7e-m+dp/hard/libc_nano.a(lib_a-init.o)
                0x0000000008006318                __libc_init_array
 .text.memcpy   0x0000000008006360       0x1c /opt/st/stm32cubeide_1.7.0/plugins/com.st.stm32cube.ide.mcu.externaltools.gnu-tools-for-stm32.9-2020-q2-update.linux64_2.0.0.202105311346/tools/bin/../lib/gcc/arm-none-eabi/9.3.1/../../../../arm-none-eabi/lib/thumb/v7e-m+dp/hard/libc_nano.a(lib_a-memcpy-stub.o)
                0x0000000008006360                memcpy
 .text.memset   0x000000000800637c       0x10 /opt/st/stm32cubeide_1.7.0/plugins/com.st.stm32cube.ide.mcu.externaltools.gnu-tools-for-stm32.9-2020-q2-update.linux64_2.0.0.202105311346/tools/bin/../lib/gcc/arm-none-eabi/9.3.1/../../../../arm-none-eabi/lib/thumb/v7e-m+dp/hard/libc_nano.a(lib_a-memset.o)
                0x000000000800637c                memset
 .text.__cvt    0x000000000800638c       0xa4 /opt/st/stm32cubeide_1.7.0/plugins/com.st.stm32cube.ide.mcu.externaltools.gnu-tools-for-stm32.9-2020-q2-update.linux64_2.0.0.202105311346/tools/bin/../lib/gcc/arm-none-eabi/9.3.1/../../../../arm-none-eabi/lib/thumb/v7e-m+dp/hard/libc_nano.a(lib_a-nano-vfprintf_float.o)
                0x000000000800638c                __cvt
 .text.__exponent
                0x0000000008006430       0x7c /opt/st/stm32cubeide_1.7.0/plugins/com.st.stm32cube.ide.mcu.externaltools.gnu-tools-for-stm32.9-2020-q2-update.linux64_2.0.0.202105311346/tools/bin/../lib/gcc/arm-none-eabi/9.3.1/../../../../arm-none-eabi/lib/thumb/v7e-m+dp/hard/libc_nano.a(lib_a-nano-vfprintf_float.o)
                0x0000000008006430                __exponent
 *fill*         0x00000000080064ac        0x4 
 .text._printf_float
                0x00000000080064b0      0x43c /opt/st/stm32cubeide_1.7.0/plugins/com.st.stm32cube.ide.mcu.externaltools.gnu-tools-for-stm32.9-2020-q2-update.linux64_2.0.0.202105311346/tools/bin/../lib/gcc/arm-none-eabi/9.3.1/../../../../arm-none-eabi/lib/thumb/v7e-m+dp/hard/libc_nano.a(lib_a-nano-vfprintf_float.o)
                0x00000000080064b0                _printf_float
 .text._printf_common
                0x00000000080068ec       0xda /opt/st/stm32cubeide_1.7.0/plugins/com.st.stm32cube.ide.mcu.externaltools.gnu-tools-for-stm32.9-2020-q2-update.linux64_2.0.0.202105311346/tools/bin/../lib/gcc/arm-none-eabi/9.3.1/../../../../arm-none-eabi/lib/thumb/v7e-m+dp/hard/libc_nano.a(lib_a-nano-vfprintf_i.o)
                0x00000000080068ec                _printf_common
 *fill*         0x00000000080069c6        0x2 
 .text._printf_i
                0x00000000080069c8      0x24c /opt/st/stm32cubeide_1.7.0/plugins/com.st.stm32cube.ide.mcu.externaltools.gnu-tools-for-stm32.9-2020-q2-update.linux64_2.0.0.202105311346/tools/bin/../lib/gcc/arm-none-eabi/9.3.1/../../../../arm-none-eabi/lib/thumb/v7e-m+dp/hard/libc_nano.a(lib_a-nano-vfprintf_i.o)
                0x00000000080069c8                _printf_i
 .text._scanf_float
                0x0000000008006c14      0x408 /opt/st/stm32cubeide_1.7.0/plugins/com.st.stm32cube.ide.mcu.externaltools.gnu-tools-for-stm32.9-2020-q2-update.linux64_2.0.0.202105311346/tools/bin/../lib/gcc/arm-none-eabi/9.3.1/../../../../arm-none-eabi/lib/thumb/v7e-m+dp/hard/libc_nano.a(lib_a-nano-vfscanf_float.o)
                0x0000000008006c14                _scanf_float
 .text.nanf     0x000000000800701c        0xc /opt/st/stm32cubeide_1.7.0/plugins/com.st.stm32cube.ide.mcu.externaltools.gnu-tools-for-stm32.9-2020-q2-update.linux64_2.0.0.202105311346/tools/bin/../lib/gcc/arm-none-eabi/9.3.1/../../../../arm-none-eabi/lib/thumb/v7e-m+dp/hard/libc_nano.a(lib_a-sf_nan.o)
                0x000000000800701c                nanf
 .text.sprintf  0x0000000008007028       0x40 /opt/st/stm32cubeide_1.7.0/plugins/com.st.stm32cube.ide.mcu.externaltools.gnu-tools-for-stm32.9-2020-q2-update.linux64_2.0.0.202105311346/tools/bin/../lib/gcc/arm-none-eabi/9.3.1/../../../../arm-none-eabi/lib/thumb/v7e-m+dp/hard/libc_nano.a(lib_a-sprintf.o)
                0x0000000008007028                sprintf
                0x0000000008007028                siprintf
 .text.sulp     0x0000000008007068       0x34 /opt/st/stm32cubeide_1.7.0/plugins/com.st.stm32cube.ide.mcu.externaltools.gnu-tools-for-stm32.9-2020-q2-update.linux64_2.0.0.202105311346/tools/bin/../lib/gcc/arm-none-eabi/9.3.1/../../../../arm-none-eabi/lib/thumb/v7e-m+dp/hard/libc_nano.a(lib_a-strtod.o)
 *fill*         0x000000000800709c        0x4 
 .text._strtod_l
                0x00000000080070a0      0xbac /opt/st/stm32cubeide_1.7.0/plugins/com.st.stm32cube.ide.mcu.externaltools.gnu-tools-for-stm32.9-2020-q2-update.linux64_2.0.0.202105311346/tools/bin/../lib/gcc/arm-none-eabi/9.3.1/../../../../arm-none-eabi/lib/thumb/v7e-m+dp/hard/libc_nano.a(lib_a-strtod.o)
                0x00000000080070a0                _strtod_l
 .text._strtod_r
                0x0000000008007c4c        0xc /opt/st/stm32cubeide_1.7.0/plugins/com.st.stm32cube.ide.mcu.externaltools.gnu-tools-for-stm32.9-2020-q2-update.linux64_2.0.0.202105311346/tools/bin/../lib/gcc/arm-none-eabi/9.3.1/../../../../arm-none-eabi/lib/thumb/v7e-m+dp/hard/libc_nano.a(lib_a-strtod.o)
                0x0000000008007c4c                _strtod_r
 .text._strtol_l.isra.0
                0x0000000008007c58      0x108 /opt/st/stm32cubeide_1.7.0/plugins/com.st.stm32cube.ide.mcu.externaltools.gnu-tools-for-stm32.9-2020-q2-update.linux64_2.0.0.202105311346/tools/bin/../lib/gcc/arm-none-eabi/9.3.1/../../../../arm-none-eabi/lib/thumb/v7e-m+dp/hard/libc_nano.a(lib_a-strtol.o)
 .text._strtol_r
                0x0000000008007d60        0x4 /opt/st/stm32cubeide_1.7.0/plugins/com.st.stm32cube.ide.mcu.externaltools.gnu-tools-for-stm32.9-2020-q2-update.linux64_2.0.0.202105311346/tools/bin/../lib/gcc/arm-none-eabi/9.3.1/../../../../arm-none-eabi/lib/thumb/v7e-m+dp/hard/libc_nano.a(lib_a-strtol.o)
                0x0000000008007d60                _strtol_r
 .text.quorem   0x0000000008007d64      0x116 /opt/st/stm32cubeide_1.7.0/plugins/com.st.stm32cube.ide.mcu.externaltools.gnu-tools-for-stm32.9-2020-q2-update.linux64_2.0.0.202105311346/tools/bin/../lib/gcc/arm-none-eabi/9.3.1/../../../../arm-none-eabi/lib/thumb/v7e-m+dp/hard/libc_nano.a(lib_a-dtoa.o)
 *fill*         0x0000000008007e7a        0x6 
 .text._dtoa_r  0x0000000008007e80      0xb04 /opt/st/stm32cubeide_1.7.0/plugins/com.st.stm32cube.ide.mcu.externaltools.gnu-tools-for-stm32.9-2020-q2-update.linux64_2.0.0.202105311346/tools/bin/../lib/gcc/arm-none-eabi/9.3.1/../../../../arm-none-eabi/lib/thumb/v7e-m+dp/hard/libc_nano.a(lib_a-dtoa.o)
                0x0000000008007e80                _dtoa_r
 .text.rshift   0x0000000008008984       0xa4 /opt/st/stm32cubeide_1.7.0/plugins/com.st.stm32cube.ide.mcu.externaltools.gnu-tools-for-stm32.9-2020-q2-update.linux64_2.0.0.202105311346/tools/bin/../lib/gcc/arm-none-eabi/9.3.1/../../../../arm-none-eabi/lib/thumb/v7e-m+dp/hard/libc_nano.a(lib_a-gdtoa-gethex.o)
 .text.__hexdig_fun
                0x0000000008008a28       0x2a /opt/st/stm32cubeide_1.7.0/plugins/com.st.stm32cube.ide.mcu.externaltools.gnu-tools-for-stm32.9-2020-q2-update.linux64_2.0.0.202105311346/tools/bin/../lib/gcc/arm-none-eabi/9.3.1/../../../../arm-none-eabi/lib/thumb/v7e-m+dp/hard/libc_nano.a(lib_a-gdtoa-gethex.o)
                0x0000000008008a28                __hexdig_fun
 *fill*         0x0000000008008a52        0x2 
 .text.__gethex
                0x0000000008008a54      0x48c /opt/st/stm32cubeide_1.7.0/plugins/com.st.stm32cube.ide.mcu.externaltools.gnu-tools-for-stm32.9-2020-q2-update.linux64_2.0.0.202105311346/tools/bin/../lib/gcc/arm-none-eabi/9.3.1/../../../../arm-none-eabi/lib/thumb/v7e-m+dp/hard/libc_nano.a(lib_a-gdtoa-gethex.o)
                0x0000000008008a54                __gethex
 .text.L_shift  0x0000000008008ee0       0x24 /opt/st/stm32cubeide_1.7.0/plugins/com.st.stm32cube.ide.mcu.externaltools.gnu-tools-for-stm32.9-2020-q2-update.linux64_2.0.0.202105311346/tools/bin/../lib/gcc/arm-none-eabi/9.3.1/../../../../arm-none-eabi/lib/thumb/v7e-m+dp/hard/libc_nano.a(lib_a-gdtoa-hexnan.o)
 .text.__match  0x0000000008008f04       0x28 /opt/st/stm32cubeide_1.7.0/plugins/com.st.stm32cube.ide.mcu.externaltools.gnu-tools-for-stm32.9-2020-q2-update.linux64_2.0.0.202105311346/tools/bin/../lib/gcc/arm-none-eabi/9.3.1/../../../../arm-none-eabi/lib/thumb/v7e-m+dp/hard/libc_nano.a(lib_a-gdtoa-hexnan.o)
                0x0000000008008f04                __match
 .text.__hexnan
                0x0000000008008f2c      0x138 /opt/st/stm32cubeide_1.7.0/plugins/com.st.stm32cube.ide.mcu.externaltools.gnu-tools-for-stm32.9-2020-q2-update.linux64_2.0.0.202105311346/tools/bin/../lib/gcc/arm-none-eabi/9.3.1/../../../../arm-none-eabi/lib/thumb/v7e-m+dp/hard/libc_nano.a(lib_a-gdtoa-hexnan.o)
                0x0000000008008f2c                __hexnan
 .text._localeconv_r
                0x0000000008009064        0x8 /opt/st/stm32cubeide_1.7.0/plugins/com.st.stm32cube.ide.mcu.externaltools.gnu-tools-for-stm32.9-2020-q2-update.linux64_2.0.0.202105311346/tools/bin/../lib/gcc/arm-none-eabi/9.3.1/../../../../arm-none-eabi/lib/thumb/v7e-m+dp/hard/libc_nano.a(lib_a-localeconv.o)
                0x0000000008009064                _localeconv_r
 .text.malloc   0x000000000800906c       0x10 /opt/st/stm32cubeide_1.7.0/plugins/com.st.stm32cube.ide.mcu.externaltools.gnu-tools-for-stm32.9-2020-q2-update.linux64_2.0.0.202105311346/tools/bin/../lib/gcc/arm-none-eabi/9.3.1/../../../../arm-none-eabi/lib/thumb/v7e-m+dp/hard/libc_nano.a(lib_a-malloc.o)
                0x000000000800906c                malloc
 .text.__ascii_mbtowc
                0x000000000800907c       0x24 /opt/st/stm32cubeide_1.7.0/plugins/com.st.stm32cube.ide.mcu.externaltools.gnu-tools-for-stm32.9-2020-q2-update.linux64_2.0.0.202105311346/tools/bin/../lib/gcc/arm-none-eabi/9.3.1/../../../../arm-none-eabi/lib/thumb/v7e-m+dp/hard/libc_nano.a(lib_a-mbtowc_r.o)
                0x000000000800907c                __ascii_mbtowc
 .text._Balloc  0x00000000080090a0       0x80 /opt/st/stm32cubeide_1.7.0/plugins/com.st.stm32cube.ide.mcu.externaltools.gnu-tools-for-stm32.9-2020-q2-update.linux64_2.0.0.202105311346/tools/bin/../lib/gcc/arm-none-eabi/9.3.1/../../../../arm-none-eabi/lib/thumb/v7e-m+dp/hard/libc_nano.a(lib_a-mprec.o)
                0x00000000080090a0                _Balloc
 .text._Bfree   0x0000000008009120       0x44 /opt/st/stm32cubeide_1.7.0/plugins/com.st.stm32cube.ide.mcu.externaltools.gnu-tools-for-stm32.9-2020-q2-update.linux64_2.0.0.202105311346/tools/bin/../lib/gcc/arm-none-eabi/9.3.1/../../../../arm-none-eabi/lib/thumb/v7e-m+dp/hard/libc_nano.a(lib_a-mprec.o)
                0x0000000008009120                _Bfree
 .text.__multadd
                0x0000000008009164       0x94 /opt/st/stm32cubeide_1.7.0/plugins/com.st.stm32cube.ide.mcu.externaltools.gnu-tools-for-stm32.9-2020-q2-update.linux64_2.0.0.202105311346/tools/bin/../lib/gcc/arm-none-eabi/9.3.1/../../../../arm-none-eabi/lib/thumb/v7e-m+dp/hard/libc_nano.a(lib_a-mprec.o)
                0x0000000008009164                __multadd
 .text.__s2b    0x00000000080091f8       0x94 /opt/st/stm32cubeide_1.7.0/plugins/com.st.stm32cube.ide.mcu.externaltools.gnu-tools-for-stm32.9-2020-q2-update.linux64_2.0.0.202105311346/tools/bin/../lib/gcc/arm-none-eabi/9.3.1/../../../../arm-none-eabi/lib/thumb/v7e-m+dp/hard/libc_nano.a(lib_a-mprec.o)
                0x00000000080091f8                __s2b
 .text.__hi0bits
                0x000000000800928c       0x40 /opt/st/stm32cubeide_1.7.0/plugins/com.st.stm32cube.ide.mcu.externaltools.gnu-tools-for-stm32.9-2020-q2-update.linux64_2.0.0.202105311346/tools/bin/../lib/gcc/arm-none-eabi/9.3.1/../../../../arm-none-eabi/lib/thumb/v7e-m+dp/hard/libc_nano.a(lib_a-mprec.o)
                0x000000000800928c                __hi0bits
 .text.__lo0bits
                0x00000000080092cc       0x60 /opt/st/stm32cubeide_1.7.0/plugins/com.st.stm32cube.ide.mcu.externaltools.gnu-tools-for-stm32.9-2020-q2-update.linux64_2.0.0.202105311346/tools/bin/../lib/gcc/arm-none-eabi/9.3.1/../../../../arm-none-eabi/lib/thumb/v7e-m+dp/hard/libc_nano.a(lib_a-mprec.o)
                0x00000000080092cc                __lo0bits
 .text.__i2b    0x000000000800932c       0x2c /opt/st/stm32cubeide_1.7.0/plugins/com.st.stm32cube.ide.mcu.externaltools.gnu-tools-for-stm32.9-2020-q2-update.linux64_2.0.0.202105311346/tools/bin/../lib/gcc/arm-none-eabi/9.3.1/../../../../arm-none-eabi/lib/thumb/v7e-m+dp/hard/libc_nano.a(lib_a-mprec.o)
                0x000000000800932c                __i2b
 .text.__multiply
                0x0000000008009358      0x14c /opt/st/stm32cubeide_1.7.0/plugins/com.st.stm32cube.ide.mcu.externaltools.gnu-tools-for-stm32.9-2020-q2-update.linux64_2.0.0.202105311346/tools/bin/../lib/gcc/arm-none-eabi/9.3.1/../../../../arm-none-eabi/lib/thumb/v7e-m+dp/hard/libc_nano.a(lib_a-mprec.o)
                0x0000000008009358                __multiply
 .text.__pow5mult
                0x00000000080094a4       0xb4 /opt/st/stm32cubeide_1.7.0/plugins/com.st.stm32cube.ide.mcu.externaltools.gnu-tools-for-stm32.9-2020-q2-update.linux64_2.0.0.202105311346/tools/bin/../lib/gcc/arm-none-eabi/9.3.1/../../../../arm-none-eabi/lib/thumb/v7e-m+dp/hard/libc_nano.a(lib_a-mprec.o)
                0x00000000080094a4                __pow5mult
 .text.__lshift
                0x0000000008009558       0xd8 /opt/st/stm32cubeide_1.7.0/plugins/com.st.stm32cube.ide.mcu.externaltools.gnu-tools-for-stm32.9-2020-q2-update.linux64_2.0.0.202105311346/tools/bin/../lib/gcc/arm-none-eabi/9.3.1/../../../../arm-none-eabi/lib/thumb/v7e-m+dp/hard/libc_nano.a(lib_a-mprec.o)
                0x0000000008009558                __lshift
 .text.__mcmp   0x0000000008009630       0x38 /opt/st/stm32cubeide_1.7.0/plugins/com.st.stm32cube.ide.mcu.externaltools.gnu-tools-for-stm32.9-2020-q2-update.linux64_2.0.0.202105311346/tools/bin/../lib/gcc/arm-none-eabi/9.3.1/../../../../arm-none-eabi/lib/thumb/v7e-m+dp/hard/libc_nano.a(lib_a-mprec.o)
                0x0000000008009630                __mcmp
 .text.__mdiff  0x0000000008009668      0x110 /opt/st/stm32cubeide_1.7.0/plugins/com.st.stm32cube.ide.mcu.externaltools.gnu-tools-for-stm32.9-2020-q2-update.linux64_2.0.0.202105311346/tools/bin/../lib/gcc/arm-none-eabi/9.3.1/../../../../arm-none-eabi/lib/thumb/v7e-m+dp/hard/libc_nano.a(lib_a-mprec.o)
                0x0000000008009668                __mdiff
 .text.__ulp    0x0000000008009778       0x58 /opt/st/stm32cubeide_1.7.0/plugins/com.st.stm32cube.ide.mcu.externaltools.gnu-tools-for-stm32.9-2020-q2-update.linux64_2.0.0.202105311346/tools/bin/../lib/gcc/arm-none-eabi/9.3.1/../../../../arm-none-eabi/lib/thumb/v7e-m+dp/hard/libc_nano.a(lib_a-mprec.o)
                0x0000000008009778                __ulp
 .text.__b2d    0x00000000080097d0       0xa0 /opt/st/stm32cubeide_1.7.0/plugins/com.st.stm32cube.ide.mcu.externaltools.gnu-tools-for-stm32.9-2020-q2-update.linux64_2.0.0.202105311346/tools/bin/../lib/gcc/arm-none-eabi/9.3.1/../../../../arm-none-eabi/lib/thumb/v7e-m+dp/hard/libc_nano.a(lib_a-mprec.o)
                0x00000000080097d0                __b2d
 .text.__d2b    0x0000000008009870       0xb8 /opt/st/stm32cubeide_1.7.0/plugins/com.st.stm32cube.ide.mcu.externaltools.gnu-tools-for-stm32.9-2020-q2-update.linux64_2.0.0.202105311346/tools/bin/../lib/gcc/arm-none-eabi/9.3.1/../../../../arm-none-eabi/lib/thumb/v7e-m+dp/hard/libc_nano.a(lib_a-mprec.o)
                0x0000000008009870                __d2b
 .text.__ratio  0x0000000008009928       0x68 /opt/st/stm32cubeide_1.7.0/plugins/com.st.stm32cube.ide.mcu.externaltools.gnu-tools-for-stm32.9-2020-q2-update.linux64_2.0.0.202105311346/tools/bin/../lib/gcc/arm-none-eabi/9.3.1/../../../../arm-none-eabi/lib/thumb/v7e-m+dp/hard/libc_nano.a(lib_a-mprec.o)
                0x0000000008009928                __ratio
 .text.__copybits
                0x0000000008009990       0x46 /opt/st/stm32cubeide_1.7.0/plugins/com.st.stm32cube.ide.mcu.externaltools.gnu-tools-for-stm32.9-2020-q2-update.linux64_2.0.0.202105311346/tools/bin/../lib/gcc/arm-none-eabi/9.3.1/../../../../arm-none-eabi/lib/thumb/v7e-m+dp/hard/libc_nano.a(lib_a-mprec.o)
                0x0000000008009990                __copybits
 .text.__any_on
                0x00000000080099d6       0x42 /opt/st/stm32cubeide_1.7.0/plugins/com.st.stm32cube.ide.mcu.externaltools.gnu-tools-for-stm32.9-2020-q2-update.linux64_2.0.0.202105311346/tools/bin/../lib/gcc/arm-none-eabi/9.3.1/../../../../arm-none-eabi/lib/thumb/v7e-m+dp/hard/libc_nano.a(lib_a-mprec.o)
                0x00000000080099d6                __any_on
 .text._calloc_r
                0x0000000008009a18       0x1e /opt/st/stm32cubeide_1.7.0/plugins/com.st.stm32cube.ide.mcu.externaltools.gnu-tools-for-stm32.9-2020-q2-update.linux64_2.0.0.202105311346/tools/bin/../lib/gcc/arm-none-eabi/9.3.1/../../../../arm-none-eabi/lib/thumb/v7e-m+dp/hard/libc_nano.a(lib_a-nano-callocr.o)
                0x0000000008009a18                _calloc_r
 *fill*         0x0000000008009a36        0x2 
 .text._free_r  0x0000000008009a38       0xa0 /opt/st/stm32cubeide_1.7.0/plugins/com.st.stm32cube.ide.mcu.externaltools.gnu-tools-for-stm32.9-2020-q2-update.linux64_2.0.0.202105311346/tools/bin/../lib/gcc/arm-none-eabi/9.3.1/../../../../arm-none-eabi/lib/thumb/v7e-m+dp/hard/libc_nano.a(lib_a-nano-freer.o)
                0x0000000008009a38                _free_r
 .text._malloc_r
                0x0000000008009ad8       0xb4 /opt/st/stm32cubeide_1.7.0/plugins/com.st.stm32cube.ide.mcu.externaltools.gnu-tools-for-stm32.9-2020-q2-update.linux64_2.0.0.202105311346/tools/bin/../lib/gcc/arm-none-eabi/9.3.1/../../../../arm-none-eabi/lib/thumb/v7e-m+dp/hard/libc_nano.a(lib_a-nano-mallocr.o)
                0x0000000008009ad8                _malloc_r
 .text.__ssputs_r
                0x0000000008009b8c       0xb6 /opt/st/stm32cubeide_1.7.0/plugins/com.st.stm32cube.ide.mcu.externaltools.gnu-tools-for-stm32.9-2020-q2-update.linux64_2.0.0.202105311346/tools/bin/../lib/gcc/arm-none-eabi/9.3.1/../../../../arm-none-eabi/lib/thumb/v7e-m+dp/hard/libc_nano.a(lib_a-nano-svfprintf.o)
                0x0000000008009b8c                __ssputs_r
 *fill*         0x0000000008009c42        0x2 
 .text._svfprintf_r
                0x0000000008009c44      0x200 /opt/st/stm32cubeide_1.7.0/plugins/com.st.stm32cube.ide.mcu.externaltools.gnu-tools-for-stm32.9-2020-q2-update.linux64_2.0.0.202105311346/tools/bin/../lib/gcc/arm-none-eabi/9.3.1/../../../../arm-none-eabi/lib/thumb/v7e-m+dp/hard/libc_nano.a(lib_a-nano-svfprintf.o)
                0x0000000008009c44                _svfprintf_r
                0x0000000008009c44                _svfiprintf_r
 *fill*         0x0000000008009e44        0x4 
 .text.nan      0x0000000008009e48       0x10 /opt/st/stm32cubeide_1.7.0/plugins/com.st.stm32cube.ide.mcu.externaltools.gnu-tools-for-stm32.9-2020-q2-update.linux64_2.0.0.202105311346/tools/bin/../lib/gcc/arm-none-eabi/9.3.1/../../../../arm-none-eabi/lib/thumb/v7e-m+dp/hard/libc_nano.a(lib_a-s_nan.o)
                0x0000000008009e48                nan
 .text._sbrk_r  0x0000000008009e58       0x20 /opt/st/stm32cubeide_1.7.0/plugins/com.st.stm32cube.ide.mcu.externaltools.gnu-tools-for-stm32.9-2020-q2-update.linux64_2.0.0.202105311346/tools/bin/../lib/gcc/arm-none-eabi/9.3.1/../../../../arm-none-eabi/lib/thumb/v7e-m+dp/hard/libc_nano.a(lib_a-sbrkr.o)
                0x0000000008009e58                _sbrk_r
 .text.strncmp  0x0000000008009e78       0x24 /opt/st/stm32cubeide_1.7.0/plugins/com.st.stm32cube.ide.mcu.externaltools.gnu-tools-for-stm32.9-2020-q2-update.linux64_2.0.0.202105311346/tools/bin/../lib/gcc/arm-none-eabi/9.3.1/../../../../arm-none-eabi/lib/thumb/v7e-m+dp/hard/libc_nano.a(lib_a-strncmp.o)
                0x0000000008009e78                strncmp
 .text.__ascii_wctomb
                0x0000000008009e9c       0x1a /opt/st/stm32cubeide_1.7.0/plugins/com.st.stm32cube.ide.mcu.externaltools.gnu-tools-for-stm32.9-2020-q2-update.linux64_2.0.0.202105311346/tools/bin/../lib/gcc/arm-none-eabi/9.3.1/../../../../arm-none-eabi/lib/thumb/v7e-m+dp/hard/libc_nano.a(lib_a-wctomb_r.o)
                0x0000000008009e9c                __ascii_wctomb
 *fill*         0x0000000008009eb6        0x2 
 .text.__assert_func
                0x0000000008009eb8       0x3c /opt/st/stm32cubeide_1.7.0/plugins/com.st.stm32cube.ide.mcu.externaltools.gnu-tools-for-stm32.9-2020-q2-update.linux64_2.0.0.202105311346/tools/bin/../lib/gcc/arm-none-eabi/9.3.1/../../../../arm-none-eabi/lib/thumb/v7e-m+dp/hard/libc_nano.a(lib_a-assert.o)
                0x0000000008009eb8                __assert_func
 .text.fprintf  0x0000000008009ef4       0x24 /opt/st/stm32cubeide_1.7.0/plugins/com.st.stm32cube.ide.mcu.externaltools.gnu-tools-for-stm32.9-2020-q2-update.linux64_2.0.0.202105311346/tools/bin/../lib/gcc/arm-none-eabi/9.3.1/../../../../arm-none-eabi/lib/thumb/v7e-m+dp/hard/libc_nano.a(lib_a-fprintf.o)
                0x0000000008009ef4                fprintf
                0x0000000008009ef4                fiprintf
 .text.memmove  0x0000000008009f18       0x34 /opt/st/stm32cubeide_1.7.0/plugins/com.st.stm32cube.ide.mcu.externaltools.gnu-tools-for-stm32.9-2020-q2-update.linux64_2.0.0.202105311346/tools/bin/../lib/gcc/arm-none-eabi/9.3.1/../../../../arm-none-eabi/lib/thumb/v7e-m+dp/hard/libc_nano.a(lib_a-memmove.o)
                0x0000000008009f18                memmove
 .text.__malloc_lock
                0x0000000008009f4c        0xc /opt/st/stm32cubeide_1.7.0/plugins/com.st.stm32cube.ide.mcu.externaltools.gnu-tools-for-stm32.9-2020-q2-update.linux64_2.0.0.202105311346/tools/bin/../lib/gcc/arm-none-eabi/9.3.1/../../../../arm-none-eabi/lib/thumb/v7e-m+dp/hard/libc_nano.a(lib_a-mlock.o)
                0x0000000008009f4c                __malloc_lock
 .text.__malloc_unlock
                0x0000000008009f58        0xc /opt/st/stm32cubeide_1.7.0/plugins/com.st.stm32cube.ide.mcu.externaltools.gnu-tools-for-stm32.9-2020-q2-update.linux64_2.0.0.202105311346/tools/bin/../lib/gcc/arm-none-eabi/9.3.1/../../../../arm-none-eabi/lib/thumb/v7e-m+dp/hard/libc_nano.a(lib_a-mlock.o)
                0x0000000008009f58                __malloc_unlock
 .text._realloc_r
                0x0000000008009f64       0x4c /opt/st/stm32cubeide_1.7.0/plugins/com.st.stm32cube.ide.mcu.externaltools.gnu-tools-for-stm32.9-2020-q2-update.linux64_2.0.0.202105311346/tools/bin/../lib/gcc/arm-none-eabi/9.3.1/../../../../arm-none-eabi/lib/thumb/v7e-m+dp/hard/libc_nano.a(lib_a-nano-reallocr.o)
                0x0000000008009f64                _realloc_r
 .text.__sfputc_r
                0x0000000008009fb0       0x2e /opt/st/stm32cubeide_1.7.0/plugins/com.st.stm32cube.ide.mcu.externaltools.gnu-tools-for-stm32.9-2020-q2-update.linux64_2.0.0.202105311346/tools/bin/../lib/gcc/arm-none-eabi/9.3.1/../../../../arm-none-eabi/lib/thumb/v7e-m+dp/hard/libc_nano.a(lib_a-nano-vfprintf.o)
 .text.__sfputs_r
                0x0000000008009fde       0x24 /opt/st/stm32cubeide_1.7.0/plugins/com.st.stm32cube.ide.mcu.externaltools.gnu-tools-for-stm32.9-2020-q2-update.linux64_2.0.0.202105311346/tools/bin/../lib/gcc/arm-none-eabi/9.3.1/../../../../arm-none-eabi/lib/thumb/v7e-m+dp/hard/libc_nano.a(lib_a-nano-vfprintf.o)
                0x0000000008009fde                __sfputs_r
 *fill*         0x000000000800a002        0x2 
 .text._vfprintf_r
                0x000000000800a004      0x260 /opt/st/stm32cubeide_1.7.0/plugins/com.st.stm32cube.ide.mcu.externaltools.gnu-tools-for-stm32.9-2020-q2-update.linux64_2.0.0.202105311346/tools/bin/../lib/gcc/arm-none-eabi/9.3.1/../../../../arm-none-eabi/lib/thumb/v7e-m+dp/hard/libc_nano.a(lib_a-nano-vfprintf.o)
                0x000000000800a004                _vfiprintf_r
                0x000000000800a004                _vfprintf_r
 .text.__swbuf_r
                0x000000000800a264       0xa4 /opt/st/stm32cubeide_1.7.0/plugins/com.st.stm32cube.ide.mcu.externaltools.gnu-tools-for-stm32.9-2020-q2-update.linux64_2.0.0.202105311346/tools/bin/../lib/gcc/arm-none-eabi/9.3.1/../../../../arm-none-eabi/lib/thumb/v7e-m+dp/hard/libc_nano.a(lib_a-wbuf.o)
                0x000000000800a264                __swbuf_r
 .text.__swsetup_r
                0x000000000800a308       0xdc /opt/st/stm32cubeide_1.7.0/plugins/com.st.stm32cube.ide.mcu.externaltools.gnu-tools-for-stm32.9-2020-q2-update.linux64_2.0.0.202105311346/tools/bin/../lib/gcc/arm-none-eabi/9.3.1/../../../../arm-none-eabi/lib/thumb/v7e-m+dp/hard/libc_nano.a(lib_a-wsetup.o)
                0x000000000800a308                __swsetup_r
 .text.abort    0x000000000800a3e4        0xe /opt/st/stm32cubeide_1.7.0/plugins/com.st.stm32cube.ide.mcu.externaltools.gnu-tools-for-stm32.9-2020-q2-update.linux64_2.0.0.202105311346/tools/bin/../lib/gcc/arm-none-eabi/9.3.1/../../../../arm-none-eabi/lib/thumb/v7e-m+dp/hard/libc_nano.a(lib_a-abort.o)
                0x000000000800a3e4                abort
 *fill*         0x000000000800a3f2        0x2 
 .text.__sflush_r
                0x000000000800a3f4      0x10c /opt/st/stm32cubeide_1.7.0/plugins/com.st.stm32cube.ide.mcu.externaltools.gnu-tools-for-stm32.9-2020-q2-update.linux64_2.0.0.202105311346/tools/bin/../lib/gcc/arm-none-eabi/9.3.1/../../../../arm-none-eabi/lib/thumb/v7e-m+dp/hard/libc_nano.a(lib_a-fflush.o)
                0x000000000800a3f4                __sflush_r
 .text._fflush_r
                0x000000000800a500       0x78 /opt/st/stm32cubeide_1.7.0/plugins/com.st.stm32cube.ide.mcu.externaltools.gnu-tools-for-stm32.9-2020-q2-update.linux64_2.0.0.202105311346/tools/bin/../lib/gcc/arm-none-eabi/9.3.1/../../../../arm-none-eabi/lib/thumb/v7e-m+dp/hard/libc_nano.a(lib_a-fflush.o)
                0x000000000800a500                _fflush_r
 .text.std      0x000000000800a578       0x48 /opt/st/stm32cubeide_1.7.0/plugins/com.st.stm32cube.ide.mcu.externaltools.gnu-tools-for-stm32.9-2020-q2-update.linux64_2.0.0.202105311346/tools/bin/../lib/gcc/arm-none-eabi/9.3.1/../../../../arm-none-eabi/lib/thumb/v7e-m+dp/hard/libc_nano.a(lib_a-findfp.o)
 .text._cleanup_r
                0x000000000800a5c0        0xc /opt/st/stm32cubeide_1.7.0/plugins/com.st.stm32cube.ide.mcu.externaltools.gnu-tools-for-stm32.9-2020-q2-update.linux64_2.0.0.202105311346/tools/bin/../lib/gcc/arm-none-eabi/9.3.1/../../../../arm-none-eabi/lib/thumb/v7e-m+dp/hard/libc_nano.a(lib_a-findfp.o)
                0x000000000800a5c0                _cleanup_r
 .text.__sfmoreglue
                0x000000000800a5cc       0x2c /opt/st/stm32cubeide_1.7.0/plugins/com.st.stm32cube.ide.mcu.externaltools.gnu-tools-for-stm32.9-2020-q2-update.linux64_2.0.0.202105311346/tools/bin/../lib/gcc/arm-none-eabi/9.3.1/../../../../arm-none-eabi/lib/thumb/v7e-m+dp/hard/libc_nano.a(lib_a-findfp.o)
                0x000000000800a5cc                __sfmoreglue
 .text.__sfp_lock_acquire
                0x000000000800a5f8        0xc /opt/st/stm32cubeide_1.7.0/plugins/com.st.stm32cube.ide.mcu.externaltools.gnu-tools-for-stm32.9-2020-q2-update.linux64_2.0.0.202105311346/tools/bin/../lib/gcc/arm-none-eabi/9.3.1/../../../../arm-none-eabi/lib/thumb/v7e-m+dp/hard/libc_nano.a(lib_a-findfp.o)
                0x000000000800a5f8                __sfp_lock_acquire
 .text.__sfp_lock_release
                0x000000000800a604        0xc /opt/st/stm32cubeide_1.7.0/plugins/com.st.stm32cube.ide.mcu.externaltools.gnu-tools-for-stm32.9-2020-q2-update.linux64_2.0.0.202105311346/tools/bin/../lib/gcc/arm-none-eabi/9.3.1/../../../../arm-none-eabi/lib/thumb/v7e-m+dp/hard/libc_nano.a(lib_a-findfp.o)
                0x000000000800a604                __sfp_lock_release
 .text.__sinit_lock_acquire
                0x000000000800a610        0xc /opt/st/stm32cubeide_1.7.0/plugins/com.st.stm32cube.ide.mcu.externaltools.gnu-tools-for-stm32.9-2020-q2-update.linux64_2.0.0.202105311346/tools/bin/../lib/gcc/arm-none-eabi/9.3.1/../../../../arm-none-eabi/lib/thumb/v7e-m+dp/hard/libc_nano.a(lib_a-findfp.o)
                0x000000000800a610                __sinit_lock_acquire
 .text.__sinit_lock_release
                0x000000000800a61c        0xc /opt/st/stm32cubeide_1.7.0/plugins/com.st.stm32cube.ide.mcu.externaltools.gnu-tools-for-stm32.9-2020-q2-update.linux64_2.0.0.202105311346/tools/bin/../lib/gcc/arm-none-eabi/9.3.1/../../../../arm-none-eabi/lib/thumb/v7e-m+dp/hard/libc_nano.a(lib_a-findfp.o)
                0x000000000800a61c                __sinit_lock_release
 .text.__sinit  0x000000000800a628       0x70 /opt/st/stm32cubeide_1.7.0/plugins/com.st.stm32cube.ide.mcu.externaltools.gnu-tools-for-stm32.9-2020-q2-update.linux64_2.0.0.202105311346/tools/bin/../lib/gcc/arm-none-eabi/9.3.1/../../../../arm-none-eabi/lib/thumb/v7e-m+dp/hard/libc_nano.a(lib_a-findfp.o)
                0x000000000800a628                __sinit
 .text.__sfp    0x000000000800a698       0x8c /opt/st/stm32cubeide_1.7.0/plugins/com.st.stm32cube.ide.mcu.externaltools.gnu-tools-for-stm32.9-2020-q2-update.linux64_2.0.0.202105311346/tools/bin/../lib/gcc/arm-none-eabi/9.3.1/../../../../arm-none-eabi/lib/thumb/v7e-m+dp/hard/libc_nano.a(lib_a-findfp.o)
                0x000000000800a698                __sfp
 .text._fwalk_reent
                0x000000000800a724       0x3e /opt/st/stm32cubeide_1.7.0/plugins/com.st.stm32cube.ide.mcu.externaltools.gnu-tools-for-stm32.9-2020-q2-update.linux64_2.0.0.202105311346/tools/bin/../lib/gcc/arm-none-eabi/9.3.1/../../../../arm-none-eabi/lib/thumb/v7e-m+dp/hard/libc_nano.a(lib_a-fwalk.o)
                0x000000000800a724                _fwalk_reent
 .text.__retarget_lock_init_recursive
                0x000000000800a762        0x2 /opt/st/stm32cubeide_1.7.0/plugins/com.st.stm32cube.ide.mcu.externaltools.gnu-tools-for-stm32.9-2020-q2-update.linux64_2.0.0.202105311346/tools/bin/../lib/gcc/arm-none-eabi/9.3.1/../../../../arm-none-eabi/lib/thumb/v7e-m+dp/hard/libc_nano.a(lib_a-lock.o)
                0x000000000800a762                __retarget_lock_init_recursive
 .text.__retarget_lock_acquire_recursive
                0x000000000800a764        0x2 /opt/st/stm32cubeide_1.7.0/plugins/com.st.stm32cube.ide.mcu.externaltools.gnu-tools-for-stm32.9-2020-q2-update.linux64_2.0.0.202105311346/tools/bin/../lib/gcc/arm-none-eabi/9.3.1/../../../../arm-none-eabi/lib/thumb/v7e-m+dp/hard/libc_nano.a(lib_a-lock.o)
                0x000000000800a764                __retarget_lock_acquire_recursive
 .text.__retarget_lock_release_recursive
                0x000000000800a766        0x2 /opt/st/stm32cubeide_1.7.0/plugins/com.st.stm32cube.ide.mcu.externaltools.gnu-tools-for-stm32.9-2020-q2-update.linux64_2.0.0.202105311346/tools/bin/../lib/gcc/arm-none-eabi/9.3.1/../../../../arm-none-eabi/lib/thumb/v7e-m+dp/hard/libc_nano.a(lib_a-lock.o)
                0x000000000800a766                __retarget_lock_release_recursive
 .text.__swhatbuf_r
                0x000000000800a768       0x48 /opt/st/stm32cubeide_1.7.0/plugins/com.st.stm32cube.ide.mcu.externaltools.gnu-tools-for-stm32.9-2020-q2-update.linux64_2.0.0.202105311346/tools/bin/../lib/gcc/arm-none-eabi/9.3.1/../../../../arm-none-eabi/lib/thumb/v7e-m+dp/hard/libc_nano.a(lib_a-makebuf.o)
                0x000000000800a768                __swhatbuf_r
 .text.__smakebuf_r
                0x000000000800a7b0       0x80 /opt/st/stm32cubeide_1.7.0/plugins/com.st.stm32cube.ide.mcu.externaltools.gnu-tools-for-stm32.9-2020-q2-update.linux64_2.0.0.202105311346/tools/bin/../lib/gcc/arm-none-eabi/9.3.1/../../../../arm-none-eabi/lib/thumb/v7e-m+dp/hard/libc_nano.a(lib_a-makebuf.o)
                0x000000000800a7b0                __smakebuf_r
 .text._malloc_usable_size_r
                0x000000000800a830       0x10 /opt/st/stm32cubeide_1.7.0/plugins/com.st.stm32cube.ide.mcu.externaltools.gnu-tools-for-stm32.9-2020-q2-update.linux64_2.0.0.202105311346/tools/bin/../lib/gcc/arm-none-eabi/9.3.1/../../../../arm-none-eabi/lib/thumb/v7e-m+dp/hard/libc_nano.a(lib_a-nano-msizer.o)
                0x000000000800a830                _malloc_usable_size_r
 .text._raise_r
                0x000000000800a840       0x50 /opt/st/stm32cubeide_1.7.0/plugins/com.st.stm32cube.ide.mcu.externaltools.gnu-tools-for-stm32.9-2020-q2-update.linux64_2.0.0.202105311346/tools/bin/../lib/gcc/arm-none-eabi/9.3.1/../../../../arm-none-eabi/lib/thumb/v7e-m+dp/hard/libc_nano.a(lib_a-signal.o)
                0x000000000800a840                _raise_r
 .text.raise    0x000000000800a890       0x10 /opt/st/stm32cubeide_1.7.0/plugins/com.st.stm32cube.ide.mcu.externaltools.gnu-tools-for-stm32.9-2020-q2-update.linux64_2.0.0.202105311346/tools/bin/../lib/gcc/arm-none-eabi/9.3.1/../../../../arm-none-eabi/lib/thumb/v7e-m+dp/hard/libc_nano.a(lib_a-signal.o)
                0x000000000800a890                raise
 .text._kill_r  0x000000000800a8a0       0x24 /opt/st/stm32cubeide_1.7.0/plugins/com.st.stm32cube.ide.mcu.externaltools.gnu-tools-for-stm32.9-2020-q2-update.linux64_2.0.0.202105311346/tools/bin/../lib/gcc/arm-none-eabi/9.3.1/../../../../arm-none-eabi/lib/thumb/v7e-m+dp/hard/libc_nano.a(lib_a-signalr.o)
                0x000000000800a8a0                _kill_r
 .text._getpid_r
                0x000000000800a8c4        0x4 /opt/st/stm32cubeide_1.7.0/plugins/com.st.stm32cube.ide.mcu.externaltools.gnu-tools-for-stm32.9-2020-q2-update.linux64_2.0.0.202105311346/tools/bin/../lib/gcc/arm-none-eabi/9.3.1/../../../../arm-none-eabi/lib/thumb/v7e-m+dp/hard/libc_nano.a(lib_a-signalr.o)
                0x000000000800a8c4                _getpid_r
 .text.__sread  0x000000000800a8c8       0x22 /opt/st/stm32cubeide_1.7.0/plugins/com.st.stm32cube.ide.mcu.externaltools.gnu-tools-for-stm32.9-2020-q2-update.linux64_2.0.0.202105311346/tools/bin/../lib/gcc/arm-none-eabi/9.3.1/../../../../arm-none-eabi/lib/thumb/v7e-m+dp/hard/libc_nano.a(lib_a-stdio.o)
                0x000000000800a8c8                __sread
 .text.__swrite
                0x000000000800a8ea       0x38 /opt/st/stm32cubeide_1.7.0/plugins/com.st.stm32cube.ide.mcu.externaltools.gnu-tools-for-stm32.9-2020-q2-update.linux64_2.0.0.202105311346/tools/bin/../lib/gcc/arm-none-eabi/9.3.1/../../../../arm-none-eabi/lib/thumb/v7e-m+dp/hard/libc_nano.a(lib_a-stdio.o)
                0x000000000800a8ea                __swrite
 .text.__sseek  0x000000000800a922       0x24 /opt/st/stm32cubeide_1.7.0/plugins/com.st.stm32cube.ide.mcu.externaltools.gnu-tools-for-stm32.9-2020-q2-update.linux64_2.0.0.202105311346/tools/bin/../lib/gcc/arm-none-eabi/9.3.1/../../../../arm-none-eabi/lib/thumb/v7e-m+dp/hard/libc_nano.a(lib_a-stdio.o)
                0x000000000800a922                __sseek
 .text.__sclose
                0x000000000800a946        0x8 /opt/st/stm32cubeide_1.7.0/plugins/com.st.stm32cube.ide.mcu.externaltools.gnu-tools-for-stm32.9-2020-q2-update.linux64_2.0.0.202105311346/tools/bin/../lib/gcc/arm-none-eabi/9.3.1/../../../../arm-none-eabi/lib/thumb/v7e-m+dp/hard/libc_nano.a(lib_a-stdio.o)
                0x000000000800a946                __sclose
 *fill*         0x000000000800a94e        0x2 
 .text._write_r
                0x000000000800a950       0x24 /opt/st/stm32cubeide_1.7.0/plugins/com.st.stm32cube.ide.mcu.externaltools.gnu-tools-for-stm32.9-2020-q2-update.linux64_2.0.0.202105311346/tools/bin/../lib/gcc/arm-none-eabi/9.3.1/../../../../arm-none-eabi/lib/thumb/v7e-m+dp/hard/libc_nano.a(lib_a-writer.o)
                0x000000000800a950                _write_r
 .text._close_r
                0x000000000800a974       0x20 /opt/st/stm32cubeide_1.7.0/plugins/com.st.stm32cube.ide.mcu.externaltools.gnu-tools-for-stm32.9-2020-q2-update.linux64_2.0.0.202105311346/tools/bin/../lib/gcc/arm-none-eabi/9.3.1/../../../../arm-none-eabi/lib/thumb/v7e-m+dp/hard/libc_nano.a(lib_a-closer.o)
                0x000000000800a974                _close_r
 .text._fstat_r
                0x000000000800a994       0x24 /opt/st/stm32cubeide_1.7.0/plugins/com.st.stm32cube.ide.mcu.externaltools.gnu-tools-for-stm32.9-2020-q2-update.linux64_2.0.0.202105311346/tools/bin/../lib/gcc/arm-none-eabi/9.3.1/../../../../arm-none-eabi/lib/thumb/v7e-m+dp/hard/libc_nano.a(lib_a-fstatr.o)
                0x000000000800a994                _fstat_r
 .text._isatty_r
                0x000000000800a9b8       0x20 /opt/st/stm32cubeide_1.7.0/plugins/com.st.stm32cube.ide.mcu.externaltools.gnu-tools-for-stm32.9-2020-q2-update.linux64_2.0.0.202105311346/tools/bin/../lib/gcc/arm-none-eabi/9.3.1/../../../../arm-none-eabi/lib/thumb/v7e-m+dp/hard/libc_nano.a(lib_a-isattyr.o)
                0x000000000800a9b8                _isatty_r
 .text._lseek_r
                0x000000000800a9d8       0x24 /opt/st/stm32cubeide_1.7.0/plugins/com.st.stm32cube.ide.mcu.externaltools.gnu-tools-for-stm32.9-2020-q2-update.linux64_2.0.0.202105311346/tools/bin/../lib/gcc/arm-none-eabi/9.3.1/../../../../arm-none-eabi/lib/thumb/v7e-m+dp/hard/libc_nano.a(lib_a-lseekr.o)
                0x000000000800a9d8                _lseek_r
 .text._read_r  0x000000000800a9fc       0x24 /opt/st/stm32cubeide_1.7.0/plugins/com.st.stm32cube.ide.mcu.externaltools.gnu-tools-for-stm32.9-2020-q2-update.linux64_2.0.0.202105311346/tools/bin/../lib/gcc/arm-none-eabi/9.3.1/../../../../arm-none-eabi/lib/thumb/v7e-m+dp/hard/libc_nano.a(lib_a-readr.o)
                0x000000000800a9fc                _read_r
 *(.glue_7)
 .glue_7        0x000000000800aa20        0x0 linker stubs
 *(.glue_7t)
 .glue_7t       0x000000000800aa20        0x0 linker stubs
 *(.eh_frame)
 .eh_frame      0x000000000800aa20        0x0 /opt/st/stm32cubeide_1.7.0/plugins/com.st.stm32cube.ide.mcu.externaltools.gnu-tools-for-stm32.9-2020-q2-update.linux64_2.0.0.202105311346/tools/bin/../lib/gcc/arm-none-eabi/9.3.1/thumb/v7e-m+dp/hard/crtbegin.o
 *(.init)
 .init          0x000000000800aa20        0x4 /opt/st/stm32cubeide_1.7.0/plugins/com.st.stm32cube.ide.mcu.externaltools.gnu-tools-for-stm32.9-2020-q2-update.linux64_2.0.0.202105311346/tools/bin/../lib/gcc/arm-none-eabi/9.3.1/thumb/v7e-m+dp/hard/crti.o
                0x000000000800aa20                _init
 .init          0x000000000800aa24        0x8 /opt/st/stm32cubeide_1.7.0/plugins/com.st.stm32cube.ide.mcu.externaltools.gnu-tools-for-stm32.9-2020-q2-update.linux64_2.0.0.202105311346/tools/bin/../lib/gcc/arm-none-eabi/9.3.1/thumb/v7e-m+dp/hard/crtn.o
 *(.fini)
 .fini          0x000000000800aa2c        0x4 /opt/st/stm32cubeide_1.7.0/plugins/com.st.stm32cube.ide.mcu.externaltools.gnu-tools-for-stm32.9-2020-q2-update.linux64_2.0.0.202105311346/tools/bin/../lib/gcc/arm-none-eabi/9.3.1/thumb/v7e-m+dp/hard/crti.o
                0x000000000800aa2c                _fini
 .fini          0x000000000800aa30        0x8 /opt/st/stm32cubeide_1.7.0/plugins/com.st.stm32cube.ide.mcu.externaltools.gnu-tools-for-stm32.9-2020-q2-update.linux64_2.0.0.202105311346/tools/bin/../lib/gcc/arm-none-eabi/9.3.1/thumb/v7e-m+dp/hard/crtn.o
                0x000000000800aa38                . = ALIGN (0x4)
                0x000000000800aa38                _etext = .

.vfp11_veneer   0x000000000800aa38        0x0
 .vfp11_veneer  0x000000000800aa38        0x0 linker stubs

.v4_bx          0x000000000800aa38        0x0
 .v4_bx         0x000000000800aa38        0x0 linker stubs

.iplt           0x000000000800aa38        0x0
 .iplt          0x000000000800aa38        0x0 /opt/st/stm32cubeide_1.7.0/plugins/com.st.stm32cube.ide.mcu.externaltools.gnu-tools-for-stm32.9-2020-q2-update.linux64_2.0.0.202105311346/tools/bin/../lib/gcc/arm-none-eabi/9.3.1/thumb/v7e-m+dp/hard/crtbegin.o

.rodata         0x000000000800aa38      0x654
                0x000000000800aa38                . = ALIGN (0x4)
 *(.rodata)
 *(.rodata*)
 .rodata.D1CorePrescTable
                0x000000000800aa38       0x10 ./Common/Src/system_stm32h7xx_dualcore_boot_cm4_cm7.o
                0x000000000800aa38                D1CorePrescTable
 .rodata.StartTask3.str1.1
                0x000000000800aa48       0x11 ./Core/Src/main.o
 .rodata.str1.1
                0x000000000800aa59       0x55 ./Core/Src/main.o
 *fill*         0x000000000800aaae        0x2 
 .rodata.core7_MotorCont_attributes
                0x000000000800aab0       0x24 ./Core/Src/main.o
                0x000000000800aab0                core7_MotorCont_attributes
 .rodata.core7_SensorPos_attributes
                0x000000000800aad4       0x24 ./Core/Src/main.o
                0x000000000800aad4                core7_SensorPos_attributes
 .rodata.core7_diagnosis_attributes
                0x000000000800aaf8       0x24 ./Core/Src/main.o
                0x000000000800aaf8                core7_diagnosis_attributes
 .rodata.diagnosQueue_attributes
                0x000000000800ab1c       0x18 ./Core/Src/main.o
                0x000000000800ab1c                diagnosQueue_attributes
 .rodata.doneQueue_attributes
                0x000000000800ab34       0x18 ./Core/Src/main.o
                0x000000000800ab34                doneQueue_attributes
 .rodata.positionQueue_attributes
                0x000000000800ab4c       0x18 ./Core/Src/main.o
                0x000000000800ab4c                positionQueue_attributes
 .rodata.CSWTCH.59
                0x000000000800ab64       0x29 ./Drivers/STM32H7xx_HAL_Driver/stm32h7xx_hal_uart.o
 .rodata.CSWTCH.60
                0x000000000800ab8d        0x6 ./Drivers/STM32H7xx_HAL_Driver/stm32h7xx_hal_uart.o
 .rodata.CSWTCH.67
                0x000000000800ab93        0x6 ./Drivers/STM32H7xx_HAL_Driver/stm32h7xx_hal_uart.o
 *fill*         0x000000000800ab99        0x1 
 .rodata.UARTPrescTable
                0x000000000800ab9a       0x18 ./Drivers/STM32H7xx_HAL_Driver/stm32h7xx_hal_uart.o
                0x000000000800ab9a                UARTPrescTable
 .rodata.denominator.11790
                0x000000000800abb2        0x8 ./Drivers/STM32H7xx_HAL_Driver/stm32h7xx_hal_uart_ex.o
 .rodata.numerator.11789
                0x000000000800abba        0x8 ./Drivers/STM32H7xx_HAL_Driver/stm32h7xx_hal_uart_ex.o
 .rodata.vTaskStartScheduler.str1.1
                0x000000000800abc2        0x5 ./Middlewares/Third_Party/FreeRTOS/tasks.o
 .rodata.prvCheckForValidListAndQueue.str1.1
                0x000000000800abc7        0x5 ./Middlewares/Third_Party/FreeRTOS/timers.o
 .rodata.xTimerCreateTimerTask.str1.1
                0x000000000800abcc        0x8 ./Middlewares/Third_Party/FreeRTOS/timers.o
 .rodata._global_impure_ptr
                0x000000000800abd4        0x4 /opt/st/stm32cubeide_1.7.0/plugins/com.st.stm32cube.ide.mcu.externaltools.gnu-tools-for-stm32.9-2020-q2-update.linux64_2.0.0.202105311346/tools/bin/../lib/gcc/arm-none-eabi/9.3.1/../../../../arm-none-eabi/lib/thumb/v7e-m+dp/hard/libc_nano.a(lib_a-impure.o)
                0x000000000800abd4                _global_impure_ptr
 .rodata._printf_float.str1.1
                0x000000000800abd8       0x12 /opt/st/stm32cubeide_1.7.0/plugins/com.st.stm32cube.ide.mcu.externaltools.gnu-tools-for-stm32.9-2020-q2-update.linux64_2.0.0.202105311346/tools/bin/../lib/gcc/arm-none-eabi/9.3.1/../../../../arm-none-eabi/lib/thumb/v7e-m+dp/hard/libc_nano.a(lib_a-nano-vfprintf_float.o)
 .rodata._printf_i.str1.1
                0x000000000800abea       0x22 /opt/st/stm32cubeide_1.7.0/plugins/com.st.stm32cube.ide.mcu.externaltools.gnu-tools-for-stm32.9-2020-q2-update.linux64_2.0.0.202105311346/tools/bin/../lib/gcc/arm-none-eabi/9.3.1/../../../../arm-none-eabi/lib/thumb/v7e-m+dp/hard/libc_nano.a(lib_a-nano-vfprintf_i.o)
 .rodata._scanf_float.str1.1
                0x000000000800ac0c        0x5 /opt/st/stm32cubeide_1.7.0/plugins/com.st.stm32cube.ide.mcu.externaltools.gnu-tools-for-stm32.9-2020-q2-update.linux64_2.0.0.202105311346/tools/bin/../lib/gcc/arm-none-eabi/9.3.1/../../../../arm-none-eabi/lib/thumb/v7e-m+dp/hard/libc_nano.a(lib_a-nano-vfscanf_float.o)
                                          0x6 (size before relaxing)
 .rodata._strtod_l.str1.1
                0x000000000800ac11        0x5 /opt/st/stm32cubeide_1.7.0/plugins/com.st.stm32cube.ide.mcu.externaltools.gnu-tools-for-stm32.9-2020-q2-update.linux64_2.0.0.202105311346/tools/bin/../lib/gcc/arm-none-eabi/9.3.1/../../../../arm-none-eabi/lib/thumb/v7e-m+dp/hard/libc_nano.a(lib_a-strtod.o)
                                          0xd (size before relaxing)
 *fill*         0x000000000800ac11        0x3 
 .rodata.fpi.7583