Archive member included to satisfy reference by file (symbol)

/opt/st/stm32cubeide_1.7.0/plugins/com.st.stm32cube.ide.mcu.externaltools.gnu-tools-for-stm32.9-2020-q2-update.linux64_2.0.0.202105311346/tools/bin/../lib/gcc/arm-none-eabi/9.3.1/../../../../arm-none-eabi/lib/thumb/v7e-m+dp/hard/libc_nano.a(lib_a-errno.o)
                              ./Core/Src/syscalls.o (__errno)
/opt/st/stm32cubeide_1.7.0/plugins/com.st.stm32cube.ide.mcu.externaltools.gnu-tools-for-stm32.9-2020-q2-update.linux64_2.0.0.202105311346/tools/bin/../lib/gcc/arm-none-eabi/9.3.1/../../../../arm-none-eabi/lib/thumb/v7e-m+dp/hard/libc_nano.a(lib_a-exit.o)
                              /opt/st/stm32cubeide_1.7.0/plugins/com.st.stm32cube.ide.mcu.externaltools.gnu-tools-for-stm32.9-2020-q2-update.linux64_2.0.0.202105311346/tools/bin/../lib/gcc/arm-none-eabi/9.3.1/../../../../arm-none-eabi/lib/thumb/v7e-m+dp/hard/crt0.o (exit)
/opt/st/stm32cubeide_1.7.0/plugins/com.st.stm32cube.ide.mcu.externaltools.gnu-tools-for-stm32.9-2020-q2-update.linux64_2.0.0.202105311346/tools/bin/../lib/gcc/arm-none-eabi/9.3.1/../../../../arm-none-eabi/lib/thumb/v7e-m+dp/hard/libc_nano.a(lib_a-impure.o)
                              /opt/st/stm32cubeide_1.7.0/plugins/com.st.stm32cube.ide.mcu.externaltools.gnu-tools-for-stm32.9-2020-q2-update.linux64_2.0.0.202105311346/tools/bin/../lib/gcc/arm-none-eabi/9.3.1/../../../../arm-none-eabi/lib/thumb/v7e-m+dp/hard/libc_nano.a(lib_a-exit.o) (_global_impure_ptr)
/opt/st/stm32cubeide_1.7.0/plugins/com.st.stm32cube.ide.mcu.externaltools.gnu-tools-for-stm32.9-2020-q2-update.linux64_2.0.0.202105311346/tools/bin/../lib/gcc/arm-none-eabi/9.3.1/../../../../arm-none-eabi/lib/thumb/v7e-m+dp/hard/libc_nano.a(lib_a-init.o)
                              /opt/st/stm32cubeide_1.7.0/plugins/com.st.stm32cube.ide.mcu.externaltools.gnu-tools-for-stm32.9-2020-q2-update.linux64_2.0.0.202105311346/tools/bin/../lib/gcc/arm-none-eabi/9.3.1/../../../../arm-none-eabi/lib/thumb/v7e-m+dp/hard/crt0.o (__libc_init_array)
/opt/st/stm32cubeide_1.7.0/plugins/com.st.stm32cube.ide.mcu.externaltools.gnu-tools-for-stm32.9-2020-q2-update.linux64_2.0.0.202105311346/tools/bin/../lib/gcc/arm-none-eabi/9.3.1/../../../../arm-none-eabi/lib/thumb/v7e-m+dp/hard/libc_nano.a(lib_a-memcpy-stub.o)
                              ./Middlewares/Third_Party/FreeRTOS/cmsis_os2.o (memcpy)
/opt/st/stm32cubeide_1.7.0/plugins/com.st.stm32cube.ide.mcu.externaltools.gnu-tools-for-stm32.9-2020-q2-update.linux64_2.0.0.202105311346/tools/bin/../lib/gcc/arm-none-eabi/9.3.1/../../../../arm-none-eabi/lib/thumb/v7e-m+dp/hard/libc_nano.a(lib_a-memset.o)
                              /opt/st/stm32cubeide_1.7.0/plugins/com.st.stm32cube.ide.mcu.externaltools.gnu-tools-for-stm32.9-2020-q2-update.linux64_2.0.0.202105311346/tools/bin/../lib/gcc/arm-none-eabi/9.3.1/../../../../arm-none-eabi/lib/thumb/v7e-m+dp/hard/crt0.o (memset)
/opt/st/stm32cubeide_1.7.0/plugins/com.st.stm32cube.ide.mcu.externaltools.gnu-tools-for-stm32.9-2020-q2-update.linux64_2.0.0.202105311346/tools/bin/../lib/gcc/arm-none-eabi/9.3.1/../../../../arm-none-eabi/lib/thumb/v7e-m+dp/hard/libc_nano.a(lib_a-sprintf.o)
                              ./Core/Src/main.o (sprintf)
/opt/st/stm32cubeide_1.7.0/plugins/com.st.stm32cube.ide.mcu.externaltools.gnu-tools-for-stm32.9-2020-q2-update.linux64_2.0.0.202105311346/tools/bin/../lib/gcc/arm-none-eabi/9.3.1/../../../../arm-none-eabi/lib/thumb/v7e-m+dp/hard/libc_nano.a(lib_a-nano-svfprintf.o)
                              /opt/st/stm32cubeide_1.7.0/plugins/com.st.stm32cube.ide.mcu.externaltools.gnu-tools-for-stm32.9-2020-q2-update.linux64_2.0.0.202105311346/tools/bin/../lib/gcc/arm-none-eabi/9.3.1/../../../../arm-none-eabi/lib/thumb/v7e-m+dp/hard/libc_nano.a(lib_a-sprintf.o) (_svfprintf_r)
/opt/st/stm32cubeide_1.7.0/plugins/com.st.stm32cube.ide.mcu.externaltools.gnu-tools-for-stm32.9-2020-q2-update.linux64_2.0.0.202105311346/tools/bin/../lib/gcc/arm-none-eabi/9.3.1/../../../../arm-none-eabi/lib/thumb/v7e-m+dp/hard/libc_nano.a(lib_a-nano-vfprintf_i.o)
                              /opt/st/stm32cubeide_1.7.0/plugins/com.st.stm32cube.ide.mcu.externaltools.gnu-tools-for-stm32.9-2020-q2-update.linux64_2.0.0.202105311346/tools/bin/../lib/gcc/arm-none-eabi/9.3.1/../../../../arm-none-eabi/lib/thumb/v7e-m+dp/hard/libc_nano.a(lib_a-nano-svfprintf.o) (_printf_i)
/opt/st/stm32cubeide_1.7.0/plugins/com.st.stm32cube.ide.mcu.externaltools.gnu-tools-for-stm32.9-2020-q2-update.linux64_2.0.0.202105311346/tools/bin/../lib/gcc/arm-none-eabi/9.3.1/../../../../arm-none-eabi/lib/thumb/v7e-m+dp/hard/libc_nano.a(lib_a-memchr.o)
                              /opt/st/stm32cubeide_1.7.0/plugins/com.st.stm32cube.ide.mcu.externaltools.gnu-tools-for-stm32.9-2020-q2-update.linux64_2.0.0.202105311346/tools/bin/../lib/gcc/arm-none-eabi/9.3.1/../../../../arm-none-eabi/lib/thumb/v7e-m+dp/hard/libc_nano.a(lib_a-nano-svfprintf.o) (memchr)
[...]
Memory Configuration

Name             Origin             Length             Attributes
RAM_D1           0x0000000024000000 0x0000000000080000 xrw
FLASH            0x0000000008000000 0x0000000000100000 xr
DTCMRAM          0x0000000020000000 0x0000000000020000 xrw
RAM_D2           0x0000000030000000 0x0000000000048000 xrw
RAM_D3           0x0000000038000000 0x0000000000010000 xrw
ITCMRAM          0x0000000000000000 0x0000000000010000 xrw
*default*        0x0000000000000000 0xffffffffffffffff

Linker script and memory map

LOAD /opt/st/stm32cubeide_1.7.0/plugins/com.st.stm32cube.ide.mcu.externaltools.gnu-tools-for-stm32.9-2020-q2-update.linux64_2.0.0.202105311346/tools/bin/../lib/gcc/arm-none-eabi/9.3.1/thumb/v7e-m+dp/hard/crti.o
LOAD /opt/st/stm32cubeide_1.7.0/plugins/com.st.stm32cube.ide.mcu.externaltools.gnu-tools-for-stm32.9-2020-q2-update.linux64_2.0.0.202105311346/tools/bin/../lib/gcc/arm-none-eabi/9.3.1/thumb/v7e-m+dp/hard/crtbegin.o
LOAD /opt/st/stm32cubeide_1.7.0/plugins/com.st.stm32cube.ide.mcu.externaltools.gnu-tools-for-stm32.9-2020-q2-update.linux64_2.0.0.202105311346/tools/bin/../lib/gcc/arm-none-eabi/9.3.1/../../../../arm-none-eabi/lib/thumb/v7e-m+dp/hard/crt0.o
LOAD ./Common/Src/system_stm32h7xx_dualcore_boot_cm4_cm7.o
LOAD ./Core/Src/freertos.o
LOAD ./Core/Src/main.o
LOAD ./Core/Src/stm32h7xx_hal_msp.o
LOAD ./Core/Src/stm32h7xx_it.o
LOAD ./Core/Src/syscalls.o
LOAD ./Core/Src/sysmem.o
LOAD ./Core/Startup/startup_stm32h745zitx.o
LOAD ./Drivers/STM32H7xx_HAL_Driver/stm32h7xx_hal.o
LOAD ./Drivers/STM32H7xx_HAL_Driver/stm32h7xx_hal_cortex.o
LOAD ./Drivers/STM32H7xx_HAL_Driver/stm32h7xx_hal_dma.o
LOAD ./Drivers/STM32H7xx_HAL_Driver/stm32h7xx_hal_dma_ex.o
LOAD ./Drivers/STM32H7xx_HAL_Driver/stm32h7xx_hal_eth.o
LOAD ./Drivers/STM32H7xx_HAL_Driver/stm32h7xx_hal_eth_ex.o
LOAD ./Drivers/STM32H7xx_HAL_Driver/stm32h7xx_hal_exti.o
LOAD ./Drivers/STM32H7xx_HAL_Driver/stm32h7xx_hal_flash.o
LOAD ./Drivers/STM32H7xx_HAL_Driver/stm32h7xx_hal_flash_ex.o
LOAD ./Drivers/STM32H7xx_HAL_Driver/stm32h7xx_hal_gpio.o
LOAD ./Drivers/STM32H7xx_HAL_Driver/stm32h7xx_hal_hsem.o
LOAD ./Drivers/STM32H7xx_HAL_Driver/stm32h7xx_hal_i2c.o
LOAD ./Drivers/STM32H7xx_HAL_Driver/stm32h7xx_hal_i2c_ex.o
LOAD ./Drivers/STM32H7xx_HAL_Driver/stm32h7xx_hal_mdma.o
LOAD ./Drivers/STM32H7xx_HAL_Driver/stm32h7xx_hal_pcd.o
LOAD ./Drivers/STM32H7xx_HAL_Driver/stm32h7xx_hal_pcd_ex.o
LOAD ./Drivers/STM32H7xx_HAL_Driver/stm32h7xx_hal_pwr.o
LOAD ./Drivers/STM32H7xx_HAL_Driver/stm32h7xx_hal_pwr_ex.o
LOAD ./Drivers/STM32H7xx_HAL_Driver/stm32h7xx_hal_rcc.o
LOAD ./Drivers/STM32H7xx_HAL_Driver/stm32h7xx_hal_rcc_ex.o
LOAD ./Drivers/STM32H7xx_HAL_Driver/stm32h7xx_hal_tim.o
LOAD ./Drivers/STM32H7xx_HAL_Driver/stm32h7xx_hal_tim_ex.o
LOAD ./Drivers/STM32H7xx_HAL_Driver/stm32h7xx_hal_uart.o
LOAD ./Drivers/STM32H7xx_HAL_Driver/stm32h7xx_hal_uart_ex.o
LOAD ./Drivers/STM32H7xx_HAL_Driver/stm32h7xx_ll_usb.o
LOAD ./Middlewares/Third_Party/FreeRTOS/cmsis_os2.o
LOAD ./Middlewares/Third_Party/FreeRTOS/croutine.o
LOAD ./Middlewares/Third_Party/FreeRTOS/event_groups.o
LOAD ./Middlewares/Third_Party/FreeRTOS/heap_4.o
LOAD ./Middlewares/Third_Party/FreeRTOS/list.o
LOAD ./Middlewares/Third_Party/FreeRTOS/port.o
LOAD ./Middlewares/Third_Party/FreeRTOS/queue.o
LOAD ./Middlewares/Third_Party/FreeRTOS/stream_buffer.o
LOAD ./Middlewares/Third_Party/FreeRTOS/tasks.o
LOAD ./Middlewares/Third_Party/FreeRTOS/timers.o
START GROUP
LOAD /opt/st/stm32cubeide_1.7.0/plugins/com.st.stm32cube.ide.mcu.externaltools.gnu-tools-for-stm32.9-2020-q2-update.linux64_2.0.0.202105311346/tools/bin/../lib/gcc/arm-none-eabi/9.3.1/../../../../arm-none-eabi/lib/thumb/v7e-m+dp/hard/libc_nano.a
LOAD /opt/st/stm32cubeide_1.7.0/plugins/com.st.stm32cube.ide.mcu.externaltools.gnu-tools-for-stm32.9-2020-q2-update.linux64_2.0.0.202105311346/tools/bin/../lib/gcc/arm-none-eabi/9.3.1/../../../../arm-none-eabi/lib/thumb/v7e-m+dp/hard/libm.a
END GROUP
START GROUP
LOAD /opt/st/stm32cubeide_1.7.0/plugins/com.st.stm32cube.ide.mcu.externaltools.gnu-tools-for-stm32.9-2020-q2-update.linux64_2.0.0.202105311346/tools/bin/../lib/gcc/arm-none-eabi/9.3.1/thumb/v7e-m+dp/hard/libgcc.a
LOAD /opt/st/stm32cubeide_1.7.0/plugins/com.st.stm32cube.ide.mcu.externaltools.gnu-tools-for-stm32.9-2020-q2-update.linux64_2.0.0.202105311346/tools/bin/../lib/gcc/arm-none-eabi/9.3.1/../../../../arm-none-eabi/lib/thumb/v7e-m+dp/hard/libc_nano.a
END GROUP
START GROUP
LOAD /opt/st/stm32cubeide_1.7.0/plugins/com.st.stm32cube.ide.mcu.externaltools.gnu-tools-for-stm32.9-2020-q2-update.linux64_2.0.0.202105311346/tools/bin/../lib/gcc/arm-none-eabi/9.3.1/thumb/v7e-m+dp/hard/libgcc.a
LOAD /opt/st/stm32cubeide_1.7.0/plugins/com.st.stm32cube.ide.mcu.externaltools.gnu-tools-for-stm32.9-2020-q2-update.linux64_2.0.0.202105311346/tools/bin/../lib/gcc/arm-none-eabi/9.3.1/../../../../arm-none-eabi/lib/thumb/v7e-m+dp/hard/libc_nano.a
LOAD /opt/st/stm32cubeide_1.7.0/plugins/com.st.stm32cube.ide.mcu.externaltools.gnu-tools-for-stm32.9-2020-q2-update.linux64_2.0.0.202105311346/tools/bin/../lib/gcc/arm-none-eabi/9.3.1/../../../../arm-none-eabi/lib/thumb/v7e-m+dp/hard/libnosys.a
END GROUP
START GROUP
LOAD /opt/st/stm32cubeide_1.7.0/plugins/com.st.stm32cube.ide.mcu.externaltools.gnu-tools-for-stm32.9-2020-q2-update.linux64_2.0.0.202105311346/tools/bin/../lib/gcc/arm-none-eabi/9.3.1/thumb/v7e-m+dp/hard/libgcc.a
LOAD /opt/st/stm32cubeide_1.7.0/plugins/com.st.stm32cube.ide.mcu.externaltools.gnu-tools-for-stm32.9-2020-q2-update.linux64_2.0.0.202105311346/tools/bin/../lib/gcc/arm-none-eabi/9.3.1/../../../../arm-none-eabi/lib/thumb/v7e-m+dp/hard/libc_nano.a
LOAD /opt/st/stm32cubeide_1.7.0/plugins/com.st.stm32cube.ide.mcu.externaltools.gnu-tools-for-stm32.9-2020-q2-update.linux64_2.0.0.202105311346/tools/bin/../lib/gcc/arm-none-eabi/9.3.1/../../../../arm-none-eabi/lib/thumb/v7e-m+dp/hard/libnosys.a
END GROUP
LOAD /opt/st/stm32cubeide_1.7.0/plugins/com.st.stm32cube.ide.mcu.externaltools.gnu-tools-for-stm32.9-2020-q2-update.linux64_2.0.0.202105311346/tools/bin/../lib/gcc/arm-none-eabi/9.3.1/thumb/v7e-m+dp/hard/crtend.o
LOAD /opt/st/stm32cubeide_1.7.0/plugins/com.st.stm32cube.ide.mcu.externaltools.gnu-tools-for-stm32.9-2020-q2-update.linux64_2.0.0.202105311346/tools/bin/../lib/gcc/arm-none-eabi/9.3.1/thumb/v7e-m+dp/hard/crtn.o
                0x0000000024080000                _estack = (ORIGIN (RAM_D1) + LENGTH (RAM_D1))
                0x0000000000000200                _Min_Heap_Size = 0x200
                0x0000000000000400                _Min_Stack_Size = 0x400

.isr_vector     0x0000000008000000      0x298
                0x0000000008000000                . = ALIGN (0x4)
 *(.isr_vector)
 .isr_vector    0x0000000008000000      0x298 ./Core/Startup/startup_stm32h745zitx.o
                0x0000000008000000                g_pfnVectors
                0x0000000008000298                . = ALIGN (0x4)

.text           0x00000000080002a0     0x6674
                0x00000000080002a0                . = ALIGN (0x4)
 *(.text)
 .text          0x00000000080002a0       0x40 /opt/st/stm32cubeide_1.7.0/plugins/com.st.stm32cube.ide.mcu.externaltools.gnu-tools-for-stm32.9-2020-q2-update.linux64_2.0.0.202105311346/tools/bin/../lib/gcc/arm-none-eabi/9.3.1/thumb/v7e-m+dp/hard/crtbegin.o
 .text          0x00000000080002e0       0xa0 /opt/st/stm32cubeide_1.7.0/plugins/com.st.stm32cube.ide.mcu.externaltools.gnu-tools-for-stm32.9-2020-q2-update.linux64_2.0.0.202105311346/tools/bin/../lib/gcc/arm-none-eabi/9.3.1/../../../../arm-none-eabi/lib/thumb/v7e-m+dp/hard/libc_nano.a(lib_a-memchr.o)
                0x00000000080002e0                memchr
 .text          0x0000000008000380       0x30 /opt/st/stm32cubeide_1.7.0/plugins/com.st.stm32cube.ide.mcu.externaltools.gnu-tools-for-stm32.9-2020-q2-update.linux64_2.0.0.202105311346/tools/bin/../lib/gcc/arm-none-eabi/9.3.1/thumb/v7e-m+dp/hard/libgcc.a(_aeabi_uldivmod.o)
                0x0000000008000380                __aeabi_uldivmod
 .text          0x00000000080003b0      0x2c4 /opt/st/stm32cubeide_1.7.0/plugins/com.st.stm32cube.ide.mcu.externaltools.gnu-tools-for-stm32.9-2020-q2-update.linux64_2.0.0.202105311346/tools/bin/../lib/gcc/arm-none-eabi/9.3.1/thumb/v7e-m+dp/hard/libgcc.a(_udivmoddi4.o)
                0x00000000080003b0                __udivmoddi4
 .text          0x0000000008000674        0x4 /opt/st/stm32cubeide_1.7.0/plugins/com.st.stm32cube.ide.mcu.externaltools.gnu-tools-for-stm32.9-2020-q2-update.linux64_2.0.0.202105311346/tools/bin/../lib/gcc/arm-none-eabi/9.3.1/thumb/v7e-m+dp/hard/libgcc.a(_dvmd_tls.o)
                0x0000000008000674                __aeabi_ldiv0
                0x0000000008000674                __aeabi_idiv0
 *(.text*)
 .text.SystemInit
                0x0000000008000678       0xdc ./Common/Src/system_stm32h7xx_dualcore_boot_cm4_cm7.o
                0x0000000008000678                SystemInit
 .text.StartTask1
                0x0000000008000754       0x48 ./Core/Src/main.o
                0x0000000008000754                StartTask1
 .text.StartTask2
                0x000000000800079c        0xa ./Core/Src/main.o
                0x000000000800079c                StartTask2
 .text.StartTask3
                0x00000000080007a6        0xa ./Core/Src/main.o
                0x00000000080007a6                StartTask3
 .text.SystemClock_Config
                0x00000000080007b0       0xcc ./Core/Src/main.o
                0x00000000080007b0                SystemClock_Config
 .text.startup.main
                0x000000000800087c      0x370 ./Core/Src/main.o
                0x000000000800087c                main
 .text.Error_Handler
                0x0000000008000bec        0x4 ./Core/Src/main.o
                0x0000000008000bec                Error_Handler
 .text.HAL_MspInit
                0x0000000008000bf0       0x30 ./Core/Src/stm32h7xx_hal_msp.o
                0x0000000008000bf0                HAL_MspInit
 .text.HAL_ETH_MspInit
                0x0000000008000c20      0x13c ./Core/Src/stm32h7xx_hal_msp.o
                0x0000000008000c20                HAL_ETH_MspInit
 .text.HAL_TIM_Encoder_MspInit
                0x0000000008000d5c       0xb0 ./Core/Src/stm32h7xx_hal_msp.o
                0x0000000008000d5c                HAL_TIM_Encoder_MspInit
 .text.HAL_TIM_PWM_MspInit
                0x0000000008000e0c       0x30 ./Core/Src/stm32h7xx_hal_msp.o
                0x0000000008000e0c                HAL_TIM_PWM_MspInit
 .text.HAL_TIM_MspPostInit
                0x0000000008000e3c       0x8c ./Core/Src/stm32h7xx_hal_msp.o
                0x0000000008000e3c                HAL_TIM_MspPostInit
 .text.HAL_UART_MspInit
                0x0000000008000ec8       0x94 ./Core/Src/stm32h7xx_hal_msp.o
                0x0000000008000ec8                HAL_UART_MspInit
 .text.HAL_PCD_MspInit
                0x0000000008000f5c       0xcc ./Core/Src/stm32h7xx_hal_msp.o
                0x0000000008000f5c                HAL_PCD_MspInit
 .text.NMI_Handler
                0x0000000008001028        0x2 ./Core/Src/stm32h7xx_it.o
                0x0000000008001028                NMI_Handler
 .text.HardFault_Handler
                0x000000000800102a        0x2 ./Core/Src/stm32h7xx_it.o
                0x000000000800102a                HardFault_Handler
 .text.MemManage_Handler
                0x000000000800102c        0x2 ./Core/Src/stm32h7xx_it.o
                0x000000000800102c                MemManage_Handler
 .text.BusFault_Handler
                0x000000000800102e        0x2 ./Core/Src/stm32h7xx_it.o
                0x000000000800102e                BusFault_Handler
 .text.UsageFault_Handler
                0x0000000008001030        0x2 ./Core/Src/stm32h7xx_it.o
                0x0000000008001030                UsageFault_Handler
 .text.DebugMon_Handler
                0x0000000008001032        0x2 ./Core/Src/stm32h7xx_it.o
                0x0000000008001032                DebugMon_Handler
 .text.SysTick_Handler
                0x0000000008001034       0x18 ./Core/Src/stm32h7xx_it.o
                0x0000000008001034                SysTick_Handler
 .text.TIM2_IRQHandler
                0x000000000800104c        0xc ./Core/Src/stm32h7xx_it.o
                0x000000000800104c                TIM2_IRQHandler
 .text._sbrk    0x0000000008001058       0x40 ./Core/Src/sysmem.o
                0x0000000008001058                _sbrk
 .text.Reset_Handler
                0x0000000008001098       0x50 ./Core/Startup/startup_stm32h745zitx.o
                0x0000000008001098                Reset_Handler
 .text.Default_Handler
                0x00000000080010e8        0x2 ./Core/Startup/startup_stm32h745zitx.o
                0x00000000080010e8                RTC_Alarm_IRQHandler
                0x00000000080010e8                EXTI2_IRQHandler
                0x00000000080010e8                TIM8_CC_IRQHandler
                0x00000000080010e8                HRTIM1_Master_IRQHandler
                0x00000000080010e8                UART8_IRQHandler
                0x00000000080010e8                SPI4_IRQHandler
                0x00000000080010e8                TIM1_CC_IRQHandler
                0x00000000080010e8                BDMA_Channel6_IRQHandler
                0x00000000080010e8                DMA2_Stream5_IRQHandler
                0x00000000080010e8                HRTIM1_FLT_IRQHandler
                0x00000000080010e8                JPEG_IRQHandler
                0x00000000080010e8                DMA1_Stream5_IRQHandler
                0x00000000080010e8                BDMA_Channel1_IRQHandler
                0x00000000080010e8                HRTIM1_TIMD_IRQHandler
                0x00000000080010e8                TAMP_STAMP_IRQHandler
                0x00000000080010e8                EXTI3_IRQHandler
                0x00000000080010e8                LPTIM4_IRQHandler
                0x00000000080010e8                TIM8_TRG_COM_TIM14_IRQHandler
                0x00000000080010e8                LPTIM2_IRQHandler
                0x00000000080010e8                DFSDM1_FLT1_IRQHandler
                0x00000000080010e8                DMAMUX2_OVR_IRQHandler
                0x00000000080010e8                TIM8_UP_TIM13_IRQHandler
                0x00000000080010e8                I2C3_ER_IRQHandler
                0x00000000080010e8                DFSDM1_FLT2_IRQHandler
                0x00000000080010e8                MDMA_IRQHandler
                0x00000000080010e8                LPTIM3_IRQHandler
                0x00000000080010e8                HSEM1_IRQHandler
                0x00000000080010e8                EXTI0_IRQHandler
                0x00000000080010e8                I2C2_EV_IRQHandler
                0x00000000080010e8                DMA1_Stream2_IRQHandler
                0x00000000080010e8                FPU_IRQHandler
                0x00000000080010e8                OTG_HS_WKUP_IRQHandler
                0x00000000080010e8                FDCAN1_IT1_IRQHandler
                0x00000000080010e8                LTDC_ER_IRQHandler
                0x00000000080010e8                DMA2_Stream2_IRQHandler
                0x00000000080010e8                HRTIM1_TIME_IRQHandler
                0x00000000080010e8                SPI1_IRQHandler
                0x00000000080010e8                TIM6_DAC_IRQHandler
                0x00000000080010e8                DCMI_IRQHandler
                0x00000000080010e8                HRTIM1_TIMC_IRQHandler
                0x00000000080010e8                DMA2_Stream3_IRQHandler
                0x00000000080010e8                SAI2_IRQHandler
                0x00000000080010e8                DFSDM1_FLT3_IRQHandler
                0x00000000080010e8                USART6_IRQHandler
                0x00000000080010e8                TIM17_IRQHandler
                0x00000000080010e8                USART3_IRQHandler
                0x00000000080010e8                BDMA_Channel7_IRQHandler
                0x00000000080010e8                LPTIM5_IRQHandler
                0x00000000080010e8                UART5_IRQHandler
                0x00000000080010e8                ADC3_IRQHandler
                0x00000000080010e8                DMA2_Stream0_IRQHandler
                0x00000000080010e8                TIM4_IRQHandler
                0x00000000080010e8                BDMA_Channel2_IRQHandler
                0x00000000080010e8                QUADSPI_IRQHandler
                0x00000000080010e8                I2C1_EV_IRQHandler
                0x00000000080010e8                DMA1_Stream6_IRQHandler
                0x00000000080010e8                DMAMUX1_OVR_IRQHandler
                0x00000000080010e8                DMA1_Stream1_IRQHandler
                0x00000000080010e8                TIM16_IRQHandler
                0x00000000080010e8                UART4_IRQHandler
                0x00000000080010e8                BDMA_Channel5_IRQHandler
                0x00000000080010e8                TIM3_IRQHandler
                0x00000000080010e8                RCC_IRQHandler
                0x00000000080010e8                TIM8_BRK_TIM12_IRQHandler
                0x00000000080010e8                TIM1_TRG_COM_IRQHandler
                0x00000000080010e8                Default_Handler
                0x00000000080010e8                ECC_IRQHandler
                0x00000000080010e8                CEC_IRQHandler
                0x00000000080010e8                EXTI15_10_IRQHandler
                0x00000000080010e8                BDMA_Channel0_IRQHandler
                0x00000000080010e8                ADC_IRQHandler
                0x00000000080010e8                DMA1_Stream7_IRQHandler
                0x00000000080010e8                HRTIM1_TIMA_IRQHandler
                0x00000000080010e8                SPI5_IRQHandler
                0x00000000080010e8                TIM7_IRQHandler
                0x00000000080010e8                SDMMC1_IRQHandler
                0x00000000080010e8                TIM5_IRQHandler
                0x00000000080010e8                DMA2_Stream7_IRQHandler
                0x00000000080010e8                TIM15_IRQHandler
                0x00000000080010e8                PVD_AVD_IRQHandler
                0x00000000080010e8                I2C3_EV_IRQHandler
                0x00000000080010e8                EXTI9_5_IRQHandler
                0x00000000080010e8                RTC_WKUP_IRQHandler
                0x00000000080010e8                LTDC_IRQHandler
                0x00000000080010e8                SAI3_IRQHandler
                0x00000000080010e8                ETH_WKUP_IRQHandler
                0x00000000080010e8                SPDIF_RX_IRQHandler
                0x00000000080010e8                SPI2_IRQHandler
                0x00000000080010e8                OTG_HS_EP1_IN_IRQHandler
                0x00000000080010e8                DMA1_Stream0_IRQHandler
                0x00000000080010e8                CRS_IRQHandler
                0x00000000080010e8                CM7_SEV_IRQHandler
                0x00000000080010e8                EXTI4_IRQHandler
                0x00000000080010e8                RNG_IRQHandler
                0x00000000080010e8                CM4_SEV_IRQHandler
                0x00000000080010e8                HRTIM1_TIMB_IRQHandler
                0x00000000080010e8                FDCAN2_IT1_IRQHandler
                0x00000000080010e8                ETH_IRQHandler
                0x00000000080010e8                TIM1_UP_IRQHandler
                0x00000000080010e8                WWDG_RST_IRQHandler
                0x00000000080010e8                BDMA_Channel4_IRQHandler
                0x00000000080010e8                OTG_HS_EP1_OUT_IRQHandler
                0x00000000080010e8                WWDG_IRQHandler
                0x00000000080010e8                SPI6_IRQHandler
                0x00000000080010e8                MDIOS_IRQHandler
                0x00000000080010e8                I2C4_EV_IRQHandler
                0x00000000080010e8                FDCAN2_IT0_IRQHandler
                0x00000000080010e8                LPUART1_IRQHandler
                0x00000000080010e8                FDCAN1_IT0_IRQHandler
                0x00000000080010e8                OTG_FS_WKUP_IRQHandler
                0x00000000080010e8                OTG_HS_IRQHandler
                0x00000000080010e8                HSEM2_IRQHandler
                0x00000000080010e8                DMA2D_IRQHandler
                0x00000000080010e8                TIM1_BRK_IRQHandler
                0x00000000080010e8                EXTI1_IRQHandler
                0x00000000080010e8                SDMMC2_IRQHandler
                0x00000000080010e8                OTG_FS_EP1_OUT_IRQHandler
                0x00000000080010e8                BDMA_Channel3_IRQHandler
                0x00000000080010e8                HOLD_CORE_IRQHandler
                0x00000000080010e8                UART7_IRQHandler
                0x00000000080010e8                MDIOS_WKUP_IRQHandler
                0x00000000080010e8                USART2_IRQHandler
                0x00000000080010e8                DFSDM1_FLT0_IRQHandler
                0x00000000080010e8                SAI4_IRQHandler
                0x00000000080010e8                I2C2_ER_IRQHandler
                0x00000000080010e8                DMA2_Stream1_IRQHandler
                0x00000000080010e8                FLASH_IRQHandler
                0x00000000080010e8                DMA2_Stream4_IRQHandler
                0x00000000080010e8                USART1_IRQHandler
                0x00000000080010e8                OTG_FS_IRQHandler
                0x00000000080010e8                SPI3_IRQHandler
                0x00000000080010e8                WAKEUP_PIN_IRQHandler
                0x00000000080010e8                DMA1_Stream4_IRQHandler
                0x00000000080010e8                OTG_FS_EP1_IN_IRQHandler
                0x00000000080010e8                I2C1_ER_IRQHandler
                0x00000000080010e8                FMC_IRQHandler
                0x00000000080010e8                FDCAN_CAL_IRQHandler
                0x00000000080010e8                SWPMI1_IRQHandler
                0x00000000080010e8                COMP1_IRQHandler
                0x00000000080010e8                LPTIM1_IRQHandler
                0x00000000080010e8                I2C4_ER_IRQHandler
                0x00000000080010e8                DMA2_Stream6_IRQHandler
                0x00000000080010e8                SAI1_IRQHandler
                0x00000000080010e8                DMA1_Stream3_IRQHandler
 *fill*         0x00000000080010ea        0x2 
 .text.HAL_InitTick
                0x00000000080010ec       0x4c ./Drivers/STM32H7xx_HAL_Driver/stm32h7xx_hal.o
                0x00000000080010ec                HAL_InitTick
 .text.HAL_Init
                0x0000000008001138       0x5c ./Drivers/STM32H7xx_HAL_Driver/stm32h7xx_hal.o
                0x0000000008001138                HAL_Init
 .text.HAL_IncTick
                0x0000000008001194       0x18 ./Drivers/STM32H7xx_HAL_Driver/stm32h7xx_hal.o
                0x0000000008001194                HAL_IncTick
 .text.HAL_GetTick
                0x00000000080011ac        0xc ./Drivers/STM32H7xx_HAL_Driver/stm32h7xx_hal.o
                0x00000000080011ac                HAL_GetTick
 .text.HAL_Delay
                0x00000000080011b8       0x24 ./Drivers/STM32H7xx_HAL_Driver/stm32h7xx_hal.o
                0x00000000080011b8                HAL_Delay
 .text.HAL_GetREVID
                0x00000000080011dc        0xc ./Drivers/STM32H7xx_HAL_Driver/stm32h7xx_hal.o
                0x00000000080011dc                HAL_GetREVID
 .text.HAL_SYSCFG_ETHInterfaceSelect
                0x00000000080011e8       0x14 ./Drivers/STM32H7xx_HAL_Driver/stm32h7xx_hal.o
                0x00000000080011e8                HAL_SYSCFG_ETHInterfaceSelect
 .text.HAL_NVIC_SetPriorityGrouping
                0x00000000080011fc       0x24 ./Drivers/STM32H7xx_HAL_Driver/stm32h7xx_hal_cortex.o
                0x00000000080011fc                HAL_NVIC_SetPriorityGrouping
 .text.HAL_NVIC_SetPriority
                0x0000000008001220       0x64 ./Drivers/STM32H7xx_HAL_Driver/stm32h7xx_hal_cortex.o
                0x0000000008001220                HAL_NVIC_SetPriority
 .text.HAL_NVIC_EnableIRQ
                0x0000000008001284       0x1c ./Drivers/STM32H7xx_HAL_Driver/stm32h7xx_hal_cortex.o
                0x0000000008001284                HAL_NVIC_EnableIRQ
 .text.HAL_SYSTICK_Config
                0x00000000080012a0       0x2c ./Drivers/STM32H7xx_HAL_Driver/stm32h7xx_hal_cortex.o
                0x00000000080012a0                HAL_SYSTICK_Config
 .text.ETH_SetMACConfig
                0x00000000080012cc      0x1b2 ./Drivers/STM32H7xx_HAL_Driver/stm32h7xx_hal_eth.o
 *fill*         0x000000000800147e        0x2 
 .text.ETH_SetDMAConfig
                0x0000000008001480       0x90 ./Drivers/STM32H7xx_HAL_Driver/stm32h7xx_hal_eth.o
 .text.HAL_ETH_SetMDIOClockRange
                0x0000000008001510       0x78 ./Drivers/STM32H7xx_HAL_Driver/stm32h7xx_hal_eth.o
                0x0000000008001510                HAL_ETH_SetMDIOClockRange
 .text.HAL_ETH_Init
                0x0000000008001588      0x210 ./Drivers/STM32H7xx_HAL_Driver/stm32h7xx_hal_eth.o
                0x0000000008001588                HAL_ETH_Init
 .text.HAL_GPIO_Init
                0x0000000008001798      0x1cc ./Drivers/STM32H7xx_HAL_Driver/stm32h7xx_hal_gpio.o
                0x0000000008001798                HAL_GPIO_Init
 .text.HAL_HSEM_FastTake
                0x0000000008001964       0x1c ./Drivers/STM32H7xx_HAL_Driver/stm32h7xx_hal_hsem.o
                0x0000000008001964                HAL_HSEM_FastTake
 .text.HAL_HSEM_Release
                0x0000000008001980       0x10 ./Drivers/STM32H7xx_HAL_Driver/stm32h7xx_hal_hsem.o
                0x0000000008001980                HAL_HSEM_Release
 .text.HAL_PCD_Init
                0x0000000008001990      0x112 ./Drivers/STM32H7xx_HAL_Driver/stm32h7xx_hal_pcd.o
                0x0000000008001990                HAL_PCD_Init
 .text.HAL_PCDEx_ActivateLPM
                0x0000000008001aa2       0x26 ./Drivers/STM32H7xx_HAL_Driver/stm32h7xx_hal_pcd_ex.o
                0x0000000008001aa2                HAL_PCDEx_ActivateLPM
 .text.HAL_PWREx_ConfigSupply
                0x0000000008001ac8       0x78 ./Drivers/STM32H7xx_HAL_Driver/stm32h7xx_hal_pwr_ex.o
                0x0000000008001ac8                HAL_PWREx_ConfigSupply
 .text.HAL_PWREx_EnableUSBVoltageDetector
                0x0000000008001b40       0x10 ./Drivers/STM32H7xx_HAL_Driver/stm32h7xx_hal_pwr_ex.o
                0x0000000008001b40                HAL_PWREx_EnableUSBVoltageDetector
 .text.HAL_RCC_OscConfig
                0x0000000008001b50      0x530 ./Drivers/STM32H7xx_HAL_Driver/stm32h7xx_hal_rcc.o
                0x0000000008001b50                HAL_RCC_OscConfig
 .text.HAL_RCC_GetSysClockFreq
                0x0000000008002080      0x140 ./Drivers/STM32H7xx_HAL_Driver/stm32h7xx_hal_rcc.o
                0x0000000008002080                HAL_RCC_GetSysClockFreq
 .text.HAL_RCC_ClockConfig
                0x00000000080021c0      0x24c ./Drivers/STM32H7xx_HAL_Driver/stm32h7xx_hal_rcc.o
                0x00000000080021c0                HAL_RCC_ClockConfig
 .text.HAL_RCC_GetHCLKFreq
                0x000000000800240c       0x44 ./Drivers/STM32H7xx_HAL_Driver/stm32h7xx_hal_rcc.o
                0x000000000800240c                HAL_RCC_GetHCLKFreq
 .text.HAL_RCC_GetPCLK1Freq
                0x0000000008002450       0x24 ./Drivers/STM32H7xx_HAL_Driver/stm32h7xx_hal_rcc.o
                0x0000000008002450                HAL_RCC_GetPCLK1Freq
 .text.HAL_RCC_GetPCLK2Freq
                0x0000000008002474       0x24 ./Drivers/STM32H7xx_HAL_Driver/stm32h7xx_hal_rcc.o
                0x0000000008002474                HAL_RCC_GetPCLK2Freq
 .text.RCCEx_PLL2_Config
                0x0000000008002498       0xf0 ./Drivers/STM32H7xx_HAL_Driver/stm32h7xx_hal_rcc_ex.o
 .text.RCCEx_PLL3_Config
                0x0000000008002588       0xf0 ./Drivers/STM32H7xx_HAL_Driver/stm32h7xx_hal_rcc_ex.o
 .text.HAL_RCCEx_PeriphCLKConfig
                0x0000000008002678      0x96c ./Drivers/STM32H7xx_HAL_Driver/stm32h7xx_hal_rcc_ex.o
                0x0000000008002678                HAL_RCCEx_PeriphCLKConfig
 .text.HAL_RCCEx_GetD3PCLK1Freq
                0x0000000008002fe4       0x24 ./Drivers/STM32H7xx_HAL_Driver/stm32h7xx_hal_rcc_ex.o
                0x0000000008002fe4                HAL_RCCEx_GetD3PCLK1Freq
 .text.HAL_RCCEx_GetPLL2ClockFreq
                0x0000000008003008      0x150 ./Drivers/STM32H7xx_HAL_Driver/stm32h7xx_hal_rcc_ex.o
                0x0000000008003008                HAL_RCCEx_GetPLL2ClockFreq
 .text.HAL_RCCEx_GetPLL3ClockFreq
                0x0000000008003158      0x150 ./Drivers/STM32H7xx_HAL_Driver/stm32h7xx_hal_rcc_ex.o
                0x0000000008003158                HAL_RCCEx_GetPLL3ClockFreq
 .text.TIM_OC1_SetConfig
                0x00000000080032a8       0x98 ./Drivers/STM32H7xx_HAL_Driver/stm32h7xx_hal_tim.o
 .text.TIM_OC3_SetConfig
                0x0000000008003340       0x84 ./Drivers/STM32H7xx_HAL_Driver/stm32h7xx_hal_tim.o
 .text.TIM_OC4_SetConfig
                0x00000000080033c4       0x64 ./Drivers/STM32H7xx_HAL_Driver/stm32h7xx_hal_tim.o
 .text.TIM_OC5_SetConfig
                0x0000000008003428       0x64 ./Drivers/STM32H7xx_HAL_Driver/stm32h7xx_hal_tim.o
 .text.TIM_OC6_SetConfig
                0x000000000800348c       0x64 ./Drivers/STM32H7xx_HAL_Driver/stm32h7xx_hal_tim.o
 .text.HAL_TIM_Encoder_Start
                0x00000000080034f0       0xb6 ./Drivers/STM32H7xx_HAL_Driver/stm32h7xx_hal_tim.o
                0x00000000080034f0                HAL_TIM_Encoder_Start
 .text.HAL_TIM_PeriodElapsedCallback
                0x00000000080035a6        0x2 ./Drivers/STM32H7xx_HAL_Driver/stm32h7xx_hal_tim.o
                0x00000000080035a6                HAL_TIM_PeriodElapsedCallback
 .text.HAL_TIM_OC_DelayElapsedCallback
                0x00000000080035a8        0x2 ./Drivers/STM32H7xx_HAL_Driver/stm32h7xx_hal_tim.o
                0x00000000080035a8                HAL_TIM_OC_DelayElapsedCallback
 .text.HAL_TIM_IC_CaptureCallback
                0x00000000080035aa        0x2 ./Drivers/STM32H7xx_HAL_Driver/stm32h7xx_hal_tim.o
                0x00000000080035aa                HAL_TIM_IC_CaptureCallback
 .text.HAL_TIM_PWM_PulseFinishedCallback
                0x00000000080035ac        0x2 ./Drivers/STM32H7xx_HAL_Driver/stm32h7xx_hal_tim.o
                0x00000000080035ac                HAL_TIM_PWM_PulseFinishedCallback
 .text.HAL_TIM_TriggerCallback
                0x00000000080035ae        0x2 ./Drivers/STM32H7xx_HAL_Driver/stm32h7xx_hal_tim.o
                0x00000000080035ae                HAL_TIM_TriggerCallback
 .text.HAL_TIM_IRQHandler
                0x00000000080035b0      0x160 ./Drivers/STM32H7xx_HAL_Driver/stm32h7xx_hal_tim.o
                0x00000000080035b0                HAL_TIM_IRQHandler
 .text.TIM_Base_SetConfig
                0x0000000008003710       0xcc ./Drivers/STM32H7xx_HAL_Driver/stm32h7xx_hal_tim.o
                0x0000000008003710                TIM_Base_SetConfig
 .text.HAL_TIM_PWM_Init
                0x00000000080037dc       0x60 ./Drivers/STM32H7xx_HAL_Driver/stm32h7xx_hal_tim.o
                0x00000000080037dc                HAL_TIM_PWM_Init
 .text.HAL_TIM_Encoder_Init
                0x000000000800383c       0xaa ./Drivers/STM32H7xx_HAL_Driver/stm32h7xx_hal_tim.o
                0x000000000800383c                HAL_TIM_Encoder_Init
 *fill*         0x00000000080038e6        0x2 
 .text.TIM_OC2_SetConfig
                0x00000000080038e8       0x8c ./Drivers/STM32H7xx_HAL_Driver/stm32h7xx_hal_tim.o
                0x00000000080038e8                TIM_OC2_SetConfig
 .text.HAL_TIM_PWM_ConfigChannel
                0x0000000008003974      0x102 ./Drivers/STM32H7xx_HAL_Driver/stm32h7xx_hal_tim.o
                0x0000000008003974                HAL_TIM_PWM_ConfigChannel
 *fill*         0x0000000008003a76        0x2 
 .text.HAL_TIMEx_MasterConfigSynchronization
                0x0000000008003a78       0x8c ./Drivers/STM32H7xx_HAL_Driver/stm32h7xx_hal_tim_ex.o
                0x0000000008003a78                HAL_TIMEx_MasterConfigSynchronization
 .text.HAL_TIMEx_CommutCallback
                0x0000000008003b04        0x2 ./Drivers/STM32H7xx_HAL_Driver/stm32h7xx_hal_tim_ex.o
                0x0000000008003b04                HAL_TIMEx_CommutCallback
 .text.HAL_TIMEx_BreakCallback
                0x0000000008003b06        0x2 ./Drivers/STM32H7xx_HAL_Driver/stm32h7xx_hal_tim_ex.o
                0x0000000008003b06                HAL_TIMEx_BreakCallback
 .text.HAL_TIMEx_Break2Callback
                0x0000000008003b08        0x2 ./Drivers/STM32H7xx_HAL_Driver/stm32h7xx_hal_tim_ex.o
                0x0000000008003b08                HAL_TIMEx_Break2Callback
 *fill*         0x0000000008003b0a        0x2 
 .text.UART_SetConfig
                0x0000000008003b0c      0x39c ./Drivers/STM32H7xx_HAL_Driver/stm32h7xx_hal_uart.o
                0x0000000008003b0c                UART_SetConfig
 .text.UART_AdvFeatureConfig
                0x0000000008003ea8       0xaa ./Drivers/STM32H7xx_HAL_Driver/stm32h7xx_hal_uart.o
                0x0000000008003ea8                UART_AdvFeatureConfig
 .text.UART_WaitOnFlagUntilTimeout
                0x0000000008003f52       0x94 ./Drivers/STM32H7xx_HAL_Driver/stm32h7xx_hal_uart.o
                0x0000000008003f52                UART_WaitOnFlagUntilTimeout
 .text.HAL_UART_Transmit
                0x0000000008003fe6       0xba ./Drivers/STM32H7xx_HAL_Driver/stm32h7xx_hal_uart.o
                0x0000000008003fe6                HAL_UART_Transmit
 .text.UART_CheckIdleState
                0x00000000080040a0       0x6a ./Drivers/STM32H7xx_HAL_Driver/stm32h7xx_hal_uart.o
                0x00000000080040a0                UART_CheckIdleState
 .text.HAL_UART_Init
                0x000000000800410a       0x60 ./Drivers/STM32H7xx_HAL_Driver/stm32h7xx_hal_uart.o
                0x000000000800410a                HAL_UART_Init
 *fill*         0x000000000800416a        0x2 
 .text.UARTEx_SetNbDataToProcess
                0x000000000800416c       0x44 ./Drivers/STM32H7xx_HAL_Driver/stm32h7xx_hal_uart_ex.o
 .text.HAL_UARTEx_DisableFifoMode
                0x00000000080041b0       0x36 ./Drivers/STM32H7xx_HAL_Driver/stm32h7xx_hal_uart_ex.o
                0x00000000080041b0                HAL_UARTEx_DisableFifoMode
 .text.HAL_UARTEx_SetTxFifoThreshold
                0x00000000080041e6       0x48 ./Drivers/STM32H7xx_HAL_Driver/stm32h7xx_hal_uart_ex.o
                0x00000000080041e6                HAL_UARTEx_SetTxFifoThreshold
 .text.HAL_UARTEx_SetRxFifoThreshold
                0x000000000800422e       0x48 ./Drivers/STM32H7xx_HAL_Driver/stm32h7xx_hal_uart_ex.o
                0x000000000800422e                HAL_UARTEx_SetRxFifoThreshold
 *fill*         0x0000000008004276        0x2 
 .text.USB_CoreReset
                0x0000000008004278       0x30 ./Drivers/STM32H7xx_HAL_Driver/stm32h7xx_ll_usb.o
 .text.USB_CoreInit
                0x00000000080042a8       0x94 ./Drivers/STM32H7xx_HAL_Driver/stm32h7xx_ll_usb.o
                0x00000000080042a8                USB_CoreInit
 .text.USB_DisableGlobalInt
                0x000000000800433c        0xc ./Drivers/STM32H7xx_HAL_Driver/stm32h7xx_ll_usb.o
                0x000000000800433c                USB_DisableGlobalInt
 .text.USB_SetCurrentMode
                0x0000000008004348       0x2e ./Drivers/STM32H7xx_HAL_Driver/stm32h7xx_ll_usb.o
                0x0000000008004348                USB_SetCurrentMode
 *fill*         0x0000000008004376        0x2 
 .text.USB_FlushTxFifo
                0x0000000008004378       0x24 ./Drivers/STM32H7xx_HAL_Driver/stm32h7xx_ll_usb.o
                0x0000000008004378                USB_FlushTxFifo
 .text.USB_FlushRxFifo
                0x000000000800439c       0x20 ./Drivers/STM32H7xx_HAL_Driver/stm32h7xx_ll_usb.o
                0x000000000800439c                USB_FlushRxFifo
 .text.USB_SetDevSpeed
                0x00000000080043bc        0xe ./Drivers/STM32H7xx_HAL_Driver/stm32h7xx_ll_usb.o
                0x00000000080043bc                USB_SetDevSpeed
 *fill*         0x00000000080043ca        0x2 
 .text.USB_DevInit
                0x00000000080043cc      0x16c ./Drivers/STM32H7xx_HAL_Driver/stm32h7xx_ll_usb.o
                0x00000000080043cc                USB_DevInit
 .text.USB_DevDisconnect
                0x0000000008004538       0x1c ./Drivers/STM32H7xx_HAL_Driver/stm32h7xx_ll_usb.o
                0x0000000008004538                USB_DevDisconnect
 .text.osKernelInitialize
                0x0000000008004554       0x24 ./Middlewares/Third_Party/FreeRTOS/cmsis_os2.o
                0x0000000008004554                osKernelInitialize
 .text.osKernelStart
                0x0000000008004578       0x34 ./Middlewares/Third_Party/FreeRTOS/cmsis_os2.o
                0x0000000008004578                osKernelStart
 .text.osThreadNew
                0x00000000080045ac       0x92 ./Middlewares/Third_Party/FreeRTOS/cmsis_os2.o
                0x00000000080045ac                osThreadNew
 .text.osDelay  0x000000000800463e       0x18 ./Middlewares/Third_Party/FreeRTOS/cmsis_os2.o
                0x000000000800463e                osDelay
 .text.osMessageQueueNew
                0x0000000008004656       0x76 ./Middlewares/Third_Party/FreeRTOS/cmsis_os2.o
                0x0000000008004656                osMessageQueueNew
 .text.vApplicationGetIdleTaskMemory
                0x00000000080046cc       0x18 ./Middlewares/Third_Party/FreeRTOS/cmsis_os2.o
                0x00000000080046cc                vApplicationGetIdleTaskMemory
 .text.vApplicationGetTimerTaskMemory
                0x00000000080046e4       0x18 ./Middlewares/Third_Party/FreeRTOS/cmsis_os2.o
                0x00000000080046e4                vApplicationGetTimerTaskMemory
 .text.prvInsertBlockIntoFreeList
                0x00000000080046fc       0x48 ./Middlewares/Third_Party/FreeRTOS/heap_4.o
 .text.pvPortMalloc
                0x0000000008004744      0x124 ./Middlewares/Third_Party/FreeRTOS/heap_4.o
                0x0000000008004744                pvPortMalloc
 .text.vPortFree
                0x0000000008004868       0x7c ./Middlewares/Third_Party/FreeRTOS/heap_4.o
                0x0000000008004868                vPortFree
 .text.vListInitialise
                0x00000000080048e4       0x16 ./Middlewares/Third_Party/FreeRTOS/list.o
                0x00000000080048e4                vListInitialise
 .text.vListInitialiseItem
                0x00000000080048fa        0x6 ./Middlewares/Third_Party/FreeRTOS/list.o
                0x00000000080048fa                vListInitialiseItem
 .text.vListInsertEnd
                0x0000000008004900       0x18 ./Middlewares/Third_Party/FreeRTOS/list.o
                0x0000000008004900                vListInsertEnd
 .text.vListInsert
                0x0000000008004918       0x2e ./Middlewares/Third_Party/FreeRTOS/list.o
                0x0000000008004918                vListInsert
 .text.uxListRemove
                0x0000000008004946       0x20 ./Middlewares/Third_Party/FreeRTOS/list.o
                0x0000000008004946                uxListRemove
 *fill*         0x0000000008004966        0x2 
 .text.prvPortStartFirstTask
                0x0000000008004968       0x28 ./Middlewares/Third_Party/FreeRTOS/port.o
 .text.vPortEnableVFP
                0x0000000008004990       0x14 ./Middlewares/Third_Party/FreeRTOS/port.o
 .text.prvTaskExitError
                0x00000000080049a4       0x40 ./Middlewares/Third_Party/FreeRTOS/port.o
 .text.pxPortInitialiseStack
                0x00000000080049e4       0x24 ./Middlewares/Third_Party/FreeRTOS/port.o
                0x00000000080049e4                pxPortInitialiseStack
 *fill*         0x0000000008004a08        0x8 
 .text.SVC_Handler
                0x0000000008004a10       0x24 ./Middlewares/Third_Party/FreeRTOS/port.o
                0x0000000008004a10                SVC_Handler
 .text.vPortEnterCritical
                0x0000000008004a34       0x44 ./Middlewares/Third_Party/FreeRTOS/port.o
                0x0000000008004a34                vPortEnterCritical
 .text.vPortExitCritical
                0x0000000008004a78       0x28 ./Middlewares/Third_Party/FreeRTOS/port.o
                0x0000000008004a78                vPortExitCritical
 .text.PendSV_Handler
                0x0000000008004aa0       0x64 ./Middlewares/Third_Party/FreeRTOS/port.o
                0x0000000008004aa0                PendSV_Handler
 .text.xPortSysTickHandler
                0x0000000008004b04       0x2c ./Middlewares/Third_Party/FreeRTOS/port.o
                0x0000000008004b04                xPortSysTickHandler
 .text.vPortSetupTimerInterrupt
                0x0000000008004b30       0x34 ./Middlewares/Third_Party/FreeRTOS/port.o
                0x0000000008004b30                vPortSetupTimerInterrupt
 .text.xPortStartScheduler
                0x0000000008004b64      0x104 ./Middlewares/Third_Party/FreeRTOS/port.o
                0x0000000008004b64                xPortStartScheduler
 .text.vPortValidateInterruptPriority
                0x0000000008004c68       0x5c ./Middlewares/Third_Party/FreeRTOS/port.o
                0x0000000008004c68                vPortValidateInterruptPriority
 .text.prvIsQueueEmpty
                0x0000000008004cc4       0x16 ./Middlewares/Third_Party/FreeRTOS/queue.o
 .text.prvCopyDataToQueue
                0x0000000008004cda       0x6a ./Middlewares/Third_Party/FreeRTOS/queue.o
 .text.prvCopyDataFromQueue
                0x0000000008004d44       0x2a ./Middlewares/Third_Party/FreeRTOS/queue.o
 .text.prvUnlockQueue
                0x0000000008004d6e       0x70 ./Middlewares/Third_Party/FreeRTOS/queue.o
 *fill*         0x0000000008004dde        0x2 
 .text.xQueueGenericReset
                0x0000000008004de0       0x80 ./Middlewares/Third_Party/FreeRTOS/queue.o
                0x0000000008004de0                xQueueGenericReset
 .text.xQueueGenericCreateStatic
                0x0000000008004e60       0x9c ./Middlewares/Third_Party/FreeRTOS/queue.o
                0x0000000008004e60                xQueueGenericCreateStatic
 .text.xQueueGenericCreate
                0x0000000008004efc       0x4e ./Middlewares/Third_Party/FreeRTOS/queue.o
                0x0000000008004efc                xQueueGenericCreate
 *fill*         0x0000000008004f4a        0x2 
 .text.xQueueGenericSend
                0x0000000008004f4c      0x164 ./Middlewares/Third_Party/FreeRTOS/queue.o
                0x0000000008004f4c                xQueueGenericSend
 .text.xQueueGenericSendFromISR
                0x00000000080050b0       0xc4 ./Middlewares/Third_Party/FreeRTOS/queue.o
                0x00000000080050b0                xQueueGenericSendFromISR
 .text.xQueueReceive
                0x0000000008005174      0x140 ./Middlewares/Third_Party/FreeRTOS/queue.o
                0x0000000008005174                xQueueReceive
 .text.vQueueAddToRegistry
                0x00000000080052b4       0x24 ./Middlewares/Third_Party/FreeRTOS/queue.o
                0x00000000080052b4                vQueueAddToRegistry
 .text.vQueueWaitForMessageRestricted
                0x00000000080052d8       0x46 ./Middlewares/Third_Party/FreeRTOS/queue.o
                0x00000000080052d8                vQueueWaitForMessageRestricted
 *fill*         0x000000000800531e        0x2 
 .text.prvAddNewTaskToReadyList
                0x0000000008005320       0xfc ./Middlewares/Third_Party/FreeRTOS/tasks.o
 .text.prvResetNextTaskUnblockTime
                0x000000000800541c       0x24 ./Middlewares/Third_Party/FreeRTOS/tasks.o
 .text.prvInitialiseNewTask.isra.0
                0x0000000008005440       0x9c ./Middlewares/Third_Party/FreeRTOS/tasks.o
 .text.prvDeleteTCB
                0x00000000080054dc       0x36 ./Middlewares/Third_Party/FreeRTOS/tasks.o
 *fill*         0x0000000008005512        0x2 
 .text.prvIdleTask
                0x0000000008005514       0x64 ./Middlewares/Third_Party/FreeRTOS/tasks.o
 .text.prvAddCurrentTaskToDelayedList
                0x0000000008005578       0x74 ./Middlewares/Third_Party/FreeRTOS/tasks.o
 .text.xTaskCreateStatic
                0x00000000080055ec       0x70 ./Middlewares/Third_Party/FreeRTOS/tasks.o
                0x00000000080055ec                xTaskCreateStatic
 .text.xTaskCreate
                0x000000000800565c       0x5a ./Middlewares/Third_Party/FreeRTOS/tasks.o
                0x000000000800565c                xTaskCreate
 *fill*         0x00000000080056b6        0x2 
 .text.vTaskStartScheduler
                0x00000000080056b8       0x88 ./Middlewares/Third_Party/FreeRTOS/tasks.o
                0x00000000080056b8                vTaskStartScheduler
 .text.vTaskSuspendAll
                0x0000000008005740       0x10 ./Middlewares/Third_Party/FreeRTOS/tasks.o
                0x0000000008005740                vTaskSuspendAll
 .text.xTaskGetTickCount
                0x0000000008005750        0xc ./Middlewares/Third_Party/FreeRTOS/tasks.o
                0x0000000008005750                xTaskGetTickCount
 .text.xTaskIncrementTick
                0x000000000800575c      0x12c ./Middlewares/Third_Party/FreeRTOS/tasks.o
                0x000000000800575c                xTaskIncrementTick
 .text.xTaskResumeAll
                0x0000000008005888       0xe8 ./Middlewares/Third_Party/FreeRTOS/tasks.o
                0x0000000008005888                xTaskResumeAll
 .text.vTaskDelay
                0x0000000008005970       0x48 ./Middlewares/Third_Party/FreeRTOS/tasks.o
                0x0000000008005970                vTaskDelay
 .text.vTaskSwitchContext
                0x00000000080059b8       0x78 ./Middlewares/Third_Party/FreeRTOS/tasks.o
                0x00000000080059b8                vTaskSwitchContext
 .text.vTaskPlaceOnEventList
                0x0000000008005a30       0x34 ./Middlewares/Third_Party/FreeRTOS/tasks.o
                0x0000000008005a30                vTaskPlaceOnEventList
 .text.vTaskPlaceOnEventListRestricted
                0x0000000008005a64       0x3c ./Middlewares/Third_Party/FreeRTOS/tasks.o
                0x0000000008005a64                vTaskPlaceOnEventListRestricted
 .text.xTaskRemoveFromEventList
                0x0000000008005aa0       0x88 ./Middlewares/Third_Party/FreeRTOS/tasks.o
                0x0000000008005aa0                xTaskRemoveFromEventList
 .text.vTaskInternalSetTimeOutState
                0x0000000008005b28       0x18 ./Middlewares/Third_Party/FreeRTOS/tasks.o
                0x0000000008005b28                vTaskInternalSetTimeOutState
 .text.xTaskCheckForTimeOut
                0x0000000008005b40       0x78 ./Middlewares/Third_Party/FreeRTOS/tasks.o
                0x0000000008005b40                xTaskCheckForTimeOut
 .text.vTaskMissedYield
                0x0000000008005bb8        0xc ./Middlewares/Third_Party/FreeRTOS/tasks.o
                0x0000000008005bb8                vTaskMissedYield
 .text.xTaskGetSchedulerState
                0x0000000008005bc4       0x20 ./Middlewares/Third_Party/FreeRTOS/tasks.o
                0x0000000008005bc4                xTaskGetSchedulerState
 .text.xTaskPriorityDisinherit
                0x0000000008005be4       0x88 ./Middlewares/Third_Party/FreeRTOS/tasks.o
                0x0000000008005be4                xTaskPriorityDisinherit
 .text.prvCheckForValidListAndQueue
                0x0000000008005c6c       0x68 ./Middlewares/Third_Party/FreeRTOS/timers.o
 .text.prvInsertTimerInActiveList
                0x0000000008005cd4       0x3c ./Middlewares/Third_Party/FreeRTOS/timers.o
 .text.xTimerCreateTimerTask
                0x0000000008005d10       0x64 ./Middlewares/Third_Party/FreeRTOS/timers.o
                0x0000000008005d10                xTimerCreateTimerTask
 .text.xTimerGenericCommand
                0x0000000008005d74       0x54 ./Middlewares/Third_Party/FreeRTOS/timers.o
                0x0000000008005d74                xTimerGenericCommand
 .text.prvSwitchTimerLists
                0x0000000008005dc8       0x7c ./Middlewares/Third_Party/FreeRTOS/timers.o
 .text.prvTimerTask
                0x0000000008005e44      0x1f8 ./Middlewares/Third_Party/FreeRTOS/timers.o
 .text.__errno  0x000000000800603c        0xc /opt/st/stm32cubeide_1.7.0/plugins/com.st.stm32cube.ide.mcu.externaltools.gnu-tools-for-stm32.9-2020-q2-update.linux64_2.0.0.202105311346/tools/bin/../lib/gcc/arm-none-eabi/9.3.1/../../../../arm-none-eabi/lib/thumb/v7e-m+dp/hard/libc_nano.a(lib_a-errno.o)
                0x000000000800603c                __errno
 .text.__libc_init_array
                0x0000000008006048       0x48 /opt/st/stm32cubeide_1.7.0/plugins/com.st.stm32cube.ide.mcu.externaltools.gnu-tools-for-stm32.9-2020-q2-update.linux64_2.0.0.202105311346/tools/bin/../lib/gcc/arm-none-eabi/9.3.1/../../../../arm-none-eabi/lib/thumb/v7e-m+dp/hard/libc_nano.a(lib_a-init.o)
                0x0000000008006048                __libc_init_array
 .text.memcpy   0x0000000008006090       0x1c /opt/st/stm32cubeide_1.7.0/plugins/com.st.stm32cube.ide.mcu.externaltools.gnu-tools-for-stm32.9-2020-q2-update.linux64_2.0.0.202105311346/tools/bin/../lib/gcc/arm-none-eabi/9.3.1/../../../../arm-none-eabi/lib/thumb/v7e-m+dp/hard/libc_nano.a(lib_a-memcpy-stub.o)
                0x0000000008006090                memcpy
 .text.memset   0x00000000080060ac       0x10 /opt/st/stm32cubeide_1.7.0/plugins/com.st.stm32cube.ide.mcu.externaltools.gnu-tools-for-stm32.9-2020-q2-update.linux64_2.0.0.202105311346/tools/bin/../lib/gcc/arm-none-eabi/9.3.1/../../../../arm-none-eabi/lib/thumb/v7e-m+dp/hard/libc_nano.a(lib_a-memset.o)
                0x00000000080060ac                memset
 .text.sprintf  0x00000000080060bc       0x40 /opt/st/stm32cubeide_1.7.0/plugins/com.st.stm32cube.ide.mcu.externaltools.gnu-tools-for-stm32.9-2020-q2-update.linux64_2.0.0.202105311346/tools/bin/../lib/gcc/arm-none-eabi/9.3.1/../../../../arm-none-eabi/lib/thumb/v7e-m+dp/hard/libc_nano.a(lib_a-sprintf.o)
                0x00000000080060bc                sprintf
                0x00000000080060bc                siprintf
 .text.__ssputs_r
                0x00000000080060fc       0xb6 /opt/st/stm32cubeide_1.7.0/plugins/com.st.stm32cube.ide.mcu.externaltools.gnu-tools-for-stm32.9-2020-q2-update.linux64_2.0.0.202105311346/tools/bin/../lib/gcc/arm-none-eabi/9.3.1/../../../../arm-none-eabi/lib/thumb/v7e-m+dp/hard/libc_nano.a(lib_a-nano-svfprintf.o)
                0x00000000080060fc                __ssputs_r
 *fill*         0x00000000080061b2        0x2 
 .text._svfprintf_r
                0x00000000080061b4      0x200 /opt/st/stm32cubeide_1.7.0/plugins/com.st.stm32cube.ide.mcu.externaltools.gnu-tools-for-stm32.9-2020-q2-update.linux64_2.0.0.202105311346/tools/bin/../lib/gcc/arm-none-eabi/9.3.1/../../../../arm-none-eabi/lib/thumb/v7e-m+dp/hard/libc_nano.a(lib_a-nano-svfprintf.o)
                0x00000000080061b4                _svfprintf_r
                0x00000000080061b4                _svfiprintf_r
 .text._printf_common
                0x00000000080063b4       0xda /opt/st/stm32cubeide_1.7.0/plugins/com.st.stm32cube.ide.mcu.externaltools.gnu-tools-for-stm32.9-2020-q2-update.linux64_2.0.0.202105311346/tools/bin/../lib/gcc/arm-none-eabi/9.3.1/../../../../arm-none-eabi/lib/thumb/v7e-m+dp/hard/libc_nano.a(lib_a-nano-vfprintf_i.o)
                0x00000000080063b4                _printf_common
 *fill*         0x000000000800648e        0x2 
 .text._printf_i
                0x0000000008006490      0x24c /opt/st/stm32cubeide_1.7.0/plugins/com.st.stm32cube.ide.mcu.externaltools.gnu-tools-for-stm32.9-2020-q2-update.linux64_2.0.0.202105311346/tools/bin/../lib/gcc/arm-none-eabi/9.3.1/../../../../arm-none-eabi/lib/thumb/v7e-m+dp/hard/libc_nano.a(lib_a-nano-vfprintf_i.o)
                0x0000000008006490                _printf_i
 .text.memmove  0x00000000080066dc       0x34 /opt/st/stm32cubeide_1.7.0/plugins/com.st.stm32cube.ide.mcu.externaltools.gnu-tools-for-stm32.9-2020-q2-update.linux64_2.0.0.202105311346/tools/bin/../lib/gcc/arm-none-eabi/9.3.1/../../../../arm-none-eabi/lib/thumb/v7e-m+dp/hard/libc_nano.a(lib_a-memmove.o)
                0x00000000080066dc                memmove
 .text._free_r  0x0000000008006710       0xa0 /opt/st/stm32cubeide_1.7.0/plugins/com.st.stm32cube.ide.mcu.externaltools.gnu-tools-for-stm32.9-2020-q2-update.linux64_2.0.0.202105311346/tools/bin/../lib/gcc/arm-none-eabi/9.3.1/../../../../arm-none-eabi/lib/thumb/v7e-m+dp/hard/libc_nano.a(lib_a-nano-freer.o)
                0x0000000008006710                _free_r
 .text._malloc_r
                0x00000000080067b0       0xb4 /opt/st/stm32cubeide_1.7.0/plugins/com.st.stm32cube.ide.mcu.externaltools.gnu-tools-for-stm32.9-2020-q2-update.linux64_2.0.0.202105311346/tools/bin/../lib/gcc/arm-none-eabi/9.3.1/../../../../arm-none-eabi/lib/thumb/v7e-m+dp/hard/libc_nano.a(lib_a-nano-mallocr.o)
                0x00000000080067b0                _malloc_r
 .text._realloc_r
                0x0000000008006864       0x4c /opt/st/stm32cubeide_1.7.0/plugins/com.st.stm32cube.ide.mcu.externaltools.gnu-tools-for-stm32.9-2020-q2-update.linux64_2.0.0.202105311346/tools/bin/../lib/gcc/arm-none-eabi/9.3.1/../../../../arm-none-eabi/lib/thumb/v7e-m+dp/hard/libc_nano.a(lib_a-nano-reallocr.o)
                0x0000000008006864                _realloc_r
 .text._sbrk_r  0x00000000080068b0       0x20 /opt/st/stm32cubeide_1.7.0/plugins/com.st.stm32cube.ide.mcu.externaltools.gnu-tools-for-stm32.9-2020-q2-update.linux64_2.0.0.202105311346/tools/bin/../lib/gcc/arm-none-eabi/9.3.1/../../../../arm-none-eabi/lib/thumb/v7e-m+dp/hard/libc_nano.a(lib_a-sbrkr.o)
                0x00000000080068b0                _sbrk_r
 .text.__malloc_lock
                0x00000000080068d0        0xc /opt/st/stm32cubeide_1.7.0/plugins/com.st.stm32cube.ide.mcu.externaltools.gnu-tools-for-stm32.9-2020-q2-update.linux64_2.0.0.202105311346/tools/bin/../lib/gcc/arm-none-eabi/9.3.1/../../../../arm-none-eabi/lib/thumb/v7e-m+dp/hard/libc_nano.a(lib_a-mlock.o)
                0x00000000080068d0                __malloc_lock
 .text.__malloc_unlock
                0x00000000080068dc        0xc /opt/st/stm32cubeide_1.7.0/plugins/com.st.stm32cube.ide.mcu.externaltools.gnu-tools-for-stm32.9-2020-q2-update.linux64_2.0.0.202105311346/tools/bin/../lib/gcc/arm-none-eabi/9.3.1/../../../../arm-none-eabi/lib/thumb/v7e-m+dp/hard/libc_nano.a(lib_a-mlock.o)
                0x00000000080068dc                __malloc_unlock
 .text._malloc_usable_size_r
                0x00000000080068e8       0x10 /opt/st/stm32cubeide_1.7.0/plugins/com.st.stm32cube.ide.mcu.externaltools.gnu-tools-for-stm32.9-2020-q2-update.linux64_2.0.0.202105311346/tools/bin/../lib/gcc/arm-none-eabi/9.3.1/../../../../arm-none-eabi/lib/thumb/v7e-m+dp/hard/libc_nano.a(lib_a-nano-msizer.o)
                0x00000000080068e8                _malloc_usable_size_r
 .text.__retarget_lock_acquire_recursive
                0x00000000080068f8        0x2 /opt/st/stm32cubeide_1.7.0/plugins/com.st.stm32cube.ide.mcu.externaltools.gnu-tools-for-stm32.9-2020-q2-update.linux64_2.0.0.202105311346/tools/bin/../lib/gcc/arm-none-eabi/9.3.1/../../../../arm-none-eabi/lib/thumb/v7e-m+dp/hard/libc_nano.a(lib_a-lock.o)
                0x00000000080068f8                __retarget_lock_acquire_recursive
 .text.__retarget_lock_release_recursive
                0x00000000080068fa        0x2 /opt/st/stm32cubeide_1.7.0/plugins/com.st.stm32cube.ide.mcu.externaltools.gnu-tools-for-stm32.9-2020-q2-update.linux64_2.0.0.202105311346/tools/bin/../lib/gcc/arm-none-eabi/9.3.1/../../../../arm-none-eabi/lib/thumb/v7e-m+dp/hard/libc_nano.a(lib_a-lock.o)
                0x00000000080068fa                __retarget_lock_release_recursive
 *(.glue_7)
 .glue_7        0x00000000080068fc        0x0 linker stubs
 *(.glue_7t)
 .glue_7t       0x00000000080068fc        0x0 linker stubs
 *(.eh_frame)
 .eh_frame      0x00000000080068fc        0x0 /opt/st/stm32cubeide_1.7.0/plugins/com.st.stm32cube.ide.mcu.externaltools.gnu-tools-for-stm32.9-2020-q2-update.linux64_2.0.0.202105311346/tools/bin/../lib/gcc/arm-none-eabi/9.3.1/thumb/v7e-m+dp/hard/crtbegin.o
 *(.init)
 .init          0x00000000080068fc        0x4 /opt/st/stm32cubeide_1.7.0/plugins/com.st.stm32cube.ide.mcu.externaltools.gnu-tools-for-stm32.9-2020-q2-update.linux64_2.0.0.202105311346/tools/bin/../lib/gcc/arm-none-eabi/9.3.1/thumb/v7e-m+dp/hard/crti.o
                0x00000000080068fc                _init
 .init          0x0000000008006900        0x8 /opt/st/stm32cubeide_1.7.0/plugins/com.st.stm32cube.ide.mcu.externaltools.gnu-tools-for-stm32.9-2020-q2-update.linux64_2.0.0.202105311346/tools/bin/../lib/gcc/arm-none-eabi/9.3.1/thumb/v7e-m+dp/hard/crtn.o
 *(.fini)
 .fini          0x0000000008006908        0x4 /opt/st/stm32cubeide_1.7.0/plugins/com.st.stm32cube.ide.mcu.externaltools.gnu-tools-for-stm32.9-2020-q2-update.linux64_2.0.0.202105311346/tools/bin/../lib/gcc/arm-none-eabi/9.3.1/thumb/v7e-m+dp/hard/crti.o
                0x0000000008006908                _fini
 .fini          0x000000000800690c        0x8 /opt/st/stm32cubeide_1.7.0/plugins/com.st.stm32cube.ide.mcu.externaltools.gnu-tools-for-stm32.9-2020-q2-update.linux64_2.0.0.202105311346/tools/bin/../lib/gcc/arm-none-eabi/9.3.1/thumb/v7e-m+dp/hard/crtn.o
                0x0000000008006914                . = ALIGN (0x4)
                0x0000000008006914                _etext = .

.vfp11_veneer   0x0000000008006914        0x0
 .vfp11_veneer  0x0000000008006914        0x0 linker stubs

.v4_bx          0x0000000008006914        0x0
 .v4_bx         0x0000000008006914        0x0 linker stubs

.iplt           0x0000000008006914        0x0
 .iplt          0x0000000008006914        0x0 /opt/st/stm32cubeide_1.7.0/plugins/com.st.stm32cube.ide.mcu.externaltools.gnu-tools-for-stm32.9-2020-q2-update.linux64_2.0.0.202105311346/tools/bin/../lib/gcc/arm-none-eabi/9.3.1/thumb/v7e-m+dp/hard/crtbegin.o

.rodata         0x0000000008006914      0x1d4
                0x0000000008006914                . = ALIGN (0x4)
 *(.rodata)
 *(.rodata*)
 .rodata.D1CorePrescTable
                0x0000000008006914       0x10 ./Common/Src/system_stm32h7xx_dualcore_boot_cm4_cm7.o
                0x0000000008006914                D1CorePrescTable
 .rodata.StartTask1.str1.1
                0x0000000008006924       0x15 ./Core/Src/main.o
 .rodata.str1.1
                0x0000000008006939       0x55 ./Core/Src/main.o
 *fill*         0x000000000800698e        0x2 
 .rodata.core7_MotorCont_attributes
                0x0000000008006990       0x24 ./Core/Src/main.o
                0x0000000008006990                core7_MotorCont_attributes
 .rodata.core7_SensorPos_attributes
                0x00000000080069b4       0x24 ./Core/Src/main.o
                0x00000000080069b4                core7_SensorPos_attributes
 .rodata.core7_diagnosis_attributes
                0x00000000080069d8       0x24 ./Core/Src/main.o
                0x00000000080069d8                core7_diagnosis_attributes
 .rodata.diagnosQueue_attributes
                0x00000000080069fc       0x18 ./Core/Src/main.o
                0x00000000080069fc                diagnosQueue_attributes
 .rodata.doneQueue_attributes
                0x0000000008006a14       0x18 ./Core/Src/main.o
                0x0000000008006a14                doneQueue_attributes
 .rodata.positionQueue_attributes
                0x0000000008006a2c       0x18 ./Core/Src/main.o
                0x0000000008006a2c                positionQueue_attributes
 .rodata.CSWTCH.59
                0x0000000008006a44       0x29 ./Drivers/STM32H7xx_HAL_Driver/stm32h7xx_hal_uart.o
 .rodata.CSWTCH.60
                0x0000000008006a6d        0x6 ./Drivers/STM32H7xx_HAL_Driver/stm32h7xx_hal_uart.o
 .rodata.CSWTCH.67
                0x0000000008006a73        0x6 ./Drivers/STM32H7xx_HAL_Driver/stm32h7xx_hal_uart.o
 *fill*         0x0000000008006a79        0x1 
 .rodata.UARTPrescTable
                0x0000000008006a7a       0x18 ./Drivers/STM32H7xx_HAL_Driver/stm32h7xx_hal_uart.o
                0x0000000008006a7a                UARTPrescTable
 .rodata.denominator.11790
                0x0000000008006a92        0x8 ./Drivers/STM32H7xx_HAL_Driver/stm32h7xx_hal_uart_ex.o
 .rodata.numerator.11789
                0x0000000008006a9a        0x8 ./Drivers/STM32H7xx_HAL_Driver/stm32h7xx_hal_uart_ex.o
 .rodata.vTaskStartScheduler.str1.1
                0x0000000008006aa2        0x5 ./Middlewares/Third_Party/FreeRTOS/tasks.o
 .rodata.prvCheckForValidListAndQueue.str1.1
                0x0000000008006aa7        0x5 ./Middlewares/Third_Party/FreeRTOS/timers.o
 .rodata.xTimerCreateTimerTask.str1.1
                0x0000000008006aac        0x8 ./Middlewares/Third_Party/FreeRTOS/timers.o
 .rodata._svfprintf_r.str1.1
                0x0000000008006ab4       0x11 /opt/st/stm32cubeide_1.7.0/plugins/com.st.stm32cube.ide.mcu.externaltools.gnu-tools-for-stm32.9-2020-q2-update.linux64_2.0.0.202105311346/tools/bin/../lib/gcc/arm-none-eabi/9.3.1/../../../../arm-none-eabi/lib/thumb/v7e-m+dp/hard/libc_nano.a(lib_a-nano-svfprintf.o)
 .rodata._printf_i.str1.1
                0x0000000008006ac5       0x22 /opt/st/stm32cubeide_1.7.0/plugins/com.st.stm32cube.ide.mcu.externaltools.gnu-tools-for-stm32.9-2020-q2-update.linux64_2.0.0.202105311346/tools/bin/../lib/gcc/arm-none-eabi/9.3.1/../../../../arm-none-eabi/lib/thumb/v7e-m+dp/hard/libc_nano.a(lib_a-nano-vfprintf_i.o)
                0x0000000008006ae8                . = ALIGN (0x4)
 *fill*         0x0000000008006ae7        0x1 

.ARM.extab      0x0000000008006ae8        0x0
                0x0000000008006ae8                . = ALIGN (0x4)
 *(.ARM.extab* .gnu.linkonce.armextab.*)
                0x0000000008006ae8                . = ALIGN (0x4)

.ARM            0x0000000008006ae8        0x8
                0x0000000008006ae8                . = ALIGN (0x4)
                0x0000000008006ae8                __exidx_start = .
 *(.ARM.exidx*)
 .ARM.exidx     0x0000000008006ae8        0x8 /opt/st/stm32cubeide_1.7.0/plugins/com.st.stm32cube.ide.mcu.externaltools.gnu-tools-for-stm32.9-2020-q2-update.linux64_2.0.0.202105311346/tools/bin/../lib/gcc/arm-none-eabi/9.3.1/thumb/v7e-m+dp/hard/libgcc.a(_udivmoddi4.o)
                0x0000000008006af0                __exidx_end = .
                0x0000000008006af0                . = ALIGN (0x4)

.rel.dyn        0x0000000008006af0        0x0
 .rel.iplt      0x0000000008006af0        0x0 /opt/st/stm32cubeide_1.7.0/plugins/com.st.stm32cube.ide.mcu.externaltools.gnu-tools-for-stm32.9-2020-q2-update.linux64_2.0.0.202105311346/tools/bin/../lib/gcc/arm-none-eabi/9.3.1/thumb/v7e-m+dp/hard/crtbegin.o

.preinit_array  0x0000000008006af0        0x0
                0x0000000008006af0                . = ALIGN (0x4)
                0x0000000008006af0                PROVIDE (__preinit_array_start = .)
 *(.preinit_array*)
                0x0000000008006af0                PROVIDE (__preinit_array_end = .)
                0x0000000008006af0                . = ALIGN (0x4)

.init_array     0x0000000008006af0        0x4
                0x0000000008006af0                . = ALIGN (0x4)
                0x0000000008006af0                PROVIDE (__init_array_start = .)
 *(SORT_BY_NAME(.init_array.*))
 *(.init_array*)
 .init_array    0x0000000008006af0        0x4 /opt/st/stm32cubeide_1.7.0/plugins/com.st.stm32cube.ide.mcu.externaltools.gnu-tools-for-stm32.9-2020-q2-update.linux64_2.0.0.202105311346/tools/bin/../lib/gcc/arm-none-eabi/9.3.1/thumb/v7e-m+dp/hard/crtbegin.o
                0x0000000008006af4                PROVIDE (__init_array_end = .)
                0x0000000008006af4                . = ALIGN (0x4)

.fini_array     0x0000000008006af4        0x4
                0x0000000008006af4                . = ALIGN (0x4)
                [!provide]                        PROVIDE (__fini_array_start = .)
 *(SORT_BY_NAME(.fini_array.*))
 *(.fini_array*)
 .fini_array    0x0000000008006af4        0x4 /opt/st/stm32cubeide_1.7.0/plugins/com.st.stm32cube.ide.mcu.externaltools.gnu-tools-for-stm32.9-2020-q2-update.linux64_2.0.0.202105311346/tools/bin/../lib/gcc/arm-none-eabi/9.3.1/thumb/v7e-m+dp/hard/crtbegin.o
                [!provide]                        PROVIDE (__fini_array_end = .)
                0x0000000008006af8                . = ALIGN (0x4)
                0x0000000008006af8                _sidata = LOADADDR (.data)

.data           0x0000000024000000       0x78 load address 0x0000000008006af8
                0x0000000024000000                . = ALIGN (0x4)
                0x0000000024000000                _sdata = .
 *(.data)
 *(.data*)
 .data.SystemCoreClock
                0x0000000024000000        0x4 ./Common/Src/system_stm32h7xx_dualcore_boot_cm4_cm7.o
                0x0000000024000000                SystemCoreClock
 .data.SystemD2Clock
                0x0000000024000004        0x4 ./Common/Src/system_stm32h7xx_dualcore_boot_cm4_cm7.o
                0x0000000024000004                SystemD2Clock
 .data.uwTickFreq
                0x0000000024000008        0x1 ./Drivers/STM32H7xx_HAL_Driver/stm32h7xx_hal.o
                0x0000000024000008                uwTickFreq
 *fill*         0x0000000024000009        0x3 
 .data.uwTickPrio
                0x000000002400000c        0x4 ./Drivers/STM32H7xx_HAL_Driver/stm32h7xx_hal.o
                0x000000002400000c                uwTickPrio
 .data.uxCriticalNesting
                0x0000000024000010        0x4 ./Middlewares/Third_Party/FreeRTOS/port.o
 .data._impure_ptr
                0x0000000024000014        0x4 /opt/st/stm32cubeide_1.7.0/plugins/com.st.stm32cube.ide.mcu.externaltools.gnu-tools-for-stm32.9-2020-q2-update.linux64_2.0.0.202105311346/tools/bin/../lib/gcc/arm-none-eabi/9.3.1/../../../../arm-none-eabi/lib/thumb/v7e-m+dp/hard/libc_nano.a(lib_a-impure.o)
                0x0000000024000014                _impure_ptr
 .data.impure_data
                0x0000000024000018       0x60 /opt/st/stm32cubeide_1.7.0/plugins/com.st.stm32cube.ide.mcu.externaltools.gnu-tools-for-stm32.9-2020-q2-update.linux64_2.0.0.202105311346/tools/bin/../lib/gcc/arm-none-eabi/9.3.1/../../../../arm-none-eabi/lib/thumb/v7e-m+dp/hard/libc_nano.a(lib_a-impure.o)
 *(.RamFunc)
 *(.RamFunc*)
                0x0000000024000078                . = ALIGN (0x4)
                0x0000000024000078                _edata = .

.igot.plt       0x0000000024000078        0x0 load address 0x0000000008006b70
 .igot.plt      0x0000000024000078        0x0 /opt/st/stm32cubeide_1.7.0/plugins/com.st.stm32cube.ide.mcu.externaltools.gnu-tools-for-stm32.9-2020-q2-update.linux64_2.0.0.202105311346/tools/bin/../lib/gcc/arm-none-eabi/9.3.1/thumb/v7e-m+dp/hard/crtbegin.o

.RxDecripSection
                0x0000000024000078       0x60 load address 0x0000000008006b70
 .RxDecripSection
                0x0000000024000078       0x60 ./Core/Src/main.o
                0x0000000024000078                DMARxDscrTab

.TxDecripSection
                0x00000000240000d8       0x60 load address 0x0000000008006bd0
 .TxDecripSection
                0x00000000240000d8       0x60 ./Core/Src/main.o
                0x00000000240000d8                DMATxDscrTab
                0x0000000024000138                . = ALIGN (0x4)

.bss            0x0000000024000138     0x4fd4 load address 0x0000000008006c30
                0x0000000024000138                _sbss = .
                0x0000000024000138                __bss_start__ = _sbss
 *(.bss)
 .bss           0x0000000024000138       0x1c /opt/st/stm32cubeide_1.7.0/plugins/com.st.stm32cube.ide.mcu.externaltools.gnu-tools-for-stm32.9-2020-q2-update.linux64_2.0.0.202105311346/tools/bin/../lib/gcc/arm-none-eabi/9.3.1/thumb/v7e-m+dp/hard/crtbegin.o
 *(.bss*)
 .bss.MACAddr.12773
                0x0000000024000154        0x6 ./Core/Src/main.o
 *fill*         0x000000002400015a        0x2 
 .bss.__sbrk_heap_end
                0x000000002400015c        0x4 ./Core/Src/sysmem.o
 .bss.Idle_Stack.13400
                0x0000000024000160      0x200 ./Middlewares/Third_Party/FreeRTOS/cmsis_os2.o
 .bss.Idle_TCB.13399
                0x0000000024000360       0x5c ./Middlewares/Third_Party/FreeRTOS/cmsis_os2.o
 .bss.KernelState
                0x00000000240003bc        0x4 ./Middlewares/Third_Party/FreeRTOS/cmsis_os2.o
 .bss.Timer_Stack.13407
                0x00000000240003c0      0x400 ./Middlewares/Third_Party/FreeRTOS/cmsis_os2.o
 .bss.Timer_TCB.13406
                0x00000000240007c0       0x5c ./Middlewares/Third_Party/FreeRTOS/cmsis_os2.o
 .bss.pxEnd     0x000000002400081c        0x4 ./Middlewares/Third_Party/FreeRTOS/heap_4.o
 .bss.ucHeap    0x0000000024000820     0x3c00 ./Middlewares/Third_Party/FreeRTOS/heap_4.o
 .bss.xBlockAllocatedBit
                0x0000000024004420        0x4 ./Middlewares/Third_Party/FreeRTOS/heap_4.o
 .bss.xFreeBytesRemaining
                0x0000000024004424        0x4 ./Middlewares/Third_Party/FreeRTOS/heap_4.o
 .bss.xMinimumEverFreeBytesRemaining
                0x0000000024004428        0x4 ./Middlewares/Third_Party/FreeRTOS/heap_4.o
 .bss.xNumberOfSuccessfulAllocations
                0x000000002400442c        0x4 ./Middlewares/Third_Party/FreeRTOS/heap_4.o
 .bss.xNumberOfSuccessfulFrees
                0x0000000024004430        0x4 ./Middlewares/Third_Party/FreeRTOS/heap_4.o
 .bss.xStart    0x0000000024004434        0x8 ./Middlewares/Third_Party/FreeRTOS/heap_4.o
 .bss.ucMaxSysCallPriority
                0x000000002400443c        0x1 ./Middlewares/Third_Party/FreeRTOS/port.o
 *fill*         0x000000002400443d        0x3 
 .bss.ulMaxPRIGROUPValue
                0x0000000024004440        0x4 ./Middlewares/Third_Party/FreeRTOS/port.o
 .bss.pxCurrentTCB
                0x0000000024004444        0x4 ./Middlewares/Third_Party/FreeRTOS/tasks.o
                0x0000000024004444                pxCurrentTCB
 .bss.pxDelayedTaskList
                0x0000000024004448        0x4 ./Middlewares/Third_Party/FreeRTOS/tasks.o
 .bss.pxOverflowDelayedTaskList
                0x000000002400444c        0x4 ./Middlewares/Third_Party/FreeRTOS/tasks.o
 .bss.pxReadyTasksLists
                0x0000000024004450      0x460 ./Middlewares/Third_Party/FreeRTOS/tasks.o
 .bss.uxCurrentNumberOfTasks
                0x00000000240048b0        0x4 ./Middlewares/Third_Party/FreeRTOS/tasks.o
 .bss.uxDeletedTasksWaitingCleanUp
                0x00000000240048b4        0x4 ./Middlewares/Third_Party/FreeRTOS/tasks.o
 .bss.uxSchedulerSuspended
                0x00000000240048b8        0x4 ./Middlewares/Third_Party/FreeRTOS/tasks.o
 .bss.uxTaskNumber
                0x00000000240048bc        0x4 ./Middlewares/Third_Party/FreeRTOS/tasks.o
 .bss.uxTopReadyPriority
                0x00000000240048c0        0x4 ./Middlewares/Third_Party/FreeRTOS/tasks.o
 .bss.xDelayedTaskList1
                0x00000000240048c4       0x14 ./Middlewares/Third_Party/FreeRTOS/tasks.o
 .bss.xDelayedTaskList2
                0x00000000240048d8       0x14 ./Middlewares/Third_Party/FreeRTOS/tasks.o
 .bss.xNextTaskUnblockTime
                0x00000000240048ec        0x4 ./Middlewares/Third_Party/FreeRTOS/tasks.o
 .bss.xNumOfOverflows
                0x00000000240048f0        0x4 ./Middlewares/Third_Party/FreeRTOS/tasks.o
 .bss.xPendedTicks
                0x00000000240048f4        0x4 ./Middlewares/Third_Party/FreeRTOS/tasks.o
 .bss.xPendingReadyList
                0x00000000240048f8       0x14 ./Middlewares/Third_Party/FreeRTOS/tasks.o
 .bss.xSchedulerRunning
                0x000000002400490c        0x4 ./Middlewares/Third_Party/FreeRTOS/tasks.o
 .bss.xSuspendedTaskList
                0x0000000024004910       0x14 ./Middlewares/Third_Party/FreeRTOS/tasks.o
 .bss.xTasksWaitingTermination
                0x0000000024004924       0x14 ./Middlewares/Third_Party/FreeRTOS/tasks.o
 .bss.xTickCount
                0x0000000024004938        0x4 ./Middlewares/Third_Party/FreeRTOS/tasks.o
 .bss.xYieldPending
                0x000000002400493c        0x4 ./Middlewares/Third_Party/FreeRTOS/tasks.o
 .bss.pxCurrentTimerList
                0x0000000024004940        0x4 ./Middlewares/Third_Party/FreeRTOS/timers.o
 .bss.pxOverflowTimerList
                0x0000000024004944        0x4 ./Middlewares/Third_Party/FreeRTOS/timers.o
 .bss.ucStaticTimerQueueStorage.6978
                0x0000000024004948       0xa0 ./Middlewares/Third_Party/FreeRTOS/timers.o
 .bss.xActiveTimerList1
                0x00000000240049e8       0x14 ./Middlewares/Third_Party/FreeRTOS/timers.o
 .bss.xActiveTimerList2
                0x00000000240049fc       0x14 ./Middlewares/Third_Party/FreeRTOS/timers.o
 .bss.xLastTime.6927
                0x0000000024004a10        0x4 ./Middlewares/Third_Party/FreeRTOS/timers.o
 .bss.xStaticTimerQueue.6977
                0x0000000024004a14       0x50 ./Middlewares/Third_Party/FreeRTOS/timers.o
 .bss.xTimerQueue
                0x0000000024004a64        0x4 ./Middlewares/Third_Party/FreeRTOS/timers.o
 .bss.xTimerTaskHandle
                0x0000000024004a68        0x4 ./Middlewares/Third_Party/FreeRTOS/timers.o
 .bss.__malloc_free_list
                0x0000000024004a6c        0x4 /opt/st/stm32cubeide_1.7.0/plugins/com.st.stm32cube.ide.mcu.externaltools.gnu-tools-for-stm32.9-2020-q2-update.linux64_2.0.0.202105311346/tools/bin/../lib/gcc/arm-none-eabi/9.3.1/../../../../arm-none-eabi/lib/thumb/v7e-m+dp/hard/libc_nano.a(lib_a-nano-mallocr.o)
                0x0000000024004a6c                __malloc_free_list
 .bss.__malloc_sbrk_start
                0x0000000024004a70        0x4 /opt/st/stm32cubeide_1.7.0/plugins/com.st.stm32cube.ide.mcu.externaltools.gnu-tools-for-stm32.9-2020-q2-update.linux64_2.0.0.202105311346/tools/bin/../lib/gcc/arm-none-eabi/9.3.1/../../../../arm-none-eabi/lib/thumb/v7e-m+dp/hard/libc_nano.a(lib_a-nano-mallocr.o)
                0x0000000024004a70                __malloc_sbrk_start
 *(COMMON)
 COMMON         0x0000000024004a74      0x604 ./Core/Src/main.o
                0x0000000024004a74                core7_SensorPosHandle
                0x0000000024004a78                huart3
                0x0000000024004b08                hpcd_USB_OTG_FS
                0x0000000024004f10                htim3
                0x0000000024004f5c                positionQueueHandle
                0x0000000024004f60                doneQueueHandle
                0x0000000024004f64                core7_diagnosisHandle
                0x0000000024004f68                htim2
                0x0000000024004fb4                core7_MotorContHandle
                0x0000000024004fb8                heth
                0x0000000024005040                TxConfig
                0x0000000024005074                diagnosQueueHandle
 COMMON         0x0000000024005078        0x4 ./Drivers/STM32H7xx_HAL_Driver/stm32h7xx_hal.o
                0x0000000024005078                uwTick
 COMMON         0x000000002400507c       0x80 ./Middlewares/Third_Party/FreeRTOS/queue.o
                0x000000002400507c                xQueueRegistry
 COMMON         0x00000000240050fc        0x4 /opt/st/stm32cubeide_1.7.0/plugins/com.st.stm32cube.ide.mcu.externaltools.gnu-tools-for-stm32.9-2020-q2-update.linux64_2.0.0.202105311346/tools/bin/../lib/gcc/arm-none-eabi/9.3.1/../../../../arm-none-eabi/lib/thumb/v7e-m+dp/hard/libc_nano.a(lib_a-reent.o)
                0x00000000240050fc                errno
 COMMON         0x0000000024005100        0x9 /opt/st/stm32cubeide_1.7.0/plugins/com.st.stm32cube.ide.mcu.externaltools.gnu-tools-for-stm32.9-2020-q2-update.linux64_2.0.0.202105311346/tools/bin/../lib/gcc/arm-none-eabi/9.3.1/../../../../arm-none-eabi/lib/thumb/v7e-m+dp/hard/libc_nano.a(lib_a-lock.o)
                0x0000000024005100                __lock___atexit_recursive_mutex
                0x0000000024005101                __lock___arc4random_mutex
                0x0000000024005102                __lock___env_recursive_mutex
                0x0000000024005103                __lock___sinit_recursive_mutex
                0x0000000024005104                __lock___malloc_recursive_mutex
                0x0000000024005105                __lock___at_quick_exit_mutex
                0x0000000024005106                __lock___dd_hash_mutex
                0x0000000024005107                __lock___tz_mutex
                0x0000000024005108                __lock___sfp_recursive_mutex
                0x000000002400510c                . = ALIGN (0x4)
 *fill*         0x0000000024005109        0x3 
                0x000000002400510c                _ebss = .
                0x000000002400510c                __bss_end__ = _ebss

._user_heap_stack
                0x000000002400510c      0x604 load address 0x0000000008006c30
                0x0000000024005110                . = ALIGN (0x8)
 *fill*         0x000000002400510c        0x4 
                [!provide]                        PROVIDE (end = .)
                0x0000000024005110                PROVIDE (_end = .)
                0x0000000024005310                . = (. + _Min_Heap_Size)
 *fill*         0x0000000024005110      0x200 
                0x0000000024005710                . = (. + _Min_Stack_Size)
 *fill*         0x0000000024005310      0x400 
                0x0000000024005710                . = ALIGN (0x8)

/DISCARD/
 libc.a(*)
 libm.a(*)
 libgcc.a(*)

.ARM.attributes
                0x0000000000000000       0x2e
 *(.ARM.attributes)
 .ARM.attributes
                0x0000000000000000       0x1e /opt/st/stm32cubeide_1.7.0/plugins/com.st.stm32cube.ide.mcu.externaltools.gnu-tools-for-stm32.9-2020-q2-update.linux64_2.0.0.202105311346/tools/bin/../lib/gcc/arm-none-eabi/9.3.1/thumb/v7e-m+dp/hard/crti.o
 .ARM.attributes
                0x000000000000001e       0x32 /opt/st/stm32cubeide_1.7.0/plugins/com.st.stm32cube.ide.mcu.externaltools.gnu-tools-for-stm32.9-2020-q2-update.linux64_2.0.0.202105311346/tools/bin/../lib/gcc/arm-none-eabi/9.3.1/thumb/v7e-m+dp/hard/crtbegin.o
 .ARM.attributes
                0x0000000000000050       0x32 ./Common/Src/system_stm32h7xx_dualcore_boot_cm4_cm7.o
 .ARM.attributes
                0x0000000000000082       0x32 ./Core/Src/main.o
 .ARM.attributes
                0x00000000000000b4       0x32 ./Core/Src/stm32h7xx_hal_msp.o
 .ARM.attributes
                0x00000000000000e6       0x32 ./Core/Src/stm32h7xx_it.o
 .ARM.attributes
                0x0000000000000118       0x32 ./Core/Src/sysmem.o
 .ARM.attributes
                0x000000000000014a       0x21 ./Core/Startup/startup_stm32h745zitx.o
 .ARM.attributes
                0x000000000000016b       0x32 ./Drivers/STM32H7xx_HAL_Driver/stm32h7xx_hal.o
 .ARM.attributes
                0x000000000000019d       0x32 ./Drivers/STM32H7xx_HAL_Driver/stm32h7xx_hal_cortex.o
 .ARM.attributes
                0x00000000000001cf       0x32 ./Drivers/STM32H7xx_HAL_Driver/stm32h7xx_hal_eth.o
 .ARM.attributes
                0x0000000000000201       0x32 ./Drivers/STM32H7xx_HAL_Driver/stm32h7xx_hal_gpio.o
 .ARM.attributes
                0x0000000000000233       0x32 ./Drivers/STM32H7xx_HAL_Driver/stm32h7xx_hal_hsem.o
 .ARM.attributes
                0x0000000000000265       0x32 ./Drivers/STM32H7xx_HAL_Driver/stm32h7xx_hal_pcd.o
 .ARM.attributes
                0x0000000000000297       0x32 ./Drivers/STM32H7xx_HAL_Driver/stm32h7xx_hal_pcd_ex.o
 .ARM.attributes
                0x00000000000002c9       0x32 ./Drivers/STM32H7xx_HAL_Driver/stm32h7xx_hal_pwr_ex.o
 .ARM.attributes
                0x00000000000002fb       0x32 ./Drivers/STM32H7xx_HAL_Driver/stm32h7xx_hal_rcc.o
 .ARM.attributes
                0x000000000000032d       0x32 ./Drivers/STM32H7xx_HAL_Driver/stm32h7xx_hal_rcc_ex.o
 .ARM.attributes
                0x000000000000035f       0x32 ./Drivers/STM32H7xx_HAL_Driver/stm32h7xx_hal_tim.o
 .ARM.attributes
                0x0000000000000391       0x32 ./Drivers/STM32H7xx_HAL_Driver/stm32h7xx_hal_tim_ex.o
 .ARM.attributes
                0x00000000000003c3       0x32 ./Drivers/STM32H7xx_HAL_Driver/stm32h7xx_hal_uart.o
 .ARM.attributes
                0x00000000000003f5       0x32 ./Drivers/STM32H7xx_HAL_Driver/stm32h7xx_hal_uart_ex.o
 .ARM.attributes
                0x0000000000000427       0x32 ./Drivers/STM32H7xx_HAL_Driver/stm32h7xx_ll_usb.o
 .ARM.attributes
                0x0000000000000459       0x32 ./Middlewares/Third_Party/FreeRTOS/cmsis_os2.o
 .ARM.attributes
                0x000000000000048b       0x32 ./Middlewares/Third_Party/FreeRTOS/heap_4.o
 .ARM.attributes
                0x00000000000004bd       0x32 ./Middlewares/Third_Party/FreeRTOS/list.o
 .ARM.attributes
                0x00000000000004ef       0x32 ./Middlewares/Third_Party/FreeRTOS/port.o
 .ARM.attributes
                0x0000000000000521       0x32 ./Middlewares/Third_Party/FreeRTOS/queue.o
 .ARM.attributes
                0x0000000000000553       0x32 ./Middlewares/Third_Party/FreeRTOS/tasks.o
 .ARM.attributes
                0x0000000000000585       0x32 ./Middlewares/Third_Party/FreeRTOS/timers.o
 .ARM.attributes
                0x00000000000005b7       0x32 /opt/st/stm32cubeide_1.7.0/plugins/com.st.stm32cube.ide.mcu.externaltools.gnu-tools-for-stm32.9-2020-q2-update.linux64_2.0.0.202105311346/tools/bin/../lib/gcc/arm-none-eabi/9.3.1/../../../../arm-none-eabi/lib/thumb/v7e-m+dp/hard/libc_nano.a(lib_a-errno.o)
 .ARM.attributes
                0x00000000000005e9       0x30 /opt/st/stm32cubeide_1.7.0/plugins/com.st.stm32cube.ide.mcu.externaltools.gnu-tools-for-stm32.9-2020-q2-update.linux64_2.0.0.202105311346/tools/bin/../lib/gcc/arm-none-eabi/9.3.1/../../../../arm-none-eabi/lib/thumb/v7e-m+dp/hard/libc_nano.a(lib_a-impure.o)
 .ARM.attributes
                0x0000000000000619       0x32 /opt/st/stm32cubeide_1.7.0/plugins/com.st.stm32cube.ide.mcu.externaltools.gnu-tools-for-stm32.9-2020-q2-update.linux64_2.0.0.202105311346/tools/bin/../lib/gcc/arm-none-eabi/9.3.1/../../../../arm-none-eabi/lib/thumb/v7e-m+dp/hard/libc_nano.a(lib_a-init.o)
 .ARM.attributes
                0x000000000000064b       0x32 /opt/st/stm32cubeide_1.7.0/plugins/com.st.stm32cube.ide.mcu.externaltools.gnu-tools-for-stm32.9-2020-q2-update.linux64_2.0.0.202105311346/tools/bin/../lib/gcc/arm-none-eabi/9.3.1/../../../../arm-none-eabi/lib/thumb/v7e-m+dp/hard/libc_nano.a(lib_a-memcpy-stub.o)
 .ARM.attributes
                0x000000000000067d       0x32 /opt/st/stm32cubeide_1.7.0/plugins/com.st.stm32cube.ide.mcu.externaltools.gnu-tools-for-stm32.9-2020-q2-update.linux64_2.0.0.202105311346/tools/bin/../lib/gcc/arm-none-eabi/9.3.1/../../../../arm-none-eabi/lib/thumb/v7e-m+dp/hard/libc_nano.a(lib_a-memset.o)
 .ARM.attributes
                0x00000000000006af       0x32 /opt/st/stm32cubeide_1.7.0/plugins/com.st.stm32cube.ide.mcu.externaltools.gnu-tools-for-stm32.9-2020-q2-update.linux64_2.0.0.202105311346/tools/bin/../lib/gcc/arm-none-eabi/9.3.1/../../../../arm-none-eabi/lib/thumb/v7e-m+dp/hard/libc_nano.a(lib_a-sprintf.o)
 .ARM.attributes
                0x00000000000006e1       0x32 /opt/st/stm32cubeide_1.7.0/plugins/com.st.stm32cube.ide.mcu.externaltools.gnu-tools-for-stm32.9-2020-q2-update.linux64_2.0.0.202105311346/tools/bin/../lib/gcc/arm-none-eabi/9.3.1/../../../../arm-none-eabi/lib/thumb/v7e-m+dp/hard/libc_nano.a(lib_a-nano-svfprintf.o)
 .ARM.attributes
                0x0000000000000713       0x32 /opt/st/stm32cubeide_1.7.0/plugins/com.st.stm32cube.ide.mcu.externaltools.gnu-tools-for-stm32.9-2020-q2-update.linux64_2.0.0.202105311346/tools/bin/../lib/gcc/arm-none-eabi/9.3.1/../../../../arm-none-eabi/lib/thumb/v7e-m+dp/hard/libc_nano.a(lib_a-nano-vfprintf_i.o)
 .ARM.attributes
                0x0000000000000745       0x1c /opt/st/stm32cubeide_1.7.0/plugins/com.st.stm32cube.ide.mcu.externaltools.gnu-tools-for-stm32.9-2020-q2-update.linux64_2.0.0.202105311346/tools/bin/../lib/gcc/arm-none-eabi/9.3.1/../../../../arm-none-eabi/lib/thumb/v7e-m+dp/hard/libc_nano.a(lib_a-memchr.o)
 .ARM.attributes
                0x0000000000000761       0x32 /opt/st/stm32cubeide_1.7.0/plugins/com.st.stm32cube.ide.mcu.externaltools.gnu-tools-for-stm32.9-2020-q2-update.linux64_2.0.0.202105311346/tools/bin/../lib/gcc/arm-none-eabi/9.3.1/../../../../arm-none-eabi/lib/thumb/v7e-m+dp/hard/libc_nano.a(lib_a-memmove.o)
 .ARM.attributes
                0x0000000000000793       0x32 /opt/st/stm32cubeide_1.7.0/plugins/com.st.stm32cube.ide.mcu.externaltools.gnu-tools-for-stm32.9-2020-q2-update.linux64_2.0.0.202105311346/tools/bin/../lib/gcc/arm-none-eabi/9.3.1/../../../../arm-none-eabi/lib/thumb/v7e-m+dp/hard/libc_nano.a(lib_a-nano-freer.o)
 .ARM.attributes
                0x00000000000007c5       0x32 /opt/st/stm32cubeide_1.7.0/plugins/com.st.stm32cube.ide.mcu.externaltools.gnu-tools-for-stm32.9-2020-q2-update.linux64_2.0.0.202105311346/tools/bin/../lib/gcc/arm-none-eabi/9.3.1/../../../../arm-none-eabi/lib/thumb/v7e-m+dp/hard/libc_nano.a(lib_a-nano-mallocr.o)
 .ARM.attributes
                0x00000000000007f7       0x32 /opt/st/stm32cubeide_1.7.0/plugins/com.st.stm32cube.ide.mcu.externaltools.gnu-tools-for-stm32.9-2020-q2-update.linux64_2.0.0.202105311346/tools/bin/../lib/gcc/arm-none-eabi/9.3.1/../../../../arm-none-eabi/lib/thumb/v7e-m+dp/hard/libc_nano.a(lib_a-nano-reallocr.o)
 .ARM.attributes
                0x0000000000000829       0x32 /opt/st/stm32cubeide_1.7.0/plugins/com.st.stm32cube.ide.mcu.externaltools.gnu-tools-for-stm32.9-2020-q2-update.linux64_2.0.0.202105311346/tools/bin/../lib/gcc/arm-none-eabi/9.3.1/../../../../arm-none-eabi/lib/thumb/v7e-m+dp/hard/libc_nano.a(lib_a-sbrkr.o)
 .ARM.attributes
                0x000000000000085b       0x32 /opt/st/stm32cubeide_1.7.0/plugins/com.st.stm32cube.ide.mcu.externaltools.gnu-tools-for-stm32.9-2020-q2-update.linux64_2.0.0.202105311346/tools/bin/../lib/gcc/arm-none-eabi/9.3.1/../../../../arm-none-eabi/lib/thumb/v7e-m+dp/hard/libc_nano.a(lib_a-mlock.o)
 .ARM.attributes
                0x000000000000088d       0x32 /opt/st/stm32cubeide_1.7.0/plugins/com.st.stm32cube.ide.mcu.externaltools.gnu-tools-for-stm32.9-2020-q2-update.linux64_2.0.0.202105311346/tools/bin/../lib/gcc/arm-none-eabi/9.3.1/../../../../arm-none-eabi/lib/thumb/v7e-m+dp/hard/libc_nano.a(lib_a-nano-msizer.o)
 .ARM.attributes
                0x00000000000008bf       0x32 /opt/st/stm32cubeide_1.7.0/plugins/com.st.stm32cube.ide.mcu.externaltools.gnu-tools-for-stm32.9-2020-q2-update.linux64_2.0.0.202105311346/tools/bin/../lib/gcc/arm-none-eabi/9.3.1/../../../../arm-none-eabi/lib/thumb/v7e-m+dp/hard/libc_nano.a(lib_a-reent.o)
 .ARM.attributes
                0x00000000000008f1       0x32 /opt/st/stm32cubeide_1.7.0/plugins/com.st.stm32cube.ide.mcu.externaltools.gnu-tools-for-stm32.9-2020-q2-update.linux64_2.0.0.202105311346/tools/bin/../lib/gcc/arm-none-eabi/9.3.1/../../../../arm-none-eabi/lib/thumb/v7e-m+dp/hard/libc_nano.a(lib_a-lock.o)
 .ARM.attributes
                0x0000000000000923       0x1e /opt/st/stm32cubeide_1.7.0/plugins/com.st.stm32cube.ide.mcu.externaltools.gnu-tools-for-stm32.9-2020-q2-update.linux64_2.0.0.202105311346/tools/bin/../lib/gcc/arm-none-eabi/9.3.1/thumb/v7e-m+dp/hard/libgcc.a(_aeabi_uldivmod.o)
 .ARM.attributes
                0x0000000000000941       0x32 /opt/st/stm32cubeide_1.7.0/plugins/com.st.stm32cube.ide.mcu.externaltools.gnu-tools-for-stm32.9-2020-q2-update.linux64_2.0.0.202105311346/tools/bin/../lib/gcc/arm-none-eabi/9.3.1/thumb/v7e-m+dp/hard/libgcc.a(_udivmoddi4.o)
 .ARM.attributes
                0x0000000000000973       0x1e /opt/st/stm32cubeide_1.7.0/plugins/com.st.stm32cube.ide.mcu.externaltools.gnu-tools-for-stm32.9-2020-q2-update.linux64_2.0.0.202105311346/tools/bin/../lib/gcc/arm-none-eabi/9.3.1/thumb/v7e-m+dp/hard/libgcc.a(_dvmd_tls.o)
 .ARM.attributes
                0x0000000000000991       0x1e /opt/st/stm32cubeide_1.7.0/plugins/com.st.stm32cube.ide.mcu.externaltools.gnu-tools-for-stm32.9-2020-q2-update.linux64_2.0.0.202105311346/tools/bin/../lib/gcc/arm-none-eabi/9.3.1/thumb/v7e-m+dp/hard/crtn.o
OUTPUT(Linear_Actuator_Project_IRC_CM7.elf elf32-littlearm)
LOAD linker stubs
LOAD /opt/st/stm32cubeide_1.7.0/plugins/com.st.stm32cube.ide.mcu.externaltools.gnu-tools-for-stm32.9-2020-q2-update.linux64_2.0.0.202105311346/tools/bin/../lib/gcc/arm-none-eabi/9.3.1/../../../../arm-none-eabi/lib/thumb/v7e-m+dp/hard/libc.a
LOAD /opt/st/stm32cubeide_1.7.0/plugins/com.st.stm32cube.ide.mcu.externaltools.gnu-tools-for-stm32.9-2020-q2-update.linux64_2.0.0.202105311346/tools/bin/../lib/gcc/arm-none-eabi/9.3.1/../../../../arm-none-eabi/lib/thumb/v7e-m+dp/hard/libm.a
LOAD /opt/st/stm32cubeide_1.7.0/plugins/com.st.stm32cube.ide.mcu.externaltools.gnu-tools-for-stm32.9-2020-q2-update.linux64_2.0.0.202105311346/tools/bin/../lib/gcc/arm-none-eabi/9.3.1/thumb/v7e-m+dp/hard/libgcc.a

.comment        0x0000000000000000       0x53
 .comment       0x0000000000000000       0x53 ./Common/Src/system_stm32h7xx_dualcore_boot_cm4_cm7.o
                                         0x54 (size before relaxing)
 .comment       0x0000000000000053       0x54 ./Core/Src/main.o
 .comment       0x0000000000000053       0x54 ./Core/Src/stm32h7xx_hal_msp.o
 .comment       0x0000000000000053       0x54 ./Core/Src/stm32h7xx_it.o
 .comment       0x0000000000000053       0x54 ./Core/Src/sysmem.o
 .comment       0x0000000000000053       0x54 ./Drivers/STM32H7xx_HAL_Driver/stm32h7xx_hal.o
 .comment       0x0000000000000053       0x54 ./Drivers/STM32H7xx_HAL_Driver/stm32h7xx_hal_cortex.o
 .comment       0x0000000000000053       0x54 ./Drivers/STM32H7xx_HAL_Driver/stm32h7xx_hal_eth.o
 .comment       0x0000000000000053       0x54 ./Drivers/STM32H7xx_HAL_Driver/stm32h7xx_hal_gpio.o
 .comment       0x0000000000000053       0x54 ./Drivers/STM32H7xx_HAL_Driver/stm32h7xx_hal_hsem.o
 .comment       0x0000000000000053       0x54 ./Drivers/STM32H7xx_HAL_Driver/stm32h7xx_hal_pcd.o
 .comment       0x0000000000000053       0x54 ./Drivers/STM32H7xx_HAL_Driver/stm32h7xx_hal_pcd_ex.o
 .comment       0x0000000000000053       0x54 ./Drivers/STM32H7xx_HAL_Driver/stm32h7xx_hal_pwr_ex.o
 .comment       0x0000000000000053       0x54 ./Drivers/STM32H7xx_HAL_Driver/stm32h7xx_hal_rcc.o
 .comment       0x0000000000000053       0x54 ./Drivers/STM32H7xx_HAL_Driver/stm32h7xx_hal_rcc_ex.o
 .comment       0x0000000000000053       0x54 ./Drivers/STM32H7xx_HAL_Driver/stm32h7xx_hal_tim.o
 .comment       0x0000000000000053       0x54 ./Drivers/STM32H7xx_HAL_Driver/stm32h7xx_hal_tim_ex.o
 .comment       0x0000000000000053       0x54 ./Drivers/STM32H7xx_HAL_Driver/stm32h7xx_hal_uart.o
 .comment       0x0000000000000053       0x54 ./Drivers/STM32H7xx_HAL_Driver/stm32h7xx_hal_uart_ex.o
 .comment       0x0000000000000053       0x54 ./Drivers/STM32H7xx_HAL_Driver/stm32h7xx_ll_usb.o
 .comment       0x0000000000000053       0x54 ./Middlewares/Third_Party/FreeRTOS/cmsis_os2.o
 .comment       0x0000000000000053       0x54 ./Middlewares/Third_Party/FreeRTOS/heap_4.o
 .comment       0x0000000000000053       0x54 ./Middlewares/Third_Party/FreeRTOS/list.o
 .comment       0x0000000000000053       0x54 ./Middlewares/Third_Party/FreeRTOS/port.o
 .comment       0x0000000000000053       0x54 ./Middlewares/Third_Party/FreeRTOS/queue.o
 .comment       0x0000000000000053       0x54 ./Middlewares/Third_Party/FreeRTOS/tasks.o
 .comment       0x0000000000000053       0x54 ./Middlewares/Third_Party/FreeRTOS/timers.o

.debug_frame    0x0000000000000000      0x4a4
 .debug_frame   0x0000000000000000       0x20 /opt/st/stm32cubeide_1.7.0/plugins/com.st.stm32cube.ide.mcu.externaltools.gnu-tools-for-stm32.9-2020-q2-update.linux64_2.0.0.202105311346/tools/bin/../lib/gcc/arm-none-eabi/9.3.1/../../../../arm-none-eabi/lib/thumb/v7e-m+dp/hard/libc_nano.a(lib_a-errno.o)
 .debug_frame   0x0000000000000020       0x2c /opt/st/stm32cubeide_1.7.0/plugins/com.st.stm32cube.ide.mcu.externaltools.gnu-tools-for-stm32.9-2020-q2-update.linux64_2.0.0.202105311346/tools/bin/../lib/gcc/arm-none-eabi/9.3.1/../../../../arm-none-eabi/lib/thumb/v7e-m+dp/hard/libc_nano.a(lib_a-init.o)
 .debug_frame   0x000000000000004c       0x28 /opt/st/stm32cubeide_1.7.0/plugins/com.st.stm32cube.ide.mcu.externaltools.gnu-tools-for-stm32.9-2020-q2-update.linux64_2.0.0.202105311346/tools/bin/../lib/gcc/arm-none-eabi/9.3.1/../../../../arm-none-eabi/lib/thumb/v7e-m+dp/hard/libc_nano.a(lib_a-memcpy-stub.o)
 .debug_frame   0x0000000000000074       0x20 /opt/st/stm32cubeide_1.7.0/plugins/com.st.stm32cube.ide.mcu.externaltools.gnu-tools-for-stm32.9-2020-q2-update.linux64_2.0.0.202105311346/tools/bin/../lib/gcc/arm-none-eabi/9.3.1/../../../../arm-none-eabi/lib/thumb/v7e-m+dp/hard/libc_nano.a(lib_a-memset.o)
 .debug_frame   0x0000000000000094       0x6c /opt/st/stm32cubeide_1.7.0/plugins/com.st.stm32cube.ide.mcu.externaltools.gnu-tools-for-stm32.9-2020-q2-update.linux64_2.0.0.202105311346/tools/bin/../lib/gcc/arm-none-eabi/9.3.1/../../../../arm-none-eabi/lib/thumb/v7e-m+dp/hard/libc_nano.a(lib_a-sprintf.o)
 .debug_frame   0x0000000000000100       0x90 /opt/st/stm32cubeide_1.7.0/plugins/com.st.stm32cube.ide.mcu.externaltools.gnu-tools-for-stm32.9-2020-q2-update.linux64_2.0.0.202105311346/tools/bin/../lib/gcc/arm-none-eabi/9.3.1/../../../../arm-none-eabi/lib/thumb/v7e-m+dp/hard/libc_nano.a(lib_a-nano-svfprintf.o)
 .debug_frame   0x0000000000000190       0x60 /opt/st/stm32cubeide_1.7.0/plugins/com.st.stm32cube.ide.mcu.externaltools.gnu-tools-for-stm32.9-2020-q2-update.linux64_2.0.0.202105311346/tools/bin/../lib/gcc/arm-none-eabi/9.3.1/../../../../arm-none-eabi/lib/thumb/v7e-m+dp/hard/libc_nano.a(lib_a-nano-vfprintf_i.o)
 .debug_frame   0x00000000000001f0       0x28 /opt/st/stm32cubeide_1.7.0/plugins/com.st.stm32cube.ide.mcu.externaltools.gnu-tools-for-stm32.9-2020-q2-update.linux64_2.0.0.202105311346/tools/bin/../lib/gcc/arm-none-eabi/9.3.1/../../../../arm-none-eabi/lib/thumb/v7e-m+dp/hard/libc_nano.a(lib_a-memmove.o)
 .debug_frame   0x0000000000000218       0x38 /opt/st/stm32cubeide_1.7.0/plugins/com.st.stm32cube.ide.mcu.externaltools.gnu-tools-for-stm32.9-2020-q2-update.linux64_2.0.0.202105311346/tools/bin/../lib/gcc/arm-none-eabi/9.3.1/../../../../arm-none-eabi/lib/thumb/v7e-m+dp/hard/libc_nano.a(lib_a-nano-freer.o)
 .debug_frame   0x0000000000000250       0x30 /opt/st/stm32cubeide_1.7.0/plugins/com.st.stm32cube.ide.mcu.externaltools.gnu-tools-for-stm32.9-2020-q2-update.linux64_2.0.0.202105311346/tools/bin/../lib/gcc/arm-none-eabi/9.3.1/../../../../arm-none-eabi/lib/thumb/v7e-m+dp/hard/libc_nano.a(lib_a-nano-mallocr.o)